02-12 12:48:13.182  1194  1194 D StateManager: 	at com.android.launcher3.statemanager.StateManager.moveToRestState(go/retraceme 72a59688580715d19f0e415c69e80376c2f062d1648c80db6730905005a27c20:4)
02-12 12:48:13.182  1194  1194 D StateManager: 	at com.android.launcher3.statemanager.StateManager.moveToRestState(go/retraceme 72a59688580715d19f0e415c69e80376c2f062d1648c80db6730905005a27c20:1)
02-12 12:48:13.182  1194  1194 D StateManager: 	at com.android.launcher3.statemanager.StatefulActivity.onStop(go/retraceme 72a59688580715d19f0e415c69e80376c2f062d1648c80db6730905005a27c20:34)
02-12 12:48:13.185  1524  1524 I GoogleInputMethodService: GoogleInputMethodService.clearInputMethodServiceData():1016 clearInputMethodServiceData for entryChange
02-12 12:48:13.186   776   817 W IPCThreadState: Sending oneway calls to frozen process.
02-12 12:48:13.186   776   817 W IPCThreadState: Sending oneway calls to frozen process.
02-12 12:48:13.193  1194  1194 D StatsLog: LAUNCHER_ONSTOP
02-12 12:48:13.196  1194  1194 D StatsLog: LAUNCHER_GOOGLE_SEARCH_RESTORE_LIST_SIZE_AFTER_ACTIVITY_RESTART
02-12 12:48:13.197  1194  1194 D NexusLauncherModelDelegate: notifySmartspaceEvent: SmartspaceTargetEvent{mSmartspaceTarget=null, mSmartspaceActionId='null', mEventType=7}
02-12 12:48:13.198  1194  1194 D NexusLauncherModelDelegate: notifySmartspaceEvent: SmartspaceTargetEvent{mSmartspaceTarget=null, mSmartspaceActionId='null', mEventType=7}
02-12 12:48:13.192  1524  1524 I AbstractOpenableExtension: AbstractOpenableExtension.maybeDestroyExistingKeyboardGroupManager():537 Destroy existing keyboard group manager in fso
02-12 12:48:13.201  1524  1524 I AbstractOpenableExtension: AbstractOpenableExtension.createKeyboardGroupManagerListenableFuture():121 Create keyboard group manager listenable future in fso
02-12 12:48:13.201  1524  1524 I AbstractOpenableExtension: AbstractOpenableExtension.maybeDestroyExistingKeyboardGroupManager():537 Destroy existing keyboard group manager in fve
02-12 12:48:13.202  1524  1524 I AbstractOpenableExtension: AbstractOpenableExtension.createKeyboardGroupManagerListenableFuture():121 Create keyboard group manager listenable future in fve
02-12 12:48:13.202  1524  1524 I KeyboardHeightUtil: KeyboardHeightUtil.calculateMaxKeyboardBodyHeight():46 leave 281 height for app when ime window height:2219, header height:116 and isFullscreenMode:false, so the max keyboard body height is:1822
02-12 12:48:13.202  1524  1524 I KeyboardModeManager: KeyboardModeManager.onCurrentInputMethodEntryChanged():1400 Reload data for context change
02-12 12:48:13.210  1524  1524 I GoogleInputMethodService: GoogleInputMethodService.initializeInputMethodServiceData():834 initializeInputMethodServiceData for kek{languageTag=zh-TW, variant=zhuyin, hasLocalizedResources=true, conditionCacheKey=_app_first_start_timestamp=1770813848499_cache_additional_ime_defs_for_condition_change=false_cache_ime_defs_for_condition_change=false_deprecate_long_press_space_for_ime_picker=false_device=phone_device_size=default_enable_access_points_in_password_number=false_enable_chinese_inline_composing_shape_based=true_enable_chinese_inline_composing_zh_tw=true_enable_flick_symbols=true_enable_more_candidates_view_for_multilingual=false_enable_number_row=false_enable_preemptive_decode=true_enable_premium_exp_tablet_layout_change=false_enable_secondary_digits=true_enable_secondary_symbols=false_enable_voice_in_chinese=true_expressions=normal_four_or_more_letter_rows=false_keyboard_mode=normal_language=zh-TW_layout_9key_split=false_orientation=portrait_physical_keyboard=qwerty_pref_enable_chinese_inline_composing_tw=false_rtl_layout=false_show_secondary_digits=true_show_suggestions=true_split_with_duplicate_keys=true_variant=zhuyin_zhuyin_use_staggered_layout=false, imeDef.stringId=ime_zh_tw_zhuyin, imeDef.className=com.google.android.apps.inputmethod.libs.chinese.ime.AsyncChineseProcessorBasedIme, imeDef.languageTag=zh-XD}
02-12 12:48:13.210  1524  7189 I KeyboardGroupDefParser: KeyboardGroupDefParser.parseKeyboardGroupDef():86 parseKeyboardGroupDef() 2132214028 -> 0_resource_name_obfuscated : WaitTime = 2 ms : RunTime = 6 ms
02-12 12:48:13.215   776  1608 D FileUtils: Rounded bytes from 2067259392 to 4000000000
02-12 12:48:13.217  1524  1524 I KeyboardThemeProvider: KeyboardThemeProvider.applyKeyboardTheme():27 Apply keyboard theme: theme_!gsf_!pgsans_!pgsf_!use_system_font_BORDER=true_FLAVOR_DPI=XXHDPI_KEYBOARD_WIDTH_CATEGORY=NORMAL_LIGHT_THEME=true_PHYSICAL_DIAGONAL=6.0111027_SCREEN_SHORTEST_WIDTH=411_SCREEN_SHORTEST_WIDTH_NO_SCALE=411_bottom4dp_enable_google_fonts_icons=true_enable_popup_on_keypress=true_keyboard_redesign_google_sans=true_noshadow_overlay_builtin_dynamic_color_light_base.binarypb:gm3-light-fffaf8ff-ff475d92-6dac7c28fa7faa76f8370bbfdbc77981_silkpopup_unify_function_key_color=true
02-12 12:48:13.218  1524  7195 I KeyboardGroupDefParser: KeyboardGroupDefParser.parseKeyboardGroupDef():86 parseKeyboardGroupDef() 2132214032 -> 0_resource_name_obfuscated : WaitTime = 3 ms : RunTime = 13 ms
02-12 12:48:13.229  1524  1524 I AndroidIME: InputBundleManager.loadActiveInputBundleId():483 loadActiveInputBundleId: und-Latn-x-password-ascii, password_ascii
02-12 12:48:13.230  1524  1524 W NotificationCenter: NotificationCenter$NotificationQueue.notifyPendingNotificationsOnExecutor():877 Heavy notify work detected on UI thread: [kds->kgi] takes 48ms
02-12 12:48:13.236  1524  1524 W NotificationCenter: NotificationCenter$NotificationQueue.notifyPendingNotificationsOnExecutor():877 Heavy notify work detected on UI thread: [kig->jjs] takes 429ms
02-12 12:48:13.241  1524  1524 I Choreographer: Skipped 36 frames!  The application may be doing too much work on its main thread.
02-12 12:48:13.248  1524  1524 I HandwritingSuperpacks: HandwritingSuperpacks.register():273 register(): version '86', url 'https://dl.google.com/handwriting/models/handwriting_release.superpack_manifest.20231127.json' [ONLINE]
02-12 12:48:13.248  1524  1524 I HandwritingOfflineSuperpacks: HandwritingOfflineSuperpacks.syncInternal():80 no bundled lm for handwriting.
02-12 12:48:13.249  1524  1524 I DictionarySuperpacksManager: DictionarySuperpacksManager$1.onEnabledInputMethodEntriesChanged():65 onEnabledInputMethodEntriesChanged
02-12 12:48:13.249  1524  1524 I SuperpacksManagerBase: SuperpacksManagerBase.registerSuperpackManifest():117 registerSuperpackManifest()
02-12 12:48:13.250  1524  1524 I SuperpacksManagerBase: SuperpacksManagerBase.getMetadataUriAndVersion():278 getMetadataUriAndVersion() :  2025082201 : https://www.gstatic.com/android/keyboard/hmmpack/2024120903/metadata_2024120903.json
02-12 12:48:13.256  1524  1524 I PKIndicatorController: PKIndicatorController$3.maybeShowLanguageSwitchIndicator():137 Entry changed. Showing language indicator.
02-12 12:48:13.265  1524  1524 I SystemSubtypesReportModule: SystemSubtypesReportModule$4.onSetCurrentInputMethodSubtype():192 zh_TW
02-12 12:48:13.265  1524  1524 I SystemSubtypesReportModule: SystemSubtypesReportModule$4.onSetCurrentInputMethodSubtype():204 Subtype zh_TW was caused by entry
02-12 12:48:13.266  1524  1524 I AbstractOpenableExtension: AbstractOpenableExtension$3.onSuccess():555 KeyboardGroupManager destroyed in fyg.
02-12 12:48:13.295  1059  1284 W WindowOnBackDispatcher: sendCancelIfRunning: isInProgress=false callback=android.view.ViewRootImpl$$ExternalSyntheticLambda13@1ccd46c
02-12 12:48:13.349  1194  1194 D SsBaseTemplateCard: No text view can be set up
02-12 12:48:13.350  1194  1194 D SsBaseTemplateCard: Passed-in item info is null
02-12 12:48:13.350  1194  1194 D SsBaseTemplateCard: Passed-in item info is null
02-12 12:48:13.351  1194  1194 D SsBaseTemplateCard: Passed-in item info is null
02-12 12:48:13.351  1194  1194 I SsBaseTemplateCard: Secondary card pane is null
02-12 12:48:13.354  1059  1068 W System  : A resource failed to call release.
02-12 12:48:13.354  1194  1194 D SsBaseTemplateCard: No text view can be set up
02-12 12:48:13.354  1059  1068 W System  : A resource failed to call release.
02-12 12:48:13.354  1059  1068 W System  : A resource failed to call release.
02-12 12:48:13.354  1059  1068 W System  : A resource failed to call release.
02-12 12:48:13.355  1194  1194 D SsBaseTemplateCard: Passed-in item info is null
02-12 12:48:13.355  1194  1194 D SsBaseTemplateCard: Passed-in item info is null
02-12 12:48:13.355  1194  1194 D SsBaseTemplateCard: Passed-in item info is null
02-12 12:48:13.355  1194  1194 I SsBaseTemplateCard: Secondary card pane is null
02-12 12:48:13.356  1194  1194 D SsBaseTemplateCard: No text view can be set up
02-12 12:48:13.358  1194  1194 D SsBaseTemplateCard: Passed-in item info is null
02-12 12:48:13.358  1194  1194 D SsBaseTemplateCard: Passed-in item info is null
02-12 12:48:13.358  1194  1194 D SsBaseTemplateCard: Passed-in item info is null
02-12 12:48:13.358  1194  1194 I SsBaseTemplateCard: Secondary card pane is null
02-12 12:48:13.393  1524  1524 I AbstractOpenableExtension: AbstractOpenableExtension$3.onSuccess():555 KeyboardGroupManager destroyed in fso.
02-12 12:48:13.393  1524  1524 I AbstractOpenableExtension: AbstractOpenableExtension$3.onSuccess():555 KeyboardGroupManager destroyed in fve.
02-12 12:48:13.413  1059  1068 W System  : A resource failed to call release.
02-12 12:48:13.413  1059  1068 W System  : A resource failed to call release.
02-12 12:48:13.413  1059  1068 W System  : A resource failed to call release.
02-12 12:48:13.414  1059  1068 W System  : A resource failed to call release.
02-12 12:48:13.414  1059  1068 W System  : A resource failed to call release.
02-12 12:48:13.420  1059  1068 W System  : A resource failed to call release.
02-12 12:48:13.420  1059  1068 W System  : A resource failed to call release.
02-12 12:48:13.420  1059  1068 W System  : A resource failed to call release.
02-12 12:48:13.420  1059  1068 W System  : A resource failed to call release.
02-12 12:48:13.420  1059  1068 W System  : A resource failed to call release.
02-12 12:48:13.420  1059  1068 W System  : A resource failed to call release.
02-12 12:48:13.421  1059  1068 W System  : A resource failed to call release.
02-12 12:48:13.421  1059  1068 W System  : A resource failed to call release.
02-12 12:48:13.421  1059  1068 W System  : A resource failed to call release.
02-12 12:48:13.422  1059  1068 W System  : A resource failed to call release.
02-12 12:48:13.422  1059  1068 W System  : A resource failed to call release.
02-12 12:48:13.422  1059  1068 W System  : A resource failed to call release.
02-12 12:48:13.423  1059  1068 W System  : A resource failed to call release.
02-12 12:48:13.423  1059  1068 W System  : A resource failed to call release.
02-12 12:48:13.423  1059  1068 W System  : A resource failed to call release.
02-12 12:48:13.593  1524  7410 I DownloadManager: DownloadManager.downloadInternal():412 Download for __KLP_manifest_delight__en-840 scheduled with params DownloadParams{allowMetered=true, requireCharging=false, foreground=false, immediately=true, priority=0}
02-12 12:48:13.594  1524  7410 I DownloadManager: DownloadManager.startDownload():495 start download of __KLP_manifest_delight__en-840
02-12 12:48:13.595  1524  7410 I DownloadManager: DownloadManager.downloadInternal():412 Download for __SP_MANIFEST_bundled_delight scheduled with params DownloadParams{allowMetered=true, requireCharging=false, foreground=false, immediately=true, priority=0}
02-12 12:48:13.595  1524  7410 I DownloadManager: DownloadManager.startDownload():495 start download of __SP_MANIFEST_bundled_delight
02-12 12:48:13.598  1524  7410 I DownloadManager: DownloadManager$4.onSuccess():564 download for __SP_MANIFEST_emoticon_content_description is finished with files # mxp@388e70e2
02-12 12:48:13.599  1524  7410 I DownloadManager: DownloadManager$4.onFailure():573 download for __KLP_manifest_delight__en-840 is cancelled
02-12 12:48:13.600  1524  7410 I DownloadManager: DownloadManager.downloadInternal():410 Previous download for __KLP_manifest_delight__en-840 is cancelled
02-12 12:48:13.600  1524  7410 I DownloadManager: DownloadManager.downloadInternal():412 Download for __KLP_manifest_delight__en-840 scheduled with params DownloadParams{allowMetered=true, requireCharging=false, foreground=false, immediately=true, priority=0}
02-12 12:48:13.600  1524  7410 I DownloadManager: DownloadManager.startDownload():495 start download of __KLP_manifest_delight__en-840
02-12 12:48:13.602  1524  7665 W MDDSuperpacks: MDDSuperpacks.constructPackSet():578 file group is empty
02-12 12:48:13.604  1524  7189 I SuperDelight: SuperDelightManager$2.onSuccess():635 delight_overrides sync success, adding to data file manager
02-12 12:48:13.605  1524  7666 E MDDSuperpacks: MDDSuperpacks.parseManifest():476 cannot find metadata for delight_overrides
02-12 12:48:13.606  1524  7196 I SuperDelight: SuperDelightBundledMetadataParser.addSystemLms():202 system lm dir /system/usr/share/ime/google/d3_lms does not exist or is not readable
02-12 12:48:13.607  1524  7196 I SuperDelight: SuperDelightBundledMetadataParser.parse():192 SuperDelightBundledMetadataParser#parse(): manifest parsed with 1 packs
02-12 12:48:13.608  1524  7410 I DownloadManager: DownloadManager$4.onSuccess():564 download for __SP_MANIFEST_bundled_delight is finished with files # mxp@58d99e11
02-12 12:48:13.610  1524  7410 I DownloadManager: DownloadManager$4.onSuccess():564 download for __KLP_manifest_delight__en-840 is finished with files # mxp@1da44f1e
02-12 12:48:13.611  1524  7410 I DownloadManager: DownloadManager.downloadInternal():412 Download for __SP_MANIFEST_handwriting_recognition scheduled with params DownloadParams{allowMetered=true, requireCharging=false, foreground=false, immediately=true, priority=0}
02-12 12:48:13.615  1524  7410 I DownloadManager: DownloadManager.startDownload():495 start download of __SP_MANIFEST_handwriting_recognition
02-12 12:48:13.620  1524  7410 I DownloadManager: DownloadManager$4.onSuccess():564 download for __SP_MANIFEST_handwriting_recognition is finished with files # mxp@1c734294
02-12 12:48:13.632  1524  7116 I ManifestedDataDownloader: ManifestedDataDownloader.checkVersionAndDownload():91 filegroup __KLP_delight__en-840 with version 2025031300 is already downloaded
02-12 12:48:13.634  1524  7113 I HandwritingOnlineSuperpacks: HandwritingOnlineSuperpacks.syncInternal():168 syncPackMapping()
02-12 12:48:13.634  1524  7114 I ManifestedDataDownloader: ManifestedDataDownloader.checkVersionAndDownload():91 filegroup __KLP_delight__en-840 with version 2025031300 is already downloaded
02-12 12:48:13.644  1524  7114 I DelightKLPDownloader: DelightKLPDownloader$2.onSuccess():222 klp en_840 downloaded with version 2025031300
02-12 12:48:13.655  1524  7669 I SuperDelight: SuperDelightBundledMetadataParser.addSystemLms():202 system lm dir /system/usr/share/ime/google/d3_lms does not exist or is not readable
02-12 12:48:13.662  1524  7116 I DelightKLPDownloader: DelightKLPDownloader$2.onSuccess():222 klp en_840 downloaded with version 2025031300
02-12 12:48:13.682  1524  7435 I MDDSuperpacks: MDDSuperpacks$3.onSuccess():558 packs [] got for superpack: delight_overrides
02-12 12:48:13.685  1524  7113 I MDDSuperpacks: MDDSuperpacks.sync():223 sync requested for handwriting_recognition
02-12 12:48:13.690  1524  7455 I SuperDelight: SuperDelightBundledMetadataParser.addSystemLms():202 system lm dir /system/usr/share/ime/google/d3_lms does not exist or is not readable
02-12 12:48:13.694  1524  7195 I MDDSuperpacks: MDDSuperpacks.sync():223 sync requested for emoticon_content_description
02-12 12:48:13.732  1524  7195 I SuperpacksManagerBase: SuperpacksManagerBase.registerSuperpackManifest():134 registerSuperpackManifest(): current 2025082201, required 2025082201
02-12 12:48:13.734  1524  7667 E MDDSuperpacks: MDDSuperpacks.parseManifest():476 cannot find metadata for delight_overrides
02-12 12:48:13.740  1524  7435 I MDDSuperpacks: MDDSuperpacks$3.onSuccess():558 packs [transformer_latin_tflite_20231010_zip, transformer_chinese_tflite_20231016_zip, zh_tw_20230706_compact_fst_zip, qrnn_en_us_reco_20231010_fst_20230613_recospec_zip, pack_mapping_v1_lstm_20231127, transformer_latin_seg_tflite_20231010_zip, transformer_chinese_conf_tflite_20231016_zip, scribe_latin_20231123_recospec_zip, en_us_20230613_compact_fst_zip, scribe_chinese_20231123_tflite_zip, transformer_chinese_seg_tflite_20231016_zip, scribe_latin_20231123_tflite_zip, transformer_latin_conf_tflite_20231010_zip, scribe_chinese_20231123_recospec_zip, qrnn_zh_tw_reco_20231016_fst_20230706_recospec_zip] got for superpack: handwriting_recognition
02-12 12:48:13.753  1524  7455 I SuperDelight: SuperDelightBundledMetadataParser.parse():192 SuperDelightBundledMetadataParser#parse(): manifest parsed with 1 packs
02-12 12:48:13.761  1524  7115 I MDDSuperpacks: MDDSuperpacks.getPacks():548 getting packs for superpack: handwriting_recognition
02-12 12:48:13.868  1524  7669 I SuperDelight: SuperDelightBundledMetadataParser.parse():192 SuperDelightBundledMetadataParser#parse(): manifest parsed with 1 packs
02-12 12:48:13.880  8008  8008 W dumpsys : Thread Pool max thread count is 0. Cannot cache binder as linkToDeath cannot be implemented. serviceName: package
02-12 12:48:13.907  1524  7441 I MDDSuperpacks: MDDSuperpacks.getPacks():548 getting packs for superpack: emoticon_content_description
02-12 12:48:14.005  1524  7669 I MDDSuperpacks: MDDSuperpacks.getPacks():548 getting packs for superpack: handwriting_recognition
02-12 12:48:14.189  1524  7666 E MDDSuperpacks: MDDSuperpacks.parseManifest():476 cannot find metadata for delight_overrides
02-12 12:48:14.213  1524  7115 I MDDSuperpacks: MDDSuperpacks.getPacks():548 getting packs for superpack: handwriting_recognition
02-12 12:48:14.214  1524  7196 I MDDSuperpacks: MDDSuperpacks$3.onSuccess():558 packs [transformer_latin_tflite_20231010_zip, transformer_chinese_tflite_20231016_zip, zh_tw_20230706_compact_fst_zip, qrnn_en_us_reco_20231010_fst_20230613_recospec_zip, pack_mapping_v1_lstm_20231127, transformer_latin_seg_tflite_20231010_zip, transformer_chinese_conf_tflite_20231016_zip, scribe_latin_20231123_recospec_zip, en_us_20230613_compact_fst_zip, scribe_chinese_20231123_tflite_zip, transformer_chinese_seg_tflite_20231016_zip, scribe_latin_20231123_tflite_zip, transformer_latin_conf_tflite_20231010_zip, scribe_chinese_20231123_recospec_zip, qrnn_zh_tw_reco_20231016_fst_20230706_recospec_zip] got for superpack: handwriting_recognition
02-12 12:48:14.232  1524  7666 I SuperDelight: SuperDelightBundledMetadataParser.addSystemLms():202 system lm dir /system/usr/share/ime/google/d3_lms does not exist or is not readable
02-12 12:48:14.242  1524  7666 I SuperDelight: SuperDelightBundledMetadataParser.parse():192 SuperDelightBundledMetadataParser#parse(): manifest parsed with 1 packs
02-12 12:48:14.246  1524  7665 I DownloadManager: DownloadManager.downloadInternal():412 Download for __SP_MANIFEST_hmmdictionary scheduled with params DownloadParams{allowMetered=true, requireCharging=false, foreground=false, immediately=true, priority=0}
02-12 12:48:14.246  1524  7665 I DownloadManager: DownloadManager.startDownload():495 start download of __SP_MANIFEST_hmmdictionary
02-12 12:48:14.250  1524  7666 I MDDSuperpacks: MDDSuperpacks$3.onSuccess():558 packs [7a635888cb828dfa2fc744b7b9b50f04, c5c37e938eec559132ebd6c6245d763a] got for superpack: emoticon_content_description
02-12 12:48:14.258  1524  7665 I DownloadManager: DownloadManager$4.onSuccess():564 download for __SP_MANIFEST_hmmdictionary is finished with files # mxp@5365d94c
02-12 12:48:14.260  1524  7665 I HandwritingSlicingStrategy: HandwritingSlicingStrategy.getSlices():44 getSlices(): handwriting_recognition.86 useForeground=true
02-12 12:48:14.261  1524  7665 I HandwritingSlicingStrategy: HandwritingSlicingStrategy.getSlices():103 getSlices(): result {slices=[{handwriting_recognition:pack_mapping_v1_lstm_20231127, m:*:*:*, fg}, {handwriting_recognition:transformer_latin_tflite_20231010_zip, m:*:*:*, fg}, {handwriting_recognition:qrnn_en_us_reco_20231010_fst_20230613_recospec_zip, m:*:*:*, fg}, {handwriting_recognition:transformer_latin_conf_tflite_20231010_zip, m:*:*:*, fg}, {handwriting_recognition:transformer_latin_seg_tflite_20231010_zip, m:*:*:*, fg}, {handwriting_recognition:en_us_20230613_compact_fst_zip, m:*:*:*, fg}, {handwriting_recognition:scribe_chinese_20231123_recospec_zip, m:*:*:*, fg}, {handwriting_recognition:scribe_chinese_20231123_tflite_zip, m:*:*:*, fg}, {handwriting_recognition:transformer_chinese_tflite_20231016_zip, m:*:*:*, fg}, {handwriting_recognition:zh_tw_20230706_compact_fst_zip, m:*:*:*, fg}, {handwriting_recognition:transformer_chinese_conf_tflite_20231016_zip, m:*:*:*, fg}, {handwriting_recognition:qrnn_zh_tw_reco_20231016_fst_20230706_recospec_zip, m:*:*:*, fg}, {handwriting_recognition:transformer_chinese_seg_tflite_20231016_zip, m:*:*:*, fg}, {handwriting_recognition:scribe_latin_20231123_tflite_zip, m:*:*:*, fg}, {handwriting_recognition:scribe_latin_20231123_recospec_zip, m:*:*:*, fg}], last batch=true, sync metadata=false}
02-12 12:48:14.312  7341  7341 I System.out: === SettingsActivity Safe Insets Test ===
02-12 12:48:14.312  7341  7341 I System.out: Status bar height: 142
02-12 12:48:14.312  7341  7341 I System.out: Top bar padding: top=163
02-12 12:48:14.326  1988  4248 I artd    : GetBestInfo: odex next to the dex file (/data/app/~~FHj_2wo0r6E2oGCGfU0o7g==/com.google.android.gms--LXJHOaqr-1sEUWd8Qrf3w==/oat/x86_64/base.odex) is kOatUpToDate with filter 'speed-profile' executable 'false'
02-12 12:48:14.335  1524  7455 I MDDSuperpacks: MDDSuperpacks.getPacks():548 getting packs for superpack: handwriting_recognition
02-12 12:48:14.338  1988  4248 I artd    : GetBestInfo: odex next to the dex file (/data/app/~~FHj_2wo0r6E2oGCGfU0o7g==/com.google.android.gms--LXJHOaqr-1sEUWd8Qrf3w==/oat/x86_64/split_AdsDynamite_installtime.odex) is kOatUpToDate with filter 'speed' executable 'false'
02-12 12:48:14.342  1524  7441 I MDDSuperpacks: MDDSuperpacks$3.onSuccess():558 packs [transformer_latin_tflite_20231010_zip, transformer_chinese_tflite_20231016_zip, zh_tw_20230706_compact_fst_zip, qrnn_en_us_reco_20231010_fst_20230613_recospec_zip, pack_mapping_v1_lstm_20231127, transformer_latin_seg_tflite_20231010_zip, transformer_chinese_conf_tflite_20231016_zip, scribe_latin_20231123_recospec_zip, en_us_20230613_compact_fst_zip, scribe_chinese_20231123_tflite_zip, transformer_chinese_seg_tflite_20231016_zip, scribe_latin_20231123_tflite_zip, transformer_latin_conf_tflite_20231010_zip, scribe_chinese_20231123_recospec_zip, qrnn_zh_tw_reco_20231016_fst_20230706_recospec_zip] got for superpack: handwriting_recognition
02-12 12:48:14.348  1988  4248 I artd    : GetBestInfo: odex next to the dex file (/data/app/~~FHj_2wo0r6E2oGCGfU0o7g==/com.google.android.gms--LXJHOaqr-1sEUWd8Qrf3w==/oat/x86_64/split_CronetDynamite_installtime.odex) is kOatUpToDate with filter 'speed-profile' executable 'false'
02-12 12:48:14.354  1988  4248 I artd    : GetBestInfo: odex next to the dex file (/data/app/~~FHj_2wo0r6E2oGCGfU0o7g==/com.google.android.gms--LXJHOaqr-1sEUWd8Qrf3w==/oat/x86_64/split_DynamiteLoader_installtime.odex) is kOatUpToDate with filter 'speed' executable 'false'
02-12 12:48:14.360   776  1608 V GrammaticalInflectionUtils: AttributionSource: android.content.AttributionSource@6dfec80e does not have READ_SYSTEM_GRAMMATICAL_GENDER permission.
02-12 12:48:14.363  1524  7441 I MDDSuperpacks: MDDSuperpacks$3.onSuccess():558 packs [transformer_latin_tflite_20231010_zip, transformer_chinese_tflite_20231016_zip, zh_tw_20230706_compact_fst_zip, qrnn_en_us_reco_20231010_fst_20230613_recospec_zip, pack_mapping_v1_lstm_20231127, transformer_latin_seg_tflite_20231010_zip, transformer_chinese_conf_tflite_20231016_zip, scribe_latin_20231123_recospec_zip, en_us_20230613_compact_fst_zip, scribe_chinese_20231123_tflite_zip, transformer_chinese_seg_tflite_20231016_zip, scribe_latin_20231123_tflite_zip, transformer_latin_conf_tflite_20231010_zip, scribe_chinese_20231123_recospec_zip, qrnn_zh_tw_reco_20231016_fst_20230706_recospec_zip] got for superpack: handwriting_recognition
02-12 12:48:14.364  1988  4248 I artd    : GetBestInfo: odex next to the dex file (/data/app/~~FHj_2wo0r6E2oGCGfU0o7g==/com.google.android.gms--LXJHOaqr-1sEUWd8Qrf3w==/oat/x86_64/split_DynamiteModulesA_installtime.odex) is kOatUpToDate with filter 'speed' executable 'false'
02-12 12:48:14.366  1524  7115 I MDDSuperpacks: MDDSuperpacks.getPacks():548 getting packs for superpack: handwriting_recognition
02-12 12:48:14.374  1988  4248 I artd    : GetBestInfo: odex next to the dex file (/data/app/~~FHj_2wo0r6E2oGCGfU0o7g==/com.google.android.gms--LXJHOaqr-1sEUWd8Qrf3w==/oat/x86_64/split_DynamiteModulesC_installtime.odex) is kOatUpToDate with filter 'speed' executable 'false'
02-12 12:48:14.374  1059  1284 I ndroid.systemui: AssetManager2(0x78c8d32d5b58) locale list changing from [] to [en-US]
02-12 12:48:14.381  1988  4248 I artd    : GetBestInfo: odex next to the dex file (/data/app/~~FHj_2wo0r6E2oGCGfU0o7g==/com.google.android.gms--LXJHOaqr-1sEUWd8Qrf3w==/oat/x86_64/split_GoogleCertificates_installtime.odex) is kOatUpToDate with filter 'speed' executable 'false'
02-12 12:48:14.389  1988  4248 I artd    : GetBestInfo: odex next to the dex file (/data/app/~~FHj_2wo0r6E2oGCGfU0o7g==/com.google.android.gms--LXJHOaqr-1sEUWd8Qrf3w==/oat/x86_64/split_MapsDynamite_installtime.odex) is kOatUpToDate with filter 'speed' executable 'false'
02-12 12:48:14.392  7341  7341 D LifecycleMonitor: Lifecycle status change: com.hank.clawlive.SettingsActivity@c1afa63 in: PAUSED
02-12 12:48:14.392  7341  7341 V ActivityScenario: Update currentActivityStage to PAUSED, currentActivity=com.hank.clawlive.SettingsActivity@c1afa63
02-12 12:48:14.398  7391  7408 I EGL_emulation: Opening libGLESv1_CM_emulation.so
02-12 12:48:14.399  1988  4248 I artd    : GetBestInfo: odex next to the dex file (/data/app/~~FHj_2wo0r6E2oGCGfU0o7g==/com.google.android.gms--LXJHOaqr-1sEUWd8Qrf3w==/oat/x86_64/split_MeasurementDynamite_installtime.odex) is kOatUpToDate with filter 'speed' executable 'false'
02-12 12:48:14.399  7391  7408 I EGL_emulation: Opening libGLESv2_emulation.so
02-12 12:48:14.399   671   756 W IPCThreadState: Sending oneway calls to frozen process.
02-12 12:48:14.426  1524  7435 I MDDSuperpacks: MDDSuperpacks.getPacks():548 getting packs for superpack: emoticon_content_description
02-12 12:48:14.435  1988  4248 I artd    : GetBestInfo: /data/app/~~FHj_2wo0r6E2oGCGfU0o7g==/com.google.android.gms--LXJHOaqr-1sEUWd8Qrf3w==/split_maps_core_dynamite_ondemand.apk has no usable artifacts
02-12 12:48:14.439   556   556 I BpBinder: onLastStrongRef automatically unlinking death recipients:
02-12 12:48:14.441  1524  7189 I SuperDelight: SuperDelightManager.syncBundledLanguageModels():773 SuperDelightManager#syncBundledLanguageModels(): Syncing for version 2025021100
02-12 12:48:14.441  1524  7189 I MDDSuperpacks: MDDSuperpacks.sync():223 sync requested for bundled_delight
02-12 12:48:14.449  1524  7455 I MDDSuperpacks: MDDSuperpacks$3.onSuccess():558 packs [transformer_latin_tflite_20231010_zip, transformer_chinese_tflite_20231016_zip, zh_tw_20230706_compact_fst_zip, qrnn_en_us_reco_20231010_fst_20230613_recospec_zip, pack_mapping_v1_lstm_20231127, transformer_latin_seg_tflite_20231010_zip, transformer_chinese_conf_tflite_20231016_zip, scribe_latin_20231123_recospec_zip, en_us_20230613_compact_fst_zip, scribe_chinese_20231123_tflite_zip, transformer_chinese_seg_tflite_20231016_zip, scribe_latin_20231123_tflite_zip, transformer_latin_conf_tflite_20231010_zip, scribe_chinese_20231123_recospec_zip, qrnn_zh_tw_reco_20231016_fst_20230706_recospec_zip] got for superpack: handwriting_recognition
02-12 12:48:14.452  7391  7408 W HWUI    : Failed to choose config with EGL_SWAP_BEHAVIOR_PRESERVED, retrying without...
02-12 12:48:14.452  7391  7408 W HWUI    : Failed to initialize 101010-2 format, error = EGL_SUCCESS
02-12 12:48:14.457  1524  7441 I SuperDelight: SuperDelightBundledMetadataParser.addSystemLms():202 system lm dir /system/usr/share/ime/google/d3_lms does not exist or is not readable
02-12 12:48:14.457  1988  4248 I artd    : GetBestInfo: /data/user_de/0/com.google.android.gms/app_chimera/m/0000000d/dl-Appsearch.optional_250834100800.apk has no usable artifacts
02-12 12:48:14.460  1524  7455 I MDDSuperpacks: MDDSuperpacks$2.onSuccess():274 Sync success for handwriting_recognition with result: {old=[en_us_20230613_compact_fst_zip, pack_mapping_v1_lstm_20231127, qrnn_en_us_reco_20231010_fst_20230613_recospec_zip, qrnn_zh_tw_reco_20231016_fst_20230706_recospec_zip, scribe_chinese_20231123_recospec_zip, scribe_chinese_20231123_tflite_zip, scribe_latin_20231123_recospec_zip, scribe_latin_20231123_tflite_zip, transformer_chinese_conf_tflite_20231016_zip, transformer_chinese_seg_tflite_20231016_zip, transformer_chinese_tflite_20231016_zip, transformer_latin_conf_tflite_20231010_zip, transformer_latin_seg_tflite_20231010_zip, transformer_latin_tflite_20231010_zip, zh_tw_20230706_compact_fst_zip], new=[en_us_20230613_compact_fst_zip, pack_mapping_v1_lstm_20231127, qrnn_en_us_reco_20231010_fst_20230613_recospec_zip, qrnn_zh_tw_reco_20231016_fst_20230706_recospec_zip, scribe_chinese_20231123_recospec_zip, scribe_chinese_20231123_tflite_zip, scribe_latin_20231123_recospec_zip, scribe_latin_20231123_tflite_zip, transformer_chinese_conf_tflite_20231016_zip, transformer_chinese_seg_tflite_20231016_zip, transformer_chinese_tflite_20231016_zip, transformer_latin_conf_tflite_20231010_zip, transformer_latin_seg_tflite_20231010_zip, transformer_latin_tflite_20231010_zip, zh_tw_20230706_compact_fst_zip], metadata=false, last batch=true}
02-12 12:48:14.460  1524  7441 I SuperDelight: SuperDelightBundledMetadataParser.parse():192 SuperDelightBundledMetadataParser#parse(): manifest parsed with 1 packs
02-12 12:48:14.461  1524  7116 I HandwritingOnlineSuperpacks: HandwritingOnlineSuperpacks.syncInternal():187 syncInternal(): syncing packs
02-12 12:48:14.461  1524  7116 I HandwritingOnlineSuperpacks: HandwritingOnlineSuperpacks$2.onSyncSuccess():225 syncInternal(): complete {old=[en_us_20230613_compact_fst_zip, pack_mapping_v1_lstm_20231127, qrnn_en_us_reco_20231010_fst_20230613_recospec_zip, qrnn_zh_tw_reco_20231016_fst_20230706_recospec_zip, scribe_chinese_20231123_recospec_zip, scribe_chinese_20231123_tflite_zip, scribe_latin_20231123_recospec_zip, scribe_latin_20231123_tflite_zip, transformer_chinese_conf_tflite_20231016_zip, transformer_chinese_seg_tflite_20231016_zip, transformer_chinese_tflite_20231016_zip, transformer_latin_conf_tflite_20231010_zip, transformer_latin_seg_tflite_20231010_zip, transformer_latin_tflite_20231010_zip, zh_tw_20230706_compact_fst_zip], new=[en_us_20230613_compact_fst_zip, pack_mapping_v1_lstm_20231127, qrnn_en_us_reco_20231010_fst_20230613_recospec_zip, qrnn_zh_tw_reco_20231016_fst_20230706_recospec_zip, scribe_chinese_20231123_recospec_zip, scribe_chinese_20231123_tflite_zip, scribe_latin_20231123_recospec_zip, scribe_latin_20231123_tflite_zip, transformer_chinese_conf_tflite_20231016_zip, transformer_chinese_seg_tflite_20231016_zip, transformer_chinese_tflite_20231016_zip, transformer_latin_conf_tflite_20231010_zip, transformer_latin_seg_tflite_20231010_zip, transformer_latin_tflite_20231010_zip, zh_tw_20230706_compact_fst_zip], metadata=false, last batch=true}
02-12 12:48:14.461  1524  7116 I MDDSuperpacks: MDDSuperpacks.getPacks():548 getting packs for superpack: handwriting_recognition
02-12 12:48:14.490  1524  7196 I MDDSuperpacks: MDDSuperpacks.getPacks():548 getting packs for superpack: bundled_delight
02-12 12:48:14.499  1524  7669 I MDDSuperpacks: MDDSuperpacks$3.onSuccess():558 packs [transformer_latin_tflite_20231010_zip, transformer_chinese_tflite_20231016_zip, zh_tw_20230706_compact_fst_zip, qrnn_en_us_reco_20231010_fst_20230613_recospec_zip, pack_mapping_v1_lstm_20231127, transformer_latin_seg_tflite_20231010_zip, transformer_chinese_conf_tflite_20231016_zip, scribe_latin_20231123_recospec_zip, en_us_20230613_compact_fst_zip, scribe_chinese_20231123_tflite_zip, transformer_chinese_seg_tflite_20231016_zip, scribe_latin_20231123_tflite_zip, transformer_latin_conf_tflite_20231010_zip, scribe_chinese_20231123_recospec_zip, qrnn_zh_tw_reco_20231016_fst_20230706_recospec_zip] got for superpack: handwriting_recognition
02-12 12:48:14.506  1988  1988 I artd    : GetBestInfo: /data/user_de/0/com.google.android.gms/app_chimera/m/00000013/dl-MlkitBarcodeUi.optional_260235100800.apk has no usable artifacts
02-12 12:48:14.509  1988  1988 I artd    : GetBestInfo: /data/user_de/0/com.google.android.gms/app_chimera/m/00000001/CronetDynamite.apk has no usable artifacts
02-12 12:48:14.512  1988  1988 I artd    : GetBestInfo: /data/user_de/0/com.google.android.gms/app_chimera/m/0000000b/dl-TfliteDynamiteDynamite.integ_252130102100800.apk has no usable artifacts
02-12 12:48:14.512  1988  1988 I artd    : GetBestInfo: /data/user_de/0/com.google.android.gms/app_chimera/m/00000002/DynamiteLoader.apk has no usable artifacts
02-12 12:48:14.514  1988  1988 I artd    : GetBestInfo: /data/user_de/0/com.google.android.gms/app_chimera/m/00000012/dl-Appsearch.optional_260235100800.apk has no usable artifacts
02-12 12:48:14.520  1988  1988 I artd    : GetBestInfo: /data/user_de/0/com.google.android.gms/app_chimera/m/00000005/GoogleCertificates.apk has no usable artifacts
02-12 12:48:14.522  1988  1988 I artd    : GetBestInfo: /data/user_de/0/com.google.android.gms/app_chimera/m/00000015/dl-MlkitOcrCommon.optional_260235100800.apk has no usable artifacts
02-12 12:48:14.526  1988  1988 I artd    : GetBestInfo: /data/user_de/0/com.google.android.gms/app_chimera/m/00000010/dl-VisionOcr.optional_260235100000.apk has no usable artifacts
02-12 12:48:14.530  1988  1988 I artd    : GetBestInfo: /data/user_de/0/com.google.android.gms/app_chimera/m/00000009/dl-MlkitBarcodeUi.optional_250834100800.apk has no usable artifacts
02-12 12:48:14.535  1988  1988 I artd    : GetBestInfo: /data/user_de/0/com.google.android.gms/app_chimera/m/0000000c/dl-VisionOcr.optional_250834100000.apk has no usable artifacts
02-12 12:48:14.540  1988  1988 I artd    : GetBestInfo: /data/user_de/0/com.google.android.gms/app_chimera/m/0000000e/dl-MlkitOcrCommon.optional_250834100800.apk has no usable artifacts
02-12 12:48:14.544  1988  1988 I artd    : GetBestInfo: /data/user_de/0/com.google.android.gms/app_chimera/m/00000011/dl-PlayCloudSearch.optional_260235100000.apk has no usable artifacts
02-12 12:48:14.549  1988  4248 I artd    : GetBestInfo: vdex next to the dex file (/data/user/0/com.google.android.gms/app_dg_cache/94DF452EEF4B8E717545DCDEA6CC3C50A319A195/oat/x86_64/the.vdex) is kOatUpToDate with filter 'verify' executable 'false'
02-12 12:48:14.552  1988  1988 I artd    : GetBestInfo: /data/user_de/0/com.google.android.gms/app_chimera/m/00000007/MeasurementDynamite.apk has no usable artifacts
02-12 12:48:14.761  1670  2141 I bbax    : (REDACTED) getHotwordActive::active query: %s, watch: %s, devices connected: %s
02-12 12:48:14.790   556  1159 I BpBinder: onLastStrongRef automatically unlinking death recipients:
02-12 12:48:14.834  1524  7195 I MDDSuperpacks: MDDSuperpacks.sync():223 sync requested for hmmdictionary
02-12 12:48:14.845  1524  7666 I MDDSuperpacks: MDDSuperpacks$3.onSuccess():558 packs [7a635888cb828dfa2fc744b7b9b50f04, c5c37e938eec559132ebd6c6245d763a] got for superpack: emoticon_content_description
02-12 12:48:14.847  1524  7666 I MDDSuperpacks: MDDSuperpacks$3.onSuccess():558 packs [transformer_latin_tflite_20231010_zip, transformer_chinese_tflite_20231016_zip, zh_tw_20230706_compact_fst_zip, qrnn_en_us_reco_20231010_fst_20230613_recospec_zip, pack_mapping_v1_lstm_20231127, transformer_latin_seg_tflite_20231010_zip, transformer_chinese_conf_tflite_20231016_zip, scribe_latin_20231123_recospec_zip, en_us_20230613_compact_fst_zip, scribe_chinese_20231123_tflite_zip, transformer_chinese_seg_tflite_20231016_zip, scribe_latin_20231123_tflite_zip, transformer_latin_conf_tflite_20231010_zip, scribe_chinese_20231123_recospec_zip, qrnn_zh_tw_reco_20231016_fst_20230706_recospec_zip] got for superpack: handwriting_recognition
02-12 12:48:14.855  1524  7116 I MDDSuperpacks: MDDSuperpacks.getPacks():548 getting packs for superpack: handwriting_recognition
02-12 12:48:14.891  1524  7435 I MDDSuperpacks: MDDSuperpacks$3.onSuccess():558 packs [main_en_us_2024102000_2] got for superpack: bundled_delight
02-12 12:48:14.894  1524  7196 I MDDSuperpacks: MDDSuperpacks$2.onSuccess():274 Sync success for emoticon_content_description with result: {old=[7a635888cb828dfa2fc744b7b9b50f04, c5c37e938eec559132ebd6c6245d763a], new=[7a635888cb828dfa2fc744b7b9b50f04, c5c37e938eec559132ebd6c6245d763a], metadata=false, last batch=true}
02-12 12:48:14.905  1524  7666 I SuperDelight: SuperDelightBundledSlicingStrategy.getSlices():41 BundledSlicing#getSlices() : Locale = [en_US, zh_XD]
02-12 12:48:14.906  1524  7666 I SuperDelight: SuperDelightBundledSlicingStrategy.getSlices():67 BundledSlicing#getSlices(): result {slices=[bundled_delight:main_en_us_2024102000_2], last batch=true, sync metadata=false}
02-12 12:48:14.907  1524  7435 I MDDSuperpacks: MDDSuperpacks$3.onSuccess():558 packs [transformer_latin_tflite_20231010_zip, transformer_chinese_tflite_20231016_zip, zh_tw_20230706_compact_fst_zip, qrnn_en_us_reco_20231010_fst_20230613_recospec_zip, pack_mapping_v1_lstm_20231127, transformer_latin_seg_tflite_20231010_zip, transformer_chinese_conf_tflite_20231016_zip, scribe_latin_20231123_recospec_zip, en_us_20230613_compact_fst_zip, scribe_chinese_20231123_tflite_zip, transformer_chinese_seg_tflite_20231016_zip, scribe_latin_20231123_tflite_zip, transformer_latin_conf_tflite_20231010_zip, scribe_chinese_20231123_recospec_zip, qrnn_zh_tw_reco_20231016_fst_20230706_recospec_zip] got for superpack: handwriting_recognition
02-12 12:48:14.908  1524  7669 I MDDSuperpacks: MDDSuperpacks.getPacks():548 getting packs for superpack: hmmdictionary
02-12 12:48:14.909  1524  7455 I MDDSuperpacks: MDDSuperpacks.getPacks():548 getting packs for superpack: bundled_delight
02-12 12:48:14.931  1524  7196 I MDDSuperpacks: MDDSuperpacks$3.onSuccess():558 packs [zh_TW_2023110702] got for superpack: hmmdictionary
02-12 12:48:14.934  1524  7196 I DictionarySlicingStrategy: DictionarySlicingStrategy.getSlices():79 getSlices(): hmmdictionary.2025082201
02-12 12:48:14.934  1524  7196 I DictionarySlicingStrategy: DictionarySlicingStrategy.getSlices():109 getSlices(): result {slices=[hmmdictionary:zh_TW_2023110702], last batch=true, sync metadata=false}
02-12 12:48:14.935  1524  7435 I LmManager: LmManager$1.onSuccess():82 Bundled delight sync success
02-12 12:48:14.936  1524  7666 I MDDSuperpacks: MDDSuperpacks.getPacks():548 getting packs for superpack: hmmdictionary
02-12 12:48:14.936  1524  7189 I MDDSuperpacks: MDDSuperpacks.getPacks():548 getting packs for superpack: bundled_delight
02-12 12:48:14.937  1524  7441 I MDDSuperpacks: MDDSuperpacks$3.onSuccess():558 packs [main_en_us_2024102000_2] got for superpack: bundled_delight
02-12 12:48:14.939  1524  7196 I MDDSuperpacks: MDDSuperpacks$2.onSuccess():274 Sync success for bundled_delight with result: {old=[main_en_us_2024102000_2], new=[main_en_us_2024102000_2], metadata=false, last batch=true}
02-12 12:48:15.072  1524  7195 I SuperDelight: SuperDelightManager$2.onSuccess():635 bundled_delight sync success, adding to data file manager
02-12 12:48:15.073  1524  7195 I DataFileManager: DataFileManager.addDataWithoutNotify():181 data en-US already exists
02-12 12:48:15.074  1524  7116 I MDDSuperpacks: MDDSuperpacks.getPacks():548 getting packs for superpack: handwriting_recognition
02-12 12:48:15.100  1524  7116 I MDDSuperpacks: MDDSuperpacks.getPacks():548 getting packs for superpack: handwriting_recognition
02-12 12:48:15.102  1524  7669 I MDDSuperpacks: MDDSuperpacks$3.onSuccess():558 packs [transformer_latin_tflite_20231010_zip, transformer_chinese_tflite_20231016_zip, zh_tw_20230706_compact_fst_zip, qrnn_en_us_reco_20231010_fst_20230613_recospec_zip, pack_mapping_v1_lstm_20231127, transformer_latin_seg_tflite_20231010_zip, transformer_chinese_conf_tflite_20231016_zip, scribe_latin_20231123_recospec_zip, en_us_20230613_compact_fst_zip, scribe_chinese_20231123_tflite_zip, transformer_chinese_seg_tflite_20231016_zip, scribe_latin_20231123_tflite_zip, transformer_latin_conf_tflite_20231010_zip, scribe_chinese_20231123_recospec_zip, qrnn_zh_tw_reco_20231016_fst_20230706_recospec_zip] got for superpack: handwriting_recognition
02-12 12:48:15.112  1524  7435 I MDDSuperpacks: MDDSuperpacks$3.onSuccess():558 packs [main_en_us_2024102000_2] got for superpack: bundled_delight
02-12 12:48:15.116  1524  7441 I MDDSuperpacks: MDDSuperpacks$3.onSuccess():558 packs [zh_TW_2023110702] got for superpack: hmmdictionary
02-12 12:48:15.138  1524  7441 I MDDSuperpacks: MDDSuperpacks$2.onSuccess():274 Sync success for hmmdictionary with result: {old=[zh_TW_2023110702], new=[zh_TW_2023110702], metadata=false, last batch=true}
02-12 12:48:15.142  1524  7189 I SuperpacksManagerBase: SuperpacksManagerBase$2.onSyncSuccess():192 sync(): complete {old=[zh_TW_2023110702], new=[zh_TW_2023110702], metadata=false, last batch=true}
02-12 12:48:15.145  1524  7189 I MDDSuperpacks: MDDSuperpacks.getPacks():548 getting packs for superpack: hmmdictionary
02-12 12:48:15.164  1524  7665 I MDDSuperpacks: MDDSuperpacks$3.onSuccess():558 packs [zh_TW_2023110702] got for superpack: hmmdictionary
02-12 12:48:15.169  1524  7195 I HmmDataFacilitator: HmmDataFacilitator.setDownloadedPacks():333 Opening pack for language zh_TW
02-12 12:48:15.184  1524  7116 I MDDSuperpacks: MDDSuperpacks.getPacks():548 getting packs for superpack: handwriting_recognition_offline
02-12 12:48:15.206  1524  7441 I MDDSuperpacks: MDDSuperpacks$3.onSuccess():558 packs [transformer_latin_tflite_20231010_zip, transformer_chinese_tflite_20231016_zip, zh_tw_20230706_compact_fst_zip, qrnn_en_us_reco_20231010_fst_20230613_recospec_zip, pack_mapping_v1_lstm_20231127, transformer_latin_seg_tflite_20231010_zip, transformer_chinese_conf_tflite_20231016_zip, scribe_latin_20231123_recospec_zip, en_us_20230613_compact_fst_zip, scribe_chinese_20231123_tflite_zip, transformer_chinese_seg_tflite_20231016_zip, scribe_latin_20231123_tflite_zip, transformer_latin_conf_tflite_20231010_zip, scribe_chinese_20231123_recospec_zip, qrnn_zh_tw_reco_20231016_fst_20230706_recospec_zip] got for superpack: handwriting_recognition
02-12 12:48:15.229  1194  1194 D NexusLauncherModelDelegate: notifySmartspaceEvent: SmartspaceTargetEvent{mSmartspaceTarget=null, mSmartspaceActionId='null', mEventType=6}
02-12 12:48:15.248  1524  7435 W MDDSuperpacks: MDDSuperpacks.constructPackSet():578 file group is empty
02-12 12:48:15.248  1524  7441 I MDDSuperpacks: MDDSuperpacks$3.onSuccess():558 packs [] got for superpack: handwriting_recognition_offline
02-12 12:48:15.256  1524  7114 E HandwritingSuperpacksUtil: HandwritingSuperpacksUtil.getPackMappingPackName():40 No pack mapping pack found in []
02-12 12:48:15.266  1194  1194 D BaseDepthController: setSurface:
02-12 12:48:15.266  1194  1194 D BaseDepthController: 	mWaitingOnSurfaceValidity: false
02-12 12:48:15.266  1194  1194 D BaseDepthController: 	mBaseSurface: Surface(name=com.google.android.apps.nexuslauncher/com.google.android.apps.nexuslauncher.NexusLauncherActivity)/@0x4cd22b4
02-12 12:48:15.350  1524  7114 I HandwritingSuperpacks: HandwritingSuperpacks.reloadCache():237 updatePackMappingsCache(): pack mapping pack unavailable [OFFLINE]
02-12 12:48:15.354  1524  7114 I MDDSuperpacks: MDDSuperpacks.getPacks():548 getting packs for superpack: handwriting_recognition
02-12 12:48:15.375  2112  2302 I Finsky  : [48] Current account updated in PVS
02-12 12:48:15.380  2112  2302 I Finsky  : [48] Current account updated in PVS
02-12 12:48:15.381  2112  2302 I Finsky  : [48] Current account updated in PVS
02-12 12:48:15.428  1059  1180 E FrameTracker: force finish cuj, time out: J<DEFAULT_TASK_TO_TASK_ANIMATION>
02-12 12:48:15.447  2112  2112 I Finsky  : [2] SCH: job service start with id 9448.
02-12 12:48:15.472  1524  7435 I MDDSuperpacks: MDDSuperpacks$3.onSuccess():558 packs [transformer_latin_tflite_20231010_zip, transformer_chinese_tflite_20231016_zip, zh_tw_20230706_compact_fst_zip, qrnn_en_us_reco_20231010_fst_20230613_recospec_zip, pack_mapping_v1_lstm_20231127, transformer_latin_seg_tflite_20231010_zip, transformer_chinese_conf_tflite_20231016_zip, scribe_latin_20231123_recospec_zip, en_us_20230613_compact_fst_zip, scribe_chinese_20231123_tflite_zip, transformer_chinese_seg_tflite_20231016_zip, scribe_latin_20231123_tflite_zip, transformer_latin_conf_tflite_20231010_zip, scribe_chinese_20231123_recospec_zip, qrnn_zh_tw_reco_20231016_fst_20230706_recospec_zip] got for superpack: handwriting_recognition
02-12 12:48:15.477  1524  7114 I MDDSuperpacks: MDDSuperpacks.getPacks():548 getting packs for superpack: handwriting_recognition
02-12 12:48:15.499  2112  8016 I Finsky  : [159] SCH: Satisfied jobs for 9448 are: 44-1027
02-12 12:48:15.501  2112  2313 I Finsky  : [52] Current account updated in PVS
02-12 12:48:15.503  2112  2306 I Finsky  : [50] Current account updated in PVS
02-12 12:48:15.504  2112  2306 I Finsky  : [50] Current account updated in PVS
02-12 12:48:15.504  2112  2306 I Finsky  : [50] Current account updated in PVS
02-12 12:48:15.504  2112  2306 I Finsky  : [50] Current account updated in PVS
02-12 12:48:15.505  2112  2306 I Finsky  : [50] Current account updated in PVS
02-12 12:48:15.508  2112  2307 I Finsky  : [51] Current account updated in PVS
02-12 12:48:15.508  2112  2307 I Finsky  : [51] Current account updated in PVS
02-12 12:48:15.509  2112  2307 I Finsky  : [51] Current account updated in PVS
02-12 12:48:15.509  2112  2302 I Finsky  : [48] Current account updated in PVS
02-12 12:48:15.513  2112  8015 I Finsky  : [158] SCH: Job 44-1027 starting
02-12 12:48:15.514  2112  2313 I Finsky  : [52] Current account updated in PVS
02-12 12:48:15.515  2112  2313 I Finsky  : [52] Current account updated in PVS
02-12 12:48:15.518  1524  7441 I MDDSuperpacks: MDDSuperpacks$3.onSuccess():558 packs [transformer_latin_tflite_20231010_zip, transformer_chinese_tflite_20231016_zip, zh_tw_20230706_compact_fst_zip, qrnn_en_us_reco_20231010_fst_20230613_recospec_zip, pack_mapping_v1_lstm_20231127, transformer_latin_seg_tflite_20231010_zip, transformer_chinese_conf_tflite_20231016_zip, scribe_latin_20231123_recospec_zip, en_us_20230613_compact_fst_zip, scribe_chinese_20231123_tflite_zip, transformer_chinese_seg_tflite_20231016_zip, scribe_latin_20231123_tflite_zip, transformer_latin_conf_tflite_20231010_zip, scribe_chinese_20231123_recospec_zip, qrnn_zh_tw_reco_20231016_fst_20230706_recospec_zip] got for superpack: handwriting_recognition
02-12 12:48:15.519  2112  2112 I Finsky  : [2] WM::SCH: Logging work start for 44-1027
02-12 12:48:15.542  1524  7114 I MDDSuperpacks: MDDSuperpacks.getPacks():548 getting packs for superpack: handwriting_recognition
02-12 12:48:15.548  2112  2313 I Finsky  : [52] Current account updated in PVS
02-12 12:48:15.550  2112  2313 I Finsky  : [52] Current account updated in PVS
02-12 12:48:15.551  2112  2313 I Finsky  : [52] Current account updated in PVS
02-12 12:48:15.563  1194  1194 D StatsLog: LAUNCHER_ONRESUME
02-12 12:48:15.583   776   817 W IPCThreadState: Sending oneway calls to frozen process.
02-12 12:48:15.585  1194  1194 I NotificationListener: Handling notification state refresh for com.android.systemui#0
02-12 12:48:15.586  1194  1194 I NotificationListener: Handling notification state refresh for android#0
02-12 12:48:15.587  1194  1260 D QuickstepModelDelegate: notifyAppTargetEvent action=1 launchLocation=workspace/0/[-1,-1]/[1,1]
02-12 12:48:15.590   776   817 W IPCThreadState: Sending oneway calls to frozen process.
02-12 12:48:15.591  1524  7435 I MDDSuperpacks: MDDSuperpacks$3.onSuccess():558 packs [transformer_latin_tflite_20231010_zip, transformer_chinese_tflite_20231016_zip, zh_tw_20230706_compact_fst_zip, qrnn_en_us_reco_20231010_fst_20230613_recospec_zip, pack_mapping_v1_lstm_20231127, transformer_latin_seg_tflite_20231010_zip, transformer_chinese_conf_tflite_20231016_zip, scribe_latin_20231123_recospec_zip, en_us_20230613_compact_fst_zip, scribe_chinese_20231123_tflite_zip, transformer_chinese_seg_tflite_20231016_zip, scribe_latin_20231123_tflite_zip, transformer_latin_conf_tflite_20231010_zip, scribe_chinese_20231123_recospec_zip, qrnn_zh_tw_reco_20231016_fst_20230706_recospec_zip] got for superpack: handwriting_recognition
02-12 12:48:15.603  1524  7114 I MDDSuperpacks: MDDSuperpacks.getPacks():548 getting packs for superpack: handwriting_recognition
02-12 12:48:15.610  1653  1847 I AiAiEcho: Predicting[0]:  [CONTEXT sampling_count=5 ]
02-12 12:48:15.612  1653  1847 I AiAiEcho: EchoTargets:
02-12 12:48:15.612  1653  1847 I AiAiEcho: Filtered by AiAi flag check:
02-12 12:48:15.612  1653  1847 I AiAiEcho: [CONTEXT ratelimit_period="10 SECONDS" ]
02-12 12:48:15.614  1653  1847 I AiAiEcho: #remoteViewsTwiddler: feature disabled.
02-12 12:48:15.620  2112  2313 I Finsky  : [52] Current account updated in PVS
02-12 12:48:15.629  2112  2306 I Finsky  : [50] Current account updated in PVS
02-12 12:48:15.633  1653  1847 I AiAiEcho: #postPredictionTargets: Sending updates to UISurface home with targets# 0 (types=[])
02-12 12:48:15.638  1194  1194 D SsBaseTemplateCard: No text view can be set up
02-12 12:48:15.638  1194  1194 D SsBaseTemplateCard: Passed-in item info is null
02-12 12:48:15.639  1194  1194 D SsBaseTemplateCard: Passed-in item info is null
02-12 12:48:15.639  1194  1194 D SsBaseTemplateCard: Passed-in item info is null
02-12 12:48:15.639  1194  1194 I SsBaseTemplateCard: Secondary card pane is null
