02-12 12:48:21.609  1524  1524 I InputMethodEntryManager: terpreter=null, inlineComposing=true, autoCapital=false, announceAutoSelectedCandidate=true, statusIcon=0, primeKeyboardType=HARD_QWERTY, indicatorIcon=0, indicatorLabel=null, displayAppCompletions=false, extraValues=kyb{}, processors=lac@9f2fa60, unacceptableMetaKeys=4098, languageSpecificSettings=0, asciiCapable=false, alwaysShowSuggestions=false, useAsciiPasswordKeyboard=false, secondaryIme=null, keyboardGroupDef=kzl@d7966db, phenotypeFlagId=0, localizationLanguageTag=null, supportsInlineSuggestion=false}, kyj{stringId=password_floating_hard_qwerty, language=und-Latn-x-password, languageTag=und-Latn-x-password, processedConditions={}, className=com.google.android.libraries.inputmethod.ime.DummyIme, label=2132019097, keyEventInterpreter=null, inlineComposing=true, autoCapital=false, announceAutoSelectedCandidate=false, statusIcon=2131231749, primeKeyboardType=HARD_QWERTY, indicatorIcon=0, indicatorLabel=null, displayAppCompletions=false, extraValues=kyb{}, processors=lac@9f2fa60, unacceptableMetaKeys=4098, languageSpecificSettings=0, asciiCapable=false, alwaysShowSuggestions=false, useAsciiPasswordKeyboard=false, secondaryIme=null, keyboardGroupDef=kzl@269b578, phenotypeFlagId=0, localizationLanguageTag=null, supportsInlineSuggestion=false}, kyj{stringId=phone_number_floating_hard_qwerty, language=und-Latn-x-phone-number, languageTag=und-Latn-x-phone-number, processedConditions={}, className=com.google.android.libraries.inputmethod.ime.DummyIme, label=2132019097, keyEventInterpreter=null, inlineComposing=true, autoCapital=false, announceAutoSelectedCandidate=false, statusIcon=2131231925, primeKeyboardType=HARD_QWERTY, indicatorIcon=0, indicatorLabel=null, displayAppCompletions=false, extraValues=kyb{}, processors=lac@9f2fa60, unacceptableMetaKeys=4098, languageSpecificSettings=0, asciiCapable=false, alwaysShowSuggestions=false, useAsciiPasswordKeyboard=false, secondaryIme=null, keyboardGroupDef=kzl@f1d0451, phenotypeFlagId=0, localizationLanguageTag=null, supportsInlineSuggestion=false}, kyj{stringId=number_floating_hard_qwerty, language=und-Latn-x-number, languageTag=und-Latn-x-number, processedConditions={}, className=com.google.android.libraries.inputmethod.ime.DummyIme, label=2132019097, keyEventInterpreter=null, inlineComposing=true, autoCapital=false, announceAutoSelectedCandidate=false, statusIcon=2131231925, primeKeyboardType=HARD_QWERTY, indicatorIcon=0, indicatorLabel=null, displayAppCompletions=false, extraValues=kyb{}, processors=lac@9f2fa60, unacceptableMetaKeys=4098, languageSpecificSettings=0, asciiCapable=false, alwaysShowSuggestions=false, useAsciiPasswordKeyboard=false, secondaryIme=null, keyboardGroupDef=kzl@e51b4b6, phenotypeFlagId=0, localizationLanguageTag=null, supportsInlineSuggestion=false}, kyj{stringId=date_time_floating_hard_qwerty, language=und-Latn-x-date-time, languageTag=und-Latn-x-date-time, processedConditions={}, className=com.google.android.libraries.inputmethod.ime.DummyIme, label=2132019097, keyEventInterpreter=null, inlineComposing=true, autoCapital=false, announceAutoSelectedCandidate=false, statusIcon=2131231925, primeKeyboardType=HARD_QWERTY, indicatorIcon=0, indicatorLabel=null, displayAppCompletions=false, extraValues=kyb{}, processors=lac@9f2fa60, unacceptableMetaKeys=4098, languageSpecificSettings=0, asciiCapable=false, alwaysShowSuggestions=false, useAsciiPasswordKeyboard=false, secondaryIme=null, keyboardGroupDef=kzl@89d95b7, phenotypeFlagId=0, localizationLanguageTag=null, supportsInlineSuggestion=false}]
02-12 12:48:21.610  1524  1524 I InputMethodEntryManager: InputMethodEntryManager.onSuccessLoadingAdditionalImeDefs():3063 Additional ImeDefs have been loaded, maybe notify entry change: true
02-12 12:48:21.616  1524  1524 I SystemSubtypesReportModule: SystemSubtypesReportModule$3.onCurrentInputMethodEntryChanged():149 entry: en-US, source: UNSPECIFIED
02-12 12:48:21.616  1524  1524 I SystemSubtypesReportModule: SystemSubtypesReportModule$3.onCurrentInputMethodEntryChanged():163 switchSubtype(en-US)
02-12 12:48:21.623   776   911 I InputReader: Reconfiguring input devices, changes=KEYBOARD_LAYOUTS
02-12 12:48:21.625  1653  1661 I AiAiEcho: Settings changed for uri: content://settings/secure/input_methods_subtype_history
02-12 12:48:21.625  1653  1847 I AiAiEcho: Predicting[0]:  [CONTEXT sampling_count=5 ]
02-12 12:48:21.625  1653  1847 I AiAiEcho: EchoTargets:
02-12 12:48:21.625  1653  1847 I AiAiEcho: Filtered by AiAi flag check:
02-12 12:48:21.625  1653  1847 I AiAiEcho: [CONTEXT ratelimit_period="10 SECONDS" ]
02-12 12:48:21.626  1653  1847 I AiAiEcho: #remoteViewsTwiddler: feature disabled.
02-12 12:48:21.626  1653  1847 I AiAiEcho: Predicting[0]:  [CONTEXT sampling_count=5 ]
02-12 12:48:21.626  1653  1847 I AiAiEcho: EchoTargets:
02-12 12:48:21.626  1653  1847 I AiAiEcho: Filtered by AiAi flag check:
02-12 12:48:21.626  1653  1847 I AiAiEcho: [CONTEXT ratelimit_period="10 SECONDS" ]
02-12 12:48:21.626  1653  1847 I AiAiEcho: #remoteViewsTwiddler: feature disabled.
02-12 12:48:21.627  1653  1847 I AiAiEcho: #postPredictionTargets: Sending updates to UISurface home with targets# 0 (types=[])
02-12 12:48:21.629  1653  1847 I AiAiEcho: #postPredictionTargets: Sending updates to UISurface lockscreen with targets# 0 (types=[])
02-12 12:48:21.669  1524  1524 W NotificationCenter: NotificationCenter$NotificationQueue.notifyPendingNotificationsOnExecutor():877 Heavy notify work detected on UI thread: [kds->iic, kds->ktx, kds->lwm, kds->lcn, kds->gkk, ldt->lds] takes 54ms
02-12 12:48:21.669  1524  1524 W NotificationCenter: NotificationCenter$NotificationQueue.notifyPendingNotificationsOnExecutor():877 Heavy notify work detected on UI thread: [kds->leg] takes 60ms
02-12 12:48:21.672  1524  1524 I ModuleManager: ModuleManager$ModuleInitListener.maybeUnloadModuleOnUnavailable():1350 module etf is unavailable
02-12 12:48:21.675  1524  1524 I ModuleManager: ModuleManager$ModuleInitListener.maybeUnloadModuleOnUnavailable():1350 module kth is unavailable
02-12 12:48:21.687  1524  1524 I ModuleManager: ModuleManager$ModuleInitListener.maybeUnloadModuleOnUnavailable():1350 module ggx is unavailable
02-12 12:48:21.695  1059  1059 W PageIndicator: Total number of pages invalid: 0. Assuming 1 page.
02-12 12:48:21.697  1524  1524 I AbstractOpenableExtension: AbstractOpenableExtension.createKeyboardGroupManagerListenableFuture():121 Create keyboard group manager listenable future in fyg
02-12 12:48:21.701  1524  1524 I GoogleInputMethodService: GoogleInputMethodService.onCurrentInputMethodEntryChanged():2285 onCurrentInputMethodEntryChanged(): imeDefsChanged=true, entryLanguageVariantChanged=true, keyboardContextChanged=true
02-12 12:48:21.701  1524  1524 I GoogleInputMethodService: GoogleInputMethodService.clearInputMethodServiceData():1016 clearInputMethodServiceData for entryChange
02-12 12:48:21.702  1524  1524 I AbstractOpenableExtension: AbstractOpenableExtension.maybeDestroyExistingKeyboardGroupManager():537 Destroy existing keyboard group manager in fso
02-12 12:48:21.702  1524  1524 I AbstractOpenableExtension: AbstractOpenableExtension.createKeyboardGroupManagerListenableFuture():121 Create keyboard group manager listenable future in fso
02-12 12:48:21.702  1524  1524 I AbstractOpenableExtension: AbstractOpenableExtension.maybeDestroyExistingKeyboardGroupManager():537 Destroy existing keyboard group manager in fve
02-12 12:48:21.702  1524  1524 I AbstractOpenableExtension: AbstractOpenableExtension.createKeyboardGroupManagerListenableFuture():121 Create keyboard group manager listenable future in fve
02-12 12:48:21.702  1524  1524 I AbstractOpenableExtension: AbstractOpenableExtension.maybeDestroyExistingKeyboardGroupManager():537 Destroy existing keyboard group manager in fyg
02-12 12:48:21.703  1524  1524 E AbstractOpenableExtension: AbstractOpenableExtension$1.onFailure():144 failed to parse keyboard group def : 2132216938 -> 0_resource_name_obfuscated.
02-12 12:48:21.703  1524  1524 E AbstractOpenableExtension: java.util.concurrent.CancellationException: Task was cancelled.
02-12 12:48:21.703  1524  1524 E AbstractOpenableExtension: 	at qcq.r(PG:33)
02-12 12:48:21.703  1524  1524 E AbstractOpenableExtension: 	at qcq.get(PG:3)
02-12 12:48:21.703  1524  1524 E AbstractOpenableExtension: 	at a.k(PG:2)
02-12 12:48:21.703  1524  1524 E AbstractOpenableExtension: 	at pqu.E(PG:10)
02-12 12:48:21.703  1524  1524 E AbstractOpenableExtension: 	at qek.run(PG:88)
02-12 12:48:21.703  1524  1524 E AbstractOpenableExtension: 	at qds.execute(PG:1)
02-12 12:48:21.703  1524  1524 E AbstractOpenableExtension: 	at qcq.h(PG:1)
02-12 12:48:21.703  1524  1524 E AbstractOpenableExtension: 	at qcq.k(PG:101)
02-12 12:48:21.703  1524  1524 E AbstractOpenableExtension: 	at qcq.cancel(PG:53)
02-12 12:48:21.703  1524  1524 E AbstractOpenableExtension: 	at qcq.m(PG:17)
02-12 12:48:21.703  1524  1524 E AbstractOpenableExtension: 	at qcu.c(PG:3)
02-12 12:48:21.703  1524  1524 E AbstractOpenableExtension: 	at qcq.k(PG:30)
02-12 12:48:21.703  1524  1524 E AbstractOpenableExtension: 	at qcq.cancel(PG:53)
02-12 12:48:21.703  1524  1524 E AbstractOpenableExtension: 	at enq.j(PG:60)
02-12 12:48:21.703  1524  1524 E AbstractOpenableExtension: 	at enq.I(PG:1)
02-12 12:48:21.703  1524  1524 E AbstractOpenableExtension: 	at enq.J(PG:1)
02-12 12:48:21.703  1524  1524 E AbstractOpenableExtension: 	at jpv.h(PG:33)
02-12 12:48:21.703  1524  1524 E AbstractOpenableExtension: 	at kgn.ab(PG:20)
02-12 12:48:21.703  1524  1524 E AbstractOpenableExtension: 	at dbj.p(PG:206)
02-12 12:48:21.703  1524  1524 E AbstractOpenableExtension: 	at kgi.e(PG:3)
02-12 12:48:21.703  1524  1524 E AbstractOpenableExtension: 	at kdr.cz(PG:9)
02-12 12:48:21.703  1524  1524 E AbstractOpenableExtension: 	at lhl.run(PG:1025)
02-12 12:48:21.703  1524  1524 E AbstractOpenableExtension: 	at qds.execute(PG:1)
02-12 12:48:21.703  1524  1524 E AbstractOpenableExtension: 	at nco.v(PG:13)
02-12 12:48:21.703  1524  1524 E AbstractOpenableExtension: 	at lhn.m(PG:96)
02-12 12:48:21.703  1524  1524 E AbstractOpenableExtension: 	at lhn.k(PG:25)
02-12 12:48:21.703  1524  1524 E AbstractOpenableExtension: 	at kds.g(PG:10)
02-12 12:48:21.703  1524  1524 E AbstractOpenableExtension: 	at kew.b(PG:553)
02-12 12:48:21.703  1524  1524 E AbstractOpenableExtension: 	at qek.run(PG:94)
02-12 12:48:21.703  1524  1524 E AbstractOpenableExtension: 	at jaf.execute(PG:12)
02-12 12:48:21.703  1524  1524 E AbstractOpenableExtension: 	at qet.b(PG:6)
02-12 12:48:21.703  1524  1524 E AbstractOpenableExtension: 	at pqu.G(PG:10)
02-12 12:48:21.703  1524  1524 E AbstractOpenableExtension: 	at kfb.T(PG:319)
02-12 12:48:21.703  1524  1524 E AbstractOpenableExtension: 	at kfb.l(PG:94)
02-12 12:48:21.703  1524  1524 E AbstractOpenableExtension: 	at jjw.g(PG:171)
02-12 12:48:21.703  1524  1524 E AbstractOpenableExtension: 	at jjs.c(PG:10)
02-12 12:48:21.703  1524  1524 E AbstractOpenableExtension: 	at kif.cz(PG:47)
02-12 12:48:21.703  1524  1524 E AbstractOpenableExtension: 	at lhl.run(PG:1025)
02-12 12:48:21.703  1524  1524 E AbstractOpenableExtension: 	at qds.execute(PG:1)
02-12 12:48:21.703  1524  1524 E AbstractOpenableExtension: 	at nco.v(PG:13)
02-12 12:48:21.703  1524  1524 E AbstractOpenableExtension: 	at lhn.m(PG:96)
02-12 12:48:21.703  1524  1524 E AbstractOpenableExtension: 	at lhn.k(PG:25)
02-12 12:48:21.703  1524  1524 E AbstractOpenableExtension: 	at kgn.onStartInput(PG:250)
02-12 12:48:21.703  1524  1524 E AbstractOpenableExtension: 	at android.inputmethodservice.InputMethodService.doStartInput(InputMethodService.java:3521)
02-12 12:48:21.703  1524  1524 E AbstractOpenableExtension: 	at android.inputmethodservice.InputMethodService$InputMethodImpl.startInput(InputMethodService.java:879)
02-12 12:48:21.703  1524  1524 E AbstractOpenableExtension: 	at android.inputmethodservice.InputMethodService$InputMethodImpl.dispatchStartInput(InputMethodService.java:908)
02-12 12:48:21.703  1524  1524 E AbstractOpenableExtension: 	at android.inputmethodservice.IInputMethodWrapper.executeMessage(IInputMethodWrapper.java:201)
02-12 12:48:21.703  1524  1524 E AbstractOpenableExtension: 	at com.android.internal.os.HandlerCaller$MyHandler.handleMessage(HandlerCaller.java:44)
02-12 12:48:21.703  1524  1524 E AbstractOpenableExtension: 	at android.os.Handler.dispatchMessage(Handler.java:110)
02-12 12:48:21.703  1524  1524 E AbstractOpenableExtension: 	at android.os.Looper.loopOnce(Looper.java:248)
02-12 12:48:21.703  1524  1524 E AbstractOpenableExtension: 	at android.os.Looper.loop(Looper.java:338)
02-12 12:48:21.703  1524  1524 E AbstractOpenableExtension: 	at android.app.ActivityThread.main(ActivityThread.java:9067)
02-12 12:48:21.703  1524  1524 E AbstractOpenableExtension: 	at java.lang.reflect.Method.invoke(Native Method)
02-12 12:48:21.703  1524  1524 E AbstractOpenableExtension: 	at com.android.internal.os.RuntimeInit$MethodAndArgsCaller.run(RuntimeInit.java:593)
02-12 12:48:21.703  1524  1524 E AbstractOpenableExtension: 	at com.android.internal.os.ZygoteInit.main(ZygoteInit.java:932)
02-12 12:48:21.704  1524  1524 I AbstractOpenableExtension: AbstractOpenableExtension.createKeyboardGroupManagerListenableFuture():121 Create keyboard group manager listenable future in fyg
02-12 12:48:21.704  1524  1524 I KeyboardHeightUtil: KeyboardHeightUtil.calculateMaxKeyboardBodyHeight():46 leave 281 height for app when ime window height:2219, header height:116 and isFullscreenMode:false, so the max keyboard body height is:1822
02-12 12:48:21.705  1524  1524 I KeyboardModeManager: KeyboardModeManager.onCurrentInputMethodEntryChanged():1400 Reload data for context change
02-12 12:48:21.706  1524  1524 I GoogleInputMethodService: GoogleInputMethodService.initializeInputMethodServiceData():834 initializeInputMethodServiceData for kek{languageTag=en-US, variant=qwerty, hasLocalizedResources=true, conditionCacheKey=_app_first_start_timestamp=1770813848499_cache_additional_ime_defs_for_condition_change=false_cache_ime_defs_for_condition_change=false_deprecate_long_press_space_for_ime_picker=false_device=phone_device_size=default_enable_access_points_in_password_number=false_enable_flick_symbols=true_enable_more_candidates_view_for_multilingual=false_enable_number_row=false_enable_preemptive_decode=true_enable_premium_exp_tablet_layout_change=false_enable_secondary_digits=true_enable_secondary_symbols=false_expressions=normal_four_or_more_letter_rows=false_keyboard_mode=normal_language=en-US_layout_9key_split=false_orientation=portrait_physical_keyboard=qwerty_rtl_layout=false_show_secondary_digits=true_show_suggestions=true_split_with_duplicate_keys=true_variant=qwerty, imeDef.stringId=ime_english_united_states, imeDef.className=com.google.android.libraries.inputmethod.ime.experiment.ExperimentImeWrapper, imeDef.languageTag=en-US}
02-12 12:48:21.709   776  2005 D FileUtils: Rounded bytes from 2067259392 to 4000000000
02-12 12:48:21.710  1524  1524 I KeyboardThemeProvider: KeyboardThemeProvider.applyKeyboardTheme():27 Apply keyboard theme: theme_!gsf_!pgsans_!pgsf_!use_system_font_BORDER=true_FLAVOR_DPI=XXHDPI_KEYBOARD_WIDTH_CATEGORY=NORMAL_LIGHT_THEME=true_PHYSICAL_DIAGONAL=6.0111027_SCREEN_SHORTEST_WIDTH=411_SCREEN_SHORTEST_WIDTH_NO_SCALE=411_bottom4dp_enable_google_fonts_icons=true_enable_popup_on_keypress=true_keyboard_redesign_google_sans=true_noshadow_overlay_builtin_dynamic_color_light_base.binarypb:gm3-light-fffaf8ff-ff475d92-6dac7c28fa7faa76f8370bbfdbc77981_silkpopup_unify_function_key_color=true
02-12 12:48:21.716  1524  1524 I AndroidIME: InputBundleManager.loadActiveInputBundleId():483 loadActiveInputBundleId: und-Latn-x-password, password
02-12 12:48:21.717  1524  1524 I InputMethodEntryManager: InputMethodEntryManager.disableTemporaryEnabledEntries():2109
02-12 12:48:21.718  1524  1524 I SystemSubtypesReportModule: SystemSubtypesReportModule$2.onEnabledInputMethodEntriesChanged():131 1 entries
02-12 12:48:21.722  1524  7116 I ExpressiveConceptsPredictionModuleImpl: ExpressiveConceptsPredictionModuleImpl.onCreate():36 onCreate()
02-12 12:48:21.722  1524  7116 I NativeLibHelper: NativeLibHelper.loadLibrary():162 Loaded native library:integrated_shared_object (result=true)
02-12 12:48:21.722  1524  7116 I NativeLibHelper: NativeLibHelper.loadLibrary():162 Loaded native library:integrated_shared_object (result=true)
02-12 12:48:21.723  1524  7116 I MDDSuperpacks: MDDSuperpacks.getPacks():548 getting packs for superpack: expressive_concepts
02-12 12:48:21.733  1524  1524 I HardKeyTracker: HardKeyTracker.unregisterKeySequence():182 Unregister key sequence lsr{labelResId=0, callback=jlb@e0b273b, lastModifier=0, keyCodes=[59, 59], actions=[1, 0]}
02-12 12:48:21.733  1524  1524 I HardKeyTracker: HardKeyTracker.unregisterKeySequence():182 Unregister key sequence lsr{labelResId=0, callback=jlb@d853896, lastModifier=0, keyCodes=[60, 60], actions=[1, 0]}
02-12 12:48:21.733  1524  1524 I ModuleManager: ModuleManager$ModuleInitListener.maybeUnloadModuleOnUnavailable():1350 module kty is unavailable
02-12 12:48:21.734  1524  7195 I KeyboardGroupDefParser: KeyboardGroupDefParser.parseKeyboardGroupDef():86 parseKeyboardGroupDef() 2132214028 -> 0_resource_name_obfuscated : WaitTime = 30 ms : RunTime = 1 ms
02-12 12:48:21.735  1524  7195 I KeyboardGroupDefParser: KeyboardGroupDefParser.parseKeyboardGroupDef():86 parseKeyboardGroupDef() 2132214032 -> 0_resource_name_obfuscated : WaitTime = 32 ms : RunTime = 1 ms
02-12 12:48:21.735  1524  7195 I KeyboardGroupDefParser: KeyboardGroupDefParser.parseKeyboardGroupDef():86 parseKeyboardGroupDef() 2132216938 -> 0_resource_name_obfuscated : WaitTime = 31 ms : RunTime = 0 ms
02-12 12:48:21.737  1524  7195 I LatinImeEntryActivation: LatinImeActivationContentObserver.activeLanguagesHaveChanged():70 Active entries changed: [en-US, zh-XD] -> {en-US}
02-12 12:48:21.738  1524  7195 I LmManager: LmManager.asyncUpdateEnabledLanguageModels():96 asyncUpdateEnabledLanguageModels()
02-12 12:48:21.738  1524  7195 I SuperDelight: SuperDelightManager.initializeOverridesSuperpacks():405 initializeOverridesSuperpacks()
02-12 12:48:21.739  1524  7195 I DelightKLPDownloader: DelightKLPDownloader.downloadKLPInternal():199 downloading KLP for en_840
02-12 12:48:21.741  1524  7195 I ManifestedDataDownloader: ManifestedDataDownloader.download():63 downloading manifest https://www.gstatic.com/android/keyboard/dictionarypack/2025031619/metadata.json-perlang/en-840.json?v=2025052001
02-12 12:48:21.741   776   817 W IPCThreadState: Sending oneway calls to frozen process.
02-12 12:48:21.741   776   817 W IPCThreadState: Sending oneway calls to frozen process.
02-12 12:48:21.742  1524  7195 I SuperDelight: SuperDelightManager.initializeBundledDelightSuperpacks():379 initializeBundledDelightSuperpacks()
02-12 12:48:21.749  1524  1524 W NotificationCenter: NotificationCenter$NotificationQueue.notifyPendingNotificationsOnExecutor():877 Heavy notify work detected on UI thread: [kig->jjs] takes 150ms
02-12 12:48:21.752  1524  7113 I DelightKLPDownloader: DelightKLPDownloader.downloadKLPInternal():199 downloading KLP for en_840
02-12 12:48:21.752  1524  7113 I ManifestedDataDownloader: ManifestedDataDownloader.download():63 downloading manifest https://www.gstatic.com/android/keyboard/dictionarypack/2025031619/metadata.json-perlang/en-840.json?v=2025052001
02-12 12:48:21.754  1524  7113 I MDDSuperpacks: MDDSuperpacks.getPacks():548 getting packs for superpack: handwriting_recognition
02-12 12:48:21.757  1524  1524 I PKIndicatorController: PKIndicatorController$3.maybeShowLanguageSwitchIndicator():137 Entry changed. Showing language indicator.
02-12 12:48:21.759  1653  1661 I AiAiEcho: Settings changed for uri: content://settings/secure/selected_input_method_subtype
02-12 12:48:21.761  1524  1524 I HandwritingSuperpacks: HandwritingSuperpacks.register():273 register(): version '86', url 'https://dl.google.com/handwriting/models/handwriting_release.superpack_manifest.20231127.json' [ONLINE]
02-12 12:48:21.761  1524  1524 I HandwritingOfflineSuperpacks: HandwritingOfflineSuperpacks.syncInternal():80 no bundled lm for handwriting.
02-12 12:48:21.762  1653  1847 I AiAiEcho: Predicting[0]:  [CONTEXT sampling_count=5 ]
02-12 12:48:21.762  1524  1524 I DictionarySuperpacksManager: DictionarySuperpacksManager$1.onEnabledInputMethodEntriesChanged():65 onEnabledInputMethodEntriesChanged
02-12 12:48:21.763  1524  1524 I SystemSubtypesReportModule: SystemSubtypesReportModule$4.onSetCurrentInputMethodSubtype():192 en_US
02-12 12:48:21.763  1524  1524 I SystemSubtypesReportModule: SystemSubtypesReportModule$4.onSetCurrentInputMethodSubtype():204 Subtype en_US was caused by entry
02-12 12:48:21.764  1653  1661 I AiAiEcho: Settings changed for uri: content://settings/secure/enabled_input_methods
02-12 12:48:21.764  1653  1847 I AiAiEcho: EchoTargets:
02-12 12:48:21.764  1653  1847 I AiAiEcho: Filtered by AiAi flag check:
02-12 12:48:21.764  1653  1847 I AiAiEcho: [CONTEXT ratelimit_period="10 SECONDS" ]
02-12 12:48:21.764  1653  1847 I AiAiEcho: #remoteViewsTwiddler: feature disabled.
02-12 12:48:21.765  1653  1847 I AiAiEcho: Predicting[0]:  [CONTEXT sampling_count=5 ]
02-12 12:48:21.765  1653  1847 I AiAiEcho: EchoTargets:
02-12 12:48:21.765  1653  1847 I AiAiEcho: Filtered by AiAi flag check:
02-12 12:48:21.765  1653  1847 I AiAiEcho: [CONTEXT ratelimit_period="10 SECONDS" ]
02-12 12:48:21.766  1653  1847 I AiAiEcho: #remoteViewsTwiddler: feature disabled.
02-12 12:48:21.766  1524  1524 I AbstractOpenableExtension: AbstractOpenableExtension$3.onSuccess():555 KeyboardGroupManager destroyed in fso.
02-12 12:48:21.766  1524  1524 I AbstractOpenableExtension: AbstractOpenableExtension$3.onSuccess():555 KeyboardGroupManager destroyed in fve.
02-12 12:48:21.766  1524  1524 I AbstractOpenableExtension: AbstractOpenableExtension$3.onFailure():563 Failed to load KeyboardGroupManager in fyg.
02-12 12:48:21.769  1653  1847 I AiAiEcho: Predicting[0]:  [CONTEXT sampling_count=5 ]
02-12 12:48:21.770  1653  1847 I AiAiEcho: EchoTargets:
02-12 12:48:21.770  1653  1847 I AiAiEcho: Filtered by AiAi flag check:
02-12 12:48:21.770  1653  1847 I AiAiEcho: [CONTEXT ratelimit_period="10 SECONDS" ]
02-12 12:48:21.770  1653  1847 I AiAiEcho: #remoteViewsTwiddler: feature disabled.
02-12 12:48:21.771  1653  1847 I AiAiEcho: Predicting[0]:  [CONTEXT sampling_count=5 ]
02-12 12:48:21.771  1653  1847 I AiAiEcho: EchoTargets:
02-12 12:48:21.771  1653  1847 I AiAiEcho: Filtered by AiAi flag check:
02-12 12:48:21.771  1653  1847 I AiAiEcho: [CONTEXT ratelimit_period="10 SECONDS" ]
02-12 12:48:21.771  1653  1847 I AiAiEcho: #remoteViewsTwiddler: feature disabled.
02-12 12:48:21.772  1653  1847 I AiAiEcho: #postPredictionTargets: Sending updates to UISurface home with targets# 0 (types=[])
02-12 12:48:21.774  1653  1847 I AiAiEcho: #postPredictionTargets: Sending updates to UISurface lockscreen with targets# 0 (types=[])
02-12 12:48:21.775  1653  1847 I AiAiEcho: #postPredictionTargets: Sending updates to UISurface home with targets# 0 (types=[])
02-12 12:48:21.778  1653  1847 I AiAiEcho: #postPredictionTargets: Sending updates to UISurface lockscreen with targets# 0 (types=[])
02-12 12:48:21.782  1059  1059 W PageIndicator: Total number of pages invalid: 0. Assuming 1 page.
02-12 12:48:21.785  1059  1059 W PageIndicator: Total number of pages invalid: 0. Assuming 1 page.
02-12 12:48:21.858  1194  1194 D SsBaseTemplateCard: No text view can be set up
02-12 12:48:21.858  1194  1194 D SsBaseTemplateCard: Passed-in item info is null
02-12 12:48:21.858  1194  1194 D SsBaseTemplateCard: Passed-in item info is null
02-12 12:48:21.858  1194  1194 D SsBaseTemplateCard: Passed-in item info is null
02-12 12:48:21.858  1194  1194 I SsBaseTemplateCard: Secondary card pane is null
02-12 12:48:21.859  1194  1194 D SsBaseTemplateCard: No text view can be set up
02-12 12:48:21.859  1194  1194 D SsBaseTemplateCard: Passed-in item info is null
02-12 12:48:21.859  1194  1194 D SsBaseTemplateCard: Passed-in item info is null
02-12 12:48:21.859  1194  1194 D SsBaseTemplateCard: Passed-in item info is null
02-12 12:48:21.859  1194  1194 I SsBaseTemplateCard: Secondary card pane is null
02-12 12:48:21.860  1194  1194 D SsBaseTemplateCard: No text view can be set up
02-12 12:48:21.860  1194  1194 D SsBaseTemplateCard: Passed-in item info is null
02-12 12:48:21.860  1194  1194 D SsBaseTemplateCard: Passed-in item info is null
02-12 12:48:21.860  1194  1194 D SsBaseTemplateCard: Passed-in item info is null
02-12 12:48:21.860  1194  1194 I SsBaseTemplateCard: Secondary card pane is null
02-12 12:48:21.877   671   756 W IPCThreadState: Sending oneway calls to frozen process.
02-12 12:48:21.891  1182  1444 D SatelliteController: iisInCarrierRoamingNbIotNtn: satellite is disabled
02-12 12:48:21.980  1059  1284 W WindowOnBackDispatcher: sendCancelIfRunning: isInProgress=false callback=android.view.ViewRootImpl$$ExternalSyntheticLambda13@5a4518c
02-12 12:48:22.036  1524  7201 I DownloadManager: DownloadManager.downloadInternal():412 Download for __KLP_manifest_delight__en-840 scheduled with params DownloadParams{allowMetered=true, requireCharging=false, foreground=false, immediately=true, priority=0}
02-12 12:48:22.037  1524  7201 I DownloadManager: DownloadManager.startDownload():495 start download of __KLP_manifest_delight__en-840
02-12 12:48:22.073  1194  1194 D ScalingWorkspaceRevealAnim: alpha of workspace at the end of animation: 1.0
02-12 12:48:22.094  7341  7341 D VRI[SettingsActivity]: visibilityChanged oldVisibility=true newVisibility=false
02-12 12:48:22.135   776   817 W IPCThreadState: Sending oneway calls to frozen process.
02-12 12:48:22.135   776   817 W IPCThreadState: Sending oneway calls to frozen process.
02-12 12:48:22.196  7391  7391 W WindowOnBackDispatcher: sendCancelIfRunning: isInProgress=false callback=android.view.ViewRootImpl$$ExternalSyntheticLambda13@4cc6473
02-12 12:48:22.416  7391  7391 D ViewRootImpl: Skipping stats log for color mode
02-12 12:48:22.426  7341  7341 I m.hank.clawlive: AssetManager2(0x78c8d329cad8) locale list changing from [zh-TW] to [en-US]
02-12 12:48:22.426  7341  7341 I m.hank.clawlive: AssetManager2(0x78c8d329a558) locale list changing from [zh-TW] to [en-US]
02-12 12:48:22.427  7341  7341 I m.hank.clawlive: AssetManager2(0x78c8d32995b8) locale list changing from [zh-TW] to [en-US]
02-12 12:48:22.437  7341  7341 D LifecycleMonitor: Lifecycle status change: com.hank.clawlive.SettingsActivity@a281f55 in: STOPPED
02-12 12:48:22.437  7341  7341 V ActivityScenario: Update currentActivityStage to STOPPED, currentActivity=com.hank.clawlive.SettingsActivity@a281f55
02-12 12:48:22.440  7341  7341 D LifecycleMonitor: Lifecycle status change: com.hank.clawlive.SettingsActivity@a281f55 in: DESTROYED
02-12 12:48:22.440  7341  7341 V ActivityScenario: Update currentActivityStage to DESTROYED, currentActivity=null
02-12 12:48:22.440  7341  7341 W WindowOnBackDispatcher: sendCancelIfRunning: isInProgress=false callback=android.view.ViewRootImpl$$ExternalSyntheticLambda13@7a524ff
02-12 12:48:22.449  7341  7358 I TestRunner: finished: testBackButtonIsAccessible(com.hank.clawlive.SettingsActivityUiTest)
