02-12 12:47:42.775  1524  7667 I MDDSuperpacks: MDDSuperpacks$3.onSuccess():558 packs [transformer_latin_tflite_20231010_zip, transformer_chinese_tflite_20231016_zip, zh_tw_20230706_compact_fst_zip, qrnn_en_us_reco_20231010_fst_20230613_recospec_zip, pack_mapping_v1_lstm_20231127, transformer_latin_seg_tflite_20231010_zip, transformer_chinese_conf_tflite_20231016_zip, scribe_latin_20231123_recospec_zip, en_us_20230613_compact_fst_zip, scribe_chinese_20231123_tflite_zip, transformer_chinese_seg_tflite_20231016_zip, scribe_latin_20231123_tflite_zip, transformer_latin_conf_tflite_20231010_zip, scribe_chinese_20231123_recospec_zip, qrnn_zh_tw_reco_20231016_fst_20230706_recospec_zip] got for superpack: handwriting_recognition
02-12 12:47:42.784  1524  7115 I MDDSuperpacks: MDDSuperpacks.getPacks():548 getting packs for superpack: handwriting_recognition_offline
02-12 12:47:42.791  1524  7410 W MDDSuperpacks: MDDSuperpacks.constructPackSet():578 file group is empty
02-12 12:47:42.792  1524  7667 I MDDSuperpacks: MDDSuperpacks$3.onSuccess():558 packs [] got for superpack: handwriting_recognition_offline
02-12 12:47:42.816  1524  7669 I MDDSuperpacks: MDDSuperpacks$3.onSuccess():558 packs [transformer_latin_tflite_20231010_zip, transformer_chinese_tflite_20231016_zip, zh_tw_20230706_compact_fst_zip, qrnn_en_us_reco_20231010_fst_20230613_recospec_zip, pack_mapping_v1_lstm_20231127, transformer_latin_seg_tflite_20231010_zip, transformer_chinese_conf_tflite_20231016_zip, scribe_latin_20231123_recospec_zip, en_us_20230613_compact_fst_zip, scribe_chinese_20231123_tflite_zip, transformer_chinese_seg_tflite_20231016_zip, scribe_latin_20231123_tflite_zip, transformer_latin_conf_tflite_20231010_zip, scribe_chinese_20231123_recospec_zip, qrnn_zh_tw_reco_20231016_fst_20230706_recospec_zip] got for superpack: handwriting_recognition
02-12 12:47:42.903  1524  7116 E HandwritingSuperpacksUtil: HandwritingSuperpacksUtil.getPackMappingPackName():40 No pack mapping pack found in []
02-12 12:47:42.904  1524  7116 I HandwritingSuperpacks: HandwritingSuperpacks.reloadCache():237 updatePackMappingsCache(): pack mapping pack unavailable [OFFLINE]
02-12 12:47:42.904  1524  7116 I MDDSuperpacks: MDDSuperpacks.getPacks():548 getting packs for superpack: handwriting_recognition
02-12 12:47:42.918  1059  1129 I ndroid.systemui: AssetManager2(0x78c8d32dfab8) locale list changing from [] to [en-US]
02-12 12:47:42.950  1524  7667 I MDDSuperpacks: MDDSuperpacks$3.onSuccess():558 packs [transformer_latin_tflite_20231010_zip, transformer_chinese_tflite_20231016_zip, zh_tw_20230706_compact_fst_zip, qrnn_en_us_reco_20231010_fst_20230613_recospec_zip, pack_mapping_v1_lstm_20231127, transformer_latin_seg_tflite_20231010_zip, transformer_chinese_conf_tflite_20231016_zip, scribe_latin_20231123_recospec_zip, en_us_20230613_compact_fst_zip, scribe_chinese_20231123_tflite_zip, transformer_chinese_seg_tflite_20231016_zip, scribe_latin_20231123_tflite_zip, transformer_latin_conf_tflite_20231010_zip, scribe_chinese_20231123_recospec_zip, qrnn_zh_tw_reco_20231016_fst_20230706_recospec_zip] got for superpack: handwriting_recognition
02-12 12:47:42.950   556  1250 I BpBinder: onLastStrongRef automatically unlinking death recipients:
02-12 12:47:42.969  1524  7116 I MDDSuperpacks: MDDSuperpacks.getPacks():548 getting packs for superpack: handwriting_recognition
02-12 12:47:42.997  1524  7116 I MDDSuperpacks: MDDSuperpacks.getPacks():548 getting packs for superpack: handwriting_recognition
02-12 12:47:42.997  1524  7669 I MDDSuperpacks: MDDSuperpacks$3.onSuccess():558 packs [transformer_latin_tflite_20231010_zip, transformer_chinese_tflite_20231016_zip, zh_tw_20230706_compact_fst_zip, qrnn_en_us_reco_20231010_fst_20230613_recospec_zip, pack_mapping_v1_lstm_20231127, transformer_latin_seg_tflite_20231010_zip, transformer_chinese_conf_tflite_20231016_zip, scribe_latin_20231123_recospec_zip, en_us_20230613_compact_fst_zip, scribe_chinese_20231123_tflite_zip, transformer_chinese_seg_tflite_20231016_zip, scribe_latin_20231123_tflite_zip, transformer_latin_conf_tflite_20231010_zip, scribe_chinese_20231123_recospec_zip, qrnn_zh_tw_reco_20231016_fst_20230706_recospec_zip] got for superpack: handwriting_recognition
02-12 12:47:42.998   513   530 I RanchuHwc: logCompositionFallbackIfChanged: layer 545 CompositionType fallback from 3 to 1
02-12 12:47:43.017  1524  7667 I MDDSuperpacks: MDDSuperpacks$3.onSuccess():558 packs [transformer_latin_tflite_20231010_zip, transformer_chinese_tflite_20231016_zip, zh_tw_20230706_compact_fst_zip, qrnn_en_us_reco_20231010_fst_20230613_recospec_zip, pack_mapping_v1_lstm_20231127, transformer_latin_seg_tflite_20231010_zip, transformer_chinese_conf_tflite_20231016_zip, scribe_latin_20231123_recospec_zip, en_us_20230613_compact_fst_zip, scribe_chinese_20231123_tflite_zip, transformer_chinese_seg_tflite_20231016_zip, scribe_latin_20231123_tflite_zip, transformer_latin_conf_tflite_20231010_zip, scribe_chinese_20231123_recospec_zip, qrnn_zh_tw_reco_20231016_fst_20230706_recospec_zip] got for superpack: handwriting_recognition
02-12 12:47:43.044  1194  1211 W System  : A resource failed to call release.
02-12 12:47:43.044  1194  1211 W System  : A resource failed to call release.
02-12 12:47:43.044  1194  1211 W System  : A resource failed to call release.
02-12 12:47:43.044  1194  1211 W System  : A resource failed to call release.
02-12 12:47:43.049  1524  7116 I MDDSuperpacks: MDDSuperpacks.getPacks():548 getting packs for superpack: handwriting_recognition
02-12 12:47:43.167  1524  7441 I MDDSuperpacks: MDDSuperpacks$3.onSuccess():558 packs [transformer_latin_tflite_20231010_zip, transformer_chinese_tflite_20231016_zip, zh_tw_20230706_compact_fst_zip, qrnn_en_us_reco_20231010_fst_20230613_recospec_zip, pack_mapping_v1_lstm_20231127, transformer_latin_seg_tflite_20231010_zip, transformer_chinese_conf_tflite_20231016_zip, scribe_latin_20231123_recospec_zip, en_us_20230613_compact_fst_zip, scribe_chinese_20231123_tflite_zip, transformer_chinese_seg_tflite_20231016_zip, scribe_latin_20231123_tflite_zip, transformer_latin_conf_tflite_20231010_zip, scribe_chinese_20231123_recospec_zip, qrnn_zh_tw_reco_20231016_fst_20230706_recospec_zip] got for superpack: handwriting_recognition
02-12 12:47:43.256  1194  1194 D ViewRootImpl: Skipping stats log for color mode
02-12 12:47:43.257  1194  1194 D StatsLog: LAUNCHER_ONRESUME
02-12 12:47:43.274  1194  1194 D NexusLauncherModelDelegate: notifySmartspaceEvent: SmartspaceTargetEvent{mSmartspaceTarget=null, mSmartspaceActionId='null', mEventType=6}
02-12 12:47:43.295  1653  1847 I AiAiEcho: Predicting[0]:  [CONTEXT sampling_count=5 ]
02-12 12:47:43.295  1653  1847 I AiAiEcho: EchoTargets:
02-12 12:47:43.295  1653  1847 I AiAiEcho: Filtered by AiAi flag check:
02-12 12:47:43.295  1653  1847 I AiAiEcho: [CONTEXT ratelimit_period="10 SECONDS" ]
02-12 12:47:43.295  1194  1260 D QuickstepModelDelegate: notifyAppTargetEvent action=1 launchLocation=workspace/0/[-1,-1]/[1,1]
02-12 12:47:43.295  1653  1847 I AiAiEcho: #remoteViewsTwiddler: feature disabled.
02-12 12:47:43.298  1653  1847 I AiAiEcho: #postPredictionTargets: Sending updates to UISurface home with targets# 0 (types=[])
02-12 12:47:43.321  1194  1194 D BaseDepthController: setSurface:
02-12 12:47:43.321  1194  1194 D BaseDepthController: 	mWaitingOnSurfaceValidity: false
02-12 12:47:43.321  1194  1194 D BaseDepthController: 	mBaseSurface: Surface(name=com.google.android.apps.nexuslauncher/com.google.android.apps.nexuslauncher.NexusLauncherActivity)/@0x4cd22b4
02-12 12:47:43.445  7341  7341 D VRI[MainActivity]: visibilityChanged oldVisibility=true newVisibility=false
02-12 12:47:43.495   776   822 W IPCThreadState: Sending oneway calls to frozen process.
02-12 12:47:43.569   776   822 W IPCThreadState: Sending oneway calls to frozen process.
02-12 12:47:43.582  1194  1194 I NotificationListener: Handling notification state refresh for com.android.systemui#0
02-12 12:47:43.583  1194  1194 I NotificationListener: Handling notification state refresh for android#0
02-12 12:47:43.587  1194  1194 D SsBaseTemplateCard: No text view can be set up
02-12 12:47:43.588  1194  1194 D SsBaseTemplateCard: Passed-in item info is null
02-12 12:47:43.588  1194  1194 D SsBaseTemplateCard: Passed-in item info is null
02-12 12:47:43.588  1194  1194 D SsBaseTemplateCard: Passed-in item info is null
02-12 12:47:43.588  1194  1194 I SsBaseTemplateCard: Secondary card pane is null
02-12 12:47:43.613  1194  1194 D StateManager: createAtomicAnimation - fromState: Background, toState: Normal, partial trace:
02-12 12:47:43.613  1194  1194 D StateManager: 	at com.android.quickstep.util.WorkspaceRevealAnim.prepareToAnimate(go/retraceme 72a59688580715d19f0e415c69e80376c2f062d1648c80db6730905005a27c20:22)
02-12 12:47:43.613  1194  1194 D StateManager: 	at com.android.quickstep.util.WorkspaceRevealAnim.<init>(go/retraceme 72a59688580715d19f0e415c69e80376c2f062d1648c80db6730905005a27c20:11)
02-12 12:47:43.613  1194  1194 D StateManager: 	at com.android.launcher3.QuickstepTransitionManager.createWallpaperOpenAnimations(go/retraceme 72a59688580715d19f0e415c69e80376c2f062d1648c80db6730905005a27c20:339)
02-12 12:47:43.614  1194  1194 D b/311077782: LauncherAnimationRunner.setAnimation
02-12 12:47:43.767   513   530 I RanchuHwc: logCompositionFallbackIfChanged: layer 548 CompositionType fallback from 2 to 1
02-12 12:47:43.805   776   822 W IPCThreadState: Sending oneway calls to frozen process.
02-12 12:47:43.898  7968  7968 W dumpsys : Thread Pool max thread count is 0. Cannot cache binder as linkToDeath cannot be implemented. serviceName: package
02-12 12:47:43.986  1059  1284 E FrameTracker: force finish cuj, time out: J<SPLASHSCREEN_EXIT_ANIM>
02-12 12:47:43.986  1059  1284 W FrameTracker: Missed App frame:UNKNOWN: 3, 490780, 258451596, CUJ=J<SPLASHSCREEN_EXIT_ANIM>
02-12 12:47:43.987  1059  1284 W FrameTracker: Missed SF frame:UNKNOWN: 3, 490780, 258451596, CUJ=J<SPLASHSCREEN_EXIT_ANIM>
02-12 12:47:43.987  1059  1284 W FrameTracker: Missed App frame:UNKNOWN: 3, 490801, 427806730, CUJ=J<SPLASHSCREEN_EXIT_ANIM>
02-12 12:47:43.987  1059  1284 W FrameTracker: Missed SF frame:UNKNOWN: 3, 490801, 427806730, CUJ=J<SPLASHSCREEN_EXIT_ANIM>
02-12 12:47:44.101  1194  1194 D WorkspaceRevealAnim: onAnimationEnd: workspace alpha = 1.0
02-12 12:47:44.134   776   818 I Choreographer: Skipped 32 frames!  The application may be doing too much work on its main thread.
02-12 12:47:44.162  7391  7391 D VRI[InstrumentationActivityInvoker$EmptyActivity]: visibilityChanged oldVisibility=true newVisibility=false
02-12 12:47:44.167   776   916 I ImeTracker: com.google.android.apps.nexuslauncher:ef2ec033: onRequestHide at ORIGIN_SERVER reason HIDE_UNSPECIFIED_WINDOW fromUser false
02-12 12:47:44.190  1524  1524 I GoogleInputMethodService: GoogleInputMethodService.onFinishInput():2043
02-12 12:47:44.197  7341  7341 I m.hank.clawlive: AssetManager2(0x78c8d329cad8) locale list changing from [zh-TW] to [en-US]
02-12 12:47:44.199  7341  7341 I m.hank.clawlive: AssetManager2(0x78c8d329a558) locale list changing from [zh-TW] to [en-US]
02-12 12:47:44.203  7341  7341 I m.hank.clawlive: AssetManager2(0x78c8d32995b8) locale list changing from [zh-TW] to [en-US]
02-12 12:47:44.206   776  1696 I ImeTracker: system_server:58f2cd3c: onRequestHide at ORIGIN_SERVER reason IME_REQUESTED_CHANGED_LISTENER fromUser false
02-12 12:47:44.220   776   817 W IPCThreadState: Sending oneway calls to frozen process.
02-12 12:47:44.227   776   817 W IPCThreadState: Sending oneway calls to frozen process.
02-12 12:47:44.243  7341  7341 D LifecycleMonitor: Lifecycle status change: com.hank.clawlive.MainActivity@281d622 in: STOPPED
02-12 12:47:44.252  7341  7341 V ActivityScenario: Update currentActivityStage to STOPPED, currentActivity=com.hank.clawlive.MainActivity@281d622
02-12 12:47:44.321  7341  7341 D LifecycleMonitor: Lifecycle status change: com.hank.clawlive.MainActivity@281d622 in: DESTROYED
02-12 12:47:44.321  7341  7341 V ActivityScenario: Update currentActivityStage to DESTROYED, currentActivity=null
02-12 12:47:44.323  7341  7358 E TestRunner: failed: testMainActivityInEnglish(com.hank.clawlive.BilingualVerificationTest)
02-12 12:47:44.325  7341  7358 E TestRunner: ----- begin exception -----
02-12 12:47:44.330  7341  7358 E TestRunner: java.lang.AssertionError: Should have English content in English locale
02-12 12:47:44.330  7341  7358 E TestRunner: 	at org.junit.Assert.fail(Assert.java:89)
02-12 12:47:44.330  7341  7358 E TestRunner: 	at org.junit.Assert.assertTrue(Assert.java:42)
02-12 12:47:44.330  7341  7358 E TestRunner: 	at com.hank.clawlive.BilingualVerificationTest.testMainActivityInEnglish$lambda$3$lambda$2(BilingualVerificationTest.kt:82)
02-12 12:47:44.330  7341  7358 E TestRunner: 	at com.hank.clawlive.BilingualVerificationTest.$r8$lambda$1whKR64xAc-6MsImwkqvdvfdeTo(Unknown Source:0)
02-12 12:47:44.330  7341  7358 E TestRunner: 	at com.hank.clawlive.BilingualVerificationTest$$ExternalSyntheticLambda4.perform(D8$$SyntheticClass:0)
02-12 12:47:44.330  7341  7358 E TestRunner: 	at androidx.test.core.app.ActivityScenario.lambda$onActivity$2$androidx-test-core-app-ActivityScenario(ActivityScenario.java:789)
02-12 12:47:44.330  7341  7358 E TestRunner: 	at androidx.test.core.app.ActivityScenario$$ExternalSyntheticLambda2.run(Unknown Source:4)
02-12 12:47:44.330  7341  7358 E TestRunner: 	at java.util.concurrent.Executors$RunnableAdapter.call(Executors.java:524)
02-12 12:47:44.330  7341  7358 E TestRunner: 	at java.util.concurrent.FutureTask.run(FutureTask.java:317)
02-12 12:47:44.330  7341  7358 E TestRunner: 	at android.app.Instrumentation$SyncRunnable.run(Instrumentation.java:2616)
02-12 12:47:44.330  7341  7358 E TestRunner: 	at android.os.Handler.handleCallback(Handler.java:995)
02-12 12:47:44.330  7341  7358 E TestRunner: 	at android.os.Handler.dispatchMessage(Handler.java:103)
02-12 12:47:44.330  7341  7358 E TestRunner: 	at android.os.Looper.loopOnce(Looper.java:248)
02-12 12:47:44.330  7341  7358 E TestRunner: 	at android.os.Looper.loop(Looper.java:338)
02-12 12:47:44.330  7341  7358 E TestRunner: 	at android.app.ActivityThread.main(ActivityThread.java:9067)
02-12 12:47:44.330  7341  7358 E TestRunner: 	at java.lang.reflect.Method.invoke(Native Method)
02-12 12:47:44.330  7341  7358 E TestRunner: 	at com.android.internal.os.RuntimeInit$MethodAndArgsCaller.run(RuntimeInit.java:593)
02-12 12:47:44.330  7341  7358 E TestRunner: 	at com.android.internal.os.ZygoteInit.main(ZygoteInit.java:932)
02-12 12:47:44.330  7341  7358 E TestRunner: ----- end exception -----
02-12 12:47:44.331  7341  7358 I TestRunner: finished: testMainActivityInEnglish(com.hank.clawlive.BilingualVerificationTest)
