02-12 12:48:10.315  1653  1847 I AiAiEcho: Predicting[0]:  [CONTEXT sampling_count=5 ]
02-12 12:48:10.317  1524  1524 I ModuleManager: ModuleManager$ModuleInitListener.maybeUnloadModuleOnUnavailable():1350 module ggx is unavailable
02-12 12:48:10.324  1524  1524 I AbstractOpenableExtension: AbstractOpenableExtension.createKeyboardGroupManagerListenableFuture():121 Create keyboard group manager listenable future in fyg
02-12 12:48:10.327  1653  1847 I AiAiEcho: EchoTargets:
02-12 12:48:10.327  1653  1847 I AiAiEcho: Filtered by AiAi flag check:
02-12 12:48:10.327  1653  1847 I AiAiEcho: [CONTEXT ratelimit_period="10 SECONDS" ]
02-12 12:48:10.334  1524  1524 I GoogleInputMethodService: GoogleInputMethodService.onCurrentInputMethodEntryChanged():2285 onCurrentInputMethodEntryChanged(): imeDefsChanged=true, entryLanguageVariantChanged=true, keyboardContextChanged=true
02-12 12:48:10.334  1524  7114 I ExpressiveConceptsPredictionModuleImpl: ExpressiveConceptsPredictionModuleImpl.onCreate():36 onCreate()
02-12 12:48:10.335  1524  7114 I NativeLibHelper: NativeLibHelper.loadLibrary():162 Loaded native library:integrated_shared_object (result=true)
02-12 12:48:10.335  1524  7114 I NativeLibHelper: NativeLibHelper.loadLibrary():162 Loaded native library:integrated_shared_object (result=true)
02-12 12:48:10.335  1524  1524 I GoogleInputMethodService: GoogleInputMethodService.clearInputMethodServiceData():1016 clearInputMethodServiceData for entryChange
02-12 12:48:10.335  1524  7114 I MDDSuperpacks: MDDSuperpacks.getPacks():548 getting packs for superpack: expressive_concepts
02-12 12:48:10.336  1524  1524 I AbstractOpenableExtension: AbstractOpenableExtension.maybeDestroyExistingKeyboardGroupManager():537 Destroy existing keyboard group manager in fso
02-12 12:48:10.338  1524  1524 I AbstractOpenableExtension: AbstractOpenableExtension.createKeyboardGroupManagerListenableFuture():121 Create keyboard group manager listenable future in fso
02-12 12:48:10.338  1524  1524 I AbstractOpenableExtension: AbstractOpenableExtension.maybeDestroyExistingKeyboardGroupManager():537 Destroy existing keyboard group manager in fve
02-12 12:48:10.339  1524  1524 I AbstractOpenableExtension: AbstractOpenableExtension.createKeyboardGroupManagerListenableFuture():121 Create keyboard group manager listenable future in fve
02-12 12:48:10.339  1524  1524 I AbstractOpenableExtension: AbstractOpenableExtension.maybeDestroyExistingKeyboardGroupManager():537 Destroy existing keyboard group manager in fyg
02-12 12:48:10.341  1524  1524 E AbstractOpenableExtension: AbstractOpenableExtension$1.onFailure():144 failed to parse keyboard group def : 2132216938 -> 0_resource_name_obfuscated.
02-12 12:48:10.341  1524  1524 E AbstractOpenableExtension: java.util.concurrent.CancellationException: Task was cancelled.
02-12 12:48:10.341  1524  1524 E AbstractOpenableExtension: 	at qcq.r(PG:33)
02-12 12:48:10.341  1524  1524 E AbstractOpenableExtension: 	at qcq.get(PG:3)
02-12 12:48:10.341  1524  1524 E AbstractOpenableExtension: 	at a.k(PG:2)
02-12 12:48:10.341  1524  1524 E AbstractOpenableExtension: 	at pqu.E(PG:10)
02-12 12:48:10.341  1524  1524 E AbstractOpenableExtension: 	at qek.run(PG:88)
02-12 12:48:10.341  1524  1524 E AbstractOpenableExtension: 	at qds.execute(PG:1)
02-12 12:48:10.341  1524  1524 E AbstractOpenableExtension: 	at qcq.h(PG:1)
02-12 12:48:10.341  1524  1524 E AbstractOpenableExtension: 	at qcq.k(PG:101)
02-12 12:48:10.341  1524  1524 E AbstractOpenableExtension: 	at qcq.cancel(PG:53)
02-12 12:48:10.341  1524  1524 E AbstractOpenableExtension: 	at qcq.m(PG:17)
02-12 12:48:10.341  1524  1524 E AbstractOpenableExtension: 	at qcu.c(PG:3)
02-12 12:48:10.341  1524  1524 E AbstractOpenableExtension: 	at qcq.k(PG:30)
02-12 12:48:10.341  1524  1524 E AbstractOpenableExtension: 	at qcq.cancel(PG:53)
02-12 12:48:10.341  1524  1524 E AbstractOpenableExtension: 	at enq.j(PG:60)
02-12 12:48:10.341  1524  1524 E AbstractOpenableExtension: 	at enq.I(PG:1)
02-12 12:48:10.341  1524  1524 E AbstractOpenableExtension: 	at enq.J(PG:1)
02-12 12:48:10.341  1524  1524 E AbstractOpenableExtension: 	at jpv.h(PG:33)
02-12 12:48:10.341  1524  1524 E AbstractOpenableExtension: 	at kgn.ab(PG:20)
02-12 12:48:10.341  1524  1524 E AbstractOpenableExtension: 	at dbj.p(PG:206)
02-12 12:48:10.341  1524  1524 E AbstractOpenableExtension: 	at kgi.e(PG:3)
02-12 12:48:10.341  1524  1524 E AbstractOpenableExtension: 	at kdr.cz(PG:9)
02-12 12:48:10.341  1524  1524 E AbstractOpenableExtension: 	at lhl.run(PG:1025)
02-12 12:48:10.341  1524  1524 E AbstractOpenableExtension: 	at qds.execute(PG:1)
02-12 12:48:10.341  1524  1524 E AbstractOpenableExtension: 	at nco.v(PG:13)
02-12 12:48:10.341  1524  1524 E AbstractOpenableExtension: 	at lhn.m(PG:96)
02-12 12:48:10.341  1524  1524 E AbstractOpenableExtension: 	at lhn.k(PG:25)
02-12 12:48:10.341  1524  1524 E AbstractOpenableExtension: 	at kds.g(PG:10)
02-12 12:48:10.341  1524  1524 E AbstractOpenableExtension: 	at kew.b(PG:553)
02-12 12:48:10.341  1524  1524 E AbstractOpenableExtension: 	at qek.run(PG:94)
02-12 12:48:10.341  1524  1524 E AbstractOpenableExtension: 	at jaf.execute(PG:12)
02-12 12:48:10.341  1524  1524 E AbstractOpenableExtension: 	at qet.b(PG:6)
02-12 12:48:10.341  1524  1524 E AbstractOpenableExtension: 	at pqu.G(PG:10)
02-12 12:48:10.341  1524  1524 E AbstractOpenableExtension: 	at kfb.T(PG:319)
02-12 12:48:10.341  1524  1524 E AbstractOpenableExtension: 	at kfb.l(PG:94)
02-12 12:48:10.341  1524  1524 E AbstractOpenableExtension: 	at jjw.g(PG:171)
02-12 12:48:10.341  1524  1524 E AbstractOpenableExtension: 	at jjs.c(PG:10)
02-12 12:48:10.341  1524  1524 E AbstractOpenableExtension: 	at kif.cz(PG:47)
02-12 12:48:10.341  1524  1524 E AbstractOpenableExtension: 	at lhl.run(PG:1025)
02-12 12:48:10.341  1524  1524 E AbstractOpenableExtension: 	at qds.execute(PG:1)
02-12 12:48:10.341  1524  1524 E AbstractOpenableExtension: 	at nco.v(PG:13)
02-12 12:48:10.341  1524  1524 E AbstractOpenableExtension: 	at lhn.m(PG:96)
02-12 12:48:10.341  1524  1524 E AbstractOpenableExtension: 	at lhn.k(PG:25)
02-12 12:48:10.341  1524  1524 E AbstractOpenableExtension: 	at kgn.onStartInput(PG:250)
02-12 12:48:10.341  1524  1524 E AbstractOpenableExtension: 	at android.inputmethodservice.InputMethodService.doStartInput(InputMethodService.java:3521)
02-12 12:48:10.341  1524  1524 E AbstractOpenableExtension: 	at android.inputmethodservice.InputMethodService$InputMethodImpl.startInput(InputMethodService.java:879)
02-12 12:48:10.341  1524  1524 E AbstractOpenableExtension: 	at android.inputmethodservice.InputMethodService$InputMethodImpl.dispatchStartInput(InputMethodService.java:908)
02-12 12:48:10.341  1524  1524 E AbstractOpenableExtension: 	at android.inputmethodservice.IInputMethodWrapper.executeMessage(IInputMethodWrapper.java:201)
02-12 12:48:10.341  1524  1524 E AbstractOpenableExtension: 	at com.android.internal.os.HandlerCaller$MyHandler.handleMessage(HandlerCaller.java:44)
02-12 12:48:10.341  1524  1524 E AbstractOpenableExtension: 	at android.os.Handler.dispatchMessage(Handler.java:110)
02-12 12:48:10.341  1524  1524 E AbstractOpenableExtension: 	at android.os.Looper.loopOnce(Looper.java:248)
02-12 12:48:10.341  1524  1524 E AbstractOpenableExtension: 	at android.os.Looper.loop(Looper.java:338)
02-12 12:48:10.341  1524  1524 E AbstractOpenableExtension: 	at android.app.ActivityThread.main(ActivityThread.java:9067)
02-12 12:48:10.341  1524  1524 E AbstractOpenableExtension: 	at java.lang.reflect.Method.invoke(Native Method)
02-12 12:48:10.341  1524  1524 E AbstractOpenableExtension: 	at com.android.internal.os.RuntimeInit$MethodAndArgsCaller.run(RuntimeInit.java:593)
02-12 12:48:10.341  1524  1524 E AbstractOpenableExtension: 	at com.android.internal.os.ZygoteInit.main(ZygoteInit.java:932)
02-12 12:48:10.344  1524  1524 I AbstractOpenableExtension: AbstractOpenableExtension.createKeyboardGroupManagerListenableFuture():121 Create keyboard group manager listenable future in fyg
02-12 12:48:10.345  1524  7669 I MDDSuperpacks: MDDSuperpacks$3.onSuccess():558 packs [2020031023_en] got for superpack: expressive_concepts
02-12 12:48:10.345  1524  7114 I MDDSuperpacks: MDDSuperpacks.getPacks():548 getting packs for superpack: expressive_concepts
02-12 12:48:10.346  1524  1524 I KeyboardHeightUtil: KeyboardHeightUtil.calculateMaxKeyboardBodyHeight():46 leave 281 height for app when ime window height:2219, header height:116 and isFullscreenMode:false, so the max keyboard body height is:1822
02-12 12:48:10.346  1524  1524 I KeyboardModeManager: KeyboardModeManager.onCurrentInputMethodEntryChanged():1400 Reload data for context change
02-12 12:48:10.346  1524  1524 I GoogleInputMethodService: GoogleInputMethodService.initializeInputMethodServiceData():834 initializeInputMethodServiceData for kek{languageTag=en-US, variant=qwerty, hasLocalizedResources=true, conditionCacheKey=_app_first_start_timestamp=1770813848499_cache_additional_ime_defs_for_condition_change=false_cache_ime_defs_for_condition_change=false_deprecate_long_press_space_for_ime_picker=false_device=phone_device_size=default_enable_access_points_in_password_number=false_enable_flick_symbols=true_enable_more_candidates_view_for_multilingual=false_enable_number_row=false_enable_preemptive_decode=true_enable_premium_exp_tablet_layout_change=false_enable_secondary_digits=true_enable_secondary_symbols=false_expressions=normal_four_or_more_letter_rows=false_keyboard_mode=normal_language=en-US_layout_9key_split=false_orientation=portrait_physical_keyboard=qwerty_rtl_layout=false_show_secondary_digits=true_show_suggestions=true_split_with_duplicate_keys=true_variant=qwerty, imeDef.stringId=ime_english_united_states, imeDef.className=com.google.android.libraries.inputmethod.ime.experiment.ExperimentImeWrapper, imeDef.languageTag=en-US}
02-12 12:48:10.349   776  2005 D FileUtils: Rounded bytes from 2067259392 to 4000000000
02-12 12:48:10.356  1524  7665 I MDDSuperpacks: MDDSuperpacks$3.onSuccess():558 packs [2020031023_en] got for superpack: expressive_concepts
02-12 12:48:10.359  1653  1847 I AiAiEcho: #remoteViewsTwiddler: feature disabled.
02-12 12:48:10.360  1653  1847 I AiAiEcho: Predicting[0]:  [CONTEXT sampling_count=5 ]
02-12 12:48:10.362  1653  1847 I AiAiEcho: EchoTargets:
02-12 12:48:10.362  1653  1847 I AiAiEcho: Filtered by AiAi flag check:
02-12 12:48:10.362  1653  1847 I AiAiEcho: [CONTEXT ratelimit_period="10 SECONDS" ]
02-12 12:48:10.367   776   911 I InputReader: Reconfiguring input devices, changes=KEYBOARD_LAYOUTS
02-12 12:48:10.369  1653  1847 I AiAiEcho: #remoteViewsTwiddler: feature disabled.
02-12 12:48:10.370  1653  1847 I AiAiEcho: Predicting[0]:  [CONTEXT sampling_count=5 ]
02-12 12:48:10.370  1653  1847 I AiAiEcho: EchoTargets:
02-12 12:48:10.370  1653  1847 I AiAiEcho: Filtered by AiAi flag check:
02-12 12:48:10.370  1653  1847 I AiAiEcho: [CONTEXT ratelimit_period="10 SECONDS" ]
02-12 12:48:10.372  1653  1847 I AiAiEcho: #remoteViewsTwiddler: feature disabled.
02-12 12:48:10.372  1653  1847 I AiAiEcho: #postPredictionTargets: Sending updates to UISurface home with targets# 0 (types=[])
02-12 12:48:10.373  1653  1847 I AiAiEcho: #postPredictionTargets: Sending updates to UISurface lockscreen with targets# 0 (types=[])
02-12 12:48:10.374  1653  1847 I AiAiEcho: #postPredictionTargets: Sending updates to UISurface home with targets# 0 (types=[])
02-12 12:48:10.374  1653  1847 I AiAiEcho: #postPredictionTargets: Sending updates to UISurface lockscreen with targets# 0 (types=[])
02-12 12:48:10.375  1524  7195 I KeyboardGroupDefParser: KeyboardGroupDefParser.parseKeyboardGroupDef():86 parseKeyboardGroupDef() 2132214028 -> 0_resource_name_obfuscated : WaitTime = 37 ms : RunTime = 0 ms
02-12 12:48:10.375  1524  7195 I KeyboardGroupDefParser: KeyboardGroupDefParser.parseKeyboardGroupDef():86 parseKeyboardGroupDef() 2132214032 -> 0_resource_name_obfuscated : WaitTime = 37 ms : RunTime = 0 ms
02-12 12:48:10.375  1524  7195 I KeyboardGroupDefParser: KeyboardGroupDefParser.parseKeyboardGroupDef():86 parseKeyboardGroupDef() 2132216938 -> 0_resource_name_obfuscated : WaitTime = 31 ms : RunTime = 0 ms
02-12 12:48:10.398  1059  1059 W PageIndicator: Total number of pages invalid: 0. Assuming 1 page.
02-12 12:48:10.399  1059  1059 W PageIndicator: Total number of pages invalid: 0. Assuming 1 page.
02-12 12:48:10.427  1524  7114 I BlocklistManager: BlocklistManager.loadFileBasedBlocklist():67 Blocklist is loaded with /data/data/com.google.android.inputmethod.latin/files/datadownload/shared/public/datadownloadfile_1770813853702/emotion_model_500_entries.blacklist, load result is true
02-12 12:48:10.430  1524  7114 I ExpressiveConceptsPredictionModuleImpl: ExpressiveConceptsPredictionModuleImpl.setupPredictorIfNeeded():75 Prediction manager has been set up.
02-12 12:48:10.433  1524  1524 I KeyboardThemeProvider: KeyboardThemeProvider.applyKeyboardTheme():27 Apply keyboard theme: theme_!gsf_!pgsans_!pgsf_!use_system_font_BORDER=true_FLAVOR_DPI=XXHDPI_KEYBOARD_WIDTH_CATEGORY=NORMAL_LIGHT_THEME=true_PHYSICAL_DIAGONAL=6.0111027_SCREEN_SHORTEST_WIDTH=411_SCREEN_SHORTEST_WIDTH_NO_SCALE=411_bottom4dp_enable_google_fonts_icons=true_enable_popup_on_keypress=true_keyboard_redesign_google_sans=true_noshadow_overlay_builtin_dynamic_color_light_base.binarypb:gm3-light-fffaf8ff-ff475d92-6dac7c28fa7faa76f8370bbfdbc77981_silkpopup_unify_function_key_color=true
02-12 12:48:10.440  1524  1524 I AndroidIME: InputBundleManager.loadActiveInputBundleId():483 loadActiveInputBundleId: und-Latn-x-password, password
02-12 12:48:10.441  1524  1524 W NotificationCenter: NotificationCenter$NotificationQueue.notifyPendingNotificationsOnExecutor():877 Heavy notify work detected on UI thread: [kds->kgi] takes 108ms
02-12 12:48:10.442  1524  1524 I InputMethodEntryManager: InputMethodEntryManager.disableTemporaryEnabledEntries():2109
02-12 12:48:10.448  1524  1524 I SystemSubtypesReportModule: SystemSubtypesReportModule$2.onEnabledInputMethodEntriesChanged():131 1 entries
02-12 12:48:10.454  1524  7667 I DownloadManager: DownloadManager.downloadInternal():412 Download for __SP_MANIFEST_emoticon_content_description scheduled with params DownloadParams{allowMetered=true, requireCharging=false, foreground=false, immediately=true, priority=0}
02-12 12:48:10.454  1524  7667 I DownloadManager: DownloadManager.startDownload():495 start download of __SP_MANIFEST_emoticon_content_description
02-12 12:48:10.459  1524  7667 I DownloadManager: DownloadManager$4.onSuccess():564 download for __SP_MANIFEST_emoticon_content_description is finished with files # mxp@388e70e2
02-12 12:48:10.461  1653  3238 I AiAiEcho: Settings changed for uri: content://settings/secure/enabled_input_methods
02-12 12:48:10.467  1653  1847 I AiAiEcho: Predicting[0]:  [CONTEXT sampling_count=5 ]
02-12 12:48:10.467  1653  1847 I AiAiEcho: EchoTargets:
02-12 12:48:10.467  1653  1847 I AiAiEcho: Filtered by AiAi flag check:
02-12 12:48:10.467  1653  1847 I AiAiEcho: [CONTEXT ratelimit_period="10 SECONDS" ]
02-12 12:48:10.469  1524  7195 I LatinImeEntryActivation: LatinImeActivationContentObserver.activeLanguagesHaveChanged():70 Active entries changed: [en-US, zh-XD] -> {en-US}
02-12 12:48:10.469  1524  7195 I LmManager: LmManager.asyncUpdateEnabledLanguageModels():96 asyncUpdateEnabledLanguageModels()
02-12 12:48:10.469  1524  7195 I SuperDelight: SuperDelightManager.initializeOverridesSuperpacks():405 initializeOverridesSuperpacks()
02-12 12:48:10.470  1653  1847 I AiAiEcho: #remoteViewsTwiddler: feature disabled.
02-12 12:48:10.473  1524  1524 I HardKeyTracker: HardKeyTracker.unregisterKeySequence():182 Unregister key sequence lsr{labelResId=0, callback=jlb@c22043a, lastModifier=0, keyCodes=[59, 59], actions=[1, 0]}
02-12 12:48:10.473  1524  1524 I HardKeyTracker: HardKeyTracker.unregisterKeySequence():182 Unregister key sequence lsr{labelResId=0, callback=jlb@67dbce1, lastModifier=0, keyCodes=[60, 60], actions=[1, 0]}
02-12 12:48:10.473  1524  1524 I ModuleManager: ModuleManager$ModuleInitListener.maybeUnloadModuleOnUnavailable():1350 module kty is unavailable
02-12 12:48:10.477  1653  1847 I AiAiEcho: Predicting[0]:  [CONTEXT sampling_count=5 ]
02-12 12:48:10.477  1653  1847 I AiAiEcho: EchoTargets:
02-12 12:48:10.477  1653  1847 I AiAiEcho: Filtered by AiAi flag check:
02-12 12:48:10.477  1653  1847 I AiAiEcho: [CONTEXT ratelimit_period="10 SECONDS" ]
02-12 12:48:10.478  1653  1847 I AiAiEcho: #remoteViewsTwiddler: feature disabled.
02-12 12:48:10.478  1524  7189 I MDDSuperpacks: MDDSuperpacks.sync():223 sync requested for emoticon_content_description
02-12 12:48:10.482  1524  1524 W NotificationCenter: NotificationCenter$NotificationQueue.notifyPendingNotificationsOnExecutor():877 Heavy notify work detected on UI thread: [kig->jjs] takes 219ms
02-12 12:48:10.486  1653  1847 I AiAiEcho: #postPredictionTargets: Sending updates to UISurface home with targets# 0 (types=[])
02-12 12:48:10.493  1524  1524 I PKIndicatorController: PKIndicatorController$3.maybeShowLanguageSwitchIndicator():137 Entry changed. Showing language indicator.
02-12 12:48:10.493  1653  1847 I AiAiEcho: #postPredictionTargets: Sending updates to UISurface lockscreen with targets# 0 (types=[])
02-12 12:48:10.501  1059  1059 W PageIndicator: Total number of pages invalid: 0. Assuming 1 page.
02-12 12:48:10.505  1524  1524 I HandwritingSuperpacks: HandwritingSuperpacks.register():273 register(): version '86', url 'https://dl.google.com/handwriting/models/handwriting_release.superpack_manifest.20231127.json' [ONLINE]
02-12 12:48:10.506  1524  7189 I SuperDelight: SuperDelightManager.initializeBundledDelightSuperpacks():379 initializeBundledDelightSuperpacks()
02-12 12:48:10.509  1524  1524 I HandwritingOfflineSuperpacks: HandwritingOfflineSuperpacks.syncInternal():80 no bundled lm for handwriting.
02-12 12:48:10.509  1524  1524 I DictionarySuperpacksManager: DictionarySuperpacksManager$1.onEnabledInputMethodEntriesChanged():65 onEnabledInputMethodEntriesChanged
02-12 12:48:10.515  1524  1524 I SystemSubtypesReportModule: SystemSubtypesReportModule$4.onSetCurrentInputMethodSubtype():192 en_US
02-12 12:48:10.515  1524  1524 I SystemSubtypesReportModule: SystemSubtypesReportModule$4.onSetCurrentInputMethodSubtype():204 Subtype en_US was caused by entry
02-12 12:48:10.521  1524  1524 I AbstractOpenableExtension: AbstractOpenableExtension$3.onSuccess():555 KeyboardGroupManager destroyed in fso.
02-12 12:48:10.521  1524  1524 I AbstractOpenableExtension: AbstractOpenableExtension$3.onSuccess():555 KeyboardGroupManager destroyed in fve.
02-12 12:48:10.525  1524  1524 I AbstractOpenableExtension: AbstractOpenableExtension$3.onFailure():563 Failed to load KeyboardGroupManager in fyg.
02-12 12:48:10.532  1524  7195 I DelightKLPDownloader: DelightKLPDownloader.downloadKLPInternal():199 downloading KLP for en_840
02-12 12:48:10.532  1524  7195 I ManifestedDataDownloader: ManifestedDataDownloader.download():63 downloading manifest https://www.gstatic.com/android/keyboard/dictionarypack/2025031619/metadata.json-perlang/en-840.json?v=2025052001
02-12 12:48:10.534  1524  7113 I MDDSuperpacks: MDDSuperpacks.getPacks():548 getting packs for superpack: handwriting_recognition
02-12 12:48:10.535  1524  7116 I DelightKLPDownloader: DelightKLPDownloader.downloadKLPInternal():199 downloading KLP for en_840
02-12 12:48:10.547  1524  7116 I ManifestedDataDownloader: ManifestedDataDownloader.download():63 downloading manifest https://www.gstatic.com/android/keyboard/dictionarypack/2025031619/metadata.json-perlang/en-840.json?v=2025052001
02-12 12:48:10.552   776   817 W IPCThreadState: Sending oneway calls to frozen process.
02-12 12:48:10.553   776   817 W IPCThreadState: Sending oneway calls to frozen process.
02-12 12:48:10.629  1524  7667 I MDDSuperpacks: MDDSuperpacks.getPacks():548 getting packs for superpack: emoticon_content_description
02-12 12:48:10.657  1194  1194 D SsBaseTemplateCard: No text view can be set up
02-12 12:48:10.657  1194  1194 D SsBaseTemplateCard: Passed-in item info is null
02-12 12:48:10.657  1194  1194 D SsBaseTemplateCard: Passed-in item info is null
02-12 12:48:10.657  1194  1194 D SsBaseTemplateCard: Passed-in item info is null
02-12 12:48:10.657  1194  1194 I SsBaseTemplateCard: Secondary card pane is null
02-12 12:48:10.657  1194  1194 D SsBaseTemplateCard: No text view can be set up
02-12 12:48:10.657  1194  1194 D SsBaseTemplateCard: Passed-in item info is null
02-12 12:48:10.657  1194  1194 D SsBaseTemplateCard: Passed-in item info is null
02-12 12:48:10.657  1194  1194 D SsBaseTemplateCard: Passed-in item info is null
02-12 12:48:10.657  1194  1194 I SsBaseTemplateCard: Secondary card pane is null
02-12 12:48:10.657  1194  1194 D SsBaseTemplateCard: No text view can be set up
02-12 12:48:10.658  1194  1194 D SsBaseTemplateCard: Passed-in item info is null
02-12 12:48:10.658  1194  1194 D SsBaseTemplateCard: Passed-in item info is null
02-12 12:48:10.658  1194  1194 D SsBaseTemplateCard: Passed-in item info is null
02-12 12:48:10.658  1194  1194 I SsBaseTemplateCard: Secondary card pane is null
02-12 12:48:10.708  1524  7195 I SuperDelight: SuperDelightManager.syncOverridesLanguageModels():687 SuperDelightManager#syncOverridesLanguageModels(): Superpack delight_overrides not found or negative version provided
02-12 12:48:10.711  1524  7189 I MDDSuperpacks: MDDSuperpacks.getPacks():548 getting packs for superpack: delight_overrides
02-12 12:48:10.723  1524  7667 I MDDSuperpacks: MDDSuperpacks$3.onSuccess():558 packs [transformer_latin_tflite_20231010_zip, transformer_chinese_tflite_20231016_zip, zh_tw_20230706_compact_fst_zip, qrnn_en_us_reco_20231010_fst_20230613_recospec_zip, pack_mapping_v1_lstm_20231127, transformer_latin_seg_tflite_20231010_zip, transformer_chinese_conf_tflite_20231016_zip, scribe_latin_20231123_recospec_zip, en_us_20230613_compact_fst_zip, scribe_chinese_20231123_tflite_zip, transformer_chinese_seg_tflite_20231016_zip, scribe_latin_20231123_tflite_zip, transformer_latin_conf_tflite_20231010_zip, scribe_chinese_20231123_recospec_zip, qrnn_zh_tw_reco_20231016_fst_20230706_recospec_zip] got for superpack: handwriting_recognition
02-12 12:48:10.725  1524  7113 I MDDSuperpacks: MDDSuperpacks.getPacks():548 getting packs for superpack: handwriting_recognition
02-12 12:48:10.757  1194  1194 D ScalingWorkspaceRevealAnim: alpha of workspace at the end of animation: 1.0
02-12 12:48:10.772  7341  7341 D VRI[SettingsActivity]: visibilityChanged oldVisibility=true newVisibility=false
02-12 12:48:10.924  7391  7391 W WindowOnBackDispatcher: sendCancelIfRunning: isInProgress=false callback=android.view.ViewRootImpl$$ExternalSyntheticLambda13@f170307
02-12 12:48:10.963  7341  7341 I m.hank.clawlive: AssetManager2(0x78c8d329cad8) locale list changing from [zh-TW] to [en-US]
02-12 12:48:10.963  7341  7341 I m.hank.clawlive: AssetManager2(0x78c8d329a558) locale list changing from [zh-TW] to [en-US]
02-12 12:48:10.963  7341  7341 I m.hank.clawlive: AssetManager2(0x78c8d32995b8) locale list changing from [zh-TW] to [en-US]
02-12 12:48:10.982  1524  7201 I DownloadManager: DownloadManager.downloadInternal():412 Download for __SP_MANIFEST_handwriting_recognition scheduled with params DownloadParams{allowMetered=true, requireCharging=false, foreground=false, immediately=true, priority=0}
02-12 12:48:10.982  1524  7201 I DownloadManager: DownloadManager.startDownload():495 start download of __SP_MANIFEST_handwriting_recognition
02-12 12:48:10.990  1524  7201 I DownloadManager: DownloadManager.downloadInternal():412 Download for __KLP_manifest_delight__en-840 scheduled with params DownloadParams{allowMetered=true, requireCharging=false, foreground=false, immediately=true, priority=0}
02-12 12:48:10.990  1524  7201 I DownloadManager: DownloadManager.startDownload():495 start download of __KLP_manifest_delight__en-840
02-12 12:48:10.993  7341  7341 D LifecycleMonitor: Lifecycle status change: com.hank.clawlive.SettingsActivity@a275d0d in: STOPPED
02-12 12:48:10.993  7341  7341 V ActivityScenario: Update currentActivityStage to STOPPED, currentActivity=com.hank.clawlive.SettingsActivity@a275d0d
02-12 12:48:10.994  1524  7201 I DownloadManager: DownloadManager$4.onFailure():573 download for __KLP_manifest_delight__en-840 is cancelled
02-12 12:48:10.994  1524  7201 I DownloadManager: DownloadManager.downloadInternal():410 Previous download for __KLP_manifest_delight__en-840 is cancelled
02-12 12:48:10.994  1524  7201 I DownloadManager: DownloadManager.downloadInternal():412 Download for __KLP_manifest_delight__en-840 scheduled with params DownloadParams{allowMetered=true, requireCharging=false, foreground=false, immediately=true, priority=0}
02-12 12:48:10.994  1524  7201 I DownloadManager: DownloadManager.startDownload():495 start download of __KLP_manifest_delight__en-840
02-12 12:48:11.003  7341  7341 D LifecycleMonitor: Lifecycle status change: com.hank.clawlive.SettingsActivity@a275d0d in: DESTROYED
02-12 12:48:11.003  7341  7341 V ActivityScenario: Update currentActivityStage to DESTROYED, currentActivity=null
02-12 12:48:11.005  7341  7358 I TestRunner: finished: testTopBarHasSafeInsetFromStatusBar(com.hank.clawlive.SettingsActivityUiTest)
