02-12 12:45:32.077  7341  7341 V ActivityScenario: Update currentActivityStage to PAUSED, currentActivity=com.hank.clawlive.MainActivity@f34a963
02-12 12:45:32.101  7391  7408 I EGL_emulation: Opening libGLESv1_CM_emulation.so
02-12 12:45:32.102  7391  7408 I EGL_emulation: Opening libGLESv2_emulation.so
02-12 12:45:32.128  1524  7196 I DownloadManager: DownloadManager$4.onSuccess():564 download for __SP_MANIFEST_hmmdictionary is finished with files # mxp@5365d94c
02-12 12:45:32.129  1524  7116 I HandwritingOnlineSuperpacks: HandwritingOnlineSuperpacks.syncInternal():168 syncPackMapping()
02-12 12:45:32.129  1524  7116 I MDDSuperpacks: MDDSuperpacks.sync():223 sync requested for handwriting_recognition
02-12 12:45:32.133   556   674 I BpBinder: onLastStrongRef automatically unlinking death recipients:
02-12 12:45:32.137  1524  7189 I SuperDelight: SuperDelightManager.syncBundledLanguageModels():773 SuperDelightManager#syncBundledLanguageModels(): Syncing for version 2025021100
02-12 12:45:32.137  1524  7189 I MDDSuperpacks: MDDSuperpacks.sync():223 sync requested for bundled_delight
02-12 12:45:32.154  1524  7115 I ManifestedDataDownloader: ManifestedDataDownloader.checkVersionAndDownload():91 filegroup __KLP_delight__en-840 with version 2025031300 is already downloaded
02-12 12:45:32.160  7391  7408 W HWUI    : Failed to choose config with EGL_SWAP_BEHAVIOR_PRESERVED, retrying without...
02-12 12:45:32.161  7391  7408 W HWUI    : Failed to initialize 101010-2 format, error = EGL_SUCCESS
02-12 12:45:32.175   776   954 D InetDiagMessage: Destroyed 0 sockets, proto=IPPROTO_TCP, family=AF_INET, states=14
02-12 12:45:32.190   776   954 D InetDiagMessage: Destroyed 0 sockets, proto=IPPROTO_TCP, family=AF_INET6, states=14
02-12 12:45:32.191   776   954 D InetDiagMessage: Destroyed live tcp sockets for uids={10171} in 17ms
02-12 12:45:32.191   776   954 D InetDiagMessage: Destroyed 0 sockets, proto=IPPROTO_TCP, family=AF_INET, states=14
02-12 12:45:32.204   776   954 D InetDiagMessage: Destroyed 0 sockets, proto=IPPROTO_TCP, family=AF_INET6, states=14
02-12 12:45:32.213   776   954 D InetDiagMessage: Destroyed live tcp sockets for uids={20171} in 15ms
02-12 12:45:32.250  1524  7441 I MDDSuperpacks: MDDSuperpacks.getPacks():548 getting packs for superpack: emoticon_content_description
02-12 12:45:32.270  1524  7115 I DelightKLPDownloader: DelightKLPDownloader$2.onSuccess():222 klp en_840 downloaded with version 2025031300
02-12 12:45:32.326   671   756 W IPCThreadState: Sending oneway calls to frozen process.
02-12 12:45:32.466  7341  7347 W m.hank.clawlive: Suspending all threads took: 8.077ms
02-12 12:45:32.525   513   530 I RanchuHwc: logCompositionFallbackIfChanged: layer 365 CompositionType fallback from 3 to 1
02-12 12:45:32.585  1059  1066 I ndroid.systemui: NativeAlloc concurrent mark compact GC freed 3426KB AllocSpace bytes, 1(20KB) LOS objects, 49% free, 21MB/42MB, paused 2.193ms,3.053ms total 581.956ms
02-12 12:45:32.599  1524  7452 I SuperDelight: SuperDelightBundledMetadataParser.addSystemLms():202 system lm dir /system/usr/share/ime/google/d3_lms does not exist or is not readable
02-12 12:45:32.605  1524  7452 I SuperDelight: SuperDelightBundledMetadataParser.parse():192 SuperDelightBundledMetadataParser#parse(): manifest parsed with 1 packs
02-12 12:45:32.606  1524  7453 I MDDSuperpacks: MDDSuperpacks$3.onSuccess():558 packs [transformer_latin_tflite_20231010_zip, transformer_chinese_tflite_20231016_zip, zh_tw_20230706_compact_fst_zip, qrnn_en_us_reco_20231010_fst_20230613_recospec_zip, pack_mapping_v1_lstm_20231127, transformer_latin_seg_tflite_20231010_zip, transformer_chinese_conf_tflite_20231016_zip, scribe_latin_20231123_recospec_zip, en_us_20230613_compact_fst_zip, scribe_chinese_20231123_tflite_zip, transformer_chinese_seg_tflite_20231016_zip, scribe_latin_20231123_tflite_zip, transformer_latin_conf_tflite_20231010_zip, scribe_chinese_20231123_recospec_zip, qrnn_zh_tw_reco_20231016_fst_20230706_recospec_zip] got for superpack: handwriting_recognition
02-12 12:45:32.613  1524  7189 I MDDSuperpacks: MDDSuperpacks.sync():223 sync requested for hmmdictionary
02-12 12:45:32.616  1524  7118 I MDDSuperpacks: MDDSuperpacks.getPacks():548 getting packs for superpack: bundled_delight
02-12 12:45:32.616  1524  7452 I SuperDelight: SuperDelightBundledMetadataParser.addSystemLms():202 system lm dir /system/usr/share/ime/google/d3_lms does not exist or is not readable
02-12 12:45:32.617  1524  7452 I SuperDelight: SuperDelightBundledMetadataParser.parse():192 SuperDelightBundledMetadataParser#parse(): manifest parsed with 1 packs
02-12 12:45:32.647  1524  7453 E MDDSuperpacks: MDDSuperpacks.parseManifest():476 cannot find metadata for delight_overrides
02-12 12:45:32.650  1059  1068 W System  : A resource failed to call release.
02-12 12:45:32.650  1059  1068 W System  : A resource failed to call release.
02-12 12:45:32.651  1059  1068 W System  : A resource failed to call release.
02-12 12:45:32.651  1059  1068 W System  : A resource failed to call release.
02-12 12:45:32.652  1059  1068 W System  : A resource failed to call release.
02-12 12:45:32.652  1059  1068 W System  : A resource failed to call release.
02-12 12:45:32.653  1059  1068 W System  : A resource failed to call release.
02-12 12:45:32.711  1059  1068 W System  : A resource failed to call release.
02-12 12:45:32.711  1059  1068 W System  : A resource failed to call release.
02-12 12:45:32.723   556  1159 I BpBinder: onLastStrongRef automatically unlinking death recipients:
02-12 12:45:32.751  1524  7452 I MDDSuperpacks: MDDSuperpacks.getPacks():548 getting packs for superpack: hmmdictionary
02-12 12:45:32.753  1524  7247 I MDDSuperpacks: MDDSuperpacks$3.onSuccess():558 packs [main_en_us_2024102000_2] got for superpack: bundled_delight
02-12 12:45:32.757  1194  1211 W System  : A resource failed to call release.
02-12 12:45:32.757  1194  1211 W System  : A resource failed to call release.
02-12 12:45:32.757  1194  1211 W System  : A resource failed to call release.
02-12 12:45:32.757  1194  1211 W System  : A resource failed to call release.
02-12 12:45:32.758  1524  7113 I MDDSuperpacks: MDDSuperpacks.getPacks():548 getting packs for superpack: handwriting_recognition
02-12 12:45:32.762  1524  7442 I MDDSuperpacks: MDDSuperpacks$3.onSuccess():558 packs [7a635888cb828dfa2fc744b7b9b50f04, c5c37e938eec559132ebd6c6245d763a] got for superpack: emoticon_content_description
02-12 12:45:32.762  1524  7262 I SuperDelight: SuperDelightBundledSlicingStrategy.getSlices():41 BundledSlicing#getSlices() : Locale = [en_US, zh_XD]
02-12 12:45:32.763  1524  7262 I SuperDelight: SuperDelightBundledSlicingStrategy.getSlices():67 BundledSlicing#getSlices(): result {slices=[bundled_delight:main_en_us_2024102000_2], last batch=true, sync metadata=false}
02-12 12:45:32.765  1524  7247 I MDDSuperpacks: MDDSuperpacks$2.onSuccess():274 Sync success for emoticon_content_description with result: {old=[7a635888cb828dfa2fc744b7b9b50f04, c5c37e938eec559132ebd6c6245d763a], new=[7a635888cb828dfa2fc744b7b9b50f04, c5c37e938eec559132ebd6c6245d763a], metadata=false, last batch=true}
02-12 12:45:32.766  1524  7442 I MDDSuperpacks: MDDSuperpacks.getPacks():548 getting packs for superpack: bundled_delight
02-12 12:45:32.767  1059  1068 W System  : A resource failed to call release.
02-12 12:45:32.781  1524  7453 I DictionarySlicingStrategy: DictionarySlicingStrategy.getSlices():79 getSlices(): hmmdictionary.2025082201
02-12 12:45:32.781  1524  7453 I DictionarySlicingStrategy: DictionarySlicingStrategy.getSlices():109 getSlices(): result {slices=[hmmdictionary:zh_TW_2023110702], last batch=true, sync metadata=false}
02-12 12:45:32.781  1059  1068 W System  : A resource failed to call release.
02-12 12:45:32.782  1524  7442 I MDDSuperpacks: MDDSuperpacks$3.onSuccess():558 packs [zh_TW_2023110702] got for superpack: hmmdictionary
02-12 12:45:32.786  1524  7247 I MDDSuperpacks: MDDSuperpacks.getPacks():548 getting packs for superpack: hmmdictionary
02-12 12:45:32.788  1059  1068 W System  : A resource failed to call release.
02-12 12:45:32.788  1059  1068 W System  : A resource failed to call release.
02-12 12:45:32.788  1059  1068 W System  : A resource failed to call release.
02-12 12:45:32.788  1059  1068 W System  : A resource failed to call release.
02-12 12:45:32.793  1524  7442 I MDDSuperpacks: MDDSuperpacks$3.onSuccess():558 packs [transformer_latin_tflite_20231010_zip, transformer_chinese_tflite_20231016_zip, zh_tw_20230706_compact_fst_zip, qrnn_en_us_reco_20231010_fst_20230613_recospec_zip, pack_mapping_v1_lstm_20231127, transformer_latin_seg_tflite_20231010_zip, transformer_chinese_conf_tflite_20231016_zip, scribe_latin_20231123_recospec_zip, en_us_20230613_compact_fst_zip, scribe_chinese_20231123_tflite_zip, transformer_chinese_seg_tflite_20231016_zip, scribe_latin_20231123_tflite_zip, transformer_latin_conf_tflite_20231010_zip, scribe_chinese_20231123_recospec_zip, qrnn_zh_tw_reco_20231016_fst_20230706_recospec_zip] got for superpack: handwriting_recognition
02-12 12:45:32.793  1524  7453 I MDDSuperpacks: MDDSuperpacks$3.onSuccess():558 packs [main_en_us_2024102000_2] got for superpack: bundled_delight
02-12 12:45:32.805  1524  7453 I LmManager: LmManager$1.onSuccess():82 Bundled delight sync success
02-12 12:45:32.805  1524  7196 I MDDSuperpacks: MDDSuperpacks$2.onSuccess():274 Sync success for bundled_delight with result: {old=[main_en_us_2024102000_2], new=[main_en_us_2024102000_2], metadata=false, last batch=true}
02-12 12:45:32.814  1524  7453 I MDDSuperpacks: MDDSuperpacks$3.onSuccess():558 packs [zh_TW_2023110702] got for superpack: hmmdictionary
02-12 12:45:32.816  1524  7195 I MDDSuperpacks: MDDSuperpacks.getPacks():548 getting packs for superpack: bundled_delight
02-12 12:45:32.822  1059  1068 W System  : A resource failed to call release.
02-12 12:45:32.822  1059  1068 W System  : A resource failed to call release.
02-12 12:45:32.822  1059  1068 W System  : A resource failed to call release.
02-12 12:45:32.825  1524  7453 I MDDSuperpacks: MDDSuperpacks$2.onSuccess():274 Sync success for hmmdictionary with result: {old=[zh_TW_2023110702], new=[zh_TW_2023110702], metadata=false, last batch=true}
02-12 12:45:32.826  1524  7195 I SuperpacksManagerBase: SuperpacksManagerBase$2.onSyncSuccess():192 sync(): complete {old=[zh_TW_2023110702], new=[zh_TW_2023110702], metadata=false, last batch=true}
02-12 12:45:32.826  1524  7195 I MDDSuperpacks: MDDSuperpacks.getPacks():548 getting packs for superpack: hmmdictionary
02-12 12:45:32.830  1524  7196 I MDDSuperpacks: MDDSuperpacks.getPacks():548 getting packs for superpack: handwriting_recognition
02-12 12:45:32.838  1194  1194 D ViewRootImpl: Skipping stats log for color mode
02-12 12:45:32.850  1194  1194 D StatsLog: LAUNCHER_ONRESUME
02-12 12:45:32.857  1194  1194 D NexusLauncherModelDelegate: notifySmartspaceEvent: SmartspaceTargetEvent{mSmartspaceTarget=null, mSmartspaceActionId='null', mEventType=6}
02-12 12:45:32.885  1194  1194 D BaseDepthController: setSurface:
02-12 12:45:32.885  1194  1194 D BaseDepthController: 	mWaitingOnSurfaceValidity: false
02-12 12:45:32.885  1194  1194 D BaseDepthController: 	mBaseSurface: Surface(name=com.google.android.apps.nexuslauncher/com.google.android.apps.nexuslauncher.NexusLauncherActivity)/@0x4cd22b4
02-12 12:45:32.889  1653  1847 I AiAiEcho: Predicting[0]:  [CONTEXT sampling_count=5 ]
02-12 12:45:32.890  1653  1847 I AiAiEcho: EchoTargets:
02-12 12:45:32.890  1653  1847 I AiAiEcho: Filtered by AiAi flag check:
02-12 12:45:32.890  1653  1847 I AiAiEcho: [CONTEXT ratelimit_period="10 SECONDS" ]
02-12 12:45:32.890  1653  1847 I AiAiEcho: #remoteViewsTwiddler: feature disabled.
02-12 12:45:32.891  1653  1847 I AiAiEcho: #postPredictionTargets: Sending updates to UISurface home with targets# 0 (types=[])
02-12 12:45:32.865  1059  1068 W System  : A resource failed to call release.
02-12 12:45:32.893  1059  1068 W System  : A resource failed to call release.
02-12 12:45:32.896  1059  1180 E FrameTracker: force finish cuj, time out: J<DEFAULT_TASK_TO_TASK_ANIMATION>
02-12 12:45:32.910  1194  1260 D QuickstepModelDelegate: notifyAppTargetEvent action=1 launchLocation=workspace/0/[-1,-1]/[1,1]
02-12 12:45:32.928  1524  7196 I MDDSuperpacks: MDDSuperpacks$3.onSuccess():558 packs [main_en_us_2024102000_2] got for superpack: bundled_delight
02-12 12:45:32.948  1524  7195 I SuperDelight: SuperDelightManager$2.onSuccess():635 bundled_delight sync success, adding to data file manager
02-12 12:45:32.956  1524  7195 I DataFileManager: DataFileManager.addDataWithoutNotify():181 data en-US already exists
02-12 12:45:32.960  1524  7196 I MDDSuperpacks: MDDSuperpacks$3.onSuccess():558 packs [zh_TW_2023110702] got for superpack: hmmdictionary
02-12 12:45:32.985  1524  7195 I HmmDataFacilitator: HmmDataFacilitator.setDownloadedPacks():333 Opening pack for language zh_TW
02-12 12:45:32.993  1194  1194 I NotificationListener: Handling notification state refresh for com.android.systemui#0
02-12 12:45:32.993  1194  1194 I NotificationListener: Handling notification state refresh for android#0
02-12 12:45:32.994  1194  1194 D SsBaseTemplateCard: No text view can be set up
02-12 12:45:32.994  1194  1194 D SsBaseTemplateCard: Passed-in item info is null
02-12 12:45:32.994  1194  1194 D SsBaseTemplateCard: Passed-in item info is null
02-12 12:45:32.994  1194  1194 D SsBaseTemplateCard: Passed-in item info is null
02-12 12:45:32.994  1194  1194 I SsBaseTemplateCard: Secondary card pane is null
02-12 12:45:33.065  1059  1284 E FrameTracker: force finish cuj, time out: J<SPLASHSCREEN_EXIT_ANIM>
02-12 12:45:33.065  1059  1284 W FrameTracker: Missed App frame:UNKNOWN: 3, 433071, 73898454, CUJ=J<SPLASHSCREEN_EXIT_ANIM>
02-12 12:45:33.065  1059  1284 W FrameTracker: Missed SF frame:UNKNOWN: 3, 433071, 73898454, CUJ=J<SPLASHSCREEN_EXIT_ANIM>
02-12 12:45:33.065  1059  1284 W FrameTracker: Missed App frame:JANK_APPLICATION, 433107, 101047288, CUJ=J<SPLASHSCREEN_EXIT_ANIM>
02-12 12:45:33.065  1059  1284 W FrameTracker: Missed App frame:JANK_APPLICATION, 433208, 99720090, CUJ=J<SPLASHSCREEN_EXIT_ANIM>
02-12 12:45:33.065  1059  1284 W FrameTracker: Missed App frame:JANK_APPLICATION, 433311, 51848460, CUJ=J<SPLASHSCREEN_EXIT_ANIM>
02-12 12:45:33.065  1059  1284 W FrameTracker: Missed App frame:UNKNOWN: 3, 433348, 67728962, CUJ=J<SPLASHSCREEN_EXIT_ANIM>
02-12 12:45:33.065  1059  1284 W FrameTracker: Missed SF frame:UNKNOWN: 3, 433348, 67728962, CUJ=J<SPLASHSCREEN_EXIT_ANIM>
02-12 12:45:33.065  1059  1284 W FrameTracker: Missed App frame:JANK_APPLICATION, 433370, 151189696, CUJ=J<SPLASHSCREEN_EXIT_ANIM>
02-12 12:45:33.101  1524  7453 I HandwritingSlicingStrategy: HandwritingSlicingStrategy.getSlices():44 getSlices(): handwriting_recognition.86 useForeground=true
02-12 12:45:33.101  1524  7441 I MDDSuperpacks: MDDSuperpacks$3.onSuccess():558 packs [transformer_latin_tflite_20231010_zip, transformer_chinese_tflite_20231016_zip, zh_tw_20230706_compact_fst_zip, qrnn_en_us_reco_20231010_fst_20230613_recospec_zip, pack_mapping_v1_lstm_20231127, transformer_latin_seg_tflite_20231010_zip, transformer_chinese_conf_tflite_20231016_zip, scribe_latin_20231123_recospec_zip, en_us_20230613_compact_fst_zip, scribe_chinese_20231123_tflite_zip, transformer_chinese_seg_tflite_20231016_zip, scribe_latin_20231123_tflite_zip, transformer_latin_conf_tflite_20231010_zip, scribe_chinese_20231123_recospec_zip, qrnn_zh_tw_reco_20231016_fst_20230706_recospec_zip] got for superpack: handwriting_recognition
02-12 12:45:33.101  1524  7453 I HandwritingSlicingStrategy: HandwritingSlicingStrategy.getSlices():103 getSlices(): result {slices=[{handwriting_recognition:pack_mapping_v1_lstm_20231127, m:*:*:*, fg}, {handwriting_recognition:transformer_latin_tflite_20231010_zip, m:*:*:*, fg}, {handwriting_recognition:qrnn_en_us_reco_20231010_fst_20230613_recospec_zip, m:*:*:*, fg}, {handwriting_recognition:transformer_latin_conf_tflite_20231010_zip, m:*:*:*, fg}, {handwriting_recognition:transformer_latin_seg_tflite_20231010_zip, m:*:*:*, fg}, {handwriting_recognition:en_us_20230613_compact_fst_zip, m:*:*:*, fg}, {handwriting_recognition:scribe_chinese_20231123_recospec_zip, m:*:*:*, fg}, {handwriting_recognition:scribe_chinese_20231123_tflite_zip, m:*:*:*, fg}, {handwriting_recognition:transformer_chinese_tflite_20231016_zip, m:*:*:*, fg}, {handwriting_recognition:zh_tw_20230706_compact_fst_zip, m:*:*:*, fg}, {handwriting_recognition:transformer_chinese_conf_tflite_20231016_zip, m:*:*:*, fg}, {handwriting_recognition:qrnn_zh_tw_reco_20231016_fst_20230706_recospec_zip, m:*:*:*, fg}, {handwriting_recognition:transformer_chinese_seg_tflite_20231016_zip, m:*:*:*, fg}, {handwriting_recognition:scribe_latin_20231123_tflite_zip, m:*:*:*, fg}, {handwriting_recognition:scribe_latin_20231123_recospec_zip, m:*:*:*, fg}], last batch=true, sync metadata=false}
02-12 12:45:33.106  1524  7441 I MDDSuperpacks: MDDSuperpacks.getPacks():548 getting packs for superpack: handwriting_recognition
02-12 12:45:33.112  7341  7341 D VRI[MainActivity]: visibilityChanged oldVisibility=true newVisibility=false
02-12 12:45:33.137  1194  1194 D StateManager: createAtomicAnimation - fromState: Background, toState: Normal, partial trace:
02-12 12:45:33.137  1194  1194 D StateManager: 	at com.android.quickstep.util.WorkspaceRevealAnim.prepareToAnimate(go/retraceme 72a59688580715d19f0e415c69e80376c2f062d1648c80db6730905005a27c20:22)
02-12 12:45:33.137  1194  1194 D StateManager: 	at com.android.quickstep.util.WorkspaceRevealAnim.<init>(go/retraceme 72a59688580715d19f0e415c69e80376c2f062d1648c80db6730905005a27c20:11)
02-12 12:45:33.137  1194  1194 D StateManager: 	at com.android.launcher3.QuickstepTransitionManager.createWallpaperOpenAnimations(go/retraceme 72a59688580715d19f0e415c69e80376c2f062d1648c80db6730905005a27c20:339)
02-12 12:45:33.160  7341  7341 I m.hank.clawlive: AssetManager2(0x78c8d329cad8) locale list changing from [zh-TW] to [en-US]
02-12 12:45:33.160  7341  7341 I m.hank.clawlive: AssetManager2(0x78c8d329a558) locale list changing from [zh-TW] to [en-US]
02-12 12:45:33.160  7341  7341 I m.hank.clawlive: AssetManager2(0x78c8d32995b8) locale list changing from [zh-TW] to [en-US]
02-12 12:45:33.169  7341  7341 D LifecycleMonitor: Lifecycle status change: com.hank.clawlive.MainActivity@f34a963 in: STOPPED
02-12 12:45:33.169  7341  7341 V ActivityScenario: Update currentActivityStage to STOPPED, currentActivity=com.hank.clawlive.MainActivity@f34a963
02-12 12:45:33.174  7341  7341 D LifecycleMonitor: Lifecycle status change: com.hank.clawlive.MainActivity@f34a963 in: DESTROYED
02-12 12:45:33.175  7341  7341 V ActivityScenario: Update currentActivityStage to DESTROYED, currentActivity=null
02-12 12:45:33.175  7341  7358 I TestRunner: finished: testTopBarHasSafeInsetFromStatusBar(com.hank.clawlive.MainActivityUiTest)
