02-12 12:48:47.618  1524  1524 I GoogleInputMethodService: GoogleInputMethodService.initializeInputMethodServiceData():834 initializeInputMethodServiceData for kek{languageTag=zh-TW, variant=zhuyin, hasLocalizedResources=true, conditionCacheKey=_app_first_start_timestamp=1770813848499_cache_additional_ime_defs_for_condition_change=false_cache_ime_defs_for_condition_change=false_deprecate_long_press_space_for_ime_picker=false_device=phone_device_size=default_enable_access_points_in_password_number=false_enable_chinese_inline_composing_shape_based=true_enable_chinese_inline_composing_zh_tw=true_enable_flick_symbols=true_enable_more_candidates_view_for_multilingual=false_enable_number_row=false_enable_preemptive_decode=true_enable_premium_exp_tablet_layout_change=false_enable_secondary_digits=true_enable_secondary_symbols=false_enable_voice_in_chinese=true_expressions=normal_four_or_more_letter_rows=false_keyboard_mode=normal_language=zh-TW_layout_9key_split=false_orientation=portrait_physical_keyboard=qwerty_pref_enable_chinese_inline_composing_tw=false_rtl_layout=false_show_secondary_digits=true_show_suggestions=true_split_with_duplicate_keys=true_variant=zhuyin_zhuyin_use_staggered_layout=false, imeDef.stringId=ime_zh_tw_zhuyin, imeDef.className=com.google.android.apps.inputmethod.libs.chinese.ime.AsyncChineseProcessorBasedIme, imeDef.languageTag=zh-XD}
02-12 12:48:47.620   776  2688 D FileUtils: Rounded bytes from 2067259392 to 4000000000
02-12 12:48:47.621  1524  7189 I KeyboardGroupDefParser: KeyboardGroupDefParser.parseKeyboardGroupDef():86 parseKeyboardGroupDef() 2132214028 -> 0_resource_name_obfuscated : WaitTime = 4 ms : RunTime = 0 ms
02-12 12:48:47.621  1524  7189 I KeyboardGroupDefParser: KeyboardGroupDefParser.parseKeyboardGroupDef():86 parseKeyboardGroupDef() 2132214032 -> 0_resource_name_obfuscated : WaitTime = 5 ms : RunTime = 0 ms
02-12 12:48:47.622  1524  1524 I KeyboardThemeProvider: KeyboardThemeProvider.applyKeyboardTheme():27 Apply keyboard theme: theme_!gsf_!pgsans_!pgsf_!use_system_font_BORDER=true_FLAVOR_DPI=XXHDPI_KEYBOARD_WIDTH_CATEGORY=NORMAL_LIGHT_THEME=true_PHYSICAL_DIAGONAL=6.0111027_SCREEN_SHORTEST_WIDTH=411_SCREEN_SHORTEST_WIDTH_NO_SCALE=411_bottom4dp_enable_google_fonts_icons=true_enable_popup_on_keypress=true_keyboard_redesign_google_sans=true_noshadow_overlay_builtin_dynamic_color_light_base.binarypb:gm3-light-fffaf8ff-ff475d92-6dac7c28fa7faa76f8370bbfdbc77981_silkpopup_unify_function_key_color=true
02-12 12:48:47.623  1653  3238 I AiAiEcho: Settings changed for uri: content://settings/secure/input_methods_subtype_history
02-12 12:48:47.627  1524  1524 I AndroidIME: InputBundleManager.loadActiveInputBundleId():483 loadActiveInputBundleId: und-Latn-x-password-ascii, password_ascii
02-12 12:48:47.627  1653  3238 I AiAiEcho: Settings changed for uri: content://settings/secure/selected_input_method_subtype
02-12 12:48:47.633  1524  1524 W NotificationCenter: NotificationCenter$NotificationQueue.notifyPendingNotificationsOnExecutor():877 Heavy notify work detected on UI thread: [kig->jjs] takes 245ms
02-12 12:48:47.642  1524  1524 I HandwritingSuperpacks: HandwritingSuperpacks.register():273 register(): version '86', url 'https://dl.google.com/handwriting/models/handwriting_release.superpack_manifest.20231127.json' [ONLINE]
02-12 12:48:47.644  1524  1524 I HandwritingOfflineSuperpacks: HandwritingOfflineSuperpacks.syncInternal():80 no bundled lm for handwriting.
02-12 12:48:47.645  1524  1524 I DictionarySuperpacksManager: DictionarySuperpacksManager$1.onEnabledInputMethodEntriesChanged():65 onEnabledInputMethodEntriesChanged
02-12 12:48:47.646  1524  1524 I SuperpacksManagerBase: SuperpacksManagerBase.registerSuperpackManifest():117 registerSuperpackManifest()
02-12 12:48:47.646  1524  1524 I SuperpacksManagerBase: SuperpacksManagerBase.getMetadataUriAndVersion():278 getMetadataUriAndVersion() :  2025082201 : https://www.gstatic.com/android/keyboard/hmmpack/2024120903/metadata_2024120903.json
02-12 12:48:47.649  1524  1524 I PKIndicatorController: PKIndicatorController$3.maybeShowLanguageSwitchIndicator():137 Entry changed. Showing language indicator.
02-12 12:48:47.656  1524  1524 I SystemSubtypesReportModule: SystemSubtypesReportModule$4.onSetCurrentInputMethodSubtype():192 zh_TW
02-12 12:48:47.658  1524  1524 I SystemSubtypesReportModule: SystemSubtypesReportModule$4.onSetCurrentInputMethodSubtype():204 Subtype zh_TW was caused by entry
02-12 12:48:47.659  1524  1524 I AbstractOpenableExtension: AbstractOpenableExtension$3.onSuccess():555 KeyboardGroupManager destroyed in fyg.
02-12 12:48:47.659  1524  1524 I AbstractOpenableExtension: AbstractOpenableExtension$3.onSuccess():555 KeyboardGroupManager destroyed in fso.
02-12 12:48:47.660  1524  1524 I AbstractOpenableExtension: AbstractOpenableExtension$3.onSuccess():555 KeyboardGroupManager destroyed in fve.
02-12 12:48:47.660  1653  1847 I AiAiEcho: Predicting[0]:  [CONTEXT sampling_count=5 ]
02-12 12:48:47.660  1653  1847 I AiAiEcho: EchoTargets:
02-12 12:48:47.660  1653  1847 I AiAiEcho: Filtered by AiAi flag check:
02-12 12:48:47.660  1653  1847 I AiAiEcho: [CONTEXT ratelimit_period="10 SECONDS" ]
02-12 12:48:47.661  1653  1847 I AiAiEcho: #remoteViewsTwiddler: feature disabled.
02-12 12:48:47.662  1653  1847 I AiAiEcho: Predicting[0]:  [CONTEXT sampling_count=5 ]
02-12 12:48:47.662  1653  1847 I AiAiEcho: EchoTargets:
02-12 12:48:47.662  1653  1847 I AiAiEcho: Filtered by AiAi flag check:
02-12 12:48:47.662  1653  1847 I AiAiEcho: [CONTEXT ratelimit_period="10 SECONDS" ]
02-12 12:48:47.662  1653  1847 I AiAiEcho: #remoteViewsTwiddler: feature disabled.
02-12 12:48:47.663  1653  1847 I AiAiEcho: Predicting[0]:  [CONTEXT sampling_count=5 ]
02-12 12:48:47.663  1653  1847 I AiAiEcho: EchoTargets:
02-12 12:48:47.663  1653  1847 I AiAiEcho: Filtered by AiAi flag check:
02-12 12:48:47.663  1653  1847 I AiAiEcho: [CONTEXT ratelimit_period="10 SECONDS" ]
02-12 12:48:47.663  1653  1847 I AiAiEcho: #remoteViewsTwiddler: feature disabled.
02-12 12:48:47.673  1653  1847 I AiAiEcho: Predicting[0]:  [CONTEXT sampling_count=5 ]
02-12 12:48:47.674  1653  1847 I AiAiEcho: EchoTargets:
02-12 12:48:47.674  1653  1847 I AiAiEcho: Filtered by AiAi flag check:
02-12 12:48:47.674  1653  1847 I AiAiEcho: [CONTEXT ratelimit_period="10 SECONDS" ]
02-12 12:48:47.674  1653  1847 I AiAiEcho: #remoteViewsTwiddler: feature disabled.
02-12 12:48:47.675  1653  1847 I AiAiEcho: #postPredictionTargets: Sending updates to UISurface home with targets# 0 (types=[])
02-12 12:48:47.686  1653  1847 I AiAiEcho: #postPredictionTargets: Sending updates to UISurface lockscreen with targets# 0 (types=[])
02-12 12:48:47.687  1653  1847 I AiAiEcho: #postPredictionTargets: Sending updates to UISurface home with targets# 0 (types=[])
02-12 12:48:47.687  1653  1847 I AiAiEcho: #postPredictionTargets: Sending updates to UISurface lockscreen with targets# 0 (types=[])
02-12 12:48:47.694  1194  1194 D SsBaseTemplateCard: No text view can be set up
02-12 12:48:47.694  1194  1194 D SsBaseTemplateCard: Passed-in item info is null
02-12 12:48:47.694  1194  1194 D SsBaseTemplateCard: Passed-in item info is null
02-12 12:48:47.694  1194  1194 D SsBaseTemplateCard: Passed-in item info is null
02-12 12:48:47.694  1194  1194 I SsBaseTemplateCard: Secondary card pane is null
02-12 12:48:47.695  1194  1194 D SsBaseTemplateCard: No text view can be set up
02-12 12:48:47.695  1194  1194 D SsBaseTemplateCard: Passed-in item info is null
02-12 12:48:47.695  1194  1194 D SsBaseTemplateCard: Passed-in item info is null
02-12 12:48:47.695  1194  1194 D SsBaseTemplateCard: Passed-in item info is null
02-12 12:48:47.695  1194  1194 I SsBaseTemplateCard: Secondary card pane is null
02-12 12:48:47.696  1194  1194 D SsBaseTemplateCard: No text view can be set up
02-12 12:48:47.696  1194  1194 D SsBaseTemplateCard: Passed-in item info is null
02-12 12:48:47.696  1194  1194 D SsBaseTemplateCard: Passed-in item info is null
02-12 12:48:47.696  1194  1194 D SsBaseTemplateCard: Passed-in item info is null
02-12 12:48:47.696  1194  1194 I SsBaseTemplateCard: Secondary card pane is null
02-12 12:48:47.733  1524  7117 I MDDSuperpacks: MDDSuperpacks$3.onSuccess():558 packs [transformer_latin_tflite_20231010_zip, transformer_chinese_tflite_20231016_zip, zh_tw_20230706_compact_fst_zip, qrnn_en_us_reco_20231010_fst_20230613_recospec_zip, pack_mapping_v1_lstm_20231127, transformer_latin_seg_tflite_20231010_zip, transformer_chinese_conf_tflite_20231016_zip, scribe_latin_20231123_recospec_zip, en_us_20230613_compact_fst_zip, scribe_chinese_20231123_tflite_zip, transformer_chinese_seg_tflite_20231016_zip, scribe_latin_20231123_tflite_zip, transformer_latin_conf_tflite_20231010_zip, scribe_chinese_20231123_recospec_zip, qrnn_zh_tw_reco_20231016_fst_20230706_recospec_zip] got for superpack: handwriting_recognition
02-12 12:48:47.736   776   817 W IPCThreadState: Sending oneway calls to frozen process.
02-12 12:48:47.736   776   817 W IPCThreadState: Sending oneway calls to frozen process.
02-12 12:48:47.786  1524  7435 I SuperDelight: SuperDelightBundledMetadataParser.addSystemLms():202 system lm dir /system/usr/share/ime/google/d3_lms does not exist or is not readable
02-12 12:48:47.803  1524  7435 I SuperDelight: SuperDelightBundledMetadataParser.parse():192 SuperDelightBundledMetadataParser#parse(): manifest parsed with 1 packs
02-12 12:48:47.810  1524  7435 I MDDSuperpacks: MDDSuperpacks$3.onSuccess():558 packs [7a635888cb828dfa2fc744b7b9b50f04, c5c37e938eec559132ebd6c6245d763a] got for superpack: emoticon_content_description
02-12 12:48:47.814  1524  7455 I SuperDelight: SuperDelightBundledMetadataParser.addSystemLms():202 system lm dir /system/usr/share/ime/google/d3_lms does not exist or is not readable
02-12 12:48:47.815  1524  7455 I SuperDelight: SuperDelightBundledMetadataParser.parse():192 SuperDelightBundledMetadataParser#parse(): manifest parsed with 1 packs
02-12 12:48:47.821  1524  7116 I MDDSuperpacks: MDDSuperpacks.getPacks():548 getting packs for superpack: handwriting_recognition
02-12 12:48:47.823  1524  7435 I MDDSuperpacks: MDDSuperpacks.getPacks():548 getting packs for superpack: emoticon_content_description
02-12 12:48:47.845  1524  7196 I MDDSuperpacks: MDDSuperpacks.getPacks():548 getting packs for superpack: bundled_delight
02-12 12:48:47.923  1524  7196 I MDDSuperpacks: MDDSuperpacks$3.onSuccess():558 packs [transformer_latin_tflite_20231010_zip, transformer_chinese_tflite_20231016_zip, zh_tw_20230706_compact_fst_zip, qrnn_en_us_reco_20231010_fst_20230613_recospec_zip, pack_mapping_v1_lstm_20231127, transformer_latin_seg_tflite_20231010_zip, transformer_chinese_conf_tflite_20231016_zip, scribe_latin_20231123_recospec_zip, en_us_20230613_compact_fst_zip, scribe_chinese_20231123_tflite_zip, transformer_chinese_seg_tflite_20231016_zip, scribe_latin_20231123_tflite_zip, transformer_latin_conf_tflite_20231010_zip, scribe_chinese_20231123_recospec_zip, qrnn_zh_tw_reco_20231016_fst_20230706_recospec_zip] got for superpack: handwriting_recognition
02-12 12:48:47.925  1524  7410 I DownloadManager: DownloadManager.downloadInternal():412 Download for __SP_MANIFEST_emoticon_content_description scheduled with params DownloadParams{allowMetered=true, requireCharging=false, foreground=false, immediately=true, priority=0}
02-12 12:48:47.925  1524  7410 I DownloadManager: DownloadManager.startDownload():495 start download of __SP_MANIFEST_emoticon_content_description
02-12 12:48:47.926  1524  7410 I DownloadManager: DownloadManager.downloadInternal():412 Download for __KLP_manifest_delight__en-840 scheduled with params DownloadParams{allowMetered=true, requireCharging=false, foreground=false, immediately=true, priority=0}
02-12 12:48:47.926  1524  7410 I DownloadManager: DownloadManager.startDownload():495 start download of __KLP_manifest_delight__en-840
02-12 12:48:47.927  1524  7410 I DownloadManager: DownloadManager.downloadInternal():412 Download for __SP_MANIFEST_bundled_delight scheduled with params DownloadParams{allowMetered=true, requireCharging=false, foreground=false, immediately=true, priority=0}
02-12 12:48:47.927  1524  7410 I DownloadManager: DownloadManager.startDownload():495 start download of __SP_MANIFEST_bundled_delight
02-12 12:48:47.928  1524  7410 I DownloadManager: DownloadManager$4.onFailure():573 download for __KLP_manifest_delight__en-840 is cancelled
02-12 12:48:47.929  1524  7410 I DownloadManager: DownloadManager.downloadInternal():410 Previous download for __KLP_manifest_delight__en-840 is cancelled
02-12 12:48:47.929  1524  7410 I DownloadManager: DownloadManager.downloadInternal():412 Download for __KLP_manifest_delight__en-840 scheduled with params DownloadParams{allowMetered=true, requireCharging=false, foreground=false, immediately=true, priority=0}
02-12 12:48:47.929  1524  7410 I DownloadManager: DownloadManager.startDownload():495 start download of __KLP_manifest_delight__en-840
02-12 12:48:47.929  1524  7115 I MDDSuperpacks: MDDSuperpacks.getPacks():548 getting packs for superpack: handwriting_recognition
02-12 12:48:47.933  1059  1059 W PageIndicator: Total number of pages invalid: 0. Assuming 1 page.
02-12 12:48:47.935  1059  1059 W PageIndicator: Total number of pages invalid: 0. Assuming 1 page.
02-12 12:48:47.938  1059  1059 W PageIndicator: Total number of pages invalid: 0. Assuming 1 page.
02-12 12:48:47.939  1524  7195 I SuperpacksManagerBase: SuperpacksManagerBase.registerSuperpackManifest():134 registerSuperpackManifest(): current 2025082201, required 2025082201
02-12 12:48:47.941  1524  7455 I MDDSuperpacks: MDDSuperpacks$3.onSuccess():558 packs [7a635888cb828dfa2fc744b7b9b50f04, c5c37e938eec559132ebd6c6245d763a] got for superpack: emoticon_content_description
02-12 12:48:47.942  1524  7189 I MDDSuperpacks: MDDSuperpacks.getPacks():548 getting packs for superpack: delight_overrides
02-12 12:48:47.943  1524  7435 I MDDSuperpacks: MDDSuperpacks$2.onSuccess():274 Sync success for emoticon_content_description with result: {old=[7a635888cb828dfa2fc744b7b9b50f04, c5c37e938eec559132ebd6c6245d763a], new=[7a635888cb828dfa2fc744b7b9b50f04, c5c37e938eec559132ebd6c6245d763a], metadata=false, last batch=true}
02-12 12:48:47.943   671   756 W IPCThreadState: Sending oneway calls to frozen process.
02-12 12:48:47.944  1524  7195 I SuperDelight: SuperDelightManager.syncOverridesLanguageModels():687 SuperDelightManager#syncOverridesLanguageModels(): Superpack delight_overrides not found or negative version provided
02-12 12:48:47.959  1524  7410 I DownloadManager: DownloadManager.downloadInternal():412 Download for __SP_MANIFEST_handwriting_recognition scheduled with params DownloadParams{allowMetered=true, requireCharging=false, foreground=false, immediately=true, priority=0}
02-12 12:48:47.970  1524  7410 I DownloadManager: DownloadManager.startDownload():495 start download of __SP_MANIFEST_handwriting_recognition
02-12 12:48:47.975  1524  7116 I MDDSuperpacks: MDDSuperpacks.getPacks():548 getting packs for superpack: handwriting_recognition_offline
02-12 12:48:47.985  1059  1284 W WindowOnBackDispatcher: sendCancelIfRunning: isInProgress=false callback=android.view.ViewRootImpl$$ExternalSyntheticLambda13@82b9370
02-12 12:48:47.986  1524  7196 I MDDSuperpacks: MDDSuperpacks$3.onSuccess():558 packs [transformer_latin_tflite_20231010_zip, transformer_chinese_tflite_20231016_zip, zh_tw_20230706_compact_fst_zip, qrnn_en_us_reco_20231010_fst_20230613_recospec_zip, pack_mapping_v1_lstm_20231127, transformer_latin_seg_tflite_20231010_zip, transformer_chinese_conf_tflite_20231016_zip, scribe_latin_20231123_recospec_zip, en_us_20230613_compact_fst_zip, scribe_chinese_20231123_tflite_zip, transformer_chinese_seg_tflite_20231016_zip, scribe_latin_20231123_tflite_zip, transformer_latin_conf_tflite_20231010_zip, scribe_chinese_20231123_recospec_zip, qrnn_zh_tw_reco_20231016_fst_20230706_recospec_zip] got for superpack: handwriting_recognition
02-12 12:48:47.999  1524  7455 I MDDSuperpacks: MDDSuperpacks$3.onSuccess():558 packs [main_en_us_2024102000_2] got for superpack: bundled_delight
02-12 12:48:48.001  1524  7196 I SuperDelight: SuperDelightBundledSlicingStrategy.getSlices():41 BundledSlicing#getSlices() : Locale = [en_US]
02-12 12:48:48.057  1524  7196 I SuperDelight: SuperDelightBundledSlicingStrategy.getSlices():67 BundledSlicing#getSlices(): result {slices=[bundled_delight:main_en_us_2024102000_2], last batch=true, sync metadata=false}
02-12 12:48:48.057  1524  7410 I DownloadManager: DownloadManager$4.onSuccess():564 download for __SP_MANIFEST_emoticon_content_description is finished with files # mxp@388e70e2
02-12 12:48:48.058  1524  7410 I DownloadManager: DownloadManager$4.onSuccess():564 download for __SP_MANIFEST_bundled_delight is finished with files # mxp@58d99e11
02-12 12:48:48.059  1524  7410 I DownloadManager: DownloadManager$4.onSuccess():564 download for __KLP_manifest_delight__en-840 is finished with files # mxp@1da44f1e
02-12 12:48:48.064  1524  7189 I MDDSuperpacks: MDDSuperpacks.sync():223 sync requested for emoticon_content_description
02-12 12:48:48.070  1524  7455 I MDDSuperpacks: MDDSuperpacks.getPacks():548 getting packs for superpack: bundled_delight
02-12 12:48:48.077  1524  7435 I SuperDelight: SuperDelightBundledMetadataParser.addSystemLms():202 system lm dir /system/usr/share/ime/google/d3_lms does not exist or is not readable
02-12 12:48:48.080  1524  7435 I SuperDelight: SuperDelightBundledMetadataParser.parse():192 SuperDelightBundledMetadataParser#parse(): manifest parsed with 1 packs
02-12 12:48:48.109  1524  7196 W MDDSuperpacks: MDDSuperpacks.constructPackSet():578 file group is empty
02-12 12:48:48.111  1524  7410 I DownloadManager: DownloadManager$4.onSuccess():564 download for __SP_MANIFEST_handwriting_recognition is finished with files # mxp@1c734294
02-12 12:48:48.137  1524  7189 I SuperDelight: SuperDelightManager$2.onSuccess():635 delight_overrides sync success, adding to data file manager
02-12 12:48:48.141  1524  7455 I MDDSuperpacks: MDDSuperpacks$3.onSuccess():558 packs [] got for superpack: delight_overrides
02-12 12:48:48.145  1524  7435 W MDDSuperpacks: MDDSuperpacks.constructPackSet():578 file group is empty
02-12 12:48:48.145  1524  7115 I MDDSuperpacks: MDDSuperpacks.getPacks():548 getting packs for superpack: handwriting_recognition
02-12 12:48:48.152  1524  7113 E HandwritingSuperpacksUtil: HandwritingSuperpacksUtil.getPackMappingPackName():40 No pack mapping pack found in []
02-12 12:48:48.155  1524  7113 I HandwritingSuperpacks: HandwritingSuperpacks.reloadCache():237 updatePackMappingsCache(): pack mapping pack unavailable [OFFLINE]
02-12 12:48:48.158  1524  7113 I MDDSuperpacks: MDDSuperpacks.getPacks():548 getting packs for superpack: handwriting_recognition
02-12 12:48:48.168  1524  7196 I MDDSuperpacks: MDDSuperpacks$3.onSuccess():558 packs [transformer_latin_tflite_20231010_zip, transformer_chinese_tflite_20231016_zip, zh_tw_20230706_compact_fst_zip, qrnn_en_us_reco_20231010_fst_20230613_recospec_zip, pack_mapping_v1_lstm_20231127, transformer_latin_seg_tflite_20231010_zip, transformer_chinese_conf_tflite_20231016_zip, scribe_latin_20231123_recospec_zip, en_us_20230613_compact_fst_zip, scribe_chinese_20231123_tflite_zip, transformer_chinese_seg_tflite_20231016_zip, scribe_latin_20231123_tflite_zip, transformer_latin_conf_tflite_20231010_zip, scribe_chinese_20231123_recospec_zip, qrnn_zh_tw_reco_20231016_fst_20230706_recospec_zip] got for superpack: handwriting_recognition
02-12 12:48:48.169  1524  7666 I SuperDelight: SuperDelightBundledMetadataParser.addSystemLms():202 system lm dir /system/usr/share/ime/google/d3_lms does not exist or is not readable
02-12 12:48:48.169  1524  7666 I SuperDelight: SuperDelightBundledMetadataParser.parse():192 SuperDelightBundledMetadataParser#parse(): manifest parsed with 1 packs
02-12 12:48:48.170  1524  7114 I HandwritingOnlineSuperpacks: HandwritingOnlineSuperpacks.syncInternal():168 syncPackMapping()
02-12 12:48:48.173  1524  7114 I MDDSuperpacks: MDDSuperpacks.sync():223 sync requested for handwriting_recognition
02-12 12:48:48.180  1524  7114 I ManifestedDataDownloader: ManifestedDataDownloader.checkVersionAndDownload():91 filegroup __KLP_delight__en-840 with version 2025031300 is already downloaded
02-12 12:48:48.182  1524  7116 I ManifestedDataDownloader: ManifestedDataDownloader.checkVersionAndDownload():91 filegroup __KLP_delight__en-840 with version 2025031300 is already downloaded
02-12 12:48:48.182  1524  7195 I SuperDelight: SuperDelightManager.syncBundledLanguageModels():773 SuperDelightManager#syncBundledLanguageModels(): Syncing for version 2025021100
02-12 12:48:48.182  1524  7195 I MDDSuperpacks: MDDSuperpacks.sync():223 sync requested for bundled_delight
02-12 12:48:48.183  1524  7189 I MDDSuperpacks: MDDSuperpacks.getPacks():548 getting packs for superpack: bundled_delight
02-12 12:48:48.184  1524  7195 I LmManager: LmManager$1.onFailure():87 Bundled delight sync failed
02-12 12:48:48.184  1524  7195 I LmManager: java.util.concurrent.CancellationException: Task was cancelled.
02-12 12:48:48.184  1524  7195 I LmManager: 	at qcq.r(PG:33)
02-12 12:48:48.184  1524  7195 I LmManager: 	at qcq.get(PG:3)
02-12 12:48:48.184  1524  7195 I LmManager: 	at a.k(PG:2)
02-12 12:48:48.184  1524  7195 I LmManager: 	at pqu.E(PG:10)
02-12 12:48:48.184  1524  7195 I LmManager: 	at qek.run(PG:88)
02-12 12:48:48.184  1524  7195 I LmManager: 	at qds.execute(PG:1)
02-12 12:48:48.184  1524  7195 I LmManager: 	at qcq.h(PG:1)
02-12 12:48:48.184  1524  7195 I LmManager: 	at qcq.k(PG:101)
02-12 12:48:48.184  1524  7195 I LmManager: 	at qcq.cancel(PG:53)
02-12 12:48:48.184  1524  7195 I LmManager: 	at dmp.g(PG:37)
02-12 12:48:48.184  1524  7195 I LmManager: 	at dga.apply(PG:328)
02-12 12:48:48.184  1524  7195 I LmManager: 	at l$$ExternalSyntheticApiModelOutline0.m(D8$$SyntheticClass:42)
02-12 12:48:48.184  1524  7195 I LmManager: 	at dmt.x(PG:16)
02-12 12:48:48.184  1524  7195 I LmManager: 	at dmt.k(PG:14)
02-12 12:48:48.184  1524  7195 I LmManager: 	at djw.a(PG:504)
02-12 12:48:48.184  1524  7195 I LmManager: 	at qcs.e(PG:3)
02-12 12:48:48.184  1524  7195 I LmManager: 	at qcu.run(PG:38)
02-12 12:48:48.184  1524  7195 I LmManager: 	at jab.run(PG:51)
02-12 12:48:48.184  1524  7195 I LmManager: 	at java.util.concurrent.ThreadPoolExecutor.runWorker(ThreadPoolExecutor.java:1156)
02-12 12:48:48.184  1524  7195 I LmManager: 	at java.util.concurrent.ThreadPoolExecutor$Worker.run(ThreadPoolExecutor.java:651)
02-12 12:48:48.184  1524  7195 I LmManager: 	at java.lang.Thread.run(Thread.java:1119)
02-12 12:48:48.184  1524  7195 I LmManager: 	at izq.run(PG:8)
02-12 12:48:48.185  1524  7455 I MDDSuperpacks: MDDSuperpacks$2.onFailure():281 Sync for bundled_delight cancelled
02-12 12:48:48.194  1524  7410 I DownloadManager: DownloadManager.downloadInternal():412 Download for __SP_MANIFEST_hmmdictionary scheduled with params DownloadParams{allowMetered=true, requireCharging=false, foreground=false, immediately=true, priority=0}
02-12 12:48:48.195  1524  7410 I DownloadManager: DownloadManager.startDownload():495 start download of __SP_MANIFEST_hmmdictionary
02-12 12:48:48.200  1524  7116 I DelightKLPDownloader: DelightKLPDownloader$2.onSuccess():222 klp en_840 downloaded with version 2025031300
02-12 12:48:48.203  1524  7114 I DelightKLPDownloader: DelightKLPDownloader$2.onSuccess():222 klp en_840 downloaded with version 2025031300
02-12 12:48:48.206  1524  7667 I MDDSuperpacks: MDDSuperpacks.getPacks():548 getting packs for superpack: emoticon_content_description
02-12 12:48:48.254  1524  7665 I MDDSuperpacks: MDDSuperpacks$3.onSuccess():558 packs [] got for superpack: handwriting_recognition_offline
02-12 12:48:48.269  1524  7201 E MDDSuperpacks: MDDSuperpacks.parseManifest():476 cannot find metadata for delight_overrides
02-12 12:48:48.448   776  1332 V GrammaticalInflectionUtils: AttributionSource: android.content.AttributionSource@6dfec80e does not have READ_SYSTEM_GRAMMATICAL_GENDER permission.
02-12 12:48:48.518  1524  1524 I Choreographer: Skipped 30 frames!  The application may be doing too much work on its main thread.
02-12 12:48:48.525  7341  7341 D LifecycleMonitor: Lifecycle status change: com.hank.clawlive.WallpaperPreviewActivity@d936734 in: PAUSED
02-12 12:48:48.525  7341  7341 V ActivityScenario: Update currentActivityStage to PAUSED, currentActivity=com.hank.clawlive.WallpaperPreviewActivity@d936734
02-12 12:48:48.538  7391  7408 I EGL_emulation: Opening libGLESv1_CM_emulation.so
02-12 12:48:48.538  7391  7408 I EGL_emulation: Opening libGLESv2_emulation.so
02-12 12:48:48.572  7391  7408 W HWUI    : Failed to choose config with EGL_SWAP_BEHAVIOR_PRESERVED, retrying without...
02-12 12:48:48.575  1524  7410 I DownloadManager: DownloadManager$4.onSuccess():564 download for __SP_MANIFEST_hmmdictionary is finished with files # mxp@5365d94c
02-12 12:48:48.576  7391  7408 W HWUI    : Failed to initialize 101010-2 format, error = EGL_SUCCESS
02-12 12:48:48.599  1524  7117 I SuperDelight: SuperDelightBundledMetadataParser.addSystemLms():202 system lm dir /system/usr/share/ime/google/d3_lms does not exist or is not readable
02-12 12:48:48.599  1524  7117 I SuperDelight: SuperDelightBundledMetadataParser.parse():192 SuperDelightBundledMetadataParser#parse(): manifest parsed with 1 packs
02-12 12:48:48.600  1524  7454 I MDDSuperpacks: MDDSuperpacks.getPacks():548 getting packs for superpack: bundled_delight
02-12 12:48:48.629  1524  7454 I MDDSuperpacks: MDDSuperpacks$3.onSuccess():558 packs [transformer_latin_tflite_20231010_zip, transformer_chinese_tflite_20231016_zip, zh_tw_20230706_compact_fst_zip, qrnn_en_us_reco_20231010_fst_20230613_recospec_zip, pack_mapping_v1_lstm_20231127, transformer_latin_seg_tflite_20231010_zip, transformer_chinese_conf_tflite_20231016_zip, scribe_latin_20231123_recospec_zip, en_us_20230613_compact_fst_zip, scribe_chinese_20231123_tflite_zip, transformer_chinese_seg_tflite_20231016_zip, scribe_latin_20231123_tflite_zip, transformer_latin_conf_tflite_20231010_zip, scribe_chinese_20231123_recospec_zip, qrnn_zh_tw_reco_20231016_fst_20230706_recospec_zip] got for superpack: handwriting_recognition
02-12 12:48:48.632  1524  7113 I MDDSuperpacks: MDDSuperpacks.getPacks():548 getting packs for superpack: handwriting_recognition
02-12 12:48:48.636  1524  7435 E MDDSuperpacks: MDDSuperpacks.parseManifest():476 cannot find metadata for delight_overrides
02-12 12:48:48.670   556   556 I BpBinder: onLastStrongRef automatically unlinking death recipients:
02-12 12:48:48.708  1524  7669 I SuperDelight: SuperDelightBundledMetadataParser.addSystemLms():202 system lm dir /system/usr/share/ime/google/d3_lms does not exist or is not readable
02-12 12:48:48.711  1524  7201 I SuperDelight: SuperDelightBundledMetadataParser.addSystemLms():202 system lm dir /system/usr/share/ime/google/d3_lms does not exist or is not readable
02-12 12:48:48.774   671   756 W IPCThreadState: Sending oneway calls to frozen process.
02-12 12:48:48.835  1524  7669 I SuperDelight: SuperDelightBundledMetadataParser.parse():192 SuperDelightBundledMetadataParser#parse(): manifest parsed with 1 packs
02-12 12:48:48.836  1524  7196 I MDDSuperpacks: MDDSuperpacks$3.onSuccess():558 packs [7a635888cb828dfa2fc744b7b9b50f04, c5c37e938eec559132ebd6c6245d763a] got for superpack: emoticon_content_description
02-12 12:48:48.836  1524  7117 E MDDSuperpacks: MDDSuperpacks.parseManifest():476 cannot find metadata for delight_overrides
02-12 12:48:48.836  1524  7435 I MDDSuperpacks: MDDSuperpacks.getPacks():548 getting packs for superpack: emoticon_content_description
02-12 12:48:48.837  1524  7189 I SuperDelight: SuperDelightManager$2.onSuccess():635 bundled_delight sync success, adding to data file manager
02-12 12:48:48.844  1524  7195 I MDDSuperpacks: MDDSuperpacks.sync():223 sync requested for hmmdictionary
02-12 12:48:48.845  1524  7189 I DataFileManager: DataFileManager.addDataWithoutNotify():181 data en-US already exists
02-12 12:48:48.845  1524  7201 I SuperDelight: SuperDelightBundledMetadataParser.parse():192 SuperDelightBundledMetadataParser#parse(): manifest parsed with 1 packs
02-12 12:48:48.845  1524  7115 I MDDSuperpacks: MDDSuperpacks.getPacks():548 getting packs for superpack: handwriting_recognition
02-12 12:48:48.875   556  1250 I BpBinder: onLastStrongRef automatically unlinking death recipients:
02-12 12:48:48.882   776   822 W IPCThreadState: Sending oneway calls to frozen process.
02-12 12:48:48.883   776   822 W IPCThreadState: Sending oneway calls to frozen process.
02-12 12:48:48.901   776   822 W IPCThreadState: Sending oneway calls to frozen process.
02-12 12:48:48.907  1524  7834 I HWUI    : Davey! duration=701ms; Flags=0, FrameTimelineVsyncId=513283, IntendedVsync=5429919431360, Vsync=5430419431340, InputEventId=0, HandleInputStart=5430435903900, AnimationStart=5430435938800, PerformTraversalsStart=5430436250300, DrawStart=5430436390900, FrameDeadline=5430619431332, FrameStartTime=5430435269300, FrameInterval=16666666, WorkloadTarget=16666666, SyncQueued=5430436414500, SyncStart=5430438892300, IssueDrawCommandsStart=5430439088100, SwapBuffers=5430588930200, FrameCompleted=5430623759600, DequeueBufferDuration=72100, QueueBufferDuration=455400, GpuCompleted=5430623510000, SwapBuffersCompleted=5430623759600, DisplayPresentTime=9153005534666817544, CommandSubmissionCompleted=5430588930200,
02-12 12:48:48.969  1524  7201 I MDDSuperpacks: MDDSuperpacks$3.onSuccess():558 packs [transformer_latin_tflite_20231010_zip, transformer_chinese_tflite_20231016_zip, zh_tw_20230706_compact_fst_zip, qrnn_en_us_reco_20231010_fst_20230613_recospec_zip, pack_mapping_v1_lstm_20231127, transformer_latin_seg_tflite_20231010_zip, transformer_chinese_conf_tflite_20231016_zip, scribe_latin_20231123_recospec_zip, en_us_20230613_compact_fst_zip, scribe_chinese_20231123_tflite_zip, transformer_chinese_seg_tflite_20231016_zip, scribe_latin_20231123_tflite_zip, transformer_latin_conf_tflite_20231010_zip, scribe_chinese_20231123_recospec_zip, qrnn_zh_tw_reco_20231016_fst_20230706_recospec_zip] got for superpack: handwriting_recognition
02-12 12:48:48.977  1524  7441 I MDDSuperpacks: MDDSuperpacks$3.onSuccess():558 packs [main_en_us_2024102000_2] got for superpack: bundled_delight
02-12 12:48:49.050  1524  7441 I MDDSuperpacks: MDDSuperpacks.getPacks():548 getting packs for superpack: handwriting_recognition
02-12 12:48:49.093  1524  7454 I MDDSuperpacks: MDDSuperpacks$3.onSuccess():558 packs [main_en_us_2024102000_2] got for superpack: bundled_delight
02-12 12:48:49.129  1524  7441 I MDDSuperpacks: MDDSuperpacks$3.onSuccess():558 packs [transformer_latin_tflite_20231010_zip, transformer_chinese_tflite_20231016_zip, zh_tw_20230706_compact_fst_zip, qrnn_en_us_reco_20231010_fst_20230613_recospec_zip, pack_mapping_v1_lstm_20231127, transformer_latin_seg_tflite_20231010_zip, transformer_chinese_conf_tflite_20231016_zip, scribe_latin_20231123_recospec_zip, en_us_20230613_compact_fst_zip, scribe_chinese_20231123_tflite_zip, transformer_chinese_seg_tflite_20231016_zip, scribe_latin_20231123_tflite_zip, transformer_latin_conf_tflite_20231010_zip, scribe_chinese_20231123_recospec_zip, qrnn_zh_tw_reco_20231016_fst_20230706_recospec_zip] got for superpack: handwriting_recognition
02-12 12:48:49.132  1524  7665 I MDDSuperpacks: MDDSuperpacks.getPacks():548 getting packs for superpack: hmmdictionary
02-12 12:48:49.136  1524  7117 I MDDSuperpacks: MDDSuperpacks$2.onSuccess():274 Sync success for emoticon_content_description with result: {old=[7a635888cb828dfa2fc744b7b9b50f04, c5c37e938eec559132ebd6c6245d763a], new=[7a635888cb828dfa2fc744b7b9b50f04, c5c37e938eec559132ebd6c6245d763a], metadata=false, last batch=true}
02-12 12:48:49.136  1524  7196 I SuperDelight: SuperDelightBundledSlicingStrategy.getSlices():41 BundledSlicing#getSlices() : Locale = [en_US, zh_XD]
02-12 12:48:49.136  1524  7196 I SuperDelight: SuperDelightBundledSlicingStrategy.getSlices():67 BundledSlicing#getSlices(): result {slices=[bundled_delight:main_en_us_2024102000_2], last batch=true, sync metadata=false}
02-12 12:48:49.137  1524  7435 I MDDSuperpacks: MDDSuperpacks$3.onSuccess():558 packs [7a635888cb828dfa2fc744b7b9b50f04, c5c37e938eec559132ebd6c6245d763a] got for superpack: emoticon_content_description
02-12 12:48:49.140  1524  7113 I MDDSuperpacks: MDDSuperpacks.getPacks():548 getting packs for superpack: handwriting_recognition
02-12 12:48:49.140  1524  7117 I MDDSuperpacks: MDDSuperpacks.getPacks():548 getting packs for superpack: bundled_delight
02-12 12:48:49.421  1524  7113 I MDDSuperpacks: MDDSuperpacks.getPacks():548 getting packs for superpack: handwriting_recognition
02-12 12:48:49.428  1524  7665 I MDDSuperpacks: MDDSuperpacks$3.onSuccess():558 packs [transformer_latin_tflite_20231010_zip, transformer_chinese_tflite_20231016_zip, zh_tw_20230706_compact_fst_zip, qrnn_en_us_reco_20231010_fst_20230613_recospec_zip, pack_mapping_v1_lstm_20231127, transformer_latin_seg_tflite_20231010_zip, transformer_chinese_conf_tflite_20231016_zip, scribe_latin_20231123_recospec_zip, en_us_20230613_compact_fst_zip, scribe_chinese_20231123_tflite_zip, transformer_chinese_seg_tflite_20231016_zip, scribe_latin_20231123_tflite_zip, transformer_latin_conf_tflite_20231010_zip, scribe_chinese_20231123_recospec_zip, qrnn_zh_tw_reco_20231016_fst_20230706_recospec_zip] got for superpack: handwriting_recognition
02-12 12:48:49.431  1194  1194 D StatsLog: LAUNCHER_ONRESUME
02-12 12:48:49.438  1524  7117 I MDDSuperpacks: MDDSuperpacks$3.onSuccess():558 packs [transformer_latin_tflite_20231010_zip, transformer_chinese_tflite_20231016_zip, zh_tw_20230706_compact_fst_zip, qrnn_en_us_reco_20231010_fst_20230613_recospec_zip, pack_mapping_v1_lstm_20231127, transformer_latin_seg_tflite_20231010_zip, transformer_chinese_conf_tflite_20231016_zip, scribe_latin_20231123_recospec_zip, en_us_20230613_compact_fst_zip, scribe_chinese_20231123_tflite_zip, transformer_chinese_seg_tflite_20231016_zip, scribe_latin_20231123_tflite_zip, transformer_latin_conf_tflite_20231010_zip, scribe_chinese_20231123_recospec_zip, qrnn_zh_tw_reco_20231016_fst_20230706_recospec_zip] got for superpack: handwriting_recognition
02-12 12:48:49.445  1194  1194 D NexusLauncherModelDelegate: notifySmartspaceEvent: SmartspaceTargetEvent{mSmartspaceTarget=null, mSmartspaceActionId='null', mEventType=6}
02-12 12:48:49.573  1194  1260 D QuickstepModelDelegate: notifyAppTargetEvent action=1 launchLocation=workspace/0/[-1,-1]/[1,1]
02-12 12:48:49.580  1524  7665 I MDDSuperpacks: MDDSuperpacks$3.onSuccess():558 packs [main_en_us_2024102000_2] got for superpack: bundled_delight
02-12 12:48:49.599  1524  7196 I HandwritingSlicingStrategy: HandwritingSlicingStrategy.getSlices():44 getSlices(): handwriting_recognition.86 useForeground=true
02-12 12:48:49.600  1524  7196 I HandwritingSlicingStrategy: HandwritingSlicingStrategy.getSlices():103 getSlices(): result {slices=[{handwriting_recognition:pack_mapping_v1_lstm_20231127, m:*:*:*, fg}, {handwriting_recognition:transformer_latin_tflite_20231010_zip, m:*:*:*, fg}, {handwriting_recognition:qrnn_en_us_reco_20231010_fst_20230613_recospec_zip, m:*:*:*, fg}, {handwriting_recognition:transformer_latin_conf_tflite_20231010_zip, m:*:*:*, fg}, {handwriting_recognition:transformer_latin_seg_tflite_20231010_zip, m:*:*:*, fg}, {handwriting_recognition:en_us_20230613_compact_fst_zip, m:*:*:*, fg}, {handwriting_recognition:scribe_chinese_20231123_recospec_zip, m:*:*:*, fg}, {handwriting_recognition:scribe_chinese_20231123_tflite_zip, m:*:*:*, fg}, {handwriting_recognition:transformer_chinese_tflite_20231016_zip, m:*:*:*, fg}, {handwriting_recognition:zh_tw_20230706_compact_fst_zip, m:*:*:*, fg}, {handwriting_recognition:transformer_chinese_conf_tflite_20231016_zip, m:*:*:*, fg}, {handwriting_recognition:qrnn_zh_tw_reco_20231016_fst_20230706_recospec_zip, m:*:*:*, fg}, {handwriting_recognition:transformer_chinese_seg_tflite_20231016_zip, m:*:*:*, fg}, {handwriting_recognition:scribe_latin_20231123_tflite_zip, m:*:*:*, fg}, {handwriting_recognition:scribe_latin_20231123_recospec_zip, m:*:*:*, fg}], last batch=true, sync metadata=false}
02-12 12:48:49.606  1524  7454 I MDDSuperpacks: MDDSuperpacks$3.onSuccess():558 packs [transformer_latin_tflite_20231010_zip, transformer_chinese_tflite_20231016_zip, zh_tw_20230706_compact_fst_zip, qrnn_en_us_reco_20231010_fst_20230613_recospec_zip, pack_mapping_v1_lstm_20231127, transformer_latin_seg_tflite_20231010_zip, transformer_chinese_conf_tflite_20231016_zip, scribe_latin_20231123_recospec_zip, en_us_20230613_compact_fst_zip, scribe_chinese_20231123_tflite_zip, transformer_chinese_seg_tflite_20231016_zip, scribe_latin_20231123_tflite_zip, transformer_latin_conf_tflite_20231010_zip, scribe_chinese_20231123_recospec_zip, qrnn_zh_tw_reco_20231016_fst_20230706_recospec_zip] got for superpack: handwriting_recognition
02-12 12:48:49.623  1653  1847 I AiAiEcho: Predicting[0]:  [CONTEXT sampling_count=5 ]
02-12 12:48:49.628  1194  1194 D BaseDepthController: setSurface:
02-12 12:48:49.628  1194  1194 D BaseDepthController: 	mWaitingOnSurfaceValidity: false
02-12 12:48:49.628  1194  1194 D BaseDepthController: 	mBaseSurface: Surface(name=com.google.android.apps.nexuslauncher/com.google.android.apps.nexuslauncher.NexusLauncherActivity)/@0x4cd22b4
02-12 12:48:49.647  1524  7201 I LmManager: LmManager$1.onSuccess():82 Bundled delight sync success
02-12 12:48:49.648  1524  7195 I MDDSuperpacks: MDDSuperpacks.getPacks():548 getting packs for superpack: bundled_delight
02-12 12:48:49.648  1524  7665 I MDDSuperpacks: MDDSuperpacks.getPacks():548 getting packs for superpack: handwriting_recognition
02-12 12:48:49.656  1653  1847 I AiAiEcho: EchoTargets:
02-12 12:48:49.656  1653  1847 I AiAiEcho: Filtered by AiAi flag check:
02-12 12:48:49.656  1653  1847 I AiAiEcho: [CONTEXT ratelimit_period="10 SECONDS" ]
02-12 12:48:49.657  1653  1847 I AiAiEcho: #remoteViewsTwiddler: feature disabled.
02-12 12:48:49.658  1653  1847 I AiAiEcho: #postPredictionTargets: Sending updates to UISurface home with targets# 0 (types=[])
02-12 12:48:49.669  1524  7441 I MDDSuperpacks: MDDSuperpacks$2.onSuccess():274 Sync success for bundled_delight with result: {old=[main_en_us_2024102000_2], new=[main_en_us_2024102000_2], metadata=false, last batch=true}
02-12 12:48:49.681  1524  7665 I MDDSuperpacks: MDDSuperpacks$3.onSuccess():558 packs [transformer_latin_tflite_20231010_zip, transformer_chinese_tflite_20231016_zip, zh_tw_20230706_compact_fst_zip, qrnn_en_us_reco_20231010_fst_20230613_recospec_zip, pack_mapping_v1_lstm_20231127, transformer_latin_seg_tflite_20231010_zip, transformer_chinese_conf_tflite_20231016_zip, scribe_latin_20231123_recospec_zip, en_us_20230613_compact_fst_zip, scribe_chinese_20231123_tflite_zip, transformer_chinese_seg_tflite_20231016_zip, scribe_latin_20231123_tflite_zip, transformer_latin_conf_tflite_20231010_zip, scribe_chinese_20231123_recospec_zip, qrnn_zh_tw_reco_20231016_fst_20230706_recospec_zip] got for superpack: handwriting_recognition
02-12 12:48:49.682  1524  7441 I MDDSuperpacks: MDDSuperpacks$3.onSuccess():558 packs [zh_TW_2023110702] got for superpack: hmmdictionary
02-12 12:48:49.686  1524  7665 I DictionarySlicingStrategy: DictionarySlicingStrategy.getSlices():79 getSlices(): hmmdictionary.2025082201
02-12 12:48:49.686  1524  7665 I DictionarySlicingStrategy: DictionarySlicingStrategy.getSlices():109 getSlices(): result {slices=[hmmdictionary:zh_TW_2023110702], last batch=true, sync metadata=false}
02-12 12:48:49.693  1524  7441 I MDDSuperpacks: MDDSuperpacks.getPacks():548 getting packs for superpack: hmmdictionary
02-12 12:48:49.697  1524  7196 I MDDSuperpacks: MDDSuperpacks$3.onSuccess():558 packs [main_en_us_2024102000_2] got for superpack: bundled_delight
02-12 12:48:49.698  1524  7189 I SuperDelight: SuperDelightManager$2.onSuccess():635 bundled_delight sync success, adding to data file manager
02-12 12:48:49.698  1524  7189 I DataFileManager: DataFileManager.addDataWithoutNotify():181 data en-US already exists
02-12 12:48:49.799  1524  7201 I MDDSuperpacks: MDDSuperpacks$3.onSuccess():558 packs [transformer_latin_tflite_20231010_zip, transformer_chinese_tflite_20231016_zip, zh_tw_20230706_compact_fst_zip, qrnn_en_us_reco_20231010_fst_20230613_recospec_zip, pack_mapping_v1_lstm_20231127, transformer_latin_seg_tflite_20231010_zip, transformer_chinese_conf_tflite_20231016_zip, scribe_latin_20231123_recospec_zip, en_us_20230613_compact_fst_zip, scribe_chinese_20231123_tflite_zip, transformer_chinese_seg_tflite_20231016_zip, scribe_latin_20231123_tflite_zip, transformer_latin_conf_tflite_20231010_zip, scribe_chinese_20231123_recospec_zip, qrnn_zh_tw_reco_20231016_fst_20230706_recospec_zip] got for superpack: handwriting_recognition
02-12 12:48:49.801  1524  7196 I MDDSuperpacks: MDDSuperpacks$2.onSuccess():274 Sync success for hmmdictionary with result: {old=[zh_TW_2023110702], new=[zh_TW_2023110702], metadata=false, last batch=true}
02-12 12:48:49.802  1524  7410 I MDDSuperpacks: MDDSuperpacks$3.onSuccess():558 packs [zh_TW_2023110702] got for superpack: hmmdictionary
02-12 12:48:49.804  1524  7195 I SuperpacksManagerBase: SuperpacksManagerBase$2.onSyncSuccess():192 sync(): complete {old=[zh_TW_2023110702], new=[zh_TW_2023110702], metadata=false, last batch=true}
02-12 12:48:49.804  1524  7195 I MDDSuperpacks: MDDSuperpacks.getPacks():548 getting packs for superpack: hmmdictionary
02-12 12:48:49.824  1524  7441 I MDDSuperpacks: MDDSuperpacks$2.onSuccess():274 Sync success for handwriting_recognition with result: {old=[en_us_20230613_compact_fst_zip, pack_mapping_v1_lstm_20231127, qrnn_en_us_reco_20231010_fst_20230613_recospec_zip, qrnn_zh_tw_reco_20231016_fst_20230706_recospec_zip, scribe_chinese_20231123_recospec_zip, scribe_chinese_20231123_tflite_zip, scribe_latin_20231123_recospec_zip, scribe_latin_20231123_tflite_zip, transformer_chinese_conf_tflite_20231016_zip, transformer_chinese_seg_tflite_20231016_zip, transformer_chinese_tflite_20231016_zip, transformer_latin_conf_tflite_20231010_zip, transformer_latin_seg_tflite_20231010_zip, transformer_latin_tflite_20231010_zip, zh_tw_20230706_compact_fst_zip], new=[en_us_20230613_compact_fst_zip, pack_mapping_v1_lstm_20231127, qrnn_en_us_reco_20231010_fst_20230613_recospec_zip, qrnn_zh_tw_reco_20231016_fst_20230706_recospec_zip, scribe_chinese_20231123_recospec_zip, scribe_chinese_20231123_tflite_zip, scribe_latin_20231123_recospec_zip, scribe_latin_20231123_tflite_zip, transformer_chinese_conf_tflite_20231016_zip, transformer_chinese_seg_tflite_20231016_zip, transformer_chinese_tflite_20231016_zip, transformer_latin_conf_tflite_20231010_zip, transformer_latin_seg_tflite_20231010_zip, transformer_latin_tflite_20231010_zip, zh_tw_20230706_compact_fst_zip], metadata=false, last batch=true}
02-12 12:48:49.835  1524  7116 I HandwritingOnlineSuperpacks: HandwritingOnlineSuperpacks.syncInternal():187 syncInternal(): syncing packs
02-12 12:48:49.860  1524  7114 I HandwritingOnlineSuperpacks: HandwritingOnlineSuperpacks$2.onSyncSuccess():225 syncInternal(): complete {old=[en_us_20230613_compact_fst_zip, pack_mapping_v1_lstm_20231127, qrnn_en_us_reco_20231010_fst_20230613_recospec_zip, qrnn_zh_tw_reco_20231016_fst_20230706_recospec_zip, scribe_chinese_20231123_recospec_zip, scribe_chinese_20231123_tflite_zip, scribe_latin_20231123_recospec_zip, scribe_latin_20231123_tflite_zip, transformer_chinese_conf_tflite_20231016_zip, transformer_chinese_seg_tflite_20231016_zip, transformer_chinese_tflite_20231016_zip, transformer_latin_conf_tflite_20231010_zip, transformer_latin_seg_tflite_20231010_zip, transformer_latin_tflite_20231010_zip, zh_tw_20230706_compact_fst_zip], new=[en_us_20230613_compact_fst_zip, pack_mapping_v1_lstm_20231127, qrnn_en_us_reco_20231010_fst_20230613_recospec_zip, qrnn_zh_tw_reco_20231016_fst_20230706_recospec_zip, scribe_chinese_20231123_recospec_zip, scribe_chinese_20231123_tflite_zip, scribe_latin_20231123_recospec_zip, scribe_latin_20231123_tflite_zip, transformer_chinese_conf_tflite_20231016_zip, transformer_chinese_seg_tflite_20231016_zip, transformer_chinese_tflite_20231016_zip, transformer_latin_conf_tflite_20231010_zip, transformer_latin_seg_tflite_20231010_zip, transformer_latin_tflite_20231010_zip, zh_tw_20230706_compact_fst_zip], metadata=false, last batch=true}
02-12 12:48:49.860  1524  7114 I MDDSuperpacks: MDDSuperpacks.getPacks():548 getting packs for superpack: handwriting_recognition
02-12 12:48:49.873  1524  7189 I HmmDataFacilitator: HmmDataFacilitator.setDownloadedPacks():333 Opening pack for language zh_TW
02-12 12:48:49.878  1524  7196 I MDDSuperpacks: MDDSuperpacks$3.onSuccess():558 packs [transformer_latin_tflite_20231010_zip, transformer_chinese_tflite_20231016_zip, zh_tw_20230706_compact_fst_zip, qrnn_en_us_reco_20231010_fst_20230613_recospec_zip, pack_mapping_v1_lstm_20231127, transformer_latin_seg_tflite_20231010_zip, transformer_chinese_conf_tflite_20231016_zip, scribe_latin_20231123_recospec_zip, en_us_20230613_compact_fst_zip, scribe_chinese_20231123_tflite_zip, transformer_chinese_seg_tflite_20231016_zip, scribe_latin_20231123_tflite_zip, transformer_latin_conf_tflite_20231010_zip, scribe_chinese_20231123_recospec_zip, qrnn_zh_tw_reco_20231016_fst_20230706_recospec_zip] got for superpack: handwriting_recognition
02-12 12:48:49.881  1524  7114 I MDDSuperpacks: MDDSuperpacks.getPacks():548 getting packs for superpack: handwriting_recognition
02-12 12:48:49.890  1524  7114 I MDDSuperpacks: MDDSuperpacks.getPacks():548 getting packs for superpack: handwriting_recognition
02-12 12:48:49.893  1524  7441 I MDDSuperpacks: MDDSuperpacks$3.onSuccess():558 packs [zh_TW_2023110702] got for superpack: hmmdictionary
02-12 12:48:49.897  1524  7435 I MDDSuperpacks: MDDSuperpacks$3.onSuccess():558 packs [transformer_latin_tflite_20231010_zip, transformer_chinese_tflite_20231016_zip, zh_tw_20230706_compact_fst_zip, qrnn_en_us_reco_20231010_fst_20230613_recospec_zip, pack_mapping_v1_lstm_20231127, transformer_latin_seg_tflite_20231010_zip, transformer_chinese_conf_tflite_20231016_zip, scribe_latin_20231123_recospec_zip, en_us_20230613_compact_fst_zip, scribe_chinese_20231123_tflite_zip, transformer_chinese_seg_tflite_20231016_zip, scribe_latin_20231123_tflite_zip, transformer_latin_conf_tflite_20231010_zip, scribe_chinese_20231123_recospec_zip, qrnn_zh_tw_reco_20231016_fst_20230706_recospec_zip] got for superpack: handwriting_recognition
02-12 12:48:49.914  1524  7114 I MDDSuperpacks: MDDSuperpacks.getPacks():548 getting packs for superpack: handwriting_recognition
02-12 12:48:49.917  1524  7196 I MDDSuperpacks: MDDSuperpacks$3.onSuccess():558 packs [transformer_latin_tflite_20231010_zip, transformer_chinese_tflite_20231016_zip, zh_tw_20230706_compact_fst_zip, qrnn_en_us_reco_20231010_fst_20230613_recospec_zip, pack_mapping_v1_lstm_20231127, transformer_latin_seg_tflite_20231010_zip, transformer_chinese_conf_tflite_20231016_zip, scribe_latin_20231123_recospec_zip, en_us_20230613_compact_fst_zip, scribe_chinese_20231123_tflite_zip, transformer_chinese_seg_tflite_20231016_zip, scribe_latin_20231123_tflite_zip, transformer_latin_conf_tflite_20231010_zip, scribe_chinese_20231123_recospec_zip, qrnn_zh_tw_reco_20231016_fst_20230706_recospec_zip] got for superpack: handwriting_recognition
02-12 12:48:49.942  1524  7114 I MDDSuperpacks: MDDSuperpacks.getPacks():548 getting packs for superpack: handwriting_recognition_offline
02-12 12:48:49.945  1524  7435 I MDDSuperpacks: MDDSuperpacks$3.onSuccess():558 packs [transformer_latin_tflite_20231010_zip, transformer_chinese_tflite_20231016_zip, zh_tw_20230706_compact_fst_zip, qrnn_en_us_reco_20231010_fst_20230613_recospec_zip, pack_mapping_v1_lstm_20231127, transformer_latin_seg_tflite_20231010_zip, transformer_chinese_conf_tflite_20231016_zip, scribe_latin_20231123_recospec_zip, en_us_20230613_compact_fst_zip, scribe_chinese_20231123_tflite_zip, transformer_chinese_seg_tflite_20231016_zip, scribe_latin_20231123_tflite_zip, transformer_latin_conf_tflite_20231010_zip, scribe_chinese_20231123_recospec_zip, qrnn_zh_tw_reco_20231016_fst_20230706_recospec_zip] got for superpack: handwriting_recognition
02-12 12:48:49.949  1524  7196 W MDDSuperpacks: MDDSuperpacks.constructPackSet():578 file group is empty
02-12 12:48:49.951  1524  7435 I MDDSuperpacks: MDDSuperpacks$3.onSuccess():558 packs [] got for superpack: handwriting_recognition_offline
02-12 12:48:49.970  1524  7115 E HandwritingSuperpacksUtil: HandwritingSuperpacksUtil.getPackMappingPackName():40 No pack mapping pack found in []
02-12 12:48:49.970  1524  7115 I HandwritingSuperpacks: HandwritingSuperpacks.reloadCache():237 updatePackMappingsCache(): pack mapping pack unavailable [OFFLINE]
02-12 12:48:49.971  1524  7115 I MDDSuperpacks: MDDSuperpacks.getPacks():548 getting packs for superpack: handwriting_recognition
02-12 12:48:49.992  1194  1194 I NotificationListener: Handling notification state refresh for com.android.systemui#0
02-12 12:48:49.992  1194  1194 I NotificationListener: Handling notification state refresh for android#0
02-12 12:48:49.993  1194  1194 D SsBaseTemplateCard: No text view can be set up
02-12 12:48:49.994  1194  1194 D SsBaseTemplateCard: Passed-in item info is null
02-12 12:48:49.994  1194  1194 D SsBaseTemplateCard: Passed-in item info is null
02-12 12:48:49.994  1194  1194 D SsBaseTemplateCard: Passed-in item info is null
02-12 12:48:49.994  1194  1194 I SsBaseTemplateCard: Secondary card pane is null
