02-12 12:48:53.586  1524  1524 I InputMethodEntryManager: ull, displayAppCompletions=false, extraValues=kyb{}, processors=lac@9f2fa60, unacceptableMetaKeys=4098, languageSpecificSettings=0, asciiCapable=false, alwaysShowSuggestions=false, useAsciiPasswordKeyboard=false, secondaryIme=null, keyboardGroupDef=kzl@7fd5c8c, phenotypeFlagId=0, localizationLanguageTag=null, supportsInlineSuggestion=false}, kyj{stringId=phone_number, language=und-Latn-x-phone-number, languageTag=und-Latn-x-phone-number, processedConditions={}, className=com.google.android.libraries.inputmethod.ime.DummyIme, label=2132019096, keyEventInterpreter=null, inlineComposing=true, autoCapital=false, announceAutoSelectedCandidate=false, statusIcon=0, primeKeyboardType=SOFT, indicatorIcon=0, indicatorLabel=null, displayAppCompletions=false, extraValues=kyb{}, processors=lac@9f2fa60, unacceptableMetaKeys=4098, languageSpecificSettings=0, asciiCapable=false, alwaysShowSuggestions=false, useAsciiPasswordKeyboard=false, secondaryIme=null, keyboardGroupDef=kzl@95b3fd5, phenotypeFlagId=0, localizationLanguageTag=null, supportsInlineSuggestion=false}, kyj{stringId=date_time, language=und-Latn-x-date-time, languageTag=und-Latn-x-date-time, processedConditions={}, className=com.google.android.libraries.inputmethod.ime.DummyIme, label=2132017724, keyEventInterpreter=null, inlineComposing=true, autoCapital=false, announceAutoSelectedCandidate=false, statusIcon=0, primeKeyboardType=SOFT, indicatorIcon=0, indicatorLabel=null, displayAppCompletions=false, extraValues=kyb{}, processors=lac@9f2fa60, unacceptableMetaKeys=4098, languageSpecificSettings=0, asciiCapable=false, alwaysShowSuggestions=false, useAsciiPasswordKeyboard=false, secondaryIme=null, keyboardGroupDef=kzl@d0b43ea, phenotypeFlagId=0, localizationLanguageTag=null, supportsInlineSuggestion=false}, kyj{stringId=dummy_hard, language=en, languageTag=en, processedConditions={device=unknown}, className=com.google.android.apps.inputmethod.libs.latin5.LatinDummyIme, label=0, keyEventInterpreter=null, inlineComposing=true, autoCapital=false, announceAutoSelectedCandidate=true, statusIcon=0, primeKeyboardType=HARD_QWERTY, indicatorIcon=0, indicatorLabel=null, displayAppCompletions=false, extraValues=kyb{}, processors=lac@9f2fa60, unacceptableMetaKeys=4098, languageSpecificSettings=0, asciiCapable=false, alwaysShowSuggestions=false, useAsciiPasswordKeyboard=false, secondaryIme=null, keyboardGroupDef=kzl@d7966db, phenotypeFlagId=0, localizationLanguageTag=null, supportsInlineSuggestion=false}, kyj{stringId=password_floating_hard_qwerty, language=und-Latn-x-password, languageTag=und-Latn-x-password, processedConditions={}, className=com.google.android.libraries.inputmethod.ime.DummyIme, label=2132019097, keyEventInterpreter=null, inlineComposing=true, autoCapital=false, announceAutoSelectedCandidate=false, statusIcon=2131231749, primeKeyboardType=HARD_QWERTY, indicatorIcon=0, indicatorLabel=null, displayAppCompletions=false, extraValues=kyb{}, processors=lac@9f2fa60, unacceptableMetaKeys=4098, languageSpecificSettings=0, asciiCapable=false, alwaysShowSuggestions=false, useAsciiPasswordKeyboard=false, secondaryIme=null, keyboardGroupDef=kzl@269b578, phenotypeFlagId=0, localizationLanguageTag=null, supportsInlineSuggestion=false}, kyj{stringId=phone_number_floating_hard_qwerty, language=und-Latn-x-phone-number, languageTag=und-Latn-x-phone-number, processedConditions={}, className=com.google.android.libraries.inputmethod.ime.DummyIme, label=2132019097, keyEventInterpreter=null, inlineComposing=true, autoCapital=false, announceAutoSelectedCandidate=false, statusIcon=2131231925, primeKeyboardType=HARD_QWERTY, indicatorIcon=0, indicatorLabel=null, displayAppCompletions=false, extraValues=kyb{}, processors=lac@9f2fa60, unacceptableMetaKeys=4098, languageSpecificSettings=0, asciiCapable=false, alwaysShowSuggestions=false, useAsciiPasswordKeyboard=false, secondaryIme=null, keyboardGroupDef=kzl@f1d0451, phenotypeFlagId=0, localizationLanguageTag=null, supportsInlineSuggestion=false}, kyj{stringId=number
02-12 12:48:53.586  1524  1524 I InputMethodEntryManager: _floating_hard_qwerty, language=und-Latn-x-number, languageTag=und-Latn-x-number, processedConditions={}, className=com.google.android.libraries.inputmethod.ime.DummyIme, label=2132019097, keyEventInterpreter=null, inlineComposing=true, autoCapital=false, announceAutoSelectedCandidate=false, statusIcon=2131231925, primeKeyboardType=HARD_QWERTY, indicatorIcon=0, indicatorLabel=null, displayAppCompletions=false, extraValues=kyb{}, processors=lac@9f2fa60, unacceptableMetaKeys=4098, languageSpecificSettings=0, asciiCapable=false, alwaysShowSuggestions=false, useAsciiPasswordKeyboard=false, secondaryIme=null, keyboardGroupDef=kzl@e51b4b6, phenotypeFlagId=0, localizationLanguageTag=null, supportsInlineSuggestion=false}, kyj{stringId=date_time_floating_hard_qwerty, language=und-Latn-x-date-time, languageTag=und-Latn-x-date-time, processedConditions={}, className=com.google.android.libraries.inputmethod.ime.DummyIme, label=2132019097, keyEventInterpreter=null, inlineComposing=true, autoCapital=false, announceAutoSelectedCandidate=false, statusIcon=2131231925, primeKeyboardType=HARD_QWERTY, indicatorIcon=0, indicatorLabel=null, displayAppCompletions=false, extraValues=kyb{}, processors=lac@9f2fa60, unacceptableMetaKeys=4098, languageSpecificSettings=0, asciiCapable=false, alwaysShowSuggestions=false, useAsciiPasswordKeyboard=false, secondaryIme=null, keyboardGroupDef=kzl@89d95b7, phenotypeFlagId=0, localizationLanguageTag=null, supportsInlineSuggestion=false}]
02-12 12:48:53.587  1524  1524 I InputMethodEntryManager: InputMethodEntryManager.onSuccessLoadingAdditionalImeDefs():3063 Additional ImeDefs have been loaded, maybe notify entry change: true
02-12 12:48:53.587  1524  1524 I SystemSubtypesReportModule: SystemSubtypesReportModule$3.onCurrentInputMethodEntryChanged():149 entry: zh-TW, source: UNSPECIFIED
02-12 12:48:53.589  1524  1524 I SystemSubtypesReportModule: SystemSubtypesReportModule$3.onCurrentInputMethodEntryChanged():163 switchSubtype(zh-TW)
02-12 12:48:53.589  1194  1194 D StateManager: goToState - fromState: Normal, toState: Normal, partial trace:
02-12 12:48:53.589  1194  1194 D StateManager: 	at com.android.launcher3.statemanager.StateManager.moveToRestState(go/retraceme 72a59688580715d19f0e415c69e80376c2f062d1648c80db6730905005a27c20:4)
02-12 12:48:53.589  1194  1194 D StateManager: 	at com.android.launcher3.statemanager.StateManager.moveToRestState(go/retraceme 72a59688580715d19f0e415c69e80376c2f062d1648c80db6730905005a27c20:1)
02-12 12:48:53.589  1194  1194 D StateManager: 	at com.android.launcher3.statemanager.StatefulActivity.onStop(go/retraceme 72a59688580715d19f0e415c69e80376c2f062d1648c80db6730905005a27c20:34)
02-12 12:48:53.594  1194  1194 D StatsLog: LAUNCHER_ONSTOP
02-12 12:48:53.602  1194  1194 D StatsLog: LAUNCHER_GOOGLE_SEARCH_RESTORE_LIST_SIZE_AFTER_ACTIVITY_RESTART
02-12 12:48:53.610   776   911 I InputReader: Reconfiguring input devices, changes=KEYBOARD_LAYOUTS
02-12 12:48:53.673  1653  1661 I AiAiEcho: Settings changed for uri: content://settings/secure/input_methods_subtype_history
02-12 12:48:53.673  1653  1847 I AiAiEcho: Predicting[0]:  [CONTEXT sampling_count=5 ]
02-12 12:48:53.673  1653  1847 I AiAiEcho: EchoTargets:
02-12 12:48:53.673  1653  1847 I AiAiEcho: Filtered by AiAi flag check:
02-12 12:48:53.673  1653  1847 I AiAiEcho: [CONTEXT ratelimit_period="10 SECONDS" ]
02-12 12:48:53.674  1653  1847 I AiAiEcho: #remoteViewsTwiddler: feature disabled.
02-12 12:48:53.674  1653  1847 I AiAiEcho: Predicting[0]:  [CONTEXT sampling_count=5 ]
02-12 12:48:53.674  1653  1847 I AiAiEcho: EchoTargets:
02-12 12:48:53.674  1653  1847 I AiAiEcho: Filtered by AiAi flag check:
02-12 12:48:53.674  1653  1847 I AiAiEcho: [CONTEXT ratelimit_period="10 SECONDS" ]
02-12 12:48:53.675  1653  1847 I AiAiEcho: #remoteViewsTwiddler: feature disabled.
02-12 12:48:53.677  1653  1847 I AiAiEcho: #postPredictionTargets: Sending updates to UISurface home with targets# 0 (types=[])
02-12 12:48:53.677  1653  1847 I AiAiEcho: #postPredictionTargets: Sending updates to UISurface lockscreen with targets# 0 (types=[])
02-12 12:48:53.721   776  2005 W IPCThreadState: Sending oneway calls to frozen process.
02-12 12:48:53.722   776  2005 W IPCThreadState: Sending oneway calls to frozen process.
02-12 12:48:53.763   776   817 W IPCThreadState: Sending oneway calls to frozen process.
02-12 12:48:53.764   776   817 W IPCThreadState: Sending oneway calls to frozen process.
02-12 12:48:53.774  1194  1194 D SsBaseTemplateCard: No text view can be set up
02-12 12:48:53.774  1194  1194 D SsBaseTemplateCard: Passed-in item info is null
02-12 12:48:53.774  1194  1194 D SsBaseTemplateCard: Passed-in item info is null
02-12 12:48:53.774  1194  1194 D SsBaseTemplateCard: Passed-in item info is null
02-12 12:48:53.774  1194  1194 I SsBaseTemplateCard: Secondary card pane is null
02-12 12:48:53.792  8084  8084 W dumpsys : Thread Pool max thread count is 0. Cannot cache binder as linkToDeath cannot be implemented. serviceName: package
02-12 12:48:53.798  1653  1661 I AiAiEcho: Settings changed for uri: content://settings/secure/selected_input_method_subtype
02-12 12:48:53.814  1653  1847 I AiAiEcho: Predicting[0]:  [CONTEXT sampling_count=5 ]
02-12 12:48:53.814  1653  1847 I AiAiEcho: EchoTargets:
02-12 12:48:53.814  1653  1847 I AiAiEcho: Filtered by AiAi flag check:
02-12 12:48:53.814  1653  1847 I AiAiEcho: [CONTEXT ratelimit_period="10 SECONDS" ]
02-12 12:48:53.816  1653  1847 I AiAiEcho: #remoteViewsTwiddler: feature disabled.
02-12 12:48:53.819  1653  1847 I AiAiEcho: Predicting[0]:  [CONTEXT sampling_count=5 ]
02-12 12:48:53.820  1653  1847 I AiAiEcho: EchoTargets:
02-12 12:48:53.820  1653  1847 I AiAiEcho: Filtered by AiAi flag check:
02-12 12:48:53.820  1653  1847 I AiAiEcho: [CONTEXT ratelimit_period="10 SECONDS" ]
02-12 12:48:53.820  1653  1847 I AiAiEcho: #remoteViewsTwiddler: feature disabled.
02-12 12:48:53.831  1653  1847 I AiAiEcho: #postPredictionTargets: Sending updates to UISurface home with targets# 0 (types=[])
02-12 12:48:53.867  1524  7454 I DownloadManager: DownloadManager.downloadInternal():412 Download for __KLP_manifest_delight__en-840 scheduled with params DownloadParams{allowMetered=true, requireCharging=false, foreground=false, immediately=true, priority=0}
02-12 12:48:53.867  1524  7454 I DownloadManager: DownloadManager.startDownload():495 start download of __KLP_manifest_delight__en-840
02-12 12:48:53.922  1653  1847 I AiAiEcho: #postPredictionTargets: Sending updates to UISurface lockscreen with targets# 0 (types=[])
02-12 12:48:53.936  1524  7454 I DownloadManager: DownloadManager$4.onSuccess():564 download for __KLP_manifest_delight__en-840 is finished with files # mxp@1da44f1e
02-12 12:48:53.937  1524  7454 I DownloadManager: DownloadManager.downloadInternal():412 Download for __SP_MANIFEST_bundled_delight scheduled with params DownloadParams{allowMetered=true, requireCharging=false, foreground=false, immediately=true, priority=0}
02-12 12:48:53.938  1524  7454 I DownloadManager: DownloadManager.startDownload():495 start download of __SP_MANIFEST_bundled_delight
02-12 12:48:53.938  1524  7454 I DownloadManager: DownloadManager.downloadInternal():412 Download for __KLP_manifest_delight__en-840 scheduled with params DownloadParams{allowMetered=true, requireCharging=false, foreground=false, immediately=true, priority=0}
02-12 12:48:53.938  1524  7454 I DownloadManager: DownloadManager.startDownload():495 start download of __KLP_manifest_delight__en-840
02-12 12:48:53.939  1524  7454 I DownloadManager: DownloadManager$4.onSuccess():564 download for __SP_MANIFEST_bundled_delight is finished with files # mxp@58d99e11
02-12 12:48:53.940  1524  1524 W NotificationCenter: NotificationCenter$NotificationQueue.notifyPendingNotificationsOnExecutor():877 Heavy notify work detected on UI thread: [kds->ktx, kds->iic, kds->lwm, kds->lcn, kds->gkk, ldz->ldy] takes 169ms
02-12 12:48:53.940  1524  1524 I ModuleManager: ModuleManager$ModuleInitListener.maybeUnloadModuleOnUnavailable():1350 module dqa is unavailable
02-12 12:48:53.942  1524  1524 W NotificationCenter: NotificationCenter$NotificationQueue.notifyPendingNotificationsOnExecutor():877 Heavy notify work detected on UI thread: [kds->leg] takes 356ms
02-12 12:48:53.943  1524  1524 I ModuleManager: ModuleManager$ModuleInitListener.maybeUnloadModuleOnUnavailable():1350 module fxo is unavailable
02-12 12:48:53.950  1524  1524 I ExtensionManager: ExtensionManager.updateExtensionWrappersMap():230 The same notification is already processed
02-12 12:48:53.956  1524  7114 I MDDSuperpacks: MDDSuperpacks.getPacks():548 getting packs for superpack: handwriting_recognition
02-12 12:48:53.956  1524  7117 I MDDSuperpacks: MDDSuperpacks.getPacks():548 getting packs for superpack: emoticon_content_description
02-12 12:48:53.958  1524  7201 I MDDSuperpacks: MDDSuperpacks$3.onSuccess():558 packs [transformer_latin_tflite_20231010_zip, transformer_chinese_tflite_20231016_zip, zh_tw_20230706_compact_fst_zip, qrnn_en_us_reco_20231010_fst_20230613_recospec_zip, pack_mapping_v1_lstm_20231127, transformer_latin_seg_tflite_20231010_zip, transformer_chinese_conf_tflite_20231016_zip, scribe_latin_20231123_recospec_zip, en_us_20230613_compact_fst_zip, scribe_chinese_20231123_tflite_zip, transformer_chinese_seg_tflite_20231016_zip, scribe_latin_20231123_tflite_zip, transformer_latin_conf_tflite_20231010_zip, scribe_chinese_20231123_recospec_zip, qrnn_zh_tw_reco_20231016_fst_20230706_recospec_zip] got for superpack: handwriting_recognition
02-12 12:48:53.959  1524  7454 I DownloadManager: DownloadManager$4.onSuccess():564 download for __KLP_manifest_delight__en-840 is finished with files # mxp@1da44f1e
02-12 12:48:53.967  1524  7117 I MDDSuperpacks: MDDSuperpacks$3.onSuccess():558 packs [7a635888cb828dfa2fc744b7b9b50f04, c5c37e938eec559132ebd6c6245d763a] got for superpack: emoticon_content_description
02-12 12:48:53.968  1524  7114 I MDDSuperpacks: MDDSuperpacks.getPacks():548 getting packs for superpack: handwriting_recognition
02-12 12:48:53.968  1524  7454 I MDDSuperpacks: MDDSuperpacks$3.onSuccess():558 packs [transformer_latin_tflite_20231010_zip, transformer_chinese_tflite_20231016_zip, zh_tw_20230706_compact_fst_zip, qrnn_en_us_reco_20231010_fst_20230613_recospec_zip, pack_mapping_v1_lstm_20231127, transformer_latin_seg_tflite_20231010_zip, transformer_chinese_conf_tflite_20231016_zip, scribe_latin_20231123_recospec_zip, en_us_20230613_compact_fst_zip, scribe_chinese_20231123_tflite_zip, transformer_chinese_seg_tflite_20231016_zip, scribe_latin_20231123_tflite_zip, transformer_latin_conf_tflite_20231010_zip, scribe_chinese_20231123_recospec_zip, qrnn_zh_tw_reco_20231016_fst_20230706_recospec_zip] got for superpack: handwriting_recognition
02-12 12:48:53.970  1524  7454 I MDDSuperpacks: MDDSuperpacks.getPacks():548 getting packs for superpack: emoticon_content_description
02-12 12:48:53.978  1524  1524 I AbstractOpenableExtension: AbstractOpenableExtension.maybeDestroyExistingKeyboardGroupManager():537 Destroy existing keyboard group manager in fyg
02-12 12:48:53.978  1524  1524 I ModuleManager: ModuleManager$ModuleInitListener.maybeUnloadModuleOnUnavailable():1350 module IOcrEntryPointOpenableExtension is unavailable
02-12 12:48:53.981  1524  1524 W NotificationCenter: NotificationCenter$NotificationQueue.notifyPendingNotificationsOnExecutor():877 Heavy notify work detected on UI thread: [kds->leg] takes 28ms
02-12 12:48:53.982  1524  1524 I ExpressiveConceptsPredictionModuleImpl: ExpressiveConceptsPredictionModuleImpl.onDestroy():80 onDestroy()
02-12 12:48:53.982  1524  1524 I ModuleManager: ModuleManager$ModuleInitListener.maybeUnloadModuleOnUnavailable():1350 module ful is unavailable
02-12 12:48:53.985  1524  1524 I GoogleInputMethodService: GoogleInputMethodService.onCurrentInputMethodEntryChanged():2285 onCurrentInputMethodEntryChanged(): imeDefsChanged=true, entryLanguageVariantChanged=true, keyboardContextChanged=true
02-12 12:48:53.985  1524  1524 I GoogleInputMethodService: GoogleInputMethodService.clearInputMethodServiceData():1016 clearInputMethodServiceData for entryChange
02-12 12:48:53.986  1524  1524 I AbstractOpenableExtension: AbstractOpenableExtension.maybeDestroyExistingKeyboardGroupManager():537 Destroy existing keyboard group manager in fso
02-12 12:48:53.986  1524  1524 I AbstractOpenableExtension: AbstractOpenableExtension.createKeyboardGroupManagerListenableFuture():121 Create keyboard group manager listenable future in fso
02-12 12:48:53.986  1524  1524 I AbstractOpenableExtension: AbstractOpenableExtension.maybeDestroyExistingKeyboardGroupManager():537 Destroy existing keyboard group manager in fve
02-12 12:48:53.986  1524  1524 I AbstractOpenableExtension: AbstractOpenableExtension.createKeyboardGroupManagerListenableFuture():121 Create keyboard group manager listenable future in fve
02-12 12:48:53.986  1524  1524 I KeyboardHeightUtil: KeyboardHeightUtil.calculateMaxKeyboardBodyHeight():46 leave 281 height for app when ime window height:2219, header height:116 and isFullscreenMode:false, so the max keyboard body height is:1822
02-12 12:48:53.987  1524  1524 I KeyboardModeManager: KeyboardModeManager.onCurrentInputMethodEntryChanged():1400 Reload data for context change
02-12 12:48:53.988  1524  1524 I GoogleInputMethodService: GoogleInputMethodService.initializeInputMethodServiceData():834 initializeInputMethodServiceData for kek{languageTag=zh-TW, variant=zhuyin, hasLocalizedResources=true, conditionCacheKey=_app_first_start_timestamp=1770813848499_cache_additional_ime_defs_for_condition_change=false_cache_ime_defs_for_condition_change=false_deprecate_long_press_space_for_ime_picker=false_device=phone_device_size=default_enable_access_points_in_password_number=false_enable_chinese_inline_composing_shape_based=true_enable_chinese_inline_composing_zh_tw=true_enable_flick_symbols=true_enable_more_candidates_view_for_multilingual=false_enable_number_row=false_enable_preemptive_decode=true_enable_premium_exp_tablet_layout_change=false_enable_secondary_digits=true_enable_secondary_symbols=false_enable_voice_in_chinese=true_expressions=normal_four_or_more_letter_rows=false_keyboard_mode=normal_language=zh-TW_layout_9key_split=false_orientation=portrait_physical_keyboard=qwerty_pref_enable_chinese_inline_composing_tw=false_rtl_layout=false_show_secondary_digits=true_show_suggestions=true_split_with_duplicate_keys=true_variant=zhuyin_zhuyin_use_staggered_layout=false, imeDef.stringId=ime_zh_tw_zhuyin, imeDef.className=com.google.android.apps.inputmethod.libs.chinese.ime.AsyncChineseProcessorBasedIme, imeDef.languageTag=zh-XD}
02-12 12:48:53.997   776  2005 D FileUtils: Rounded bytes from 2067259392 to 4000000000
02-12 12:48:54.009  1524  7195 I KeyboardGroupDefParser: KeyboardGroupDefParser.parseKeyboardGroupDef():86 parseKeyboardGroupDef() 2132214028 -> 0_resource_name_obfuscated : WaitTime = 23 ms : RunTime = 1 ms
02-12 12:48:54.009  1524  7189 I KeyboardGroupDefParser: KeyboardGroupDefParser.parseKeyboardGroupDef():86 parseKeyboardGroupDef() 2132214032 -> 0_resource_name_obfuscated : WaitTime = 22 ms : RunTime = 1 ms
02-12 12:48:54.013  1524  1524 I KeyboardThemeProvider: KeyboardThemeProvider.applyKeyboardTheme():27 Apply keyboard theme: theme_!gsf_!pgsans_!pgsf_!use_system_font_BORDER=true_FLAVOR_DPI=XXHDPI_KEYBOARD_WIDTH_CATEGORY=NORMAL_LIGHT_THEME=true_PHYSICAL_DIAGONAL=6.0111027_SCREEN_SHORTEST_WIDTH=411_SCREEN_SHORTEST_WIDTH_NO_SCALE=411_bottom4dp_enable_google_fonts_icons=true_enable_popup_on_keypress=true_keyboard_redesign_google_sans=true_noshadow_overlay_builtin_dynamic_color_light_base.binarypb:gm3-light-fffaf8ff-ff475d92-6dac7c28fa7faa76f8370bbfdbc77981_silkpopup_unify_function_key_color=true
02-12 12:48:54.016  1524  7189 I SuperDelight: SuperDelightManager.syncOverridesLanguageModels():687 SuperDelightManager#syncOverridesLanguageModels(): Superpack delight_overrides not found or negative version provided
02-12 12:48:54.031  1524  7195 I MDDSuperpacks: MDDSuperpacks.getPacks():548 getting packs for superpack: delight_overrides
02-12 12:48:54.047  1059  1458 I HWUI    : Davey! duration=759ms; Flags=0, FrameTimelineVsyncId=514681, IntendedVsync=5435002764490, Vsync=5435469431138, InputEventId=0, HandleInputStart=5435482632600, AnimationStart=5435482666500, PerformTraversalsStart=5435485739700, DrawStart=5435485848900, FrameDeadline=5435619431132, FrameStartTime=5435479206100, FrameInterval=16666666, WorkloadTarget=16666666, SyncQueued=5435486228100, SyncStart=5435486548400, IssueDrawCommandsStart=5435486698600, SwapBuffers=5435567968200, FrameCompleted=5435762466000, DequeueBufferDuration=38300, QueueBufferDuration=264500, GpuCompleted=5435762466000, SwapBuffersCompleted=5435704599800, DisplayPresentTime=0, CommandSubmissionCompleted=5435567968200,
02-12 12:48:54.088  1524  1524 I AndroidIME: InputBundleManager.loadActiveInputBundleId():483 loadActiveInputBundleId: und-Latn-x-password-ascii, password_ascii
02-12 12:48:54.088  1524  1524 W NotificationCenter: NotificationCenter$NotificationQueue.notifyPendingNotificationsOnExecutor():877 Heavy notify work detected on UI thread: [kds->kgi] takes 104ms
02-12 12:48:54.098  1524  1524 W NotificationCenter: NotificationCenter$NotificationQueue.notifyPendingNotificationsOnExecutor():877 Heavy notify work detected on UI thread: [kig->jjs] takes 649ms
02-12 12:48:54.111  1524  1524 I Choreographer: Skipped 46 frames!  The application may be doing too much work on its main thread.
02-12 12:48:54.113  1524  1524 I HandwritingSuperpacks: HandwritingSuperpacks.register():273 register(): version '86', url 'https://dl.google.com/handwriting/models/handwriting_release.superpack_manifest.20231127.json' [ONLINE]
02-12 12:48:54.115  1524  1524 I HandwritingOfflineSuperpacks: HandwritingOfflineSuperpacks.syncInternal():80 no bundled lm for handwriting.
02-12 12:48:54.115  1524  1524 I DictionarySuperpacksManager: DictionarySuperpacksManager$1.onEnabledInputMethodEntriesChanged():65 onEnabledInputMethodEntriesChanged
02-12 12:48:54.121  1524  1524 I SuperpacksManagerBase: SuperpacksManagerBase.registerSuperpackManifest():117 registerSuperpackManifest()
02-12 12:48:54.121  1524  1524 I SuperpacksManagerBase: SuperpacksManagerBase.getMetadataUriAndVersion():278 getMetadataUriAndVersion() :  2025082201 : https://www.gstatic.com/android/keyboard/hmmpack/2024120903/metadata_2024120903.json
02-12 12:48:54.121  1524  1524 I PKIndicatorController: PKIndicatorController$3.maybeShowLanguageSwitchIndicator():137 Entry changed. Showing language indicator.
02-12 12:48:54.137  1524  1524 I SystemSubtypesReportModule: SystemSubtypesReportModule$4.onSetCurrentInputMethodSubtype():192 zh_TW
02-12 12:48:54.137  1524  1524 I SystemSubtypesReportModule: SystemSubtypesReportModule$4.onSetCurrentInputMethodSubtype():204 Subtype zh_TW was caused by entry
02-12 12:48:54.158  1524  7667 I SuperDelight: SuperDelightBundledMetadataParser.addSystemLms():202 system lm dir /system/usr/share/ime/google/d3_lms does not exist or is not readable
02-12 12:48:54.158  1524  7667 I SuperDelight: SuperDelightBundledMetadataParser.parse():192 SuperDelightBundledMetadataParser#parse(): manifest parsed with 1 packs
02-12 12:48:54.187  1524  1524 I AbstractOpenableExtension: AbstractOpenableExtension$3.onSuccess():555 KeyboardGroupManager destroyed in fyg.
02-12 12:48:54.187  1524  1524 I AbstractOpenableExtension: AbstractOpenableExtension$3.onSuccess():555 KeyboardGroupManager destroyed in fso.
02-12 12:48:54.187  1524  1524 I AbstractOpenableExtension: AbstractOpenableExtension$3.onSuccess():555 KeyboardGroupManager destroyed in fve.
02-12 12:48:54.211  1524  7667 I MDDSuperpacks: MDDSuperpacks$3.onSuccess():558 packs [transformer_latin_tflite_20231010_zip, transformer_chinese_tflite_20231016_zip, zh_tw_20230706_compact_fst_zip, qrnn_en_us_reco_20231010_fst_20230613_recospec_zip, pack_mapping_v1_lstm_20231127, transformer_latin_seg_tflite_20231010_zip, transformer_chinese_conf_tflite_20231016_zip, scribe_latin_20231123_recospec_zip, en_us_20230613_compact_fst_zip, scribe_chinese_20231123_tflite_zip, transformer_chinese_seg_tflite_20231016_zip, scribe_latin_20231123_tflite_zip, transformer_latin_conf_tflite_20231010_zip, scribe_chinese_20231123_recospec_zip, qrnn_zh_tw_reco_20231016_fst_20230706_recospec_zip] got for superpack: handwriting_recognition
02-12 12:48:54.239  1524  7454 I MDDSuperpacks: MDDSuperpacks$3.onSuccess():558 packs [7a635888cb828dfa2fc744b7b9b50f04, c5c37e938eec559132ebd6c6245d763a] got for superpack: emoticon_content_description
02-12 12:48:54.256  1194  1194 D SsBaseTemplateCard: No text view can be set up
02-12 12:48:54.256  1194  1194 D SsBaseTemplateCard: Passed-in item info is null
02-12 12:48:54.270  1524  7114 I MDDSuperpacks: MDDSuperpacks.getPacks():548 getting packs for superpack: handwriting_recognition
02-12 12:48:54.272  1524  7115 I ManifestedDataDownloader: ManifestedDataDownloader.checkVersionAndDownload():91 filegroup __KLP_delight__en-840 with version 2025031300 is already downloaded
02-12 12:48:54.275  1524  7116 I DelightKLPDownloader: DelightKLPDownloader$2.onSuccess():222 klp en_840 downloaded with version 2025031300
02-12 12:48:54.279  1194  1194 D SsBaseTemplateCard: Passed-in item info is null
02-12 12:48:54.280  1194  1194 D SsBaseTemplateCard: Passed-in item info is null
02-12 12:48:54.280  1194  1194 I SsBaseTemplateCard: Secondary card pane is null
02-12 12:48:54.285  1524  7201 W MDDSuperpacks: MDDSuperpacks.constructPackSet():578 file group is empty
02-12 12:48:54.287  1524  7669 I MDDSuperpacks: MDDSuperpacks$3.onSuccess():558 packs [] got for superpack: delight_overrides
02-12 12:48:54.292  1524  7189 I SuperDelight: SuperDelightManager$2.onSuccess():635 delight_overrides sync success, adding to data file manager
02-12 12:48:54.329  1059  1059 W PageIndicator: Total number of pages invalid: 0. Assuming 1 page.
02-12 12:48:54.337  1524  7454 E MDDSuperpacks: MDDSuperpacks.parseManifest():476 cannot find metadata for delight_overrides
02-12 12:48:54.357  1059  1059 I Choreographer: Skipped 47 frames!  The application may be doing too much work on its main thread.
02-12 12:48:54.358   671   756 W IPCThreadState: Sending oneway calls to frozen process.
02-12 12:48:54.362  1524  7435 I SuperDelight: SuperDelightBundledMetadataParser.addSystemLms():202 system lm dir /system/usr/share/ime/google/d3_lms does not exist or is not readable
02-12 12:48:54.362  1524  7435 I SuperDelight: SuperDelightBundledMetadataParser.parse():192 SuperDelightBundledMetadataParser#parse(): manifest parsed with 1 packs
02-12 12:48:54.371  1524  7667 I SuperDelight: SuperDelightBundledMetadataParser.addSystemLms():202 system lm dir /system/usr/share/ime/google/d3_lms does not exist or is not readable
02-12 12:48:54.376  1524  7410 E MDDSuperpacks: MDDSuperpacks.parseManifest():476 cannot find metadata for delight_overrides
02-12 12:48:54.376  1524  7115 I ManifestedDataDownloader: ManifestedDataDownloader.checkVersionAndDownload():91 filegroup __KLP_delight__en-840 with version 2025031300 is already downloaded
02-12 12:48:54.415  1524  7667 I SuperDelight: SuperDelightBundledMetadataParser.parse():192 SuperDelightBundledMetadataParser#parse(): manifest parsed with 1 packs
02-12 12:48:54.421  1524  7117 I MDDSuperpacks: MDDSuperpacks$2.onSuccess():274 Sync success for emoticon_content_description with result: {old=[7a635888cb828dfa2fc744b7b9b50f04, c5c37e938eec559132ebd6c6245d763a], new=[7a635888cb828dfa2fc744b7b9b50f04, c5c37e938eec559132ebd6c6245d763a], metadata=false, last batch=true}
02-12 12:48:54.428  1059  1458 I HWUI    : Davey! duration=1154ms; Flags=1, FrameTimelineVsyncId=514681, IntendedVsync=5435002764490, Vsync=5435469431138, InputEventId=0, HandleInputStart=5435482632600, AnimationStart=5435482666500, PerformTraversalsStart=5435485739700, DrawStart=5435993629000, FrameDeadline=5435019431156, FrameStartTime=5435479206100, FrameInterval=16666666, WorkloadTarget=16666666, SyncQueued=5436007817000, SyncStart=5436109744400, IssueDrawCommandsStart=5436147198000, SwapBuffers=5436149412400, FrameCompleted=5436259562200, DequeueBufferDuration=107200, QueueBufferDuration=5389300, GpuCompleted=5436259562200, SwapBuffersCompleted=5436229721500, DisplayPresentTime=0, CommandSubmissionCompleted=5436149412400,
02-12 12:48:54.429  1988  4248 I artd    : GetBestInfo: odex next to the dex file (/data/app/~~FHj_2wo0r6E2oGCGfU0o7g==/com.google.android.gms--LXJHOaqr-1sEUWd8Qrf3w==/oat/x86_64/base.odex) is kOatUpToDate with filter 'speed-profile' executable 'false'
02-12 12:48:54.434  1524  7195 I SuperDelight: SuperDelightManager.syncBundledLanguageModels():773 SuperDelightManager#syncBundledLanguageModels(): Syncing for version 2025021100
02-12 12:48:54.434  1524  7195 I MDDSuperpacks: MDDSuperpacks.sync():223 sync requested for bundled_delight
02-12 12:48:54.434  1524  7195 I SuperpacksManagerBase: SuperpacksManagerBase.registerSuperpackManifest():134 registerSuperpackManifest(): current 2025082201, required 2025082201
02-12 12:48:54.460  1988  4248 I artd    : GetBestInfo: odex next to the dex file (/data/app/~~FHj_2wo0r6E2oGCGfU0o7g==/com.google.android.gms--LXJHOaqr-1sEUWd8Qrf3w==/oat/x86_64/split_AdsDynamite_installtime.odex) is kOatUpToDate with filter 'speed' executable 'false'
02-12 12:48:54.471  1988  4248 I artd    : GetBestInfo: odex next to the dex file (/data/app/~~FHj_2wo0r6E2oGCGfU0o7g==/com.google.android.gms--LXJHOaqr-1sEUWd8Qrf3w==/oat/x86_64/split_CronetDynamite_installtime.odex) is kOatUpToDate with filter 'speed-profile' executable 'false'
02-12 12:48:54.473   776   872 V GrammaticalInflectionUtils: AttributionSource: android.content.AttributionSource@6dfec80e does not have READ_SYSTEM_GRAMMATICAL_GENDER permission.
02-12 12:48:54.490  1988  4248 I artd    : GetBestInfo: odex next to the dex file (/data/app/~~FHj_2wo0r6E2oGCGfU0o7g==/com.google.android.gms--LXJHOaqr-1sEUWd8Qrf3w==/oat/x86_64/split_DynamiteLoader_installtime.odex) is kOatUpToDate with filter 'speed' executable 'false'
02-12 12:48:54.491  1059  1059 W PageIndicator: Total number of pages invalid: 0. Assuming 1 page.
02-12 12:48:54.494  1524  7115 I DelightKLPDownloader: DelightKLPDownloader$2.onSuccess():222 klp en_840 downloaded with version 2025031300
02-12 12:48:54.522  7341  7341 D LifecycleMonitor: Lifecycle status change: com.hank.clawlive.WallpaperPreviewActivity@89be7a1 in: PAUSED
02-12 12:48:54.522  7341  7341 V ActivityScenario: Update currentActivityStage to PAUSED, currentActivity=com.hank.clawlive.WallpaperPreviewActivity@89be7a1
02-12 12:48:54.524  1988  4248 I artd    : GetBestInfo: odex next to the dex file (/data/app/~~FHj_2wo0r6E2oGCGfU0o7g==/com.google.android.gms--LXJHOaqr-1sEUWd8Qrf3w==/oat/x86_64/split_DynamiteModulesA_installtime.odex) is kOatUpToDate with filter 'speed' executable 'false'
02-12 12:48:54.534  1988  4248 I artd    : GetBestInfo: odex next to the dex file (/data/app/~~FHj_2wo0r6E2oGCGfU0o7g==/com.google.android.gms--LXJHOaqr-1sEUWd8Qrf3w==/oat/x86_64/split_DynamiteModulesC_installtime.odex) is kOatUpToDate with filter 'speed' executable 'false'
02-12 12:48:54.539  7391  7408 I EGL_emulation: Opening libGLESv1_CM_emulation.so
02-12 12:48:54.539  7391  7408 I EGL_emulation: Opening libGLESv2_emulation.so
02-12 12:48:54.578  1059  1059 W PageIndicator: Total number of pages invalid: 0. Assuming 1 page.
02-12 12:48:54.599   556   556 I BpBinder: onLastStrongRef automatically unlinking death recipients:
02-12 12:48:54.602  1059  2837 I HWUI    : Davey! duration=940ms; Flags=0, FrameTimelineVsyncId=514876, IntendedVsync=5435486097804, Vsync=5436269431106, InputEventId=0, HandleInputStart=5436274921700, AnimationStart=5436274954100, PerformTraversalsStart=5436275077100, DrawStart=5436279621000, FrameDeadline=5436286097772, FrameStartTime=5436274204800, FrameInterval=16666666, WorkloadTarget=16666666, SyncQueued=5436279636100, SyncStart=5436280128100, IssueDrawCommandsStart=5436280244000, SwapBuffers=5436324919100, FrameCompleted=5436426878900, DequeueBufferDuration=39900, QueueBufferDuration=4292600, GpuCompleted=5436426878900, SwapBuffersCompleted=5436367155100, DisplayPresentTime=0, CommandSubmissionCompleted=5436324919100,
02-12 12:48:54.623  7391  7408 W HWUI    : Failed to choose config with EGL_SWAP_BEHAVIOR_PRESERVED, retrying without...
02-12 12:48:54.625  1524  7667 I MDDSuperpacks: MDDSuperpacks$3.onSuccess():558 packs [transformer_latin_tflite_20231010_zip, transformer_chinese_tflite_20231016_zip, zh_tw_20230706_compact_fst_zip, qrnn_en_us_reco_20231010_fst_20230613_recospec_zip, pack_mapping_v1_lstm_20231127, transformer_latin_seg_tflite_20231010_zip, transformer_chinese_conf_tflite_20231016_zip, scribe_latin_20231123_recospec_zip, en_us_20230613_compact_fst_zip, scribe_chinese_20231123_tflite_zip, transformer_chinese_seg_tflite_20231016_zip, scribe_latin_20231123_tflite_zip, transformer_latin_conf_tflite_20231010_zip, scribe_chinese_20231123_recospec_zip, qrnn_zh_tw_reco_20231016_fst_20230706_recospec_zip] got for superpack: handwriting_recognition
02-12 12:48:54.629  7391  7408 W HWUI    : Failed to initialize 101010-2 format, error = EGL_SUCCESS
02-12 12:48:54.634  1988  4248 I artd    : GetBestInfo: odex next to the dex file (/data/app/~~FHj_2wo0r6E2oGCGfU0o7g==/com.google.android.gms--LXJHOaqr-1sEUWd8Qrf3w==/oat/x86_64/split_GoogleCertificates_installtime.odex) is kOatUpToDate with filter 'speed' executable 'false'
02-12 12:48:54.662  1524  7117 I SuperDelight: SuperDelightBundledMetadataParser.addSystemLms():202 system lm dir /system/usr/share/ime/google/d3_lms does not exist or is not readable
02-12 12:48:54.665  1988  4248 I artd    : GetBestInfo: odex next to the dex file (/data/app/~~FHj_2wo0r6E2oGCGfU0o7g==/com.google.android.gms--LXJHOaqr-1sEUWd8Qrf3w==/oat/x86_64/split_MapsDynamite_installtime.odex) is kOatUpToDate with filter 'speed' executable 'false'
02-12 12:48:54.670  1988  4248 I artd    : GetBestInfo: odex next to the dex file (/data/app/~~FHj_2wo0r6E2oGCGfU0o7g==/com.google.android.gms--LXJHOaqr-1sEUWd8Qrf3w==/oat/x86_64/split_MeasurementDynamite_installtime.odex) is kOatUpToDate with filter 'speed' executable 'false'
02-12 12:48:54.682  1524  7667 I SuperDelight: SuperDelightBundledMetadataParser.addSystemLms():202 system lm dir /system/usr/share/ime/google/d3_lms does not exist or is not readable
02-12 12:48:54.683  1988  4248 I artd    : GetBestInfo: /data/app/~~FHj_2wo0r6E2oGCGfU0o7g==/com.google.android.gms--LXJHOaqr-1sEUWd8Qrf3w==/split_maps_core_dynamite_ondemand.apk has no usable artifacts
02-12 12:48:54.708  1988  4248 I artd    : GetBestInfo: /data/user_de/0/com.google.android.gms/app_chimera/m/0000000d/dl-Appsearch.optional_250834100800.apk has no usable artifacts
02-12 12:48:54.712  1988  4248 I artd    : GetBestInfo: /data/user_de/0/com.google.android.gms/app_chimera/m/00000013/dl-MlkitBarcodeUi.optional_260235100800.apk has no usable artifacts
02-12 12:48:54.713   776   817 W IPCThreadState: Sending oneway calls to frozen process.
02-12 12:48:54.713   776   817 W IPCThreadState: Sending oneway calls to frozen process.
02-12 12:48:54.714   776   817 W IPCThreadState: Sending oneway calls to frozen process.
02-12 12:48:54.714   776   817 W IPCThreadState: Sending oneway calls to frozen process.
02-12 12:48:54.714   776   817 W IPCThreadState: Sending oneway calls to frozen process.
02-12 12:48:54.714   776   817 W IPCThreadState: Sending oneway calls to frozen process.
02-12 12:48:54.715   776   817 W IPCThreadState: Sending oneway calls to frozen process.
02-12 12:48:54.715   776   817 W IPCThreadState: Sending oneway calls to frozen process.
02-12 12:48:54.715   776   817 W IPCThreadState: Sending oneway calls to frozen process.
02-12 12:48:54.718   776   817 W IPCThreadState: Sending oneway calls to frozen process.
02-12 12:48:54.721  1988  4248 I artd    : GetBestInfo: /data/user_de/0/com.google.android.gms/app_chimera/m/00000001/CronetDynamite.apk has no usable artifacts
02-12 12:48:54.732   776   817 W IPCThreadState: Sending oneway calls to frozen process.
02-12 12:48:54.732   776   817 W IPCThreadState: Sending oneway calls to frozen process.
02-12 12:48:54.732   776   817 W IPCThreadState: Sending oneway calls to frozen process.
02-12 12:48:54.732   776   817 W IPCThreadState: Sending oneway calls to frozen process.
02-12 12:48:54.733   776   817 W IPCThreadState: Sending oneway calls to frozen process.
02-12 12:48:54.733   776   817 W IPCThreadState: Sending oneway calls to frozen process.
02-12 12:48:54.733   776   817 W IPCThreadState: Sending oneway calls to frozen process.
02-12 12:48:54.733   776   817 W IPCThreadState: Sending oneway calls to frozen process.
02-12 12:48:54.734   776   817 W IPCThreadState: Sending oneway calls to frozen process.
02-12 12:48:54.734   776   817 W IPCThreadState: Sending oneway calls to frozen process.
02-12 12:48:54.734   776   817 W IPCThreadState: Sending oneway calls to frozen process.
02-12 12:48:54.736  1988  4248 I artd    : GetBestInfo: /data/user_de/0/com.google.android.gms/app_chimera/m/0000000b/dl-TfliteDynamiteDynamite.integ_252130102100800.apk has no usable artifacts
02-12 12:48:54.737  1988  4248 I artd    : GetBestInfo: /data/user_de/0/com.google.android.gms/app_chimera/m/00000002/DynamiteLoader.apk has no usable artifacts
02-12 12:48:54.739  1988  4248 I artd    : GetBestInfo: /data/user_de/0/com.google.android.gms/app_chimera/m/00000012/dl-Appsearch.optional_260235100800.apk has no usable artifacts
02-12 12:48:54.743  1988  4248 I artd    : GetBestInfo: /data/user_de/0/com.google.android.gms/app_chimera/m/00000005/GoogleCertificates.apk has no usable artifacts
02-12 12:48:54.747   776   817 W IPCThreadState: Sending oneway calls to frozen process.
02-12 12:48:54.749   776   817 W IPCThreadState: Sending oneway calls to frozen process.
02-12 12:48:54.750   776   817 W IPCThreadState: Sending oneway calls to frozen process.
02-12 12:48:54.753  1988  4248 I artd    : GetBestInfo: /data/user_de/0/com.google.android.gms/app_chimera/m/00000015/dl-MlkitOcrCommon.optional_260235100800.apk has no usable artifacts
02-12 12:48:54.761   776   817 W IPCThreadState: Sending oneway calls to frozen process.
02-12 12:48:54.762   776   817 W IPCThreadState: Sending oneway calls to frozen process.
02-12 12:48:54.772   776   817 W IPCThreadState: Sending oneway calls to frozen process.
02-12 12:48:54.772   776   817 W IPCThreadState: Sending oneway calls to frozen process.
02-12 12:48:54.772   776   817 W IPCThreadState: Sending oneway calls to frozen process.
02-12 12:48:54.778  1059  7544 I HWUI    : Davey! duration=926ms; Flags=0, FrameTimelineVsyncId=514876, IntendedVsync=5435486097804, Vsync=5436269431106, InputEventId=0, HandleInputStart=5436274921700, AnimationStart=5436274954100, PerformTraversalsStart=5436275077100, DrawStart=5436280410000, FrameDeadline=5435786097792, FrameStartTime=5436274204800, FrameInterval=16666666, WorkloadTarget=16666666, SyncQueued=5436286443200, SyncStart=5436390076100, IssueDrawCommandsStart=5436391928000, SwapBuffers=5436402097000, FrameCompleted=5436515870300, DequeueBufferDuration=67300, QueueBufferDuration=791600, GpuCompleted=5436515870300, SwapBuffersCompleted=5436428287900, DisplayPresentTime=0, CommandSubmissionCompleted=5436402097000,
02-12 12:48:54.781   776   817 W IPCThreadState: Sending oneway calls to frozen process.
02-12 12:48:54.817   776   822 W IPCThreadState: Sending oneway calls to frozen process.
02-12 12:48:54.817   776   822 W IPCThreadState: Sending oneway calls to frozen process.
02-12 12:48:54.825  1524  7441 I DownloadManager: DownloadManager.downloadInternal():412 Download for __SP_MANIFEST_handwriting_recognition scheduled with params DownloadParams{allowMetered=true, requireCharging=false, foreground=false, immediately=true, priority=0}
02-12 12:48:54.826  1524  7441 I DownloadManager: DownloadManager.startDownload():495 start download of __SP_MANIFEST_handwriting_recognition
02-12 12:48:54.826  1524  7441 I DownloadManager: DownloadManager.downloadInternal():412 Download for __SP_MANIFEST_hmmdictionary scheduled with params DownloadParams{allowMetered=true, requireCharging=false, foreground=false, immediately=true, priority=0}
02-12 12:48:54.826  1524  7441 I DownloadManager: DownloadManager.startDownload():495 start download of __SP_MANIFEST_hmmdictionary
02-12 12:48:54.882  1988  4248 I artd    : GetBestInfo: /data/user_de/0/com.google.android.gms/app_chimera/m/00000010/dl-VisionOcr.optional_260235100000.apk has no usable artifacts
02-12 12:48:54.891  1988  4248 I artd    : GetBestInfo: /data/user_de/0/com.google.android.gms/app_chimera/m/00000009/dl-MlkitBarcodeUi.optional_250834100800.apk has no usable artifacts
02-12 12:48:54.911  1988  4248 I artd    : GetBestInfo: /data/user_de/0/com.google.android.gms/app_chimera/m/0000000c/dl-VisionOcr.optional_250834100000.apk has no usable artifacts
02-12 12:48:54.923  1988  4248 I artd    : GetBestInfo: /data/user_de/0/com.google.android.gms/app_chimera/m/0000000e/dl-MlkitOcrCommon.optional_250834100800.apk has no usable artifacts
02-12 12:48:54.930  1988  4248 I artd    : GetBestInfo: /data/user_de/0/com.google.android.gms/app_chimera/m/00000011/dl-PlayCloudSearch.optional_260235100000.apk has no usable artifacts
02-12 12:48:54.936   556  1159 I BpBinder: onLastStrongRef automatically unlinking death recipients:
02-12 12:48:54.948  1988  4248 I artd    : GetBestInfo: vdex next to the dex file (/data/user/0/com.google.android.gms/app_dg_cache/94DF452EEF4B8E717545DCDEA6CC3C50A319A195/oat/x86_64/the.vdex) is kOatUpToDate with filter 'verify' executable 'false'
02-12 12:48:54.959  1988  4248 I artd    : GetBestInfo: /data/user_de/0/com.google.android.gms/app_chimera/m/00000007/MeasurementDynamite.apk has no usable artifacts
02-12 12:48:54.972   776   822 W IPCThreadState: Sending oneway calls to frozen process.
02-12 12:48:55.049  1524  1524 I Choreographer: Skipped 30 frames!  The application may be doing too much work on its main thread.
02-12 12:48:55.101  1524  7667 I SuperDelight: SuperDelightBundledMetadataParser.parse():192 SuperDelightBundledMetadataParser#parse(): manifest parsed with 1 packs
02-12 12:48:55.110  1059  1059 I Choreographer: Skipped 30 frames!  The application may be doing too much work on its main thread.
02-12 12:48:55.144  1653  1657 W ogle.android.as: Suspending all threads took: 283.221ms
02-12 12:48:55.211  1524  7441 I DownloadManager: DownloadManager$4.onSuccess():564 download for __SP_MANIFEST_handwriting_recognition is finished with files # mxp@1c734294
02-12 12:48:55.214  1524  7441 I DownloadManager: DownloadManager$4.onSuccess():564 download for __SP_MANIFEST_hmmdictionary is finished with files # mxp@5365d94c
02-12 12:48:55.230  1524  7201 E MDDSuperpacks: MDDSuperpacks.parseManifest():476 cannot find metadata for delight_overrides
02-12 12:48:55.239  1524  7117 I SuperDelight: SuperDelightBundledMetadataParser.parse():192 SuperDelightBundledMetadataParser#parse(): manifest parsed with 1 packs
02-12 12:48:55.267   671   756 W IPCThreadState: Sending oneway calls to frozen process.
02-12 12:48:55.294  1524  7435 I MDDSuperpacks: MDDSuperpacks.getPacks():548 getting packs for superpack: bundled_delight
02-12 12:48:55.343  1524  7189 I MDDSuperpacks: MDDSuperpacks.sync():223 sync requested for hmmdictionary
02-12 12:48:55.344  1524  7201 I MDDSuperpacks: MDDSuperpacks$3.onSuccess():558 packs [main_en_us_2024102000_2] got for superpack: bundled_delight
02-12 12:48:55.351  1524  7117 I SuperDelight: SuperDelightBundledSlicingStrategy.getSlices():41 BundledSlicing#getSlices() : Locale = [en_US, zh_XD]
02-12 12:48:55.351  1524  7117 I SuperDelight: SuperDelightBundledSlicingStrategy.getSlices():67 BundledSlicing#getSlices(): result {slices=[bundled_delight:main_en_us_2024102000_2], last batch=true, sync metadata=false}
02-12 12:48:55.400  1524  7201 I MDDSuperpacks: MDDSuperpacks.getPacks():548 getting packs for superpack: bundled_delight
02-12 12:48:55.442  1524  7113 I HandwritingOnlineSuperpacks: HandwritingOnlineSuperpacks.syncInternal():168 syncPackMapping()
02-12 12:48:55.442  1524  7113 I MDDSuperpacks: MDDSuperpacks.sync():223 sync requested for handwriting_recognition
02-12 12:48:55.480  1524  7201 I MDDSuperpacks: MDDSuperpacks.getPacks():548 getting packs for superpack: hmmdictionary
02-12 12:48:55.495  1524  7117 I MDDSuperpacks: MDDSuperpacks.getPacks():548 getting packs for superpack: handwriting_recognition
02-12 12:48:55.508  1524  7410 I MDDSuperpacks: MDDSuperpacks$3.onSuccess():558 packs [zh_TW_2023110702] got for superpack: hmmdictionary
02-12 12:48:55.510  1524  7441 I DictionarySlicingStrategy: DictionarySlicingStrategy.getSlices():79 getSlices(): hmmdictionary.2025082201
02-12 12:48:55.511  1524  7441 I DictionarySlicingStrategy: DictionarySlicingStrategy.getSlices():109 getSlices(): result {slices=[hmmdictionary:zh_TW_2023110702], last batch=true, sync metadata=false}
02-12 12:48:55.512  1524  7410 I MDDSuperpacks: MDDSuperpacks.getPacks():548 getting packs for superpack: hmmdictionary
02-12 12:48:55.516  1524  7117 I HandwritingSlicingStrategy: HandwritingSlicingStrategy.getSlices():44 getSlices(): handwriting_recognition.86 useForeground=true
02-12 12:48:55.516  1524  7117 I HandwritingSlicingStrategy: HandwritingSlicingStrategy.getSlices():103 getSlices(): result {slices=[{handwriting_recognition:pack_mapping_v1_lstm_20231127, m:*:*:*, fg}, {handwriting_recognition:transformer_latin_tflite_20231010_zip, m:*:*:*, fg}, {handwriting_recognition:qrnn_en_us_reco_20231010_fst_20230613_recospec_zip, m:*:*:*, fg}, {handwriting_recognition:transformer_latin_conf_tflite_20231010_zip, m:*:*:*, fg}, {handwriting_recognition:transformer_latin_seg_tflite_20231010_zip, m:*:*:*, fg}, {handwriting_recognition:en_us_20230613_compact_fst_zip, m:*:*:*, fg}, {handwriting_recognition:scribe_chinese_20231123_recospec_zip, m:*:*:*, fg}, {handwriting_recognition:scribe_chinese_20231123_tflite_zip, m:*:*:*, fg}, {handwriting_recognition:transformer_chinese_tflite_20231016_zip, m:*:*:*, fg}, {handwriting_recognition:zh_tw_20230706_compact_fst_zip, m:*:*:*, fg}, {handwriting_recognition:transformer_chinese_conf_tflite_20231016_zip, m:*:*:*, fg}, {handwriting_recognition:qrnn_zh_tw_reco_20231016_fst_20230706_recospec_zip, m:*:*:*, fg}, {handwriting_recognition:transformer_chinese_seg_tflite_20231016_zip, m:*:*:*, fg}, {handwriting_recognition:scribe_latin_20231123_tflite_zip, m:*:*:*, fg}, {handwriting_recognition:scribe_latin_20231123_recospec_zip, m:*:*:*, fg}], last batch=true, sync metadata=false}
02-12 12:48:55.518  1524  7410 I MDDSuperpacks: MDDSuperpacks$3.onSuccess():558 packs [transformer_latin_tflite_20231010_zip, transformer_chinese_tflite_20231016_zip, zh_tw_20230706_compact_fst_zip, qrnn_en_us_reco_20231010_fst_20230613_recospec_zip, pack_mapping_v1_lstm_20231127, transformer_latin_seg_tflite_20231010_zip, transformer_chinese_conf_tflite_20231016_zip, scribe_latin_20231123_recospec_zip, en_us_20230613_compact_fst_zip, scribe_chinese_20231123_tflite_zip, transformer_chinese_seg_tflite_20231016_zip, scribe_latin_20231123_tflite_zip, transformer_latin_conf_tflite_20231010_zip, scribe_chinese_20231123_recospec_zip, qrnn_zh_tw_reco_20231016_fst_20230706_recospec_zip] got for superpack: handwriting_recognition
02-12 12:48:55.523  1524  7454 I MDDSuperpacks: MDDSuperpacks.getPacks():548 getting packs for superpack: handwriting_recognition
02-12 12:48:55.537  1059  7681 I HWUI    : Davey! duration=784ms; Flags=0, FrameTimelineVsyncId=515215, IntendedVsync=5436519431096, Vsync=5437019431076, InputEventId=0, HandleInputStart=5437052509400, AnimationStart=5437052625300, PerformTraversalsStart=5437070269200, DrawStart=5437070423900, FrameDeadline=5437152764404, FrameStartTime=5437026865300, FrameInterval=16666666, WorkloadTarget=16666666, SyncQueued=5437093067700, SyncStart=5437152038300, IssueDrawCommandsStart=5437152182300, SwapBuffers=5437210614700, FrameCompleted=5437362713800, DequeueBufferDuration=39100, QueueBufferDuration=4464800, GpuCompleted=5437362713800, SwapBuffersCompleted=5437262646200, DisplayPresentTime=0, CommandSubmissionCompleted=5437210614700,
02-12 12:48:55.626  1194  1194 D ViewRootImpl: Skipping stats log for color mode
02-12 12:48:55.630  1194  1194 D StatsLog: LAUNCHER_ONRESUME
02-12 12:48:55.650  1194  1194 D VRI[NexusLauncherActivity]: visibilityChanged oldVisibility=false newVisibility=true
02-12 12:48:55.655  1194  1194 D NexusLauncherModelDelegate: notifySmartspaceEvent: SmartspaceTargetEvent{mSmartspaceTarget=null, mSmartspaceActionId='null', mEventType=6}
02-12 12:48:55.679  1194  1194 D BaseDepthController: setSurface:
02-12 12:48:55.679  1194  1194 D BaseDepthController: 	mWaitingOnSurfaceValidity: false
02-12 12:48:55.679  1194  1194 D BaseDepthController: 	mBaseSurface: Surface(name=com.google.android.apps.nexuslauncher/com.google.android.apps.nexuslauncher.NexusLauncherActivity)/@0x4cd22b4
02-12 12:48:55.843  1194  1260 D QuickstepModelDelegate: notifyAppTargetEvent action=1 launchLocation=workspace/0/[-1,-1]/[1,1]
02-12 12:48:55.892  1653  1847 I AiAiEcho: Predicting[0]:  [CONTEXT sampling_count=5 ]
02-12 12:48:55.892  1653  1847 I AiAiEcho: EchoTargets:
02-12 12:48:55.892  1653  1847 I AiAiEcho: Filtered by AiAi flag check:
02-12 12:48:55.892  1653  1847 I AiAiEcho: [CONTEXT ratelimit_period="10 SECONDS" ]
02-12 12:48:55.892  1653  1847 I AiAiEcho: #remoteViewsTwiddler: feature disabled.
02-12 12:48:55.893  1653  1847 I AiAiEcho: #postPredictionTargets: Sending updates to UISurface home with targets# 0 (types=[])
02-12 12:48:56.077  1194  1194 I NotificationListener: Handling notification state refresh for com.android.systemui#0
