02-12 12:45:59.102  1524  7441 I DownloadManager: DownloadManager$4.onSuccess():564 download for __SP_MANIFEST_handwriting_recognition is finished with files # mxp@1c734294
02-12 12:45:59.106  1524  7441 I DownloadManager: DownloadManager.downloadInternal():412 Download for __SP_MANIFEST_hmmdictionary scheduled with params DownloadParams{allowMetered=true, requireCharging=false, foreground=false, immediately=true, priority=0}
02-12 12:45:59.109  1524  7116 I DelightKLPDownloader: DelightKLPDownloader$2.onSuccess():222 klp en_840 downloaded with version 2025031300
02-12 12:45:59.112  1524  7441 I DownloadManager: DownloadManager.startDownload():495 start download of __SP_MANIFEST_hmmdictionary
02-12 12:45:59.115  1524  7454 E MDDSuperpacks: MDDSuperpacks.parseManifest():476 cannot find metadata for delight_overrides
02-12 12:45:59.115  1524  7114 I ManifestedDataDownloader: ManifestedDataDownloader.checkVersionAndDownload():91 filegroup __KLP_delight__en-840 with version 2025031300 is already downloaded
02-12 12:45:59.116  7341  7341 D LifecycleMonitor: Lifecycle status change: com.hank.clawlive.EntityManagerActivity@f78c128 in: PAUSED
02-12 12:45:59.116  7341  7341 V ActivityScenario: Update currentActivityStage to PAUSED, currentActivity=com.hank.clawlive.EntityManagerActivity@f78c128
02-12 12:45:59.118  1524  7441 I DownloadManager: DownloadManager$4.onSuccess():564 download for __SP_MANIFEST_hmmdictionary is finished with files # mxp@5365d94c
02-12 12:45:59.123   556   556 I BpBinder: onLastStrongRef automatically unlinking death recipients:
02-12 12:45:59.132  1524  7665 I MDDSuperpacks: MDDSuperpacks.getPacks():548 getting packs for superpack: emoticon_content_description
02-12 12:45:59.142  1524  7115 I DelightKLPDownloader: DelightKLPDownloader$2.onSuccess():222 klp en_840 downloaded with version 2025031300
02-12 12:45:59.143  7391  7408 I EGL_emulation: Opening libGLESv1_CM_emulation.so
02-12 12:45:59.144  7391  7408 I EGL_emulation: Opening libGLESv2_emulation.so
02-12 12:45:59.174   776   817 W IPCThreadState: Sending oneway calls to frozen process.
02-12 12:45:59.174   776   817 W IPCThreadState: Sending oneway calls to frozen process.
02-12 12:45:59.182  1524  1542 W putmethod.latin: Suspending all threads took: 39.477ms
02-12 12:45:59.183  1524  7113 I MDDSuperpacks: MDDSuperpacks.getPacks():548 getting packs for superpack: handwriting_recognition
02-12 12:45:59.183  7391  7408 W HWUI    : Failed to choose config with EGL_SWAP_BEHAVIOR_PRESERVED, retrying without...
02-12 12:45:59.184  7391  7408 W HWUI    : Failed to initialize 101010-2 format, error = EGL_SUCCESS
02-12 12:45:59.184  1524  7667 I MDDSuperpacks: MDDSuperpacks$3.onSuccess():558 packs [7a635888cb828dfa2fc744b7b9b50f04, c5c37e938eec559132ebd6c6245d763a] got for superpack: emoticon_content_description
02-12 12:45:59.185  1524  7117 I SuperDelight: SuperDelightBundledMetadataParser.addSystemLms():202 system lm dir /system/usr/share/ime/google/d3_lms does not exist or is not readable
02-12 12:45:59.185  1524  7117 I SuperDelight: SuperDelightBundledMetadataParser.parse():192 SuperDelightBundledMetadataParser#parse(): manifest parsed with 1 packs
02-12 12:45:59.189  1524  7195 I MDDSuperpacks: MDDSuperpacks.sync():223 sync requested for hmmdictionary
02-12 12:45:59.197  1524  7435 E MDDSuperpacks: MDDSuperpacks.parseManifest():476 cannot find metadata for delight_overrides
02-12 12:45:59.203  1524  7410 I MDDSuperpacks: MDDSuperpacks.getPacks():548 getting packs for superpack: hmmdictionary
02-12 12:45:59.206   556  1250 I BpBinder: onLastStrongRef automatically unlinking death recipients:
02-12 12:45:59.207  1524  7454 I SuperDelight: SuperDelightBundledMetadataParser.addSystemLms():202 system lm dir /system/usr/share/ime/google/d3_lms does not exist or is not readable
02-12 12:45:59.208  1524  7454 I SuperDelight: SuperDelightBundledMetadataParser.parse():192 SuperDelightBundledMetadataParser#parse(): manifest parsed with 1 packs
02-12 12:45:59.214   671  2326 W IPCThreadState: Sending oneway calls to frozen process.
02-12 12:45:59.224  1524  7435 I MDDSuperpacks: MDDSuperpacks$2.onSuccess():274 Sync success for emoticon_content_description with result: {old=[7a635888cb828dfa2fc744b7b9b50f04, c5c37e938eec559132ebd6c6245d763a], new=[7a635888cb828dfa2fc744b7b9b50f04, c5c37e938eec559132ebd6c6245d763a], metadata=false, last batch=true}
02-12 12:45:59.262  1524  7665 I DictionarySlicingStrategy: DictionarySlicingStrategy.getSlices():79 getSlices(): hmmdictionary.2025082201
02-12 12:45:59.262  1524  7665 I DictionarySlicingStrategy: DictionarySlicingStrategy.getSlices():109 getSlices(): result {slices=[hmmdictionary:zh_TW_2023110702], last batch=true, sync metadata=false}
02-12 12:45:59.266  1524  7410 I MDDSuperpacks: MDDSuperpacks.getPacks():548 getting packs for superpack: hmmdictionary
02-12 12:45:59.282  1524  7410 I MDDSuperpacks: MDDSuperpacks$3.onSuccess():558 packs [zh_TW_2023110702] got for superpack: hmmdictionary
02-12 12:45:59.288  1524  7113 I MDDSuperpacks: MDDSuperpacks.getPacks():548 getting packs for superpack: handwriting_recognition
02-12 12:45:59.298  1524  7435 I MDDSuperpacks: MDDSuperpacks$3.onSuccess():558 packs [transformer_latin_tflite_20231010_zip, transformer_chinese_tflite_20231016_zip, zh_tw_20230706_compact_fst_zip, qrnn_en_us_reco_20231010_fst_20230613_recospec_zip, pack_mapping_v1_lstm_20231127, transformer_latin_seg_tflite_20231010_zip, transformer_chinese_conf_tflite_20231016_zip, scribe_latin_20231123_recospec_zip, en_us_20230613_compact_fst_zip, scribe_chinese_20231123_tflite_zip, transformer_chinese_seg_tflite_20231016_zip, scribe_latin_20231123_tflite_zip, transformer_latin_conf_tflite_20231010_zip, scribe_chinese_20231123_recospec_zip, qrnn_zh_tw_reco_20231016_fst_20230706_recospec_zip] got for superpack: handwriting_recognition
02-12 12:45:59.301  1524  7195 I SuperpacksManagerBase: SuperpacksManagerBase$2.onSyncSuccess():192 sync(): complete {old=[zh_TW_2023110702], new=[zh_TW_2023110702], metadata=false, last batch=true}
02-12 12:45:59.301  1524  7195 I MDDSuperpacks: MDDSuperpacks.getPacks():548 getting packs for superpack: hmmdictionary
02-12 12:45:59.308  1524  7410 I MDDSuperpacks: MDDSuperpacks$2.onSuccess():274 Sync success for hmmdictionary with result: {old=[zh_TW_2023110702], new=[zh_TW_2023110702], metadata=false, last batch=true}
02-12 12:45:59.321  1524  7410 I MDDSuperpacks: MDDSuperpacks$3.onSuccess():558 packs [zh_TW_2023110702] got for superpack: hmmdictionary
02-12 12:45:59.324  1524  7189 I HmmDataFacilitator: HmmDataFacilitator.setDownloadedPacks():333 Opening pack for language zh_TW
02-12 12:45:59.340  1524  7441 I MDDSuperpacks: MDDSuperpacks$3.onSuccess():558 packs [transformer_latin_tflite_20231010_zip, transformer_chinese_tflite_20231016_zip, zh_tw_20230706_compact_fst_zip, qrnn_en_us_reco_20231010_fst_20230613_recospec_zip, pack_mapping_v1_lstm_20231127, transformer_latin_seg_tflite_20231010_zip, transformer_chinese_conf_tflite_20231016_zip, scribe_latin_20231123_recospec_zip, en_us_20230613_compact_fst_zip, scribe_chinese_20231123_tflite_zip, transformer_chinese_seg_tflite_20231016_zip, scribe_latin_20231123_tflite_zip, transformer_latin_conf_tflite_20231010_zip, scribe_chinese_20231123_recospec_zip, qrnn_zh_tw_reco_20231016_fst_20230706_recospec_zip] got for superpack: handwriting_recognition
02-12 12:45:59.345  1524  7196 I MDDSuperpacks: MDDSuperpacks$3.onSuccess():558 packs [7a635888cb828dfa2fc744b7b9b50f04, c5c37e938eec559132ebd6c6245d763a] got for superpack: emoticon_content_description
02-12 12:45:59.346  1524  7248 I SuperDelight: SuperDelightBundledMetadataParser.addSystemLms():202 system lm dir /system/usr/share/ime/google/d3_lms does not exist or is not readable
02-12 12:45:59.347  1524  7248 I SuperDelight: SuperDelightBundledMetadataParser.parse():192 SuperDelightBundledMetadataParser#parse(): manifest parsed with 1 packs
02-12 12:45:59.377  1524  7454 I MDDSuperpacks: MDDSuperpacks$3.onSuccess():558 packs [zh_TW_2023110702] got for superpack: hmmdictionary
02-12 12:45:59.430  1524  7189 I SuperDelight: SuperDelightManager.syncBundledLanguageModels():773 SuperDelightManager#syncBundledLanguageModels(): Syncing for version 2025021100
02-12 12:45:59.435  1524  7189 I MDDSuperpacks: MDDSuperpacks.sync():223 sync requested for bundled_delight
02-12 12:45:59.451  1524  7454 I SuperDelight: SuperDelightBundledMetadataParser.addSystemLms():202 system lm dir /system/usr/share/ime/google/d3_lms does not exist or is not readable
02-12 12:45:59.454  1524  7454 I SuperDelight: SuperDelightBundledMetadataParser.parse():192 SuperDelightBundledMetadataParser#parse(): manifest parsed with 1 packs
02-12 12:45:59.455  1524  7248 I MDDSuperpacks: MDDSuperpacks.getPacks():548 getting packs for superpack: bundled_delight
02-12 12:45:59.459  1524  7248 I MDDSuperpacks: MDDSuperpacks$3.onSuccess():558 packs [main_en_us_2024102000_2] got for superpack: bundled_delight
02-12 12:45:59.459  1524  7667 I MDDSuperpacks: MDDSuperpacks$3.onSuccess():558 packs [transformer_latin_tflite_20231010_zip, transformer_chinese_tflite_20231016_zip, zh_tw_20230706_compact_fst_zip, qrnn_en_us_reco_20231010_fst_20230613_recospec_zip, pack_mapping_v1_lstm_20231127, transformer_latin_seg_tflite_20231010_zip, transformer_chinese_conf_tflite_20231016_zip, scribe_latin_20231123_recospec_zip, en_us_20230613_compact_fst_zip, scribe_chinese_20231123_tflite_zip, transformer_chinese_seg_tflite_20231016_zip, scribe_latin_20231123_tflite_zip, transformer_latin_conf_tflite_20231010_zip, scribe_chinese_20231123_recospec_zip, qrnn_zh_tw_reco_20231016_fst_20230706_recospec_zip] got for superpack: handwriting_recognition
02-12 12:45:59.480  1059  1129 I ndroid.systemui: AssetManager2(0x78c8d32d9cf8) locale list changing from [] to [en-US]
02-12 12:45:59.481  1524  7441 I SuperDelight: SuperDelightBundledSlicingStrategy.getSlices():41 BundledSlicing#getSlices() : Locale = [en_US, zh_XD]
02-12 12:45:59.481  1524  7441 I SuperDelight: SuperDelightBundledSlicingStrategy.getSlices():67 BundledSlicing#getSlices(): result {slices=[bundled_delight:main_en_us_2024102000_2], last batch=true, sync metadata=false}
02-12 12:45:59.482  1524  7248 I MDDSuperpacks: MDDSuperpacks.getPacks():548 getting packs for superpack: bundled_delight
02-12 12:45:59.516  1524  7116 I HandwritingOnlineSuperpacks: HandwritingOnlineSuperpacks.syncInternal():168 syncPackMapping()
02-12 12:45:59.516  1524  7116 I MDDSuperpacks: MDDSuperpacks.sync():223 sync requested for handwriting_recognition
02-12 12:45:59.536  1524  7441 I LmManager: LmManager$1.onSuccess():82 Bundled delight sync success
02-12 12:45:59.537  1524  7667 I MDDSuperpacks: MDDSuperpacks$2.onSuccess():274 Sync success for bundled_delight with result: {old=[main_en_us_2024102000_2], new=[main_en_us_2024102000_2], metadata=false, last batch=true}
02-12 12:45:59.538  1524  7455 I MDDSuperpacks: MDDSuperpacks$3.onSuccess():558 packs [main_en_us_2024102000_2] got for superpack: bundled_delight
02-12 12:45:59.539  1524  7195 I MDDSuperpacks: MDDSuperpacks.getPacks():548 getting packs for superpack: bundled_delight
02-12 12:45:59.580  1524  7248 I MDDSuperpacks: MDDSuperpacks.getPacks():548 getting packs for superpack: handwriting_recognition
02-12 12:45:59.593  1524  7195 I SuperDelight: SuperDelightManager$2.onSuccess():635 bundled_delight sync success, adding to data file manager
02-12 12:45:59.596  1524  7667 I MDDSuperpacks: MDDSuperpacks$3.onSuccess():558 packs [main_en_us_2024102000_2] got for superpack: bundled_delight
02-12 12:45:59.598  1524  7195 I DataFileManager: DataFileManager.addDataWithoutNotify():181 data en-US already exists
02-12 12:45:59.606  1524  7455 I HandwritingSlicingStrategy: HandwritingSlicingStrategy.getSlices():44 getSlices(): handwriting_recognition.86 useForeground=true
02-12 12:45:59.608  1524  7455 I HandwritingSlicingStrategy: HandwritingSlicingStrategy.getSlices():103 getSlices(): result {slices=[{handwriting_recognition:pack_mapping_v1_lstm_20231127, m:*:*:*, fg}, {handwriting_recognition:transformer_latin_tflite_20231010_zip, m:*:*:*, fg}, {handwriting_recognition:qrnn_en_us_reco_20231010_fst_20230613_recospec_zip, m:*:*:*, fg}, {handwriting_recognition:transformer_latin_conf_tflite_20231010_zip, m:*:*:*, fg}, {handwriting_recognition:transformer_latin_seg_tflite_20231010_zip, m:*:*:*, fg}, {handwriting_recognition:en_us_20230613_compact_fst_zip, m:*:*:*, fg}, {handwriting_recognition:scribe_chinese_20231123_recospec_zip, m:*:*:*, fg}, {handwriting_recognition:scribe_chinese_20231123_tflite_zip, m:*:*:*, fg}, {handwriting_recognition:transformer_chinese_tflite_20231016_zip, m:*:*:*, fg}, {handwriting_recognition:zh_tw_20230706_compact_fst_zip, m:*:*:*, fg}, {handwriting_recognition:transformer_chinese_conf_tflite_20231016_zip, m:*:*:*, fg}, {handwriting_recognition:qrnn_zh_tw_reco_20231016_fst_20230706_recospec_zip, m:*:*:*, fg}, {handwriting_recognition:transformer_chinese_seg_tflite_20231016_zip, m:*:*:*, fg}, {handwriting_recognition:scribe_latin_20231123_tflite_zip, m:*:*:*, fg}, {handwriting_recognition:scribe_latin_20231123_recospec_zip, m:*:*:*, fg}], last batch=true, sync metadata=false}
02-12 12:45:59.608  1524  7248 I MDDSuperpacks: MDDSuperpacks$3.onSuccess():558 packs [transformer_latin_tflite_20231010_zip, transformer_chinese_tflite_20231016_zip, zh_tw_20230706_compact_fst_zip, qrnn_en_us_reco_20231010_fst_20230613_recospec_zip, pack_mapping_v1_lstm_20231127, transformer_latin_seg_tflite_20231010_zip, transformer_chinese_conf_tflite_20231016_zip, scribe_latin_20231123_recospec_zip, en_us_20230613_compact_fst_zip, scribe_chinese_20231123_tflite_zip, transformer_chinese_seg_tflite_20231016_zip, scribe_latin_20231123_tflite_zip, transformer_latin_conf_tflite_20231010_zip, scribe_chinese_20231123_recospec_zip, qrnn_zh_tw_reco_20231016_fst_20230706_recospec_zip] got for superpack: handwriting_recognition
02-12 12:45:59.610  1524  7248 I MDDSuperpacks: MDDSuperpacks.getPacks():548 getting packs for superpack: handwriting_recognition
02-12 12:45:59.621  1059  1129 I ndroid.systemui: AssetManager2(0x78c8d32cd4f8) locale list changing from [] to [en-US]
02-12 12:45:59.657   513   530 I RanchuHwc: logCompositionFallbackIfChanged: layer 428 CompositionType fallback from 3 to 1
02-12 12:45:59.689  1059  1284 E FrameTracker: force finish cuj, time out: J<SPLASHSCREEN_EXIT_ANIM>
02-12 12:45:59.689  1059  1284 W FrameTracker: Missed App frame:UNKNOWN: 3, 451403, 53279048, CUJ=J<SPLASHSCREEN_EXIT_ANIM>
02-12 12:45:59.689  1059  1284 W FrameTracker: Missed SF frame:UNKNOWN: 3, 451403, 53279048, CUJ=J<SPLASHSCREEN_EXIT_ANIM>
02-12 12:45:59.689  1059  1284 W FrameTracker: Missed App frame:UNKNOWN: 3, 451439, 77563882, CUJ=J<SPLASHSCREEN_EXIT_ANIM>
02-12 12:45:59.689  1059  1284 W FrameTracker: Missed SF frame:UNKNOWN: 3, 451439, 77563882, CUJ=J<SPLASHSCREEN_EXIT_ANIM>
02-12 12:45:59.689  1059  1284 W FrameTracker: Missed App frame:JANK_APPLICATION, 451476, 96244950, CUJ=J<SPLASHSCREEN_EXIT_ANIM>
02-12 12:45:59.689  1059  1284 W FrameTracker: Missed SF frame:JANK_COMPOSER, 451506, 84634218, CUJ=J<SPLASHSCREEN_EXIT_ANIM>
02-12 12:45:59.689  1059  1284 W FrameTracker: Missed SF frame:JANK_COMPOSER, 451521, 84928452, CUJ=J<SPLASHSCREEN_EXIT_ANIM>
02-12 12:45:59.689  1059  1284 W FrameTracker: Missed App frame:JANK_APPLICATION, 451580, 53204454, CUJ=J<SPLASHSCREEN_EXIT_ANIM>
02-12 12:45:59.689  1059  1284 W FrameTracker: Missed SF frame:JANK_COMPOSER, 451617, 51445722, CUJ=J<SPLASHSCREEN_EXIT_ANIM>
02-12 12:45:59.689  1059  1284 W FrameTracker: Missed SF frame:JANK_COMPOSER, 451631, 53299756, CUJ=J<SPLASHSCREEN_EXIT_ANIM>
02-12 12:45:59.689  1059  1284 W FrameTracker: Missed App frame:UNKNOWN: 3, 451653, 81924524, CUJ=J<SPLASHSCREEN_EXIT_ANIM>
02-12 12:45:59.689  1059  1284 W FrameTracker: Missed SF frame:UNKNOWN: 3, 451653, 81924524, CUJ=J<SPLASHSCREEN_EXIT_ANIM>
02-12 12:45:59.654   776   817 W IPCThreadState: Sending oneway calls to frozen process.
02-12 12:45:59.697   776   814 I ActivityTaskManager: Displayed com.hank.clawlive.test/androidx.test.core.app.InstrumentationActivityInvoker$EmptyActivity for user 0: +599ms
02-12 12:45:59.705   556   565 I BpBinder: onLastStrongRef automatically unlinking death recipients:
02-12 12:45:59.757  1194  1194 D ViewRootImpl: Skipping stats log for color mode
02-12 12:45:59.768  1524  7114 I HandwritingOnlineSuperpacks: HandwritingOnlineSuperpacks.syncInternal():187 syncInternal(): syncing packs
02-12 12:45:59.769  1524  7667 I MDDSuperpacks: MDDSuperpacks$2.onSuccess():274 Sync success for handwriting_recognition with result: {old=[en_us_20230613_compact_fst_zip, pack_mapping_v1_lstm_20231127, qrnn_en_us_reco_20231010_fst_20230613_recospec_zip, qrnn_zh_tw_reco_20231016_fst_20230706_recospec_zip, scribe_chinese_20231123_recospec_zip, scribe_chinese_20231123_tflite_zip, scribe_latin_20231123_recospec_zip, scribe_latin_20231123_tflite_zip, transformer_chinese_conf_tflite_20231016_zip, transformer_chinese_seg_tflite_20231016_zip, transformer_chinese_tflite_20231016_zip, transformer_latin_conf_tflite_20231010_zip, transformer_latin_seg_tflite_20231010_zip, transformer_latin_tflite_20231010_zip, zh_tw_20230706_compact_fst_zip], new=[en_us_20230613_compact_fst_zip, pack_mapping_v1_lstm_20231127, qrnn_en_us_reco_20231010_fst_20230613_recospec_zip, qrnn_zh_tw_reco_20231016_fst_20230706_recospec_zip, scribe_chinese_20231123_recospec_zip, scribe_chinese_20231123_tflite_zip, scribe_latin_20231123_recospec_zip, scribe_latin_20231123_tflite_zip, transformer_chinese_conf_tflite_20231016_zip, transformer_chinese_seg_tflite_20231016_zip, transformer_chinese_tflite_20231016_zip, transformer_latin_conf_tflite_20231010_zip, transformer_latin_seg_tflite_20231010_zip, transformer_latin_tflite_20231010_zip, zh_tw_20230706_compact_fst_zip], metadata=false, last batch=true}
02-12 12:45:59.769  1524  7114 I HandwritingOnlineSuperpacks: HandwritingOnlineSuperpacks$2.onSyncSuccess():225 syncInternal(): complete {old=[en_us_20230613_compact_fst_zip, pack_mapping_v1_lstm_20231127, qrnn_en_us_reco_20231010_fst_20230613_recospec_zip, qrnn_zh_tw_reco_20231016_fst_20230706_recospec_zip, scribe_chinese_20231123_recospec_zip, scribe_chinese_20231123_tflite_zip, scribe_latin_20231123_recospec_zip, scribe_latin_20231123_tflite_zip, transformer_chinese_conf_tflite_20231016_zip, transformer_chinese_seg_tflite_20231016_zip, transformer_chinese_tflite_20231016_zip, transformer_latin_conf_tflite_20231010_zip, transformer_latin_seg_tflite_20231010_zip, transformer_latin_tflite_20231010_zip, zh_tw_20230706_compact_fst_zip], new=[en_us_20230613_compact_fst_zip, pack_mapping_v1_lstm_20231127, qrnn_en_us_reco_20231010_fst_20230613_recospec_zip, qrnn_zh_tw_reco_20231016_fst_20230706_recospec_zip, scribe_chinese_20231123_recospec_zip, scribe_chinese_20231123_tflite_zip, scribe_latin_20231123_recospec_zip, scribe_latin_20231123_tflite_zip, transformer_chinese_conf_tflite_20231016_zip, transformer_chinese_seg_tflite_20231016_zip, transformer_chinese_tflite_20231016_zip, transformer_latin_conf_tflite_20231010_zip, transformer_latin_seg_tflite_20231010_zip, transformer_latin_tflite_20231010_zip, zh_tw_20230706_compact_fst_zip], metadata=false, last batch=true}
02-12 12:45:59.772  1524  7114 I MDDSuperpacks: MDDSuperpacks.getPacks():548 getting packs for superpack: handwriting_recognition
02-12 12:45:59.777  1524  7248 I MDDSuperpacks: MDDSuperpacks$3.onSuccess():558 packs [transformer_latin_tflite_20231010_zip, transformer_chinese_tflite_20231016_zip, zh_tw_20230706_compact_fst_zip, qrnn_en_us_reco_20231010_fst_20230613_recospec_zip, pack_mapping_v1_lstm_20231127, transformer_latin_seg_tflite_20231010_zip, transformer_chinese_conf_tflite_20231016_zip, scribe_latin_20231123_recospec_zip, en_us_20230613_compact_fst_zip, scribe_chinese_20231123_tflite_zip, transformer_chinese_seg_tflite_20231016_zip, scribe_latin_20231123_tflite_zip, transformer_latin_conf_tflite_20231010_zip, scribe_chinese_20231123_recospec_zip, qrnn_zh_tw_reco_20231016_fst_20230706_recospec_zip] got for superpack: handwriting_recognition
02-12 12:45:59.789  1194  1209 W s.nexuslauncher: Suspending all threads took: 14.711ms
02-12 12:45:59.837  1194  1194 D NexusLauncherModelDelegate: notifySmartspaceEvent: SmartspaceTargetEvent{mSmartspaceTarget=null, mSmartspaceActionId='null', mEventType=6}
02-12 12:45:59.855  1194  1209 I s.nexuslauncher: NativeAlloc concurrent mark compact GC freed 1202KB AllocSpace bytes, 8(416KB) LOS objects, 49% free, 8177KB/15MB, paused 20.143ms,1.728ms total 205.303ms
02-12 12:45:59.877  1194  1194 D BaseDepthController: setSurface:
02-12 12:45:59.877  1194  1194 D BaseDepthController: 	mWaitingOnSurfaceValidity: false
02-12 12:45:59.877  1194  1194 D BaseDepthController: 	mBaseSurface: Surface(name=com.google.android.apps.nexuslauncher/com.google.android.apps.nexuslauncher.NexusLauncherActivity)/@0x4cd22b4
02-12 12:45:59.992  1194  1211 W System  : A resource failed to call release.
02-12 12:45:59.992  1194  1211 W System  : A resource failed to call release.
02-12 12:45:59.992  1194  1211 W System  : A resource failed to call release.
02-12 12:45:59.993  1194  1211 W System  : A resource failed to call release.
02-12 12:46:00.011  1194  1194 D StatsLog: LAUNCHER_ONRESUME
02-12 12:46:00.073  1194  1194 I NotificationListener: Handling notification state refresh for com.android.systemui#0
02-12 12:46:00.073  1194  1194 I NotificationListener: Handling notification state refresh for android#0
02-12 12:46:00.076  1194  1260 D QuickstepModelDelegate: notifyAppTargetEvent action=1 launchLocation=workspace/0/[-1,-1]/[1,1]
02-12 12:46:00.078  1653  1847 I AiAiEcho: Predicting[0]:  [CONTEXT sampling_count=5 ]
02-12 12:46:00.079  1653  1847 I AiAiEcho: EchoTargets:
02-12 12:46:00.079  1653  1847 I AiAiEcho: Filtered by AiAi flag check:
02-12 12:46:00.079  1653  1847 I AiAiEcho: [CONTEXT ratelimit_period="10 SECONDS" ]
02-12 12:46:00.079  1653  1847 I AiAiEcho: #remoteViewsTwiddler: feature disabled.
02-12 12:46:00.080  1653  1847 I AiAiEcho: #postPredictionTargets: Sending updates to UISurface home with targets# 0 (types=[])
02-12 12:46:00.085  1194  1194 D SsBaseTemplateCard: No text view can be set up
02-12 12:46:00.085  1194  1194 D SsBaseTemplateCard: Passed-in item info is null
02-12 12:46:00.085  1194  1194 D SsBaseTemplateCard: Passed-in item info is null
02-12 12:46:00.085  1194  1194 D SsBaseTemplateCard: Passed-in item info is null
02-12 12:46:00.085  1194  1194 I SsBaseTemplateCard: Secondary card pane is null
02-12 12:46:00.093  1524  7114 I MDDSuperpacks: MDDSuperpacks.getPacks():548 getting packs for superpack: handwriting_recognition
02-12 12:46:00.112  1524  7441 I MDDSuperpacks: MDDSuperpacks$3.onSuccess():558 packs [transformer_latin_tflite_20231010_zip, transformer_chinese_tflite_20231016_zip, zh_tw_20230706_compact_fst_zip, qrnn_en_us_reco_20231010_fst_20230613_recospec_zip, pack_mapping_v1_lstm_20231127, transformer_latin_seg_tflite_20231010_zip, transformer_chinese_conf_tflite_20231016_zip, scribe_latin_20231123_recospec_zip, en_us_20230613_compact_fst_zip, scribe_chinese_20231123_tflite_zip, transformer_chinese_seg_tflite_20231016_zip, scribe_latin_20231123_tflite_zip, transformer_latin_conf_tflite_20231010_zip, scribe_chinese_20231123_recospec_zip, qrnn_zh_tw_reco_20231016_fst_20230706_recospec_zip] got for superpack: handwriting_recognition
02-12 12:46:00.120  1524  7114 I MDDSuperpacks: MDDSuperpacks.getPacks():548 getting packs for superpack: handwriting_recognition
02-12 12:46:00.132  1524  7114 I MDDSuperpacks: MDDSuperpacks.getPacks():548 getting packs for superpack: handwriting_recognition
02-12 12:46:00.140  1524  7455 I MDDSuperpacks: MDDSuperpacks$3.onSuccess():558 packs [transformer_latin_tflite_20231010_zip, transformer_chinese_tflite_20231016_zip, zh_tw_20230706_compact_fst_zip, qrnn_en_us_reco_20231010_fst_20230613_recospec_zip, pack_mapping_v1_lstm_20231127, transformer_latin_seg_tflite_20231010_zip, transformer_chinese_conf_tflite_20231016_zip, scribe_latin_20231123_recospec_zip, en_us_20230613_compact_fst_zip, scribe_chinese_20231123_tflite_zip, transformer_chinese_seg_tflite_20231016_zip, scribe_latin_20231123_tflite_zip, transformer_latin_conf_tflite_20231010_zip, scribe_chinese_20231123_recospec_zip, qrnn_zh_tw_reco_20231016_fst_20230706_recospec_zip] got for superpack: handwriting_recognition
02-12 12:46:00.141  1524  7455 I MDDSuperpacks: MDDSuperpacks$3.onSuccess():558 packs [transformer_latin_tflite_20231010_zip, transformer_chinese_tflite_20231016_zip, zh_tw_20230706_compact_fst_zip, qrnn_en_us_reco_20231010_fst_20230613_recospec_zip, pack_mapping_v1_lstm_20231127, transformer_latin_seg_tflite_20231010_zip, transformer_chinese_conf_tflite_20231016_zip, scribe_latin_20231123_recospec_zip, en_us_20230613_compact_fst_zip, scribe_chinese_20231123_tflite_zip, transformer_chinese_seg_tflite_20231016_zip, scribe_latin_20231123_tflite_zip, transformer_latin_conf_tflite_20231010_zip, scribe_chinese_20231123_recospec_zip, qrnn_zh_tw_reco_20231016_fst_20230706_recospec_zip] got for superpack: handwriting_recognition
02-12 12:46:00.153  1524  7114 I MDDSuperpacks: MDDSuperpacks.getPacks():548 getting packs for superpack: handwriting_recognition_offline
02-12 12:46:00.153  1524  7667 I MDDSuperpacks: MDDSuperpacks$3.onSuccess():558 packs [transformer_latin_tflite_20231010_zip, transformer_chinese_tflite_20231016_zip, zh_tw_20230706_compact_fst_zip, qrnn_en_us_reco_20231010_fst_20230613_recospec_zip, pack_mapping_v1_lstm_20231127, transformer_latin_seg_tflite_20231010_zip, transformer_chinese_conf_tflite_20231016_zip, scribe_latin_20231123_recospec_zip, en_us_20230613_compact_fst_zip, scribe_chinese_20231123_tflite_zip, transformer_chinese_seg_tflite_20231016_zip, scribe_latin_20231123_tflite_zip, transformer_latin_conf_tflite_20231010_zip, scribe_chinese_20231123_recospec_zip, qrnn_zh_tw_reco_20231016_fst_20230706_recospec_zip] got for superpack: handwriting_recognition
02-12 12:46:00.167  1524  7441 W MDDSuperpacks: MDDSuperpacks.constructPackSet():578 file group is empty
02-12 12:46:00.170  7341  7341 D VRI[EntityManagerActivity]: visibilityChanged oldVisibility=true newVisibility=false
02-12 12:46:00.174  1524  7113 E HandwritingSuperpacksUtil: HandwritingSuperpacksUtil.getPackMappingPackName():40 No pack mapping pack found in []
02-12 12:46:00.181  1524  7113 I HandwritingSuperpacks: HandwritingSuperpacks.reloadCache():237 updatePackMappingsCache(): pack mapping pack unavailable [OFFLINE]
02-12 12:46:00.185  1524  7113 I MDDSuperpacks: MDDSuperpacks.getPacks():548 getting packs for superpack: handwriting_recognition
02-12 12:46:00.198  1524  7248 I MDDSuperpacks: MDDSuperpacks.getPacks():548 packs [] got for superpack: handwriting_recognition_offline
02-12 12:46:00.202  1194  1194 D StateManager: createAtomicAnimation - fromState: Background, toState: Normal, partial trace:
02-12 12:46:00.202  1194  1194 D StateManager: 	at com.android.quickstep.util.WorkspaceRevealAnim.prepareToAnimate(go/retraceme 72a59688580715d19f0e415c69e80376c2f062d1648c80db6730905005a27c20:22)
02-12 12:46:00.202  1194  1194 D StateManager: 	at com.android.quickstep.util.WorkspaceRevealAnim.<init>(go/retraceme 72a59688580715d19f0e415c69e80376c2f062d1648c80db6730905005a27c20:11)
02-12 12:46:00.202  1194  1194 D StateManager: 	at com.android.launcher3.QuickstepTransitionManager.createWallpaperOpenAnimations(go/retraceme 72a59688580715d19f0e415c69e80376c2f062d1648c80db6730905005a27c20:339)
02-12 12:46:00.208  1194  1194 D b/311077782: LauncherAnimationRunner.setAnimation
02-12 12:46:00.233  7341  7341 I m.hank.clawlive: AssetManager2(0x78c8d329cad8) locale list changing from [zh-TW] to [en-US]
02-12 12:46:00.234  7341  7341 I m.hank.clawlive: AssetManager2(0x78c8d329a558) locale list changing from [zh-TW] to [en-US]
02-12 12:46:00.239  7341  7341 I m.hank.clawlive: AssetManager2(0x78c8d32995b8) locale list changing from [zh-TW] to [en-US]
02-12 12:46:00.245  1524  7113 I MDDSuperpacks: MDDSuperpacks.getPacks():548 getting packs for superpack: handwriting_recognition
02-12 12:46:00.260  7341  7341 D LifecycleMonitor: Lifecycle status change: com.hank.clawlive.EntityManagerActivity@f78c128 in: STOPPED
02-12 12:46:00.260  7341  7341 V ActivityScenario: Update currentActivityStage to STOPPED, currentActivity=com.hank.clawlive.EntityManagerActivity@f78c128
02-12 12:46:00.260   513   530 I RanchuHwc: logCompositionFallbackIfChanged: layer 431 CompositionType fallback from 2 to 1
02-12 12:46:00.263  7341  7341 D LifecycleMonitor: Lifecycle status change: com.hank.clawlive.EntityManagerActivity@f78c128 in: DESTROYED
02-12 12:46:00.264  7341  7341 V ActivityScenario: Update currentActivityStage to DESTROYED, currentActivity=null
02-12 12:46:00.264  7341  7341 W WindowOnBackDispatcher: sendCancelIfRunning: isInProgress=false callback=android.view.ViewRootImpl$$ExternalSyntheticLambda13@a7dda6e
02-12 12:46:00.265  7341  7358 I TestRunner: finished: testBackButtonIsAccessible(com.hank.clawlive.EntityManagerActivityUiTest)
