02-12 12:45:42.177  1524  7665 I MDDSuperpacks: MDDSuperpacks$3.onSuccess():558 packs [transformer_latin_tflite_20231010_zip, transformer_chinese_tflite_20231016_zip, zh_tw_20230706_compact_fst_zip, qrnn_en_us_reco_20231010_fst_20230613_recospec_zip, pack_mapping_v1_lstm_20231127, transformer_latin_seg_tflite_20231010_zip, transformer_chinese_conf_tflite_20231016_zip, scribe_latin_20231123_recospec_zip, en_us_20230613_compact_fst_zip, scribe_chinese_20231123_tflite_zip, transformer_chinese_seg_tflite_20231016_zip, scribe_latin_20231123_tflite_zip, transformer_latin_conf_tflite_20231010_zip, scribe_chinese_20231123_recospec_zip, qrnn_zh_tw_reco_20231016_fst_20230706_recospec_zip] got for superpack: handwriting_recognition
02-12 12:45:42.179  1524  7115 I MDDSuperpacks: MDDSuperpacks.getPacks():548 getting packs for superpack: handwriting_recognition
02-12 12:45:42.190  1524  1524 I HardKeyTracker: HardKeyTracker.unregisterKeySequence():182 Unregister key sequence lsr{labelResId=0, callback=jlb@decd4ce, lastModifier=0, keyCodes=[59, 59], actions=[1, 0]}
02-12 12:45:42.190  1524  1524 I HardKeyTracker: HardKeyTracker.unregisterKeySequence():182 Unregister key sequence lsr{labelResId=0, callback=jlb@a813c0b, lastModifier=0, keyCodes=[60, 60], actions=[1, 0]}
02-12 12:45:42.191  1524  1524 I ModuleManager: ModuleManager$ModuleInitListener.maybeUnloadModuleOnUnavailable():1350 module kty is unavailable
02-12 12:45:42.192  1524  7189 I LatinImeEntryActivation: LatinImeActivationContentObserver.activeLanguagesHaveChanged():70 Active entries changed: [en-US, zh-XD] -> {en-US}
02-12 12:45:42.196  1524  7195 I SuperDelight: SuperDelightManager.initializeBundledDelightSuperpacks():379 initializeBundledDelightSuperpacks()
02-12 12:45:42.196  1524  7189 I LmManager: LmManager.asyncUpdateEnabledLanguageModels():96 asyncUpdateEnabledLanguageModels()
02-12 12:45:42.196  1524  7189 I SuperDelight: SuperDelightManager.initializeOverridesSuperpacks():405 initializeOverridesSuperpacks()
02-12 12:45:42.196  1524  7189 I DelightKLPDownloader: DelightKLPDownloader.downloadKLPInternal():199 downloading KLP for en_840
02-12 12:45:42.197  1524  7189 I ManifestedDataDownloader: ManifestedDataDownloader.download():63 downloading manifest https://www.gstatic.com/android/keyboard/dictionarypack/2025031619/metadata.json-perlang/en-840.json?v=2025052001
02-12 12:45:42.198  1524  1524 W NotificationCenter: NotificationCenter$NotificationQueue.notifyPendingNotificationsOnExecutor():877 Heavy notify work detected on UI thread: [kig->jjs] takes 233ms
02-12 12:45:42.204  1524  7665 I MDDSuperpacks: MDDSuperpacks$3.onSuccess():558 packs [transformer_latin_tflite_20231010_zip, transformer_chinese_tflite_20231016_zip, zh_tw_20230706_compact_fst_zip, qrnn_en_us_reco_20231010_fst_20230613_recospec_zip, pack_mapping_v1_lstm_20231127, transformer_latin_seg_tflite_20231010_zip, transformer_chinese_conf_tflite_20231016_zip, scribe_latin_20231123_recospec_zip, en_us_20230613_compact_fst_zip, scribe_chinese_20231123_tflite_zip, transformer_chinese_seg_tflite_20231016_zip, scribe_latin_20231123_tflite_zip, transformer_latin_conf_tflite_20231010_zip, scribe_chinese_20231123_recospec_zip, qrnn_zh_tw_reco_20231016_fst_20230706_recospec_zip] got for superpack: handwriting_recognition
02-12 12:45:42.209  1653  1662 I AiAiEcho: Settings changed for uri: content://settings/secure/enabled_input_methods
02-12 12:45:42.209  1653  1847 I AiAiEcho: Predicting[0]:  [CONTEXT sampling_count=5 ]
02-12 12:45:42.211  1524  1524 I PKIndicatorController: PKIndicatorController$3.maybeShowLanguageSwitchIndicator():137 Entry changed. Showing language indicator.
02-12 12:45:42.212  1653  1847 I AiAiEcho: EchoTargets:
02-12 12:45:42.212  1653  1847 I AiAiEcho: Filtered by AiAi flag check:
02-12 12:45:42.212  1653  1847 I AiAiEcho: [CONTEXT ratelimit_period="10 SECONDS" ]
02-12 12:45:42.213  1653  1847 I AiAiEcho: #remoteViewsTwiddler: feature disabled.
02-12 12:45:42.217  1524  1524 I HandwritingSuperpacks: HandwritingSuperpacks.register():273 register(): version '86', url 'https://dl.google.com/handwriting/models/handwriting_release.superpack_manifest.20231127.json' [ONLINE]
02-12 12:45:42.219  1524  7114 I DelightKLPDownloader: DelightKLPDownloader.downloadKLPInternal():199 downloading KLP for en_840
02-12 12:45:42.220  1524  7116 I MDDSuperpacks: MDDSuperpacks.getPacks():548 getting packs for superpack: handwriting_recognition
02-12 12:45:42.223  1524  7113 I MDDSuperpacks: MDDSuperpacks.getPacks():548 getting packs for superpack: handwriting_recognition
02-12 12:45:42.227  1524  7114 I ManifestedDataDownloader: ManifestedDataDownloader.download():63 downloading manifest https://www.gstatic.com/android/keyboard/dictionarypack/2025031619/metadata.json-perlang/en-840.json?v=2025052001
02-12 12:45:42.228  1524  1524 I HandwritingOfflineSuperpacks: HandwritingOfflineSuperpacks.syncInternal():80 no bundled lm for handwriting.
02-12 12:45:42.228  1524  1524 I DictionarySuperpacksManager: DictionarySuperpacksManager$1.onEnabledInputMethodEntriesChanged():65 onEnabledInputMethodEntriesChanged
02-12 12:45:42.228  1524  1524 W NotificationCenter: NotificationCenter$NotificationQueue.notifyPendingNotificationsOnExecutor():877 Heavy notify work detected on UI thread: [kig->ghi, kig->ljw, kig->fmc, kig->ghi, kig->ljw, kig->fmc, kds->ijn, kds->iim, kds->jvx, kjw->iwj, kdz->epv, kdz->epv, kdz->eql, kdz->eth] takes 22ms
02-12 12:45:42.229  1524  1524 I SystemSubtypesReportModule: SystemSubtypesReportModule$4.onSetCurrentInputMethodSubtype():192 en_US
02-12 12:45:42.229  1524  1524 I SystemSubtypesReportModule: SystemSubtypesReportModule$4.onSetCurrentInputMethodSubtype():204 Subtype en_US was caused by entry
02-12 12:45:42.230  1524  1524 I AbstractOpenableExtension: AbstractOpenableExtension$3.onSuccess():555 KeyboardGroupManager destroyed in fso.
02-12 12:45:42.230  1653  1847 I AiAiEcho: Predicting[0]:  [CONTEXT sampling_count=5 ]
02-12 12:45:42.230  1524  1524 I AbstractOpenableExtension: AbstractOpenableExtension$3.onSuccess():555 KeyboardGroupManager destroyed in fve.
02-12 12:45:42.230  1653  1847 I AiAiEcho: EchoTargets:
02-12 12:45:42.230  1653  1847 I AiAiEcho: Filtered by AiAi flag check:
02-12 12:45:42.230  1653  1847 I AiAiEcho: [CONTEXT ratelimit_period="10 SECONDS" ]
02-12 12:45:42.231  1524  1524 I AbstractOpenableExtension: AbstractOpenableExtension$3.onFailure():563 Failed to load KeyboardGroupManager in fyg.
02-12 12:45:42.232  1653  1847 I AiAiEcho: #remoteViewsTwiddler: feature disabled.
02-12 12:45:42.233  1653  1847 I AiAiEcho: #postPredictionTargets: Sending updates to UISurface home with targets# 0 (types=[])
02-12 12:45:42.235  1653  1847 I AiAiEcho: #postPredictionTargets: Sending updates to UISurface lockscreen with targets# 0 (types=[])
02-12 12:45:42.237  1059  1059 W PageIndicator: Total number of pages invalid: 0. Assuming 1 page.
02-12 12:45:42.245  1524  7441 I MDDSuperpacks: MDDSuperpacks$3.onSuccess():558 packs [zh_TW_2023110702] got for superpack: hmmdictionary
02-12 12:45:42.246  1524  7442 I MDDSuperpacks: MDDSuperpacks$2.onSuccess():274 Sync success for hmmdictionary with result: {old=[zh_TW_2023110702], new=[zh_TW_2023110702], metadata=false, last batch=true}
02-12 12:45:42.247  1524  7195 I SuperpacksManagerBase: SuperpacksManagerBase$2.onSyncSuccess():192 sync(): complete {old=[zh_TW_2023110702], new=[zh_TW_2023110702], metadata=false, last batch=true}
02-12 12:45:42.248  1524  7195 I MDDSuperpacks: MDDSuperpacks.getPacks():548 getting packs for superpack: hmmdictionary
02-12 12:45:42.265  1194  1194 D SsBaseTemplateCard: No text view can be set up
02-12 12:45:42.265  1194  1194 D SsBaseTemplateCard: Passed-in item info is null
02-12 12:45:42.265  1194  1194 D SsBaseTemplateCard: Passed-in item info is null
02-12 12:45:42.265  1194  1194 D SsBaseTemplateCard: Passed-in item info is null
02-12 12:45:42.265  1194  1194 I SsBaseTemplateCard: Secondary card pane is null
02-12 12:45:42.298  1524  7195 I SuperDelight: SuperDelightManager.syncOverridesLanguageModels():687 SuperDelightManager#syncOverridesLanguageModels(): Superpack delight_overrides not found or negative version provided
02-12 12:45:42.301  1524  7189 I MDDSuperpacks: MDDSuperpacks.getPacks():548 getting packs for superpack: delight_overrides
02-12 12:45:42.310  1524  7441 I MDDSuperpacks: MDDSuperpacks$3.onSuccess():558 packs [transformer_latin_tflite_20231010_zip, transformer_chinese_tflite_20231016_zip, zh_tw_20230706_compact_fst_zip, qrnn_en_us_reco_20231010_fst_20230613_recospec_zip, pack_mapping_v1_lstm_20231127, transformer_latin_seg_tflite_20231010_zip, transformer_chinese_conf_tflite_20231016_zip, scribe_latin_20231123_recospec_zip, en_us_20230613_compact_fst_zip, scribe_chinese_20231123_tflite_zip, transformer_chinese_seg_tflite_20231016_zip, scribe_latin_20231123_tflite_zip, transformer_latin_conf_tflite_20231010_zip, scribe_chinese_20231123_recospec_zip, qrnn_zh_tw_reco_20231016_fst_20230706_recospec_zip] got for superpack: handwriting_recognition
02-12 12:45:42.310  1524  7115 I MDDSuperpacks: MDDSuperpacks.getPacks():548 getting packs for superpack: handwriting_recognition
02-12 12:45:42.313  1524  7442 I MDDSuperpacks: MDDSuperpacks$3.onSuccess():558 packs [transformer_latin_tflite_20231010_zip, transformer_chinese_tflite_20231016_zip, zh_tw_20230706_compact_fst_zip, qrnn_en_us_reco_20231010_fst_20230613_recospec_zip, pack_mapping_v1_lstm_20231127, transformer_latin_seg_tflite_20231010_zip, transformer_chinese_conf_tflite_20231016_zip, scribe_latin_20231123_recospec_zip, en_us_20230613_compact_fst_zip, scribe_chinese_20231123_tflite_zip, transformer_chinese_seg_tflite_20231016_zip, scribe_latin_20231123_tflite_zip, transformer_latin_conf_tflite_20231010_zip, scribe_chinese_20231123_recospec_zip, qrnn_zh_tw_reco_20231016_fst_20230706_recospec_zip] got for superpack: handwriting_recognition
02-12 12:45:42.316  1524  7116 I MDDSuperpacks: MDDSuperpacks.getPacks():548 getting packs for superpack: handwriting_recognition
02-12 12:45:42.373  1524  7667 I DownloadManager: DownloadManager.downloadInternal():412 Download for __KLP_manifest_delight__en-840 scheduled with params DownloadParams{allowMetered=true, requireCharging=false, foreground=false, immediately=true, priority=0}
02-12 12:45:42.373  1524  7667 I DownloadManager: DownloadManager.startDownload():495 start download of __KLP_manifest_delight__en-840
02-12 12:45:42.383  1524  7666 W MDDSuperpacks: MDDSuperpacks.constructPackSet():578 file group is empty
02-12 12:45:42.383  1524  7668 I MDDSuperpacks: MDDSuperpacks$3.onSuccess():558 packs [] got for superpack: delight_overrides
02-12 12:45:42.387  1524  7195 I SuperDelight: SuperDelightManager$2.onSuccess():635 delight_overrides sync success, adding to data file manager
02-12 12:45:42.387  1524  7667 I DownloadManager: DownloadManager.downloadInternal():412 Download for __SP_MANIFEST_bundled_delight scheduled with params DownloadParams{allowMetered=true, requireCharging=false, foreground=false, immediately=true, priority=0}
02-12 12:45:42.387  1524  7667 I DownloadManager: DownloadManager.startDownload():495 start download of __SP_MANIFEST_bundled_delight
02-12 12:45:42.389  1524  7667 I DownloadManager: DownloadManager.downloadInternal():412 Download for __SP_MANIFEST_emoticon_content_description scheduled with params DownloadParams{allowMetered=true, requireCharging=false, foreground=false, immediately=true, priority=0}
02-12 12:45:42.390  1524  7665 I MDDSuperpacks: MDDSuperpacks$3.onSuccess():558 packs [zh_TW_2023110702] got for superpack: hmmdictionary
02-12 12:45:42.390  1524  7667 I DownloadManager: DownloadManager.startDownload():495 start download of __SP_MANIFEST_emoticon_content_description
02-12 12:45:42.392  1524  7667 I DownloadManager: DownloadManager$4.onFailure():573 download for __KLP_manifest_delight__en-840 is cancelled
02-12 12:45:42.392  1524  7667 I DownloadManager: DownloadManager.downloadInternal():410 Previous download for __KLP_manifest_delight__en-840 is cancelled
02-12 12:45:42.392  1524  7667 I DownloadManager: DownloadManager.downloadInternal():412 Download for __KLP_manifest_delight__en-840 scheduled with params DownloadParams{allowMetered=true, requireCharging=false, foreground=false, immediately=true, priority=0}
02-12 12:45:42.392  1524  7667 I DownloadManager: DownloadManager.startDownload():495 start download of __KLP_manifest_delight__en-840
02-12 12:45:42.393  1524  7189 I HmmDataFacilitator: HmmDataFacilitator.setDownloadedPacks():333 Opening pack for language zh_TW
02-12 12:45:42.402  1524  7665 E MDDSuperpacks: MDDSuperpacks.parseManifest():476 cannot find metadata for delight_overrides
02-12 12:45:42.408  1524  7442 I MDDSuperpacks: MDDSuperpacks$3.onSuccess():558 packs [transformer_latin_tflite_20231010_zip, transformer_chinese_tflite_20231016_zip, zh_tw_20230706_compact_fst_zip, qrnn_en_us_reco_20231010_fst_20230613_recospec_zip, pack_mapping_v1_lstm_20231127, transformer_latin_seg_tflite_20231010_zip, transformer_chinese_conf_tflite_20231016_zip, scribe_latin_20231123_recospec_zip, en_us_20230613_compact_fst_zip, scribe_chinese_20231123_tflite_zip, transformer_chinese_seg_tflite_20231016_zip, scribe_latin_20231123_tflite_zip, transformer_latin_conf_tflite_20231010_zip, scribe_chinese_20231123_recospec_zip, qrnn_zh_tw_reco_20231016_fst_20230706_recospec_zip] got for superpack: handwriting_recognition
02-12 12:45:42.412  1524  7113 I MDDSuperpacks: MDDSuperpacks.getPacks():548 getting packs for superpack: handwriting_recognition
02-12 12:45:42.417  1524  7668 I SuperDelight: SuperDelightBundledMetadataParser.addSystemLms():202 system lm dir /system/usr/share/ime/google/d3_lms does not exist or is not readable
02-12 12:45:42.429  1524  7668 I SuperDelight: SuperDelightBundledMetadataParser.parse():192 SuperDelightBundledMetadataParser#parse(): manifest parsed with 1 packs
02-12 12:45:42.429  1524  7115 I MDDSuperpacks: MDDSuperpacks.getPacks():548 getting packs for superpack: handwriting_recognition
02-12 12:45:42.431  1524  7665 I MDDSuperpacks: MDDSuperpacks$3.onSuccess():558 packs [transformer_latin_tflite_20231010_zip, transformer_chinese_tflite_20231016_zip, zh_tw_20230706_compact_fst_zip, qrnn_en_us_reco_20231010_fst_20230613_recospec_zip, pack_mapping_v1_lstm_20231127, transformer_latin_seg_tflite_20231010_zip, transformer_chinese_conf_tflite_20231016_zip, scribe_latin_20231123_recospec_zip, en_us_20230613_compact_fst_zip, scribe_chinese_20231123_tflite_zip, transformer_chinese_seg_tflite_20231016_zip, scribe_latin_20231123_tflite_zip, transformer_latin_conf_tflite_20231010_zip, scribe_chinese_20231123_recospec_zip, qrnn_zh_tw_reco_20231016_fst_20230706_recospec_zip] got for superpack: handwriting_recognition
02-12 12:45:42.464  1524  7667 I DownloadManager: DownloadManager.downloadInternal():412 Download for __SP_MANIFEST_handwriting_recognition scheduled with params DownloadParams{allowMetered=true, requireCharging=false, foreground=false, immediately=true, priority=0}
02-12 12:45:42.464  1524  7667 I DownloadManager: DownloadManager.startDownload():495 start download of __SP_MANIFEST_handwriting_recognition
02-12 12:45:42.466  1524  7442 I MDDSuperpacks: MDDSuperpacks$3.onSuccess():558 packs [transformer_latin_tflite_20231010_zip, transformer_chinese_tflite_20231016_zip, zh_tw_20230706_compact_fst_zip, qrnn_en_us_reco_20231010_fst_20230613_recospec_zip, pack_mapping_v1_lstm_20231127, transformer_latin_seg_tflite_20231010_zip, transformer_chinese_conf_tflite_20231016_zip, scribe_latin_20231123_recospec_zip, en_us_20230613_compact_fst_zip, scribe_chinese_20231123_tflite_zip, transformer_chinese_seg_tflite_20231016_zip, scribe_latin_20231123_tflite_zip, transformer_latin_conf_tflite_20231010_zip, scribe_chinese_20231123_recospec_zip, qrnn_zh_tw_reco_20231016_fst_20230706_recospec_zip] got for superpack: handwriting_recognition
02-12 12:45:42.473  1524  7667 I DownloadManager: DownloadManager$4.onSuccess():564 download for __SP_MANIFEST_bundled_delight is finished with files # mxp@58d99e11
02-12 12:45:42.475  1524  7442 I SuperDelight: SuperDelightBundledMetadataParser.addSystemLms():202 system lm dir /system/usr/share/ime/google/d3_lms does not exist or is not readable
02-12 12:45:42.477  1524  7442 I SuperDelight: SuperDelightBundledMetadataParser.parse():192 SuperDelightBundledMetadataParser#parse(): manifest parsed with 1 packs
02-12 12:45:42.477  1524  7667 I DownloadManager: DownloadManager$4.onSuccess():564 download for __SP_MANIFEST_emoticon_content_description is finished with files # mxp@388e70e2
02-12 12:45:42.479  1524  7667 I DownloadManager: DownloadManager$4.onSuccess():564 download for __KLP_manifest_delight__en-840 is finished with files # mxp@1da44f1e
02-12 12:45:42.480  1524  7195 I MDDSuperpacks: MDDSuperpacks.sync():223 sync requested for emoticon_content_description
02-12 12:45:42.490  1524  7113 I MDDSuperpacks: MDDSuperpacks.getPacks():548 getting packs for superpack: handwriting_recognition
02-12 12:45:42.490  1524  7665 I MDDSuperpacks: MDDSuperpacks$3.onSuccess():558 packs [transformer_latin_tflite_20231010_zip, transformer_chinese_tflite_20231016_zip, zh_tw_20230706_compact_fst_zip, qrnn_en_us_reco_20231010_fst_20230613_recospec_zip, pack_mapping_v1_lstm_20231127, transformer_latin_seg_tflite_20231010_zip, transformer_chinese_conf_tflite_20231016_zip, scribe_latin_20231123_recospec_zip, en_us_20230613_compact_fst_zip, scribe_chinese_20231123_tflite_zip, transformer_chinese_seg_tflite_20231016_zip, scribe_latin_20231123_tflite_zip, transformer_latin_conf_tflite_20231010_zip, scribe_chinese_20231123_recospec_zip, qrnn_zh_tw_reco_20231016_fst_20230706_recospec_zip] got for superpack: handwriting_recognition
02-12 12:45:42.492  1524  7667 I DownloadManager: DownloadManager$4.onSuccess():564 download for __SP_MANIFEST_handwriting_recognition is finished with files # mxp@1c734294
02-12 12:45:42.494  1524  7189 I SuperDelight: SuperDelightManager.syncBundledLanguageModels():773 SuperDelightManager#syncBundledLanguageModels(): Syncing for version 2025021100
02-12 12:45:42.494  1524  7189 I MDDSuperpacks: MDDSuperpacks.sync():223 sync requested for bundled_delight
02-12 12:45:42.495  1524  7666 I MDDSuperpacks: MDDSuperpacks$3.onSuccess():558 packs [transformer_latin_tflite_20231010_zip, transformer_chinese_tflite_20231016_zip, zh_tw_20230706_compact_fst_zip, qrnn_en_us_reco_20231010_fst_20230613_recospec_zip, pack_mapping_v1_lstm_20231127, transformer_latin_seg_tflite_20231010_zip, transformer_chinese_conf_tflite_20231016_zip, scribe_latin_20231123_recospec_zip, en_us_20230613_compact_fst_zip, scribe_chinese_20231123_tflite_zip, transformer_chinese_seg_tflite_20231016_zip, scribe_latin_20231123_tflite_zip, transformer_latin_conf_tflite_20231010_zip, scribe_chinese_20231123_recospec_zip, qrnn_zh_tw_reco_20231016_fst_20230706_recospec_zip] got for superpack: handwriting_recognition
02-12 12:45:42.495  1524  7115 I ManifestedDataDownloader: ManifestedDataDownloader.checkVersionAndDownload():91 filegroup __KLP_delight__en-840 with version 2025031300 is already downloaded
02-12 12:45:42.496  1524  7442 I MDDSuperpacks: MDDSuperpacks.getPacks():548 getting packs for superpack: emoticon_content_description
02-12 12:45:42.497  1524  7115 I ManifestedDataDownloader: ManifestedDataDownloader.checkVersionAndDownload():91 filegroup __KLP_delight__en-840 with version 2025031300 is already downloaded
02-12 12:45:42.499  1524  7115 I DelightKLPDownloader: DelightKLPDownloader$2.onSuccess():222 klp en_840 downloaded with version 2025031300
02-12 12:45:42.499  1524  7114 I DelightKLPDownloader: DelightKLPDownloader$2.onSuccess():222 klp en_840 downloaded with version 2025031300
02-12 12:45:42.506  1524  7115 I HandwritingOnlineSuperpacks: HandwritingOnlineSuperpacks.syncInternal():168 syncPackMapping()
02-12 12:45:42.506  1524  7115 I MDDSuperpacks: MDDSuperpacks.sync():223 sync requested for handwriting_recognition
02-12 12:45:42.509  1524  7410 E MDDSuperpacks: MDDSuperpacks.parseManifest():476 cannot find metadata for delight_overrides
02-12 12:45:42.509  1524  7442 I SuperDelight: SuperDelightBundledMetadataParser.addSystemLms():202 system lm dir /system/usr/share/ime/google/d3_lms does not exist or is not readable
02-12 12:45:42.509  1524  7441 E MDDSuperpacks: MDDSuperpacks.parseManifest():476 cannot find metadata for delight_overrides
02-12 12:45:42.510  1524  7442 I SuperDelight: SuperDelightBundledMetadataParser.parse():192 SuperDelightBundledMetadataParser#parse(): manifest parsed with 1 packs
02-12 12:45:42.510  1524  7113 I MDDSuperpacks: MDDSuperpacks.getPacks():548 getting packs for superpack: handwriting_recognition_offline
02-12 12:45:42.511  1524  7196 I SuperDelight: SuperDelightBundledMetadataParser.addSystemLms():202 system lm dir /system/usr/share/ime/google/d3_lms does not exist or is not readable
02-12 12:45:42.513  1524  7441 I MDDSuperpacks: MDDSuperpacks$3.onSuccess():558 packs [7a635888cb828dfa2fc744b7b9b50f04, c5c37e938eec559132ebd6c6245d763a] got for superpack: emoticon_content_description
02-12 12:45:42.513  1524  7196 I SuperDelight: SuperDelightBundledMetadataParser.parse():192 SuperDelightBundledMetadataParser#parse(): manifest parsed with 1 packs
02-12 12:45:42.517  1524  7668 I SuperDelight: SuperDelightBundledMetadataParser.addSystemLms():202 system lm dir /system/usr/share/ime/google/d3_lms does not exist or is not readable
02-12 12:45:42.518  1524  7668 I SuperDelight: SuperDelightBundledMetadataParser.parse():192 SuperDelightBundledMetadataParser#parse(): manifest parsed with 1 packs
02-12 12:45:42.522  1524  7665 I MDDSuperpacks: MDDSuperpacks.getPacks():548 getting packs for superpack: bundled_delight
02-12 12:45:42.530  1524  7410 I MDDSuperpacks: MDDSuperpacks$3.onSuccess():558 packs [transformer_latin_tflite_20231010_zip, transformer_chinese_tflite_20231016_zip, zh_tw_20230706_compact_fst_zip, qrnn_en_us_reco_20231010_fst_20230613_recospec_zip, pack_mapping_v1_lstm_20231127, transformer_latin_seg_tflite_20231010_zip, transformer_chinese_conf_tflite_20231016_zip, scribe_latin_20231123_recospec_zip, en_us_20230613_compact_fst_zip, scribe_chinese_20231123_tflite_zip, transformer_chinese_seg_tflite_20231016_zip, scribe_latin_20231123_tflite_zip, transformer_latin_conf_tflite_20231010_zip, scribe_chinese_20231123_recospec_zip, qrnn_zh_tw_reco_20231016_fst_20230706_recospec_zip] got for superpack: handwriting_recognition
02-12 12:45:42.530  1524  7666 W MDDSuperpacks: MDDSuperpacks.constructPackSet():578 file group is empty
02-12 12:45:42.531  1524  7667 I MDDSuperpacks: MDDSuperpacks.getPacks():548 getting packs for superpack: handwriting_recognition
02-12 12:45:42.531  1524  7668 I MDDSuperpacks: MDDSuperpacks.getPacks():548 getting packs for superpack: emoticon_content_description
02-12 12:45:42.533  1524  7116 E HandwritingSuperpacksUtil: HandwritingSuperpacksUtil.getPackMappingPackName():40 No pack mapping pack found in []
02-12 12:45:42.533  1524  7116 I HandwritingSuperpacks: HandwritingSuperpacks.reloadCache():237 updatePackMappingsCache(): pack mapping pack unavailable [OFFLINE]
02-12 12:45:42.533  1524  7116 I MDDSuperpacks: MDDSuperpacks.getPacks():548 getting packs for superpack: handwriting_recognition
02-12 12:45:42.535  1524  7196 I MDDSuperpacks: MDDSuperpacks$3.onSuccess():558 packs [] got for superpack: handwriting_recognition_offline
02-12 12:45:42.546  1524  7442 I MDDSuperpacks: MDDSuperpacks$3.onSuccess():558 packs [main_en_us_2024102000_2] got for superpack: bundled_delight
02-12 12:45:42.548  1524  7201 I SuperDelight: SuperDelightBundledSlicingStrategy.getSlices():41 BundledSlicing#getSlices() : Locale = [en_US]
02-12 12:45:42.576  1524  7201 I SuperDelight: SuperDelightBundledSlicingStrategy.getSlices():67 BundledSlicing#getSlices(): result {slices=[bundled_delight:main_en_us_2024102000_2], last batch=true, sync metadata=false}
02-12 12:45:42.577  1524  7410 I MDDSuperpacks: MDDSuperpacks$2.onSuccess():274 Sync success for emoticon_content_description with result: {old=[7a635888cb828dfa2fc744b7b9b50f04, c5c37e938eec559132ebd6c6245d763a], new=[7a635888cb828dfa2fc744b7b9b50f04, c5c37e938eec559132ebd6c6245d763a], metadata=false, last batch=true}
02-12 12:45:42.577  1524  7668 I HandwritingSlicingStrategy: HandwritingSlicingStrategy.getSlices():44 getSlices(): handwriting_recognition.86 useForeground=true
02-12 12:45:42.577  1524  7196 I MDDSuperpacks: MDDSuperpacks.getPacks():548 getting packs for superpack: bundled_delight
02-12 12:45:42.578  1524  7668 I HandwritingSlicingStrategy: HandwritingSlicingStrategy.getSlices():103 getSlices(): result {slices=[{handwriting_recognition:pack_mapping_v1_lstm_20231127, m:*:*:*, fg}, {handwriting_recognition:transformer_latin_tflite_20231010_zip, m:*:*:*, fg}, {handwriting_recognition:qrnn_en_us_reco_20231010_fst_20230613_recospec_zip, m:*:*:*, fg}, {handwriting_recognition:transformer_latin_conf_tflite_20231010_zip, m:*:*:*, fg}, {handwriting_recognition:transformer_latin_seg_tflite_20231010_zip, m:*:*:*, fg}, {handwriting_recognition:en_us_20230613_compact_fst_zip, m:*:*:*, fg}, {handwriting_recognition:scribe_latin_20231123_tflite_zip, m:*:*:*, fg}, {handwriting_recognition:scribe_latin_20231123_recospec_zip, m:*:*:*, fg}], last batch=true, sync metadata=false}
02-12 12:45:42.578  1524  7196 I MDDSuperpacks: MDDSuperpacks.getPacks():548 getting packs for superpack: handwriting_recognition
02-12 12:45:42.581  1524  7196 I MDDSuperpacks: MDDSuperpacks$3.onSuccess():558 packs [transformer_latin_tflite_20231010_zip, transformer_chinese_tflite_20231016_zip, zh_tw_20230706_compact_fst_zip, qrnn_en_us_reco_20231010_fst_20230613_recospec_zip, pack_mapping_v1_lstm_20231127, transformer_latin_seg_tflite_20231010_zip, transformer_chinese_conf_tflite_20231016_zip, scribe_latin_20231123_recospec_zip, en_us_20230613_compact_fst_zip, scribe_chinese_20231123_tflite_zip, transformer_chinese_seg_tflite_20231016_zip, scribe_latin_20231123_tflite_zip, transformer_latin_conf_tflite_20231010_zip, scribe_chinese_20231123_recospec_zip, qrnn_zh_tw_reco_20231016_fst_20230706_recospec_zip] got for superpack: handwriting_recognition
02-12 12:45:42.583  1524  7441 I MDDSuperpacks: MDDSuperpacks$3.onSuccess():558 packs [transformer_latin_tflite_20231010_zip, transformer_chinese_tflite_20231016_zip, zh_tw_20230706_compact_fst_zip, qrnn_en_us_reco_20231010_fst_20230613_recospec_zip, pack_mapping_v1_lstm_20231127, transformer_latin_seg_tflite_20231010_zip, transformer_chinese_conf_tflite_20231016_zip, scribe_latin_20231123_recospec_zip, en_us_20230613_compact_fst_zip, scribe_chinese_20231123_tflite_zip, transformer_chinese_seg_tflite_20231016_zip, scribe_latin_20231123_tflite_zip, transformer_latin_conf_tflite_20231010_zip, scribe_chinese_20231123_recospec_zip, qrnn_zh_tw_reco_20231016_fst_20230706_recospec_zip] got for superpack: handwriting_recognition
02-12 12:45:42.594  1524  7196 I MDDSuperpacks: MDDSuperpacks$3.onSuccess():558 packs [main_en_us_2024102000_2] got for superpack: bundled_delight
02-12 12:45:42.595  1524  7442 I MDDSuperpacks: MDDSuperpacks$3.onSuccess():558 packs [7a635888cb828dfa2fc744b7b9b50f04, c5c37e938eec559132ebd6c6245d763a] got for superpack: emoticon_content_description
02-12 12:45:42.595  1524  7668 I MDDSuperpacks: MDDSuperpacks$3.onSuccess():558 packs [transformer_latin_tflite_20231010_zip, transformer_chinese_tflite_20231016_zip, zh_tw_20230706_compact_fst_zip, qrnn_en_us_reco_20231010_fst_20230613_recospec_zip, pack_mapping_v1_lstm_20231127, transformer_latin_seg_tflite_20231010_zip, transformer_chinese_conf_tflite_20231016_zip, scribe_latin_20231123_recospec_zip, en_us_20230613_compact_fst_zip, scribe_chinese_20231123_tflite_zip, transformer_chinese_seg_tflite_20231016_zip, scribe_latin_20231123_tflite_zip, transformer_latin_conf_tflite_20231010_zip, scribe_chinese_20231123_recospec_zip, qrnn_zh_tw_reco_20231016_fst_20230706_recospec_zip] got for superpack: handwriting_recognition
02-12 12:45:42.596  1524  7668 I LmManager: LmManager$1.onSuccess():82 Bundled delight sync success
02-12 12:45:42.596  1524  7201 I MDDSuperpacks: MDDSuperpacks$2.onSuccess():274 Sync success for bundled_delight with result: {old=[main_en_us_2024102000_2], new=[main_en_us_2024102000_2], metadata=false, last batch=true}
02-12 12:45:42.596  1524  7195 I MDDSuperpacks: MDDSuperpacks.getPacks():548 getting packs for superpack: bundled_delight
02-12 12:45:42.610  1524  7116 I MDDSuperpacks: MDDSuperpacks.getPacks():548 getting packs for superpack: handwriting_recognition
02-12 12:45:42.654  1524  7115 I HandwritingOnlineSuperpacks: HandwritingOnlineSuperpacks.syncInternal():187 syncInternal(): syncing packs
02-12 12:45:42.654  1524  7115 I HandwritingOnlineSuperpacks: HandwritingOnlineSuperpacks$2.onSyncSuccess():225 syncInternal(): complete {old=[en_us_20230613_compact_fst_zip, pack_mapping_v1_lstm_20231127, qrnn_en_us_reco_20231010_fst_20230613_recospec_zip, qrnn_zh_tw_reco_20231016_fst_20230706_recospec_zip, scribe_chinese_20231123_recospec_zip, scribe_chinese_20231123_tflite_zip, scribe_latin_20231123_recospec_zip, scribe_latin_20231123_tflite_zip, transformer_chinese_conf_tflite_20231016_zip, transformer_chinese_seg_tflite_20231016_zip, transformer_chinese_tflite_20231016_zip, transformer_latin_conf_tflite_20231010_zip, transformer_latin_seg_tflite_20231010_zip, transformer_latin_tflite_20231010_zip, zh_tw_20230706_compact_fst_zip], new=[en_us_20230613_compact_fst_zip, pack_mapping_v1_lstm_20231127, qrnn_en_us_reco_20231010_fst_20230613_recospec_zip, qrnn_zh_tw_reco_20231016_fst_20230706_recospec_zip, scribe_chinese_20231123_recospec_zip, scribe_chinese_20231123_tflite_zip, scribe_latin_20231123_recospec_zip, scribe_latin_20231123_tflite_zip, transformer_chinese_conf_tflite_20231016_zip, transformer_chinese_seg_tflite_20231016_zip, transformer_chinese_tflite_20231016_zip, transformer_latin_conf_tflite_20231010_zip, transformer_latin_seg_tflite_20231010_zip, transformer_latin_tflite_20231010_zip, zh_tw_20230706_compact_fst_zip], metadata=false, last batch=true}
02-12 12:45:42.654  1524  7115 I MDDSuperpacks: MDDSuperpacks.getPacks():548 getting packs for superpack: handwriting_recognition
02-12 12:45:42.654  1524  7442 I MDDSuperpacks: MDDSuperpacks$2.onSuccess():274 Sync success for handwriting_recognition with result: {old=[en_us_20230613_compact_fst_zip, pack_mapping_v1_lstm_20231127, qrnn_en_us_reco_20231010_fst_20230613_recospec_zip, qrnn_zh_tw_reco_20231016_fst_20230706_recospec_zip, scribe_chinese_20231123_recospec_zip, scribe_chinese_20231123_tflite_zip, scribe_latin_20231123_recospec_zip, scribe_latin_20231123_tflite_zip, transformer_chinese_conf_tflite_20231016_zip, transformer_chinese_seg_tflite_20231016_zip, transformer_chinese_tflite_20231016_zip, transformer_latin_conf_tflite_20231010_zip, transformer_latin_seg_tflite_20231010_zip, transformer_latin_tflite_20231010_zip, zh_tw_20230706_compact_fst_zip], new=[en_us_20230613_compact_fst_zip, pack_mapping_v1_lstm_20231127, qrnn_en_us_reco_20231010_fst_20230613_recospec_zip, qrnn_zh_tw_reco_20231016_fst_20230706_recospec_zip, scribe_chinese_20231123_recospec_zip, scribe_chinese_20231123_tflite_zip, scribe_latin_20231123_recospec_zip, scribe_latin_20231123_tflite_zip, transformer_chinese_conf_tflite_20231016_zip, transformer_chinese_seg_tflite_20231016_zip, transformer_chinese_tflite_20231016_zip, transformer_latin_conf_tflite_20231010_zip, transformer_latin_seg_tflite_20231010_zip, transformer_latin_tflite_20231010_zip, zh_tw_20230706_compact_fst_zip], metadata=false, last batch=true}
02-12 12:45:42.655  1524  7442 I MDDSuperpacks: MDDSuperpacks$3.onSuccess():558 packs [main_en_us_2024102000_2] got for superpack: bundled_delight
02-12 12:45:42.655  1524  7668 I MDDSuperpacks: MDDSuperpacks$3.onSuccess():558 packs [transformer_latin_tflite_20231010_zip, transformer_chinese_tflite_20231016_zip, zh_tw_20230706_compact_fst_zip, qrnn_en_us_reco_20231010_fst_20230613_recospec_zip, pack_mapping_v1_lstm_20231127, transformer_latin_seg_tflite_20231010_zip, transformer_chinese_conf_tflite_20231016_zip, scribe_latin_20231123_recospec_zip, en_us_20230613_compact_fst_zip, scribe_chinese_20231123_tflite_zip, transformer_chinese_seg_tflite_20231016_zip, scribe_latin_20231123_tflite_zip, transformer_latin_conf_tflite_20231010_zip, scribe_chinese_20231123_recospec_zip, qrnn_zh_tw_reco_20231016_fst_20230706_recospec_zip] got for superpack: handwriting_recognition
02-12 12:45:42.657  1524  7195 I SuperDelight: SuperDelightManager$2.onSuccess():635 bundled_delight sync success, adding to data file manager
02-12 12:45:42.657  1524  7195 I DataFileManager: DataFileManager.addDataWithoutNotify():181 data en-US already exists
02-12 12:45:42.684  1524  7115 I MDDSuperpacks: MDDSuperpacks.getPacks():548 getting packs for superpack: handwriting_recognition
02-12 12:45:42.685  1524  7668 I MDDSuperpacks: MDDSuperpacks$3.onSuccess():558 packs [transformer_latin_tflite_20231010_zip, transformer_chinese_tflite_20231016_zip, zh_tw_20230706_compact_fst_zip, qrnn_en_us_reco_20231010_fst_20230613_recospec_zip, pack_mapping_v1_lstm_20231127, transformer_latin_seg_tflite_20231010_zip, transformer_chinese_conf_tflite_20231016_zip, scribe_latin_20231123_recospec_zip, en_us_20230613_compact_fst_zip, scribe_chinese_20231123_tflite_zip, transformer_chinese_seg_tflite_20231016_zip, scribe_latin_20231123_tflite_zip, transformer_latin_conf_tflite_20231010_zip, scribe_chinese_20231123_recospec_zip, qrnn_zh_tw_reco_20231016_fst_20230706_recospec_zip] got for superpack: handwriting_recognition
02-12 12:45:42.697  1524  7115 I MDDSuperpacks: MDDSuperpacks.getPacks():548 getting packs for superpack: handwriting_recognition_offline
02-12 12:45:42.699  1524  7668 I MDDSuperpacks: MDDSuperpacks.getPacks():548 packs [transformer_latin_tflite_20231010_zip, transformer_chinese_tflite_20231016_zip, zh_tw_20230706_compact_fst_zip, qrnn_en_us_reco_20231010_fst_20230613_recospec_zip, pack_mapping_v1_lstm_20231127, transformer_latin_seg_tflite_20231010_zip, transformer_chinese_conf_tflite_20231016_zip, scribe_latin_20231123_recospec_zip, en_us_20230613_compact_fst_zip, scribe_chinese_20231123_tflite_zip, transformer_chinese_seg_tflite_20231016_zip, scribe_latin_20231123_tflite_zip, transformer_latin_conf_tflite_20231010_zip, scribe_chinese_20231123_recospec_zip, qrnn_zh_tw_reco_20231016_fst_20230706_recospec_zip] got for superpack: handwriting_recognition
02-12 12:45:42.708  1524  7442 W MDDSuperpacks: MDDSuperpacks.constructPackSet():578 file group is empty
02-12 12:45:42.709  1524  7668 I MDDSuperpacks: MDDSuperpacks$3.onSuccess():558 packs [] got for superpack: handwriting_recognition_offline
02-12 12:45:42.715  1524  7114 E HandwritingSuperpacksUtil: HandwritingSuperpacksUtil.getPackMappingPackName():40 No pack mapping pack found in []
02-12 12:45:42.718  1524  7114 I HandwritingSuperpacks: HandwritingSuperpacks.reloadCache():237 updatePackMappingsCache(): pack mapping pack unavailable [OFFLINE]
02-12 12:45:42.719  1524  7114 I MDDSuperpacks: MDDSuperpacks.getPacks():548 getting packs for superpack: handwriting_recognition
02-12 12:45:42.769  1524  7442 I MDDSuperpacks: MDDSuperpacks$3.onSuccess():558 packs [transformer_latin_tflite_20231010_zip, transformer_chinese_tflite_20231016_zip, zh_tw_20230706_compact_fst_zip, qrnn_en_us_reco_20231010_fst_20230613_recospec_zip, pack_mapping_v1_lstm_20231127, transformer_latin_seg_tflite_20231010_zip, transformer_chinese_conf_tflite_20231016_zip, scribe_latin_20231123_recospec_zip, en_us_20230613_compact_fst_zip, scribe_chinese_20231123_tflite_zip, transformer_chinese_seg_tflite_20231016_zip, scribe_latin_20231123_tflite_zip, transformer_latin_conf_tflite_20231010_zip, scribe_chinese_20231123_recospec_zip, qrnn_zh_tw_reco_20231016_fst_20230706_recospec_zip] got for superpack: handwriting_recognition
02-12 12:45:42.770  1524  7114 I MDDSuperpacks: MDDSuperpacks.getPacks():548 getting packs for superpack: handwriting_recognition
02-12 12:45:42.781  1524  7668 I MDDSuperpacks: MDDSuperpacks$3.onSuccess():558 packs [transformer_latin_tflite_20231010_zip, transformer_chinese_tflite_20231016_zip, zh_tw_20230706_compact_fst_zip, qrnn_en_us_reco_20231010_fst_20230613_recospec_zip, pack_mapping_v1_lstm_20231127, transformer_latin_seg_tflite_20231010_zip, transformer_chinese_conf_tflite_20231016_zip, scribe_latin_20231123_recospec_zip, en_us_20230613_compact_fst_zip, scribe_chinese_20231123_tflite_zip, transformer_chinese_seg_tflite_20231016_zip, scribe_latin_20231123_tflite_zip, transformer_latin_conf_tflite_20231010_zip, scribe_chinese_20231123_recospec_zip, qrnn_zh_tw_reco_20231016_fst_20230706_recospec_zip] got for superpack: handwriting_recognition
02-12 12:45:42.799  1194  1194 D ScalingWorkspaceRevealAnim: alpha of workspace at the end of animation: 1.0
02-12 12:45:42.809  7341  7341 D VRI[MainActivity]: visibilityChanged oldVisibility=true newVisibility=false
02-12 12:45:42.833  7391  7391 W WindowOnBackDispatcher: sendCancelIfRunning: isInProgress=false callback=android.view.ViewRootImpl$$ExternalSyntheticLambda13@f15f9af
02-12 12:45:42.866  7391  7391 D ViewRootImpl: Skipping stats log for color mode
02-12 12:45:42.894  7341  7341 I m.hank.clawlive: AssetManager2(0x78c8d329cad8) locale list changing from [zh-TW] to [en-US]
02-12 12:45:42.894  7341  7341 I m.hank.clawlive: AssetManager2(0x78c8d329a558) locale list changing from [zh-TW] to [en-US]
02-12 12:45:42.894  7341  7341 I m.hank.clawlive: AssetManager2(0x78c8d32995b8) locale list changing from [zh-TW] to [en-US]
02-12 12:45:42.921  7341  7341 D LifecycleMonitor: Lifecycle status change: com.hank.clawlive.MainActivity@bb15f7e in: STOPPED
02-12 12:45:42.921  7341  7341 V ActivityScenario: Update currentActivityStage to STOPPED, currentActivity=com.hank.clawlive.MainActivity@bb15f7e
02-12 12:45:42.924  7341  7341 D LifecycleMonitor: Lifecycle status change: com.hank.clawlive.MainActivity@bb15f7e in: DESTROYED
02-12 12:45:42.924  7341  7341 V ActivityScenario: Update currentActivityStage to DESTROYED, currentActivity=null
02-12 12:45:42.924  7341  7341 W WindowOnBackDispatcher: sendCancelIfRunning: isInProgress=false callback=android.view.ViewRootImpl$$ExternalSyntheticLambda13@bb71f38
02-12 12:45:42.925  7341  7358 I TestRunner: finished: testBottomActionsHasSafeInsetFromNavigationBar(com.hank.clawlive.MainActivityUiTest)
