02-12 12:48:44.762  1524  1524 I InputMethodEntryManager: terpreter=null, inlineComposing=true, autoCapital=false, announceAutoSelectedCandidate=true, statusIcon=0, primeKeyboardType=HARD_QWERTY, indicatorIcon=0, indicatorLabel=null, displayAppCompletions=false, extraValues=kyb{}, processors=lac@9f2fa60, unacceptableMetaKeys=4098, languageSpecificSettings=0, asciiCapable=false, alwaysShowSuggestions=false, useAsciiPasswordKeyboard=false, secondaryIme=null, keyboardGroupDef=kzl@d7966db, phenotypeFlagId=0, localizationLanguageTag=null, supportsInlineSuggestion=false}, kyj{stringId=password_floating_hard_qwerty, language=und-Latn-x-password, languageTag=und-Latn-x-password, processedConditions={}, className=com.google.android.libraries.inputmethod.ime.DummyIme, label=2132019097, keyEventInterpreter=null, inlineComposing=true, autoCapital=false, announceAutoSelectedCandidate=false, statusIcon=2131231749, primeKeyboardType=HARD_QWERTY, indicatorIcon=0, indicatorLabel=null, displayAppCompletions=false, extraValues=kyb{}, processors=lac@9f2fa60, unacceptableMetaKeys=4098, languageSpecificSettings=0, asciiCapable=false, alwaysShowSuggestions=false, useAsciiPasswordKeyboard=false, secondaryIme=null, keyboardGroupDef=kzl@269b578, phenotypeFlagId=0, localizationLanguageTag=null, supportsInlineSuggestion=false}, kyj{stringId=phone_number_floating_hard_qwerty, language=und-Latn-x-phone-number, languageTag=und-Latn-x-phone-number, processedConditions={}, className=com.google.android.libraries.inputmethod.ime.DummyIme, label=2132019097, keyEventInterpreter=null, inlineComposing=true, autoCapital=false, announceAutoSelectedCandidate=false, statusIcon=2131231925, primeKeyboardType=HARD_QWERTY, indicatorIcon=0, indicatorLabel=null, displayAppCompletions=false, extraValues=kyb{}, processors=lac@9f2fa60, unacceptableMetaKeys=4098, languageSpecificSettings=0, asciiCapable=false, alwaysShowSuggestions=false, useAsciiPasswordKeyboard=false, secondaryIme=null, keyboardGroupDef=kzl@f1d0451, phenotypeFlagId=0, localizationLanguageTag=null, supportsInlineSuggestion=false}, kyj{stringId=number_floating_hard_qwerty, language=und-Latn-x-number, languageTag=und-Latn-x-number, processedConditions={}, className=com.google.android.libraries.inputmethod.ime.DummyIme, label=2132019097, keyEventInterpreter=null, inlineComposing=true, autoCapital=false, announceAutoSelectedCandidate=false, statusIcon=2131231925, primeKeyboardType=HARD_QWERTY, indicatorIcon=0, indicatorLabel=null, displayAppCompletions=false, extraValues=kyb{}, processors=lac@9f2fa60, unacceptableMetaKeys=4098, languageSpecificSettings=0, asciiCapable=false, alwaysShowSuggestions=false, useAsciiPasswordKeyboard=false, secondaryIme=null, keyboardGroupDef=kzl@e51b4b6, phenotypeFlagId=0, localizationLanguageTag=null, supportsInlineSuggestion=false}, kyj{stringId=date_time_floating_hard_qwerty, language=und-Latn-x-date-time, languageTag=und-Latn-x-date-time, processedConditions={}, className=com.google.android.libraries.inputmethod.ime.DummyIme, label=2132019097, keyEventInterpreter=null, inlineComposing=true, autoCapital=false, announceAutoSelectedCandidate=false, statusIcon=2131231925, primeKeyboardType=HARD_QWERTY, indicatorIcon=0, indicatorLabel=null, displayAppCompletions=false, extraValues=kyb{}, processors=lac@9f2fa60, unacceptableMetaKeys=4098, languageSpecificSettings=0, asciiCapable=false, alwaysShowSuggestions=false, useAsciiPasswordKeyboard=false, secondaryIme=null, keyboardGroupDef=kzl@89d95b7, phenotypeFlagId=0, localizationLanguageTag=null, supportsInlineSuggestion=false}]
02-12 12:48:44.762  1524  1524 I InputMethodEntryManager: InputMethodEntryManager.onSuccessLoadingAdditionalImeDefs():3063 Additional ImeDefs have been loaded, maybe notify entry change: true
02-12 12:48:44.767  1988  4248 I artd    : GetBestInfo: vdex next to the dex file (/data/user/0/com.google.android.gms/app_dg_cache/94DF452EEF4B8E717545DCDEA6CC3C50A319A195/oat/x86_64/the.vdex) is kOatUpToDate with filter 'verify' executable 'false'
02-12 12:48:44.768  1988  4248 I artd    : GetBestInfo: /data/user_de/0/com.google.android.gms/app_chimera/m/00000007/MeasurementDynamite.apk has no usable artifacts
02-12 12:48:44.771  1524  1524 I SystemSubtypesReportModule: SystemSubtypesReportModule$3.onCurrentInputMethodEntryChanged():149 entry: en-US, source: UNSPECIFIED
02-12 12:48:44.771  1524  1524 I SystemSubtypesReportModule: SystemSubtypesReportModule$3.onCurrentInputMethodEntryChanged():163 switchSubtype(en-US)
02-12 12:48:44.775   776   911 I InputReader: Reconfiguring input devices, changes=KEYBOARD_LAYOUTS
02-12 12:48:44.777   776   911 I system_server: AssetManager2(0x78c8d333a7d8) locale list changing from [] to [en-US]
02-12 12:48:44.791  1194  1194 D InsetsController: hide(ime(), fromIme=false)
02-12 12:48:44.801  1194  1194 I ImeTracker: com.google.android.apps.nexuslauncher:889d703a: onCancelled at PHASE_CLIENT_ALREADY_HIDDEN
02-12 12:48:44.846  1653  1661 I AiAiEcho: Settings changed for uri: content://settings/secure/input_methods_subtype_history
02-12 12:48:44.850  1524  1524 W NotificationCenter: NotificationCenter$NotificationQueue.notifyPendingNotificationsOnExecutor():877 Heavy notify work detected on UI thread: [kds->iic, kds->ktx, kds->lwm, kds->lcn, kds->gkk, ldt->lds] takes 80ms
02-12 12:48:44.850  1524  1524 W NotificationCenter: NotificationCenter$NotificationQueue.notifyPendingNotificationsOnExecutor():877 Heavy notify work detected on UI thread: [kds->leg] takes 87ms
02-12 12:48:44.853  1653  1661 I AiAiEcho: Settings changed for uri: content://settings/secure/selected_input_method_subtype
02-12 12:48:44.858   776   916 I system_server: AssetManager2(0x78c8d32dfdd8) locale list changing from [] to [en-US]
02-12 12:48:44.860   776   916 I system_server: AssetManager2(0x78c8d32e1098) locale list changing from [] to [en-US]
02-12 12:48:44.862  1524  1524 I ModuleManager: ModuleManager$ModuleInitListener.maybeUnloadModuleOnUnavailable():1350 module etf is unavailable
02-12 12:48:44.874  1524  1524 I ModuleManager: ModuleManager$ModuleInitListener.maybeUnloadModuleOnUnavailable():1350 module kth is unavailable
02-12 12:48:44.897  1524  1524 W NotificationCenter: NotificationCenter$NotificationQueue.notifyPendingNotificationsOnExecutor():877 Heavy notify work detected on UI thread: [kds->leg] takes 24ms
02-12 12:48:44.898  1524  1524 I ModuleManager: ModuleManager$ModuleInitListener.maybeUnloadModuleOnUnavailable():1350 module ggx is unavailable
02-12 12:48:44.903  1653  1847 I AiAiEcho: Predicting[0]:  [CONTEXT sampling_count=5 ]
02-12 12:48:44.904  1653  1847 I AiAiEcho: EchoTargets:
02-12 12:48:44.904  1653  1847 I AiAiEcho: Filtered by AiAi flag check:
02-12 12:48:44.904  1653  1847 I AiAiEcho: [CONTEXT ratelimit_period="10 SECONDS" ]
02-12 12:48:44.905  1653  1847 I AiAiEcho: #remoteViewsTwiddler: feature disabled.
02-12 12:48:44.905  1653  1847 I AiAiEcho: Predicting[0]:  [CONTEXT sampling_count=5 ]
02-12 12:48:44.905  1653  1847 I AiAiEcho: EchoTargets:
02-12 12:48:44.905  1653  1847 I AiAiEcho: Filtered by AiAi flag check:
02-12 12:48:44.905  1653  1847 I AiAiEcho: [CONTEXT ratelimit_period="10 SECONDS" ]
02-12 12:48:44.905  1653  1847 I AiAiEcho: #remoteViewsTwiddler: feature disabled.
02-12 12:48:44.906  1653  1847 I AiAiEcho: Predicting[0]:  [CONTEXT sampling_count=5 ]
02-12 12:48:44.906  1653  1847 I AiAiEcho: EchoTargets:
02-12 12:48:44.906  1653  1847 I AiAiEcho: Filtered by AiAi flag check:
02-12 12:48:44.906  1653  1847 I AiAiEcho: [CONTEXT ratelimit_period="10 SECONDS" ]
02-12 12:48:44.906  1653  1847 I AiAiEcho: #remoteViewsTwiddler: feature disabled.
02-12 12:48:44.906  1653  1847 I AiAiEcho: Predicting[0]:  [CONTEXT sampling_count=5 ]
02-12 12:48:44.906  1653  1847 I AiAiEcho: EchoTargets:
02-12 12:48:44.906  1653  1847 I AiAiEcho: Filtered by AiAi flag check:
02-12 12:48:44.906  1653  1847 I AiAiEcho: [CONTEXT ratelimit_period="10 SECONDS" ]
02-12 12:48:44.907  1653  1847 I AiAiEcho: #remoteViewsTwiddler: feature disabled.
02-12 12:48:44.911  1653  1847 I AiAiEcho: #postPredictionTargets: Sending updates to UISurface home with targets# 0 (types=[])
02-12 12:48:44.913  1653  1847 I AiAiEcho: #postPredictionTargets: Sending updates to UISurface lockscreen with targets# 0 (types=[])
02-12 12:48:44.915  1653  1847 I AiAiEcho: #postPredictionTargets: Sending updates to UISurface home with targets# 0 (types=[])
02-12 12:48:44.917  1653  1847 I AiAiEcho: #postPredictionTargets: Sending updates to UISurface lockscreen with targets# 0 (types=[])
02-12 12:48:44.927  1524  1524 I AbstractOpenableExtension: AbstractOpenableExtension.createKeyboardGroupManagerListenableFuture():121 Create keyboard group manager listenable future in fyg
02-12 12:48:44.929  1524  7189 I KeyboardGroupDefParser: KeyboardGroupDefParser.parseKeyboardGroupDef():86 parseKeyboardGroupDef() 2132216938 -> 0_resource_name_obfuscated : WaitTime = 0 ms : RunTime = 1 ms
02-12 12:48:44.934  1524  1524 I GoogleInputMethodService: GoogleInputMethodService.onCurrentInputMethodEntryChanged():2285 onCurrentInputMethodEntryChanged(): imeDefsChanged=true, entryLanguageVariantChanged=true, keyboardContextChanged=true
02-12 12:48:44.934  1524  1524 I GoogleInputMethodService: GoogleInputMethodService.clearInputMethodServiceData():1016 clearInputMethodServiceData for entryChange
02-12 12:48:44.937  1524  7113 I ExpressiveConceptsPredictionModuleImpl: ExpressiveConceptsPredictionModuleImpl.onCreate():36 onCreate()
02-12 12:48:44.938  1524  1524 I AbstractOpenableExtension: AbstractOpenableExtension.maybeDestroyExistingKeyboardGroupManager():537 Destroy existing keyboard group manager in fso
02-12 12:48:44.938  1524  1524 I AbstractOpenableExtension: AbstractOpenableExtension.createKeyboardGroupManagerListenableFuture():121 Create keyboard group manager listenable future in fso
02-12 12:48:44.938  1524  7113 I NativeLibHelper: NativeLibHelper.loadLibrary():162 Loaded native library:integrated_shared_object (result=true)
02-12 12:48:44.938  1524  7113 I NativeLibHelper: NativeLibHelper.loadLibrary():162 Loaded native library:integrated_shared_object (result=true)
02-12 12:48:44.938  1524  1524 I AbstractOpenableExtension: AbstractOpenableExtension.maybeDestroyExistingKeyboardGroupManager():537 Destroy existing keyboard group manager in fve
02-12 12:48:44.938  1524  1524 I AbstractOpenableExtension: AbstractOpenableExtension.createKeyboardGroupManagerListenableFuture():121 Create keyboard group manager listenable future in fve
02-12 12:48:44.938  1524  7113 I MDDSuperpacks: MDDSuperpacks.getPacks():548 getting packs for superpack: expressive_concepts
02-12 12:48:44.939  1524  1524 I AbstractOpenableExtension: AbstractOpenableExtension.maybeDestroyExistingKeyboardGroupManager():537 Destroy existing keyboard group manager in fyg
02-12 12:48:44.940  1524  1524 I AbstractOpenableExtension: AbstractOpenableExtension.createKeyboardGroupManagerListenableFuture():121 Create keyboard group manager listenable future in fyg
02-12 12:48:44.940  1524  1524 I KeyboardHeightUtil: KeyboardHeightUtil.calculateMaxKeyboardBodyHeight():46 leave 281 height for app when ime window height:2219, header height:116 and isFullscreenMode:false, so the max keyboard body height is:1822
02-12 12:48:44.942  1524  1524 I KeyboardModeManager: KeyboardModeManager.onCurrentInputMethodEntryChanged():1400 Reload data for context change
02-12 12:48:44.943  1524  1524 I GoogleInputMethodService: GoogleInputMethodService.initializeInputMethodServiceData():834 initializeInputMethodServiceData for kek{languageTag=en-US, variant=qwerty, hasLocalizedResources=true, conditionCacheKey=_app_first_start_timestamp=1770813848499_cache_additional_ime_defs_for_condition_change=false_cache_ime_defs_for_condition_change=false_deprecate_long_press_space_for_ime_picker=false_device=phone_device_size=default_enable_access_points_in_password_number=false_enable_flick_symbols=true_enable_more_candidates_view_for_multilingual=false_enable_number_row=false_enable_preemptive_decode=true_enable_premium_exp_tablet_layout_change=false_enable_secondary_digits=true_enable_secondary_symbols=false_expressions=normal_four_or_more_letter_rows=false_keyboard_mode=normal_language=en-US_layout_9key_split=false_orientation=portrait_physical_keyboard=qwerty_rtl_layout=false_show_secondary_digits=true_show_suggestions=true_split_with_duplicate_keys=true_variant=qwerty, imeDef.stringId=ime_english_united_states, imeDef.className=com.google.android.libraries.inputmethod.ime.experiment.ExperimentImeWrapper, imeDef.languageTag=en-US}
02-12 12:48:44.947   776  1949 D FileUtils: Rounded bytes from 2067259392 to 4000000000
02-12 12:48:44.949  1524  1524 I KeyboardThemeProvider: KeyboardThemeProvider.applyKeyboardTheme():27 Apply keyboard theme: theme_!gsf_!pgsans_!pgsf_!use_system_font_BORDER=true_FLAVOR_DPI=XXHDPI_KEYBOARD_WIDTH_CATEGORY=NORMAL_LIGHT_THEME=true_PHYSICAL_DIAGONAL=6.0111027_SCREEN_SHORTEST_WIDTH=411_SCREEN_SHORTEST_WIDTH_NO_SCALE=411_bottom4dp_enable_google_fonts_icons=true_enable_popup_on_keypress=true_keyboard_redesign_google_sans=true_noshadow_overlay_builtin_dynamic_color_light_base.binarypb:gm3-light-fffaf8ff-ff475d92-6dac7c28fa7faa76f8370bbfdbc77981_silkpopup_unify_function_key_color=true
02-12 12:48:44.956  1524  1524 I AndroidIME: InputBundleManager.loadActiveInputBundleId():483 loadActiveInputBundleId: und-Latn-x-password, password
02-12 12:48:44.956   776   817 W IPCThreadState: Sending oneway calls to frozen process.
02-12 12:48:44.957  1524  1524 W NotificationCenter: NotificationCenter$NotificationQueue.notifyPendingNotificationsOnExecutor():877 Heavy notify work detected on UI thread: [kds->kgi] takes 23ms
02-12 12:48:44.957  1524  1524 I InputMethodEntryManager: InputMethodEntryManager.disableTemporaryEnabledEntries():2109
02-12 12:48:44.958   776   817 W IPCThreadState: Sending oneway calls to frozen process.
02-12 12:48:44.959  1524  1524 I SystemSubtypesReportModule: SystemSubtypesReportModule$2.onEnabledInputMethodEntriesChanged():131 1 entries
02-12 12:48:44.967  1524  7117 I MDDSuperpacks: MDDSuperpacks$3.onSuccess():558 packs [2020031023_en] got for superpack: expressive_concepts
02-12 12:48:44.969  1524  7113 I MDDSuperpacks: MDDSuperpacks.getPacks():548 getting packs for superpack: expressive_concepts
02-12 12:48:44.977  1524  7113 I BlocklistManager: BlocklistManager.loadFileBasedBlocklist():67 Blocklist is loaded with /data/data/com.google.android.inputmethod.latin/files/datadownload/shared/public/datadownloadfile_1770813853702/emotion_model_500_entries.blacklist, load result is true
02-12 12:48:44.977  1524  7410 I MDDSuperpacks: MDDSuperpacks$3.onSuccess():558 packs [2020031023_en] got for superpack: expressive_concepts
02-12 12:48:44.978  1524  7113 I ExpressiveConceptsPredictionModuleImpl: ExpressiveConceptsPredictionModuleImpl.setupPredictorIfNeeded():75 Prediction manager has been set up.
02-12 12:48:44.979  1524  1524 I HardKeyTracker: HardKeyTracker.unregisterKeySequence():182 Unregister key sequence lsr{labelResId=0, callback=jlb@a199d51, lastModifier=0, keyCodes=[59, 59], actions=[1, 0]}
02-12 12:48:44.981  1524  1524 I HardKeyTracker: HardKeyTracker.unregisterKeySequence():182 Unregister key sequence lsr{labelResId=0, callback=jlb@509bd8d, lastModifier=0, keyCodes=[60, 60], actions=[1, 0]}
02-12 12:48:44.982  1524  1524 I ModuleManager: ModuleManager$ModuleInitListener.maybeUnloadModuleOnUnavailable():1350 module kty is unavailable
02-12 12:48:44.986  1653  3238 I AiAiEcho: Settings changed for uri: content://settings/secure/enabled_input_methods
02-12 12:48:44.990  1653  1847 I AiAiEcho: Predicting[0]:  [CONTEXT sampling_count=5 ]
02-12 12:48:44.990  1653  1847 I AiAiEcho: EchoTargets:
02-12 12:48:44.990  1653  1847 I AiAiEcho: Filtered by AiAi flag check:
02-12 12:48:44.990  1653  1847 I AiAiEcho: [CONTEXT ratelimit_period="10 SECONDS" ]
02-12 12:48:44.990  1524  1524 W NotificationCenter: NotificationCenter$NotificationQueue.notifyPendingNotificationsOnExecutor():877 Heavy notify work detected on UI thread: [kig->jjs] takes 235ms
02-12 12:48:44.991  1653  1847 I AiAiEcho: #remoteViewsTwiddler: feature disabled.
02-12 12:48:44.992  1653  1847 I AiAiEcho: Predicting[0]:  [CONTEXT sampling_count=5 ]
02-12 12:48:44.993  1653  1847 I AiAiEcho: EchoTargets:
02-12 12:48:44.993  1653  1847 I AiAiEcho: Filtered by AiAi flag check:
02-12 12:48:44.993  1653  1847 I AiAiEcho: [CONTEXT ratelimit_period="10 SECONDS" ]
02-12 12:48:44.993  1524  7195 I KeyboardGroupDefParser: KeyboardGroupDefParser.parseKeyboardGroupDef():86 parseKeyboardGroupDef() 2132214028 -> 0_resource_name_obfuscated : WaitTime = 55 ms : RunTime = 0 ms
02-12 12:48:44.993  1653  1847 I AiAiEcho: #remoteViewsTwiddler: feature disabled.
02-12 12:48:44.994  1653  1847 I AiAiEcho: #postPredictionTargets: Sending updates to UISurface home with targets# 0 (types=[])
02-12 12:48:44.994  1524  7189 I KeyboardGroupDefParser: KeyboardGroupDefParser.parseKeyboardGroupDef():86 parseKeyboardGroupDef() 2132214032 -> 0_resource_name_obfuscated : WaitTime = 55 ms : RunTime = 0 ms
02-12 12:48:44.995  1524  7189 I LatinImeEntryActivation: LatinImeActivationContentObserver.activeLanguagesHaveChanged():70 Active entries changed: [en-US, zh-XD] -> {en-US}
02-12 12:48:44.995  1653  1847 I AiAiEcho: #postPredictionTargets: Sending updates to UISurface lockscreen with targets# 0 (types=[])
02-12 12:48:44.995  1524  7189 I LmManager: LmManager.asyncUpdateEnabledLanguageModels():96 asyncUpdateEnabledLanguageModels()
02-12 12:48:44.996  1524  7189 I SuperDelight: SuperDelightManager.initializeOverridesSuperpacks():405 initializeOverridesSuperpacks()
02-12 12:48:44.998  1524  1524 I PKIndicatorController: PKIndicatorController$3.maybeShowLanguageSwitchIndicator():137 Entry changed. Showing language indicator.
02-12 12:48:45.000  1524  1524 I HandwritingSuperpacks: HandwritingSuperpacks.register():273 register(): version '86', url 'https://dl.google.com/handwriting/models/handwriting_release.superpack_manifest.20231127.json' [ONLINE]
02-12 12:48:45.001  1524  1524 I HandwritingOfflineSuperpacks: HandwritingOfflineSuperpacks.syncInternal():80 no bundled lm for handwriting.
02-12 12:48:45.002  1524  1524 I DictionarySuperpacksManager: DictionarySuperpacksManager$1.onEnabledInputMethodEntriesChanged():65 onEnabledInputMethodEntriesChanged
02-12 12:48:45.003  1524  1524 I SystemSubtypesReportModule: SystemSubtypesReportModule$4.onSetCurrentInputMethodSubtype():192 en_US
02-12 12:48:45.003  1524  1524 I SystemSubtypesReportModule: SystemSubtypesReportModule$4.onSetCurrentInputMethodSubtype():204 Subtype en_US was caused by entry
02-12 12:48:45.006  1524  1524 I AbstractOpenableExtension: AbstractOpenableExtension$3.onSuccess():555 KeyboardGroupManager destroyed in fso.
02-12 12:48:45.007  1524  1524 I AbstractOpenableExtension: AbstractOpenableExtension$3.onSuccess():555 KeyboardGroupManager destroyed in fve.
02-12 12:48:45.007  1524  7196 I DownloadManager: DownloadManager.downloadInternal():412 Download for __SP_MANIFEST_handwriting_recognition scheduled with params DownloadParams{allowMetered=true, requireCharging=false, foreground=false, immediately=true, priority=0}
02-12 12:48:45.008  1524  7114 I DelightKLPDownloader: DelightKLPDownloader.downloadKLPInternal():199 downloading KLP for en_840
02-12 12:48:45.008  1524  7189 I DelightKLPDownloader: DelightKLPDownloader.downloadKLPInternal():199 downloading KLP for en_840
02-12 12:48:45.008  1524  7196 I DownloadManager: DownloadManager.startDownload():495 start download of __SP_MANIFEST_handwriting_recognition
02-12 12:48:45.010  1524  7114 I ManifestedDataDownloader: ManifestedDataDownloader.download():63 downloading manifest https://www.gstatic.com/android/keyboard/dictionarypack/2025031619/metadata.json-perlang/en-840.json?v=2025052001
02-12 12:48:45.010  1524  7189 I ManifestedDataDownloader: ManifestedDataDownloader.download():63 downloading manifest https://www.gstatic.com/android/keyboard/dictionarypack/2025031619/metadata.json-perlang/en-840.json?v=2025052001
02-12 12:48:45.010  1524  1524 I AbstractOpenableExtension: AbstractOpenableExtension$3.onFailure():563 Failed to load KeyboardGroupManager in fyg.
02-12 12:48:45.012  1524  7196 I DownloadManager: DownloadManager$4.onSuccess():564 download for __SP_MANIFEST_handwriting_recognition is finished with files # mxp@1c734294
02-12 12:48:45.013  1524  7189 I SuperDelight: SuperDelightManager.initializeBundledDelightSuperpacks():379 initializeBundledDelightSuperpacks()
02-12 12:48:45.013  1524  7189 I SuperDelight: SuperDelightManager.syncOverridesLanguageModels():687 SuperDelightManager#syncOverridesLanguageModels(): Superpack delight_overrides not found or negative version provided
02-12 12:48:45.014  1524  7189 I MDDSuperpacks: MDDSuperpacks.getPacks():548 getting packs for superpack: delight_overrides
02-12 12:48:45.022  1524  7114 I MDDSuperpacks: MDDSuperpacks.getPacks():548 getting packs for superpack: handwriting_recognition
02-12 12:48:45.040  1524  7195 I KeyboardGroupDefParser: KeyboardGroupDefParser.parseKeyboardGroupDef():86 parseKeyboardGroupDef() 2132216938 -> 0_resource_name_obfuscated : WaitTime = 53 ms : RunTime = 46 ms
02-12 12:48:45.123  1524  7196 I DownloadManager: DownloadManager.downloadInternal():412 Download for __KLP_manifest_delight__en-840 scheduled with params DownloadParams{allowMetered=true, requireCharging=false, foreground=false, immediately=true, priority=0}
02-12 12:48:45.123  1524  7196 I DownloadManager: DownloadManager.startDownload():495 start download of __KLP_manifest_delight__en-840
02-12 12:48:45.129  1524  7665 I SuperDelight: SuperDelightBundledMetadataParser.addSystemLms():202 system lm dir /system/usr/share/ime/google/d3_lms does not exist or is not readable
02-12 12:48:45.130  1524  7665 I SuperDelight: SuperDelightBundledMetadataParser.parse():192 SuperDelightBundledMetadataParser#parse(): manifest parsed with 1 packs
02-12 12:48:45.141  1524  7116 I HandwritingOnlineSuperpacks: HandwritingOnlineSuperpacks.syncInternal():168 syncPackMapping()
02-12 12:48:45.142  1524  7116 I MDDSuperpacks: MDDSuperpacks.sync():223 sync requested for handwriting_recognition
02-12 12:48:45.166  1059  1284 W WindowOnBackDispatcher: sendCancelIfRunning: isInProgress=false callback=android.view.ViewRootImpl$$ExternalSyntheticLambda13@9c17ffe
02-12 12:48:45.206  1194  1194 D SsBaseTemplateCard: No text view can be set up
02-12 12:48:45.206  1194  1194 D SsBaseTemplateCard: Passed-in item info is null
02-12 12:48:45.206  1194  1194 D SsBaseTemplateCard: Passed-in item info is null
02-12 12:48:45.206  1194  1194 D SsBaseTemplateCard: Passed-in item info is null
02-12 12:48:45.208  1194  1194 I SsBaseTemplateCard: Secondary card pane is null
02-12 12:48:45.209  1194  1194 D SsBaseTemplateCard: No text view can be set up
02-12 12:48:45.209  1194  1194 D SsBaseTemplateCard: Passed-in item info is null
02-12 12:48:45.209  1194  1194 D SsBaseTemplateCard: Passed-in item info is null
02-12 12:48:45.209  1194  1194 D SsBaseTemplateCard: Passed-in item info is null
02-12 12:48:45.209  1194  1194 I SsBaseTemplateCard: Secondary card pane is null
02-12 12:48:45.210  1194  1194 D SsBaseTemplateCard: No text view can be set up
02-12 12:48:45.211  1194  1194 D SsBaseTemplateCard: Passed-in item info is null
02-12 12:48:45.211  1194  1194 D SsBaseTemplateCard: Passed-in item info is null
02-12 12:48:45.211  1194  1194 D SsBaseTemplateCard: Passed-in item info is null
02-12 12:48:45.212  1194  1194 I SsBaseTemplateCard: Secondary card pane is null
02-12 12:48:45.219  1194  1194 D ScalingWorkspaceRevealAnim: alpha of workspace at the end of animation: 1.0
02-12 12:48:45.239  7341  7341 D VRI[WallpaperPreviewActivity]: visibilityChanged oldVisibility=true newVisibility=false
02-12 12:48:45.256  1059  1059 W PageIndicator: Total number of pages invalid: 0. Assuming 1 page.
02-12 12:48:45.256  1059  1059 W PageIndicator: Total number of pages invalid: 0. Assuming 1 page.
02-12 12:48:45.257  1059  1059 W PageIndicator: Total number of pages invalid: 0. Assuming 1 page.
02-12 12:48:45.336  7391  7391 W WindowOnBackDispatcher: sendCancelIfRunning: isInProgress=false callback=android.view.ViewRootImpl$$ExternalSyntheticLambda13@67d084d
02-12 12:48:45.435  1059  1066 I ndroid.systemui: NativeAlloc concurrent mark compact GC freed 5639KB AllocSpace bytes, 4(80KB) LOS objects, 49% free, 21MB/43MB, paused 4.933ms,278.566ms total 946.140ms
02-12 12:48:45.463  7341  7341 I m.hank.clawlive: AssetManager2(0x78c8d329cad8) locale list changing from [zh-TW] to [en-US]
02-12 12:48:45.463  7341  7341 I m.hank.clawlive: AssetManager2(0x78c8d329a558) locale list changing from [zh-TW] to [en-US]
02-12 12:48:45.464  7341  7341 I m.hank.clawlive: AssetManager2(0x78c8d32995b8) locale list changing from [zh-TW] to [en-US]
02-12 12:48:45.585  7391  7391 D ViewRootImpl: Skipping stats log for color mode
02-12 12:48:45.618  7341  7341 D LifecycleMonitor: Lifecycle status change: com.hank.clawlive.WallpaperPreviewActivity@7d5e4b2 in: STOPPED
02-12 12:48:45.618  7341  7341 V ActivityScenario: Update currentActivityStage to STOPPED, currentActivity=com.hank.clawlive.WallpaperPreviewActivity@7d5e4b2
02-12 12:48:45.629  7341  7341 D LifecycleMonitor: Lifecycle status change: com.hank.clawlive.WallpaperPreviewActivity@7d5e4b2 in: DESTROYED
02-12 12:48:45.636  7341  7341 V ActivityScenario: Update currentActivityStage to DESTROYED, currentActivity=null
02-12 12:48:45.636  7341  7341 W WindowOnBackDispatcher: sendCancelIfRunning: isInProgress=false callback=android.view.ViewRootImpl$$ExternalSyntheticLambda13@bcc14a4
02-12 12:48:45.637  7341  7358 I TestRunner: finished: testSafeInsetsAppliedCorrectly(com.hank.clawlive.WallpaperPreviewUiTest)
