02-12 12:46:03.199  1524  7410 I DownloadManager: DownloadManager.downloadInternal():412 Download for __KLP_manifest_delight__en-840 scheduled with params DownloadParams{allowMetered=true, requireCharging=false, foreground=false, immediately=true, priority=0}
02-12 12:46:03.199  1524  7410 I DownloadManager: DownloadManager.startDownload():495 start download of __KLP_manifest_delight__en-840
02-12 12:46:03.202  1524  7410 I DownloadManager: DownloadManager$4.onFailure():573 download for __KLP_manifest_delight__en-840 is cancelled
02-12 12:46:03.202  1524  7410 I DownloadManager: DownloadManager.downloadInternal():410 Previous download for __KLP_manifest_delight__en-840 is cancelled
02-12 12:46:03.203  1524  7435 W MDDSuperpacks: MDDSuperpacks.constructPackSet():578 file group is empty
02-12 12:46:03.204  1524  7410 I DownloadManager: DownloadManager.downloadInternal():412 Download for __KLP_manifest_delight__en-840 scheduled with params DownloadParams{allowMetered=true, requireCharging=false, foreground=false, immediately=true, priority=0}
02-12 12:46:03.204  1524  7410 I DownloadManager: DownloadManager.startDownload():495 start download of __KLP_manifest_delight__en-840
02-12 12:46:03.205  1524  7195 I SuperDelight: SuperDelightManager$2.onSuccess():635 delight_overrides sync success, adding to data file manager
02-12 12:46:03.206  1524  7201 E MDDSuperpacks: MDDSuperpacks.parseManifest():476 cannot find metadata for delight_overrides
02-12 12:46:03.206  1524  7117 I MDDSuperpacks: MDDSuperpacks$3.onSuccess():558 packs [] got for superpack: delight_overrides
02-12 12:46:03.206  1524  7665 I SuperDelight: SuperDelightBundledMetadataParser.addSystemLms():202 system lm dir /system/usr/share/ime/google/d3_lms does not exist or is not readable
02-12 12:46:03.206  1524  7665 I SuperDelight: SuperDelightBundledMetadataParser.parse():192 SuperDelightBundledMetadataParser#parse(): manifest parsed with 1 packs
02-12 12:46:03.207  1524  7201 I MDDSuperpacks: MDDSuperpacks$3.onSuccess():558 packs [2020031023_en] got for superpack: expressive_concepts
02-12 12:46:03.212  1524  7115 I BlocklistManager: BlocklistManager.loadFileBasedBlocklist():67 Blocklist is loaded with /data/data/com.google.android.inputmethod.latin/files/datadownload/shared/public/datadownloadfile_1770813853702/emotion_model_500_entries.blacklist, load result is true
02-12 12:46:03.213  1524  7115 I ExpressiveConceptsPredictionModuleImpl: ExpressiveConceptsPredictionModuleImpl.setupPredictorIfNeeded():75 Prediction manager has been set up.
02-12 12:46:03.250  1524  7410 I DownloadManager: DownloadManager.downloadInternal():412 Download for __SP_MANIFEST_handwriting_recognition scheduled with params DownloadParams{allowMetered=true, requireCharging=false, foreground=false, immediately=true, priority=0}
02-12 12:46:03.250  1524  7410 I DownloadManager: DownloadManager.startDownload():495 start download of __SP_MANIFEST_handwriting_recognition
02-12 12:46:03.253  1524  7117 I MDDSuperpacks: MDDSuperpacks$3.onSuccess():558 packs [transformer_latin_tflite_20231010_zip, transformer_chinese_tflite_20231016_zip, zh_tw_20230706_compact_fst_zip, qrnn_en_us_reco_20231010_fst_20230613_recospec_zip, pack_mapping_v1_lstm_20231127, transformer_latin_seg_tflite_20231010_zip, transformer_chinese_conf_tflite_20231016_zip, scribe_latin_20231123_recospec_zip, en_us_20230613_compact_fst_zip, scribe_chinese_20231123_tflite_zip, transformer_chinese_seg_tflite_20231016_zip, scribe_latin_20231123_tflite_zip, transformer_latin_conf_tflite_20231010_zip, scribe_chinese_20231123_recospec_zip, qrnn_zh_tw_reco_20231016_fst_20230706_recospec_zip] got for superpack: handwriting_recognition
02-12 12:46:03.259  1524  7410 I DownloadManager: DownloadManager$4.onSuccess():564 download for __SP_MANIFEST_emoticon_content_description is finished with files # mxp@388e70e2
02-12 12:46:03.262  1524  7410 I DownloadManager: DownloadManager$4.onSuccess():564 download for __SP_MANIFEST_bundled_delight is finished with files # mxp@58d99e11
02-12 12:46:03.265  1524  7410 I DownloadManager: DownloadManager$4.onSuccess():564 download for __KLP_manifest_delight__en-840 is finished with files # mxp@1da44f1e
02-12 12:46:03.268  1524  7410 I DownloadManager: DownloadManager$4.onSuccess():564 download for __SP_MANIFEST_handwriting_recognition is finished with files # mxp@1c734294
02-12 12:46:03.270  1524  7667 I MDDSuperpacks: MDDSuperpacks$3.onSuccess():558 packs [transformer_latin_tflite_20231010_zip, transformer_chinese_tflite_20231016_zip, zh_tw_20230706_compact_fst_zip, qrnn_en_us_reco_20231010_fst_20230613_recospec_zip, pack_mapping_v1_lstm_20231127, transformer_latin_seg_tflite_20231010_zip, transformer_chinese_conf_tflite_20231016_zip, scribe_latin_20231123_recospec_zip, en_us_20230613_compact_fst_zip, scribe_chinese_20231123_tflite_zip, transformer_chinese_seg_tflite_20231016_zip, scribe_latin_20231123_tflite_zip, transformer_latin_conf_tflite_20231010_zip, scribe_chinese_20231123_recospec_zip, qrnn_zh_tw_reco_20231016_fst_20230706_recospec_zip] got for superpack: handwriting_recognition
02-12 12:46:03.271  1524  7195 I MDDSuperpacks: MDDSuperpacks.sync():223 sync requested for emoticon_content_description
02-12 12:46:03.277  1524  7114 I MDDSuperpacks: MDDSuperpacks.getPacks():548 getting packs for superpack: handwriting_recognition
02-12 12:46:03.277  1524  7665 I SuperDelight: SuperDelightBundledMetadataParser.addSystemLms():202 system lm dir /system/usr/share/ime/google/d3_lms does not exist or is not readable
02-12 12:46:03.278  1524  7665 I SuperDelight: SuperDelightBundledMetadataParser.parse():192 SuperDelightBundledMetadataParser#parse(): manifest parsed with 1 packs
02-12 12:46:03.285  1524  7113 I HandwritingOnlineSuperpacks: HandwritingOnlineSuperpacks.syncInternal():168 syncPackMapping()
02-12 12:46:03.286  1524  7113 I MDDSuperpacks: MDDSuperpacks.sync():223 sync requested for handwriting_recognition
02-12 12:46:03.289  1524  7113 I ManifestedDataDownloader: ManifestedDataDownloader.checkVersionAndDownload():91 filegroup __KLP_delight__en-840 with version 2025031300 is already downloaded
02-12 12:46:03.289  1524  7201 I MDDSuperpacks: MDDSuperpacks.getPacks():548 getting packs for superpack: emoticon_content_description
02-12 12:46:03.290  1524  7116 I ManifestedDataDownloader: ManifestedDataDownloader.checkVersionAndDownload():91 filegroup __KLP_delight__en-840 with version 2025031300 is already downloaded
02-12 12:46:03.295  1524  7116 I DelightKLPDownloader: DelightKLPDownloader$2.onSuccess():222 klp en_840 downloaded with version 2025031300
02-12 12:46:03.298  1524  7195 I SuperDelight: SuperDelightManager.syncBundledLanguageModels():773 SuperDelightManager#syncBundledLanguageModels(): Syncing for version 2025021100
02-12 12:46:03.299  1524  7195 I MDDSuperpacks: MDDSuperpacks.sync():223 sync requested for bundled_delight
02-12 12:46:03.301  1524  7113 I DelightKLPDownloader: DelightKLPDownloader$2.onSuccess():222 klp en_840 downloaded with version 2025031300
02-12 12:46:03.307  1524  7114 I MDDSuperpacks: MDDSuperpacks.getPacks():548 getting packs for superpack: handwriting_recognition_offline
02-12 12:46:03.308  1524  7435 I MDDSuperpacks: MDDSuperpacks$3.onSuccess():558 packs [transformer_latin_tflite_20231010_zip, transformer_chinese_tflite_20231016_zip, zh_tw_20230706_compact_fst_zip, qrnn_en_us_reco_20231010_fst_20230613_recospec_zip, pack_mapping_v1_lstm_20231127, transformer_latin_seg_tflite_20231010_zip, transformer_chinese_conf_tflite_20231016_zip, scribe_latin_20231123_recospec_zip, en_us_20230613_compact_fst_zip, scribe_chinese_20231123_tflite_zip, transformer_chinese_seg_tflite_20231016_zip, scribe_latin_20231123_tflite_zip, transformer_latin_conf_tflite_20231010_zip, scribe_chinese_20231123_recospec_zip, qrnn_zh_tw_reco_20231016_fst_20230706_recospec_zip] got for superpack: handwriting_recognition
02-12 12:46:03.313  1524  7201 I MDDSuperpacks: MDDSuperpacks$3.onSuccess():558 packs [7a635888cb828dfa2fc744b7b9b50f04, c5c37e938eec559132ebd6c6245d763a] got for superpack: emoticon_content_description
02-12 12:46:03.315  1524  7667 I SuperDelight: SuperDelightBundledMetadataParser.addSystemLms():202 system lm dir /system/usr/share/ime/google/d3_lms does not exist or is not readable
02-12 12:46:03.316  1524  7248 E MDDSuperpacks: MDDSuperpacks.parseManifest():476 cannot find metadata for delight_overrides
02-12 12:46:03.317  1524  7441 W MDDSuperpacks: MDDSuperpacks.constructPackSet():578 file group is empty
02-12 12:46:03.317  1524  7435 E MDDSuperpacks: MDDSuperpacks.parseManifest():476 cannot find metadata for delight_overrides
02-12 12:46:03.317  1524  7248 I MDDSuperpacks: MDDSuperpacks$3.onSuccess():558 packs [] got for superpack: handwriting_recognition_offline
02-12 12:46:03.317  1524  7115 E HandwritingSuperpacksUtil: HandwritingSuperpacksUtil.getPackMappingPackName():40 No pack mapping pack found in []
02-12 12:46:03.318  1524  7115 I HandwritingSuperpacks: HandwritingSuperpacks.reloadCache():237 updatePackMappingsCache(): pack mapping pack unavailable [OFFLINE]
02-12 12:46:03.321  1524  7115 I MDDSuperpacks: MDDSuperpacks.getPacks():548 getting packs for superpack: handwriting_recognition
02-12 12:46:03.323  1524  7667 I SuperDelight: SuperDelightBundledMetadataParser.parse():192 SuperDelightBundledMetadataParser#parse(): manifest parsed with 1 packs
02-12 12:46:03.327  1524  7454 I SuperDelight: SuperDelightBundledMetadataParser.addSystemLms():202 system lm dir /system/usr/share/ime/google/d3_lms does not exist or is not readable
02-12 12:46:03.332  1524  7454 I SuperDelight: SuperDelightBundledMetadataParser.parse():192 SuperDelightBundledMetadataParser#parse(): manifest parsed with 1 packs
02-12 12:46:03.334  1524  7248 I MDDSuperpacks: MDDSuperpacks.getPacks():548 getting packs for superpack: emoticon_content_description
02-12 12:46:03.334  1524  7117 I MDDSuperpacks: MDDSuperpacks.getPacks():548 getting packs for superpack: handwriting_recognition
02-12 12:46:03.350  1524  7115 I MDDSuperpacks: MDDSuperpacks.getPacks():548 getting packs for superpack: handwriting_recognition
02-12 12:46:03.357  1524  7248 I MDDSuperpacks: MDDSuperpacks$3.onSuccess():558 packs [transformer_latin_tflite_20231010_zip, transformer_chinese_tflite_20231016_zip, zh_tw_20230706_compact_fst_zip, qrnn_en_us_reco_20231010_fst_20230613_recospec_zip, pack_mapping_v1_lstm_20231127, transformer_latin_seg_tflite_20231010_zip, transformer_chinese_conf_tflite_20231016_zip, scribe_latin_20231123_recospec_zip, en_us_20230613_compact_fst_zip, scribe_chinese_20231123_tflite_zip, transformer_chinese_seg_tflite_20231016_zip, scribe_latin_20231123_tflite_zip, transformer_latin_conf_tflite_20231010_zip, scribe_chinese_20231123_recospec_zip, qrnn_zh_tw_reco_20231016_fst_20230706_recospec_zip] got for superpack: handwriting_recognition
02-12 12:46:03.359  1524  7455 I SuperDelight: SuperDelightBundledMetadataParser.addSystemLms():202 system lm dir /system/usr/share/ime/google/d3_lms does not exist or is not readable
02-12 12:46:03.359  1524  7455 I SuperDelight: SuperDelightBundledMetadataParser.parse():192 SuperDelightBundledMetadataParser#parse(): manifest parsed with 1 packs
02-12 12:46:03.359  1524  7248 I MDDSuperpacks: MDDSuperpacks.getPacks():548 getting packs for superpack: bundled_delight
02-12 12:46:03.381  1524  7667 I MDDSuperpacks: MDDSuperpacks$3.onSuccess():558 packs [transformer_latin_tflite_20231010_zip, transformer_chinese_tflite_20231016_zip, zh_tw_20230706_compact_fst_zip, qrnn_en_us_reco_20231010_fst_20230613_recospec_zip, pack_mapping_v1_lstm_20231127, transformer_latin_seg_tflite_20231010_zip, transformer_chinese_conf_tflite_20231016_zip, scribe_latin_20231123_recospec_zip, en_us_20230613_compact_fst_zip, scribe_chinese_20231123_tflite_zip, transformer_chinese_seg_tflite_20231016_zip, scribe_latin_20231123_tflite_zip, transformer_latin_conf_tflite_20231010_zip, scribe_chinese_20231123_recospec_zip, qrnn_zh_tw_reco_20231016_fst_20230706_recospec_zip] got for superpack: handwriting_recognition
02-12 12:46:03.391  1524  7435 I MDDSuperpacks: MDDSuperpacks$3.onSuccess():558 packs [main_en_us_2024102000_2] got for superpack: bundled_delight
02-12 12:46:03.392  1524  7454 I SuperDelight: SuperDelightBundledSlicingStrategy.getSlices():41 BundledSlicing#getSlices() : Locale = [en_US]
02-12 12:46:03.392  1524  7454 I SuperDelight: SuperDelightBundledSlicingStrategy.getSlices():67 BundledSlicing#getSlices(): result {slices=[bundled_delight:main_en_us_2024102000_2], last batch=true, sync metadata=false}
02-12 12:46:03.394  1524  7667 I MDDSuperpacks: MDDSuperpacks$2.onSuccess():274 Sync success for emoticon_content_description with result: {old=[7a635888cb828dfa2fc744b7b9b50f04, c5c37e938eec559132ebd6c6245d763a], new=[7a635888cb828dfa2fc744b7b9b50f04, c5c37e938eec559132ebd6c6245d763a], metadata=false, last batch=true}
02-12 12:46:03.394  1524  7410 I MDDSuperpacks: MDDSuperpacks.getPacks():548 getting packs for superpack: bundled_delight
02-12 12:46:03.396  1524  7117 I MDDSuperpacks: MDDSuperpacks$3.onSuccess():558 packs [7a635888cb828dfa2fc744b7b9b50f04, c5c37e938eec559132ebd6c6245d763a] got for superpack: emoticon_content_description
02-12 12:46:03.397  1524  7454 I MDDSuperpacks: MDDSuperpacks$3.onSuccess():558 packs [main_en_us_2024102000_2] got for superpack: bundled_delight
02-12 12:46:03.400  1524  7248 I MDDSuperpacks: MDDSuperpacks$3.onSuccess():558 packs [transformer_latin_tflite_20231010_zip, transformer_chinese_tflite_20231016_zip, zh_tw_20230706_compact_fst_zip, qrnn_en_us_reco_20231010_fst_20230613_recospec_zip, pack_mapping_v1_lstm_20231127, transformer_latin_seg_tflite_20231010_zip, transformer_chinese_conf_tflite_20231016_zip, scribe_latin_20231123_recospec_zip, en_us_20230613_compact_fst_zip, scribe_chinese_20231123_tflite_zip, transformer_chinese_seg_tflite_20231016_zip, scribe_latin_20231123_tflite_zip, transformer_latin_conf_tflite_20231010_zip, scribe_chinese_20231123_recospec_zip, qrnn_zh_tw_reco_20231016_fst_20230706_recospec_zip] got for superpack: handwriting_recognition
02-12 12:46:03.400  1524  7117 I LmManager: LmManager$1.onSuccess():82 Bundled delight sync success
02-12 12:46:03.400  1524  7189 I MDDSuperpacks: MDDSuperpacks.getPacks():548 getting packs for superpack: bundled_delight
02-12 12:46:03.401  1524  7435 I MDDSuperpacks: MDDSuperpacks$2.onSuccess():274 Sync success for bundled_delight with result: {old=[main_en_us_2024102000_2], new=[main_en_us_2024102000_2], metadata=false, last batch=true}
02-12 12:46:03.403  1524  7441 I HandwritingSlicingStrategy: HandwritingSlicingStrategy.getSlices():44 getSlices(): handwriting_recognition.86 useForeground=true
02-12 12:46:03.405  1524  7441 I HandwritingSlicingStrategy: HandwritingSlicingStrategy.getSlices():103 getSlices(): result {slices=[{handwriting_recognition:pack_mapping_v1_lstm_20231127, m:*:*:*, fg}, {handwriting_recognition:transformer_latin_tflite_20231010_zip, m:*:*:*, fg}, {handwriting_recognition:qrnn_en_us_reco_20231010_fst_20230613_recospec_zip, m:*:*:*, fg}, {handwriting_recognition:transformer_latin_conf_tflite_20231010_zip, m:*:*:*, fg}, {handwriting_recognition:transformer_latin_seg_tflite_20231010_zip, m:*:*:*, fg}, {handwriting_recognition:en_us_20230613_compact_fst_zip, m:*:*:*, fg}, {handwriting_recognition:scribe_latin_20231123_tflite_zip, m:*:*:*, fg}, {handwriting_recognition:scribe_latin_20231123_recospec_zip, m:*:*:*, fg}], last batch=true, sync metadata=false}
02-12 12:46:03.410  1194  1194 D ScalingWorkspaceRevealAnim: alpha of workspace at the end of animation: 1.0
02-12 12:46:03.415  1524  7435 I MDDSuperpacks: MDDSuperpacks.getPacks():548 getting packs for superpack: handwriting_recognition
02-12 12:46:03.415  1524  7195 I SuperDelight: SuperDelightManager$2.onSuccess():635 bundled_delight sync success, adding to data file manager
02-12 12:46:03.416  1524  7195 I DataFileManager: DataFileManager.addDataWithoutNotify():181 data en-US already exists
02-12 12:46:03.419  1524  7441 I MDDSuperpacks: MDDSuperpacks$3.onSuccess():558 packs [main_en_us_2024102000_2] got for superpack: bundled_delight
02-12 12:46:03.422  7341  7341 D VRI[EntityManagerActivity]: visibilityChanged oldVisibility=true newVisibility=false
02-12 12:46:03.453  7391  7391 W WindowOnBackDispatcher: sendCancelIfRunning: isInProgress=false callback=android.view.ViewRootImpl$$ExternalSyntheticLambda13@1f7e1a0
02-12 12:46:03.471  7391  7391 D ViewRootImpl: Skipping stats log for color mode
02-12 12:46:03.542  7341  7341 I m.hank.clawlive: AssetManager2(0x78c8d329cad8) locale list changing from [zh-TW] to [en-US]
02-12 12:46:03.542  7341  7341 I m.hank.clawlive: AssetManager2(0x78c8d329a558) locale list changing from [zh-TW] to [en-US]
02-12 12:46:03.542  7341  7341 I m.hank.clawlive: AssetManager2(0x78c8d32995b8) locale list changing from [zh-TW] to [en-US]
02-12 12:46:03.550  7341  7341 D LifecycleMonitor: Lifecycle status change: com.hank.clawlive.EntityManagerActivity@8f3030b in: STOPPED
02-12 12:46:03.550  7341  7341 V ActivityScenario: Update currentActivityStage to STOPPED, currentActivity=com.hank.clawlive.EntityManagerActivity@8f3030b
02-12 12:46:03.556  7341  7341 D LifecycleMonitor: Lifecycle status change: com.hank.clawlive.EntityManagerActivity@8f3030b in: DESTROYED
02-12 12:46:03.557  7341  7341 V ActivityScenario: Update currentActivityStage to DESTROYED, currentActivity=null
02-12 12:46:03.557  7341  7341 W WindowOnBackDispatcher: sendCancelIfRunning: isInProgress=false callback=android.view.ViewRootImpl$$ExternalSyntheticLambda13@7d6e2eb
02-12 12:46:03.559  7341  7358 I TestRunner: finished: testBottomBarHasSafeInsetFromNavigationBar(com.hank.clawlive.EntityManagerActivityUiTest)
