02-12 12:47:31.603  7341  7358 I TestRunner: started: testSettingsActivityInEnglish(com.hank.clawlive.BilingualVerificationTest)
02-12 12:47:31.611  1524  7117 I DownloadManager: DownloadManager.downloadInternal():412 Download for __SP_MANIFEST_bundled_delight scheduled with params DownloadParams{allowMetered=true, requireCharging=false, foreground=false, immediately=true, priority=0}
02-12 12:47:31.611  1524  7117 I DownloadManager: DownloadManager.startDownload():495 start download of __SP_MANIFEST_bundled_delight
02-12 12:47:31.612  1524  7117 I DownloadManager: DownloadManager.downloadInternal():412 Download for __KLP_manifest_delight__en-840 scheduled with params DownloadParams{allowMetered=true, requireCharging=false, foreground=false, immediately=true, priority=0}
02-12 12:47:31.614  7341  7358 W Settings: Setting always_finish_activities has moved from android.provider.Settings.System to android.provider.Settings.Global, returning read-only value.
02-12 12:47:31.638   776  2690 V GrammaticalInflectionUtils: AttributionSource: android.content.AttributionSource@6c49ef6f does not have READ_SYSTEM_GRAMMATICAL_GENDER permission.
02-12 12:47:31.695   556   556 I BpBinder: onLastStrongRef automatically unlinking death recipients:
02-12 12:47:31.697  1194  1194 D RecentsView: onTaskRemoved: 127, not handling task stack changes
02-12 12:47:31.697  1194  1194 D RecentsView: onTaskRemoved: 127, not handling task stack changes
02-12 12:47:31.698  1194  1194 D RecentsView: onTaskRemoved: 126, not handling task stack changes
02-12 12:47:31.698  1194  1194 D RecentsView: onTaskRemoved: 126, not handling task stack changes
02-12 12:47:31.709  1194  1194 W SplitSelectStateCtor: Missing session instanceIds
02-12 12:47:31.709  1194  1194 D StatsLog: LAUNCHER_SPLIT_SELECTION_EXIT_INTERRUPTED
02-12 12:47:31.721   671  2326 W IPCThreadState: Sending oneway calls to frozen process.
02-12 12:47:31.734  7341  7341 I m.hank.clawlive: AssetManager2(0x78c8d329cad8) locale list changing from [en-US] to [zh-TW]
02-12 12:47:31.737  7341  7341 I m.hank.clawlive: AssetManager2(0x78c8d329a558) locale list changing from [en-US] to [zh-TW]
02-12 12:47:31.743  7341  7341 I m.hank.clawlive: AssetManager2(0x78c8d32995b8) locale list changing from [en-US] to [zh-TW]
02-12 12:47:31.780  7341  7341 I m.hank.clawlive: AssetManager2(0x78c8d32a2898) locale list changing from [] to [zh-TW]
02-12 12:47:31.798  7341  7341 D LifecycleMonitor: Lifecycle status change: com.hank.clawlive.SettingsActivity@c18c3af in: PRE_ON_CREATE
02-12 12:47:31.798  7341  7341 V ActivityScenario: Activity lifecycle changed event received but ignored because the reported transition was not ON_CREATE while the last known transition was PRE_ON_CREATE
02-12 12:47:31.873  1182  1444 D SatelliteController: iisInCarrierRoamingNbIotNtn: satellite is disabled
02-12 12:47:31.901   556   674 I BpBinder: onLastStrongRef automatically unlinking death recipients:
02-12 12:47:31.994  7341  7341 D LifecycleMonitor: Lifecycle status change: com.hank.clawlive.SettingsActivity@c18c3af in: CREATED
02-12 12:47:31.994  7341  7341 V ActivityScenario: Update currentActivityStage to CREATED, currentActivity=com.hank.clawlive.SettingsActivity@c18c3af
02-12 12:47:32.001  7341  7341 D LifecycleMonitor: Lifecycle status change: com.hank.clawlive.SettingsActivity@c18c3af in: STARTED
02-12 12:47:32.001  7341  7341 V ActivityScenario: Update currentActivityStage to STARTED, currentActivity=com.hank.clawlive.SettingsActivity@c18c3af
02-12 12:47:32.018  7341  7341 D LifecycleMonitor: Lifecycle status change: com.hank.clawlive.SettingsActivity@c18c3af in: RESUMED
02-12 12:47:32.018  7341  7341 V ActivityScenario: Update currentActivityStage to RESUMED, currentActivity=com.hank.clawlive.SettingsActivity@c18c3af
02-12 12:47:32.022  1524  1524 I Choreographer: Skipped 39 frames!  The application may be doing too much work on its main thread.
02-12 12:47:32.237  1524  7117 I DownloadManager: DownloadManager.startDownload():495 start download of __KLP_manifest_delight__en-840
02-12 12:47:32.259  1524  7410 E MDDSuperpacks: MDDSuperpacks.parseManifest():476 cannot find metadata for delight_overrides
02-12 12:47:32.292  1194  1194 I Choreographer: Skipped 30 frames!  The application may be doing too much work on its main thread.
02-12 12:47:32.343  1194  1217 I HWUI    : Davey! duration=809ms; Flags=0, FrameTimelineVsyncId=490201, IntendedVsync=5353069434434, Vsync=5353486101084, InputEventId=0, HandleInputStart=5353497182000, AnimationStart=5353497215900, PerformTraversalsStart=5353497541100, DrawStart=5353497632800, FrameDeadline=5353652767744, FrameStartTime=5353494138900, FrameInterval=16666666, WorkloadTarget=16666666, SyncQueued=5353497819000, SyncStart=5353611993100, IssueDrawCommandsStart=5353612134100, SwapBuffers=5353646606800, FrameCompleted=5353993580200, DequeueBufferDuration=301756600, QueueBufferDuration=527600, GpuCompleted=5353990494500, SwapBuffersCompleted=5353993580200, DisplayPresentTime=0, CommandSubmissionCompleted=5353646606800,
02-12 12:47:32.355  1524  7117 I DownloadManager: DownloadManager$4.onFailure():573 download for __KLP_manifest_delight__en-840 is cancelled
02-12 12:47:32.356  1524  7667 W MDDSuperpacks: MDDSuperpacks.constructPackSet():578 file group is empty
02-12 12:47:32.357  1524  7117 I DownloadManager: DownloadManager.downloadInternal():410 Previous download for __KLP_manifest_delight__en-840 is cancelled
02-12 12:47:32.358  1524  7117 I DownloadManager: DownloadManager.downloadInternal():412 Download for __KLP_manifest_delight__en-840 scheduled with params DownloadParams{allowMetered=true, requireCharging=false, foreground=false, immediately=true, priority=0}
02-12 12:47:32.362  1524  7195 I SuperDelight: SuperDelightManager$2.onSuccess():635 delight_overrides sync success, adding to data file manager
02-12 12:47:32.362  1524  7114 I MDDSuperpacks: MDDSuperpacks.getPacks():548 getting packs for superpack: handwriting_recognition
02-12 12:47:32.362  1524  7117 I DownloadManager: DownloadManager.startDownload():495 start download of __KLP_manifest_delight__en-840
02-12 12:47:32.363  1524  7117 I DownloadManager: DownloadManager$4.onSuccess():564 download for __SP_MANIFEST_bundled_delight is finished with files # mxp@58d99e11
02-12 12:47:32.365  1524  7117 I DownloadManager: DownloadManager.downloadInternal():412 Download for __SP_MANIFEST_handwriting_recognition scheduled with params DownloadParams{allowMetered=true, requireCharging=false, foreground=false, immediately=true, priority=0}
02-12 12:47:32.366  1524  7117 I DownloadManager: DownloadManager.startDownload():495 start download of __SP_MANIFEST_handwriting_recognition
02-12 12:47:32.366  1524  7665 I SuperDelight: SuperDelightBundledMetadataParser.addSystemLms():202 system lm dir /system/usr/share/ime/google/d3_lms does not exist or is not readable
02-12 12:47:32.368  1524  7117 I DownloadManager: DownloadManager$4.onSuccess():564 download for __KLP_manifest_delight__en-840 is finished with files # mxp@1da44f1e
02-12 12:47:32.378  1524  7201 I MDDSuperpacks: MDDSuperpacks$3.onSuccess():558 packs [transformer_latin_tflite_20231010_zip, transformer_chinese_tflite_20231016_zip, zh_tw_20230706_compact_fst_zip, qrnn_en_us_reco_20231010_fst_20230613_recospec_zip, pack_mapping_v1_lstm_20231127, transformer_latin_seg_tflite_20231010_zip, transformer_chinese_conf_tflite_20231016_zip, scribe_latin_20231123_recospec_zip, en_us_20230613_compact_fst_zip, scribe_chinese_20231123_tflite_zip, transformer_chinese_seg_tflite_20231016_zip, scribe_latin_20231123_tflite_zip, transformer_latin_conf_tflite_20231010_zip, scribe_chinese_20231123_recospec_zip, qrnn_zh_tw_reco_20231016_fst_20230706_recospec_zip] got for superpack: handwriting_recognition
02-12 12:47:32.431  1524  7117 I DownloadManager: DownloadManager$4.onSuccess():564 download for __SP_MANIFEST_handwriting_recognition is finished with files # mxp@1c734294
02-12 12:47:32.450  1524  7665 I SuperDelight: SuperDelightBundledMetadataParser.parse():192 SuperDelightBundledMetadataParser#parse(): manifest parsed with 1 packs
02-12 12:47:32.453  1524  7410 I MDDSuperpacks: MDDSuperpacks$3.onSuccess():558 packs [transformer_latin_tflite_20231010_zip, transformer_chinese_tflite_20231016_zip, zh_tw_20230706_compact_fst_zip, qrnn_en_us_reco_20231010_fst_20230613_recospec_zip, pack_mapping_v1_lstm_20231127, transformer_latin_seg_tflite_20231010_zip, transformer_chinese_conf_tflite_20231016_zip, scribe_latin_20231123_recospec_zip, en_us_20230613_compact_fst_zip, scribe_chinese_20231123_tflite_zip, transformer_chinese_seg_tflite_20231016_zip, scribe_latin_20231123_tflite_zip, transformer_latin_conf_tflite_20231010_zip, scribe_chinese_20231123_recospec_zip, qrnn_zh_tw_reco_20231016_fst_20230706_recospec_zip] got for superpack: handwriting_recognition
02-12 12:47:32.470  1524  7667 I MDDSuperpacks: MDDSuperpacks$2.onSuccess():274 Sync success for emoticon_content_description with result: {old=[7a635888cb828dfa2fc744b7b9b50f04, c5c37e938eec559132ebd6c6245d763a], new=[7a635888cb828dfa2fc744b7b9b50f04, c5c37e938eec559132ebd6c6245d763a], metadata=false, last batch=true}
02-12 12:47:32.496  1059  1284 I Choreographer: Skipped 47 frames!  The application may be doing too much work on its main thread.
02-12 12:47:32.498  1524  7116 I HandwritingOnlineSuperpacks: HandwritingOnlineSuperpacks.syncInternal():168 syncPackMapping()
02-12 12:47:32.498  1524  7116 I MDDSuperpacks: MDDSuperpacks.sync():223 sync requested for handwriting_recognition
02-12 12:47:32.498  1524  7116 I ManifestedDataDownloader: ManifestedDataDownloader.checkVersionAndDownload():91 filegroup __KLP_delight__en-840 with version 2025031300 is already downloaded
02-12 12:47:32.515  1524  1983 I HWUI    : Davey! duration=969ms; Flags=0, FrameTimelineVsyncId=490293, IntendedVsync=5353286101092, Vsync=5353936101066, InputEventId=0, HandleInputStart=5353940443900, AnimationStart=5353940475100, PerformTraversalsStart=5353940786100, DrawStart=5353943900100, FrameDeadline=5354019434396, FrameStartTime=5353939524600, FrameInterval=16666666, WorkloadTarget=16666666, SyncQueued=5353943922400, SyncStart=5353944098700, IssueDrawCommandsStart=5353944255900, SwapBuffers=5353991018000, FrameCompleted=5354256148300, DequeueBufferDuration=96300, QueueBufferDuration=7519500, GpuCompleted=5354256148300, SwapBuffersCompleted=5354103973000, DisplayPresentTime=9153005534666817544, CommandSubmissionCompleted=5353991018000,
02-12 12:47:32.573  1524  7113 I ManifestedDataDownloader: ManifestedDataDownloader.checkVersionAndDownload():91 filegroup __KLP_delight__en-840 with version 2025031300 is already downloaded
02-12 12:47:32.630  7341  7341 I Choreographer: Skipped 34 frames!  The application may be doing too much work on its main thread.
02-12 12:47:32.647  1194  1217 I HWUI    : Davey! duration=753ms; Flags=0, FrameTimelineVsyncId=490450, IntendedVsync=5353702767742, Vsync=5354202767722, InputEventId=0, HandleInputStart=5354214289800, AnimationStart=5354214323000, PerformTraversalsStart=5354226760800, DrawStart=5354226880100, FrameDeadline=5354386101048, FrameStartTime=5354209007100, FrameInterval=16666666, WorkloadTarget=16666666, SyncQueued=5354226907800, SyncStart=5354262899100, IssueDrawCommandsStart=5354262981200, SwapBuffers=5354289980200, FrameCompleted=5354492377600, DequeueBufferDuration=136560200, QueueBufferDuration=7766700, GpuCompleted=5354491073400, SwapBuffersCompleted=5354492377600, DisplayPresentTime=0, CommandSubmissionCompleted=5354289980200,
02-12 12:47:32.656  1524  7666 I MDDSuperpacks: MDDSuperpacks$3.onSuccess():558 packs [] got for superpack: delight_overrides
02-12 12:47:32.661   776   822 W IPCThreadState: Sending oneway calls to frozen process.
02-12 12:47:32.707  1524  7435 I SuperDelight: SuperDelightBundledMetadataParser.addSystemLms():202 system lm dir /system/usr/share/ime/google/d3_lms does not exist or is not readable
02-12 12:47:32.708  1524  7435 I SuperDelight: SuperDelightBundledMetadataParser.parse():192 SuperDelightBundledMetadataParser#parse(): manifest parsed with 1 packs
02-12 12:47:32.709  1524  7665 I MDDSuperpacks: MDDSuperpacks$3.onSuccess():558 packs [7a635888cb828dfa2fc744b7b9b50f04, c5c37e938eec559132ebd6c6245d763a] got for superpack: emoticon_content_description
02-12 12:47:32.711  1524  7116 I DelightKLPDownloader: DelightKLPDownloader$2.onSuccess():222 klp en_840 downloaded with version 2025031300
02-12 12:47:32.713  1524  7665 E MDDSuperpacks: MDDSuperpacks.parseManifest():476 cannot find metadata for delight_overrides
02-12 12:47:32.716  1524  7667 I SuperDelight: SuperDelightBundledMetadataParser.addSystemLms():202 system lm dir /system/usr/share/ime/google/d3_lms does not exist or is not readable
02-12 12:47:32.717  1524  7667 I SuperDelight: SuperDelightBundledMetadataParser.parse():192 SuperDelightBundledMetadataParser#parse(): manifest parsed with 1 packs
02-12 12:47:32.725  1524  7113 I DelightKLPDownloader: DelightKLPDownloader$2.onSuccess():222 klp en_840 downloaded with version 2025031300
02-12 12:47:32.729   776   814 I ActivityTaskManager: Displayed com.hank.clawlive/.SettingsActivity for user 0: +1s83ms
02-12 12:47:32.738  1524  7454 I SuperDelight: SuperDelightBundledMetadataParser.addSystemLms():202 system lm dir /system/usr/share/ime/google/d3_lms does not exist or is not readable
02-12 12:47:32.739  1524  7454 I SuperDelight: SuperDelightBundledMetadataParser.parse():192 SuperDelightBundledMetadataParser#parse(): manifest parsed with 1 packs
02-12 12:47:32.742  1524  7667 E MDDSuperpacks: MDDSuperpacks.parseManifest():476 cannot find metadata for delight_overrides
02-12 12:47:32.762  1524  7195 I SuperDelight: SuperDelightManager.syncBundledLanguageModels():773 SuperDelightManager#syncBundledLanguageModels(): Syncing for version 2025021100
02-12 12:47:32.762  1524  7195 I MDDSuperpacks: MDDSuperpacks.sync():223 sync requested for bundled_delight
02-12 12:47:32.770   776   822 W IPCThreadState: Sending oneway calls to frozen process.
02-12 12:47:32.772  1524  7665 I SuperDelight: SuperDelightBundledMetadataParser.addSystemLms():202 system lm dir /system/usr/share/ime/google/d3_lms does not exist or is not readable
02-12 12:47:32.773  1524  7665 I SuperDelight: SuperDelightBundledMetadataParser.parse():192 SuperDelightBundledMetadataParser#parse(): manifest parsed with 1 packs
02-12 12:47:32.773  1524  7667 I MDDSuperpacks: MDDSuperpacks.getPacks():548 getting packs for superpack: bundled_delight
02-12 12:47:32.781   776   822 W IPCThreadState: Sending oneway calls to frozen process.
02-12 12:47:32.783  1524  7667 I MDDSuperpacks: MDDSuperpacks$3.onSuccess():558 packs [main_en_us_2024102000_2] got for superpack: bundled_delight
02-12 12:47:32.785  1524  7665 I SuperDelight: SuperDelightBundledSlicingStrategy.getSlices():41 BundledSlicing#getSlices() : Locale = [en_US]
02-12 12:47:32.786  1524  7665 I SuperDelight: SuperDelightBundledSlicingStrategy.getSlices():67 BundledSlicing#getSlices(): result {slices=[bundled_delight:main_en_us_2024102000_2], last batch=true, sync metadata=false}
02-12 12:47:32.790  1524  7435 I MDDSuperpacks: MDDSuperpacks.getPacks():548 getting packs for superpack: handwriting_recognition
02-12 12:47:32.800  1524  7666 I MDDSuperpacks: MDDSuperpacks.getPacks():548 getting packs for superpack: bundled_delight
02-12 12:47:32.805  1524  7435 I HandwritingSlicingStrategy: HandwritingSlicingStrategy.getSlices():44 getSlices(): handwriting_recognition.86 useForeground=true
02-12 12:47:32.805  1524  7435 I HandwritingSlicingStrategy: HandwritingSlicingStrategy.getSlices():103 getSlices(): result {slices=[{handwriting_recognition:pack_mapping_v1_lstm_20231127, m:*:*:*, fg}, {handwriting_recognition:transformer_latin_tflite_20231010_zip, m:*:*:*, fg}, {handwriting_recognition:qrnn_en_us_reco_20231010_fst_20230613_recospec_zip, m:*:*:*, fg}, {handwriting_recognition:transformer_latin_conf_tflite_20231010_zip, m:*:*:*, fg}, {handwriting_recognition:transformer_latin_seg_tflite_20231010_zip, m:*:*:*, fg}, {handwriting_recognition:en_us_20230613_compact_fst_zip, m:*:*:*, fg}, {handwriting_recognition:scribe_latin_20231123_tflite_zip, m:*:*:*, fg}, {handwriting_recognition:scribe_latin_20231123_recospec_zip, m:*:*:*, fg}], last batch=true, sync metadata=false}
02-12 12:47:32.807  1524  7454 I MDDSuperpacks: MDDSuperpacks$3.onSuccess():558 packs [transformer_latin_tflite_20231010_zip, transformer_chinese_tflite_20231016_zip, zh_tw_20230706_compact_fst_zip, qrnn_en_us_reco_20231010_fst_20230613_recospec_zip, pack_mapping_v1_lstm_20231127, transformer_latin_seg_tflite_20231010_zip, transformer_chinese_conf_tflite_20231016_zip, scribe_latin_20231123_recospec_zip, en_us_20230613_compact_fst_zip, scribe_chinese_20231123_tflite_zip, transformer_chinese_seg_tflite_20231016_zip, scribe_latin_20231123_tflite_zip, transformer_latin_conf_tflite_20231010_zip, scribe_chinese_20231123_recospec_zip, qrnn_zh_tw_reco_20231016_fst_20230706_recospec_zip] got for superpack: handwriting_recognition
02-12 12:47:32.873  1524  7665 I MDDSuperpacks: MDDSuperpacks.getPacks():548 getting packs for superpack: handwriting_recognition
02-12 12:47:32.890  1358  2609 W GLSUser : [AppCertManager] Exception while requesting key:
02-12 12:47:32.890  1358  2609 W GLSUser : java.util.concurrent.ExecutionException: crpj: Parse Proto Exception with response code 400
02-12 12:47:32.890  1358  2609 W GLSUser : 	at gvzm.j(:com.google.android.gms@260235038@26.02.35 (260800-862924022):21)
02-12 12:47:32.890  1358  2609 W GLSUser : 	at gvzv.u(:com.google.android.gms@260235038@26.02.35 (260800-862924022):71)
02-12 12:47:32.890  1358  2609 W GLSUser : 	at ajtd.b(:com.google.android.gms@260235038@26.02.35 (260800-862924022):439)
02-12 12:47:32.890  1358  2609 W GLSUser : 	at ajtb.a(:com.google.android.gms@260235038@26.02.35 (260800-862924022):67)
02-12 12:47:32.890  1358  2609 W GLSUser : 	at ajtb.dispatchTransaction(:com.google.android.gms@260235038@26.02.35 (260800-862924022):16)
02-12 12:47:32.890  1358  2609 W GLSUser : 	at bvnc.a(:com.google.android.gms@260235038@26.02.35 (260800-862924022):72)
02-12 12:47:32.890  1358  2609 W GLSUser : 	at xqa.onTransact(:com.google.android.gms@260235038@26.02.35 (260800-862924022):23)
02-12 12:47:32.890  1358  2609 W GLSUser : 	at android.os.Binder.transact(Binder.java:1273)
02-12 12:47:32.890  1358  2609 W GLSUser : 	at chtu.onTransact(:com.google.android.gms@260235038@26.02.35 (260800-862924022):10)
02-12 12:47:32.890  1358  2609 W GLSUser : 	at android.os.Binder.transact(Binder.java:1273)
02-12 12:47:32.890  1358  2609 W GLSUser : 	at bvnq.onTransact(:com.google.android.gms@260235038@26.02.35 (260800-862924022):161)
02-12 12:47:32.890  1358  2609 W GLSUser : 	at android.os.Binder.execTransactInternal(Binder.java:1421)
02-12 12:47:32.890  1358  2609 W GLSUser : 	at android.os.Binder.execTransact(Binder.java:1365)
02-12 12:47:32.890  1358  2609 W GLSUser : Caused by: crpj: Parse Proto Exception with response code 400
02-12 12:47:32.890  1358  2609 W GLSUser : 	at crqp.e(:com.google.android.gms@260235038@26.02.35 (260800-862924022):90)
02-12 12:47:32.890  1358  2609 W GLSUser : 	at crtb.d(:com.google.android.gms@260235038@26.02.35 (260800-862924022):18)
02-12 12:47:32.890  1358  2609 W GLSUser : 	at crts.onSucceeded(:com.google.android.gms@260235038@26.02.35 (260800-862924022):9)
02-12 12:47:32.890  1358  2609 W GLSUser : 	at m1.nf.onSucceeded(:com.google.android.gms.dynamite_cronetdynamite@260235038@26.02.35 (260800-0):3)
02-12 12:47:32.890  1358  2609 W GLSUser : 	at m1.ly.run(:com.google.android.gms.dynamite_cronetdynamite@260235038@26.02.35 (260800-0):21)
02-12 12:47:32.890  1358  2609 W GLSUser : 	at m1.ls.run(:com.google.android.gms.dynamite_cronetdynamite@260235038@26.02.35 (260800-0):31)
02-12 12:47:32.890  1358  2609 W GLSUser : 	at bera.c(:com.google.android.gms@260235038@26.02.35 (260800-862924022):50)
02-12 12:47:32.890  1358  2609 W GLSUser : 	at bera.run(:com.google.android.gms@260235038@26.02.35 (260800-862924022):92)
02-12 12:47:32.890  1358  2609 W GLSUser : 	at java.util.concurrent.ThreadPoolExecutor.runWorker(ThreadPoolExecutor.java:1156)
02-12 12:47:32.890  1358  2609 W GLSUser : 	at java.util.concurrent.ThreadPoolExecutor$Worker.run(ThreadPoolExecutor.java:651)
02-12 12:47:32.890  1358  2609 W GLSUser : 	at bewr.run(:com.google.android.gms@260235038@26.02.35 (260800-862924022):8)
02-12 12:47:32.890  1358  2609 W GLSUser : 	at java.lang.Thread.run(Thread.java:1119)
02-12 12:47:32.890  1358  2609 W GLSUser : Caused by: hqzc: Protocol message contained an invalid tag (zero).
02-12 12:47:32.890  1358  2609 W GLSUser : 	at hqwa.k(:com.google.android.gms@260235038@26.02.35 (260800-862924022):43)
02-12 12:47:32.890  1358  2609 W GLSUser : 	at hraa.c(:com.google.android.gms@260235038@26.02.35 (260800-862924022):397)
02-12 12:47:32.890  1358  2609 W GLSUser : 	at hraa.i(:com.google.android.gms@260235038@26.02.35 (260800-862924022):8)
02-12 12:47:32.890  1358  2609 W GLSUser : 	at hqyg.y(:com.google.android.gms@260235038@26.02.35 (260800-862924022):23)
02-12 12:47:32.890  1358  2609 W GLSUser : 	at hqyb.g(:com.google.android.gms@260235038@26.02.35 (260800-862924022):3)
02-12 12:47:32.890  1358  2609 W GLSUser : 	at hqvw.e(:com.google.android.gms@260235038@26.02.35 (260800-862924022):1)
02-12 12:47:32.890  1358  2609 W GLSUser : 	at hqvw.r(:com.google.android.gms@260235038@26.02.35 (260800-862924022):1)
02-12 12:47:32.890  1358  2609 W GLSUser : 	at crqn.c(:com.google.android.gms@260235038@26.02.35 (260800-862924022):16)
02-12 12:47:32.890  1358  2609 W GLSUser : 	at crqp.g(:com.google.android.gms@260235038@26.02.35 (260800-862924022):83)
02-12 12:47:32.890  1358  2609 W GLSUser : 	at crqp.e(:com.google.android.gms@260235038@26.02.35 (260800-862924022):15)
02-12 12:47:32.890  1358  2609 W GLSUser : 	... 11 more
02-12 12:47:32.891  1358  2609 W GLSUser : [DeviceKeyStore] Cannot load key: Device key file not found.
02-12 12:47:32.900  1524  7435 I LmManager: LmManager$1.onSuccess():82 Bundled delight sync success
02-12 12:47:32.901  1524  7189 I MDDSuperpacks: MDDSuperpacks.getPacks():548 getting packs for superpack: bundled_delight
02-12 12:47:33.001  1524  7667 I MDDSuperpacks: MDDSuperpacks$2.onSuccess():274 Sync success for bundled_delight with result: {old=[main_en_us_2024102000_2], new=[main_en_us_2024102000_2], metadata=false, last batch=true}
02-12 12:47:33.004  1524  7116 I HandwritingOnlineSuperpacks: HandwritingOnlineSuperpacks.syncInternal():187 syncInternal(): syncing packs
02-12 12:47:33.005  1524  7116 I HandwritingOnlineSuperpacks: HandwritingOnlineSuperpacks$2.onSyncSuccess():225 syncInternal(): complete {old=[en_us_20230613_compact_fst_zip, pack_mapping_v1_lstm_20231127, qrnn_en_us_reco_20231010_fst_20230613_recospec_zip, qrnn_zh_tw_reco_20231016_fst_20230706_recospec_zip, scribe_chinese_20231123_recospec_zip, scribe_chinese_20231123_tflite_zip, scribe_latin_20231123_recospec_zip, scribe_latin_20231123_tflite_zip, transformer_chinese_conf_tflite_20231016_zip, transformer_chinese_seg_tflite_20231016_zip, transformer_chinese_tflite_20231016_zip, transformer_latin_conf_tflite_20231010_zip, transformer_latin_seg_tflite_20231010_zip, transformer_latin_tflite_20231010_zip, zh_tw_20230706_compact_fst_zip], new=[en_us_20230613_compact_fst_zip, pack_mapping_v1_lstm_20231127, qrnn_en_us_reco_20231010_fst_20230613_recospec_zip, qrnn_zh_tw_reco_20231016_fst_20230706_recospec_zip, scribe_chinese_20231123_recospec_zip, scribe_chinese_20231123_tflite_zip, scribe_latin_20231123_recospec_zip, scribe_latin_20231123_tflite_zip, transformer_chinese_conf_tflite_20231016_zip, transformer_chinese_seg_tflite_20231016_zip, transformer_chinese_tflite_20231016_zip, transformer_latin_conf_tflite_20231010_zip, transformer_latin_seg_tflite_20231010_zip, transformer_latin_tflite_20231010_zip, zh_tw_20230706_compact_fst_zip], metadata=false, last batch=true}
02-12 12:47:33.005  1524  7116 I MDDSuperpacks: MDDSuperpacks.getPacks():548 getting packs for superpack: handwriting_recognition
02-12 12:47:33.008  1524  7666 I MDDSuperpacks: MDDSuperpacks$3.onSuccess():558 packs [main_en_us_2024102000_2] got for superpack: bundled_delight
02-12 12:47:33.008  1524  7435 I MDDSuperpacks: MDDSuperpacks$3.onSuccess():558 packs [transformer_latin_tflite_20231010_zip, transformer_chinese_tflite_20231016_zip, zh_tw_20230706_compact_fst_zip, qrnn_en_us_reco_20231010_fst_20230613_recospec_zip, pack_mapping_v1_lstm_20231127, transformer_latin_seg_tflite_20231010_zip, transformer_chinese_conf_tflite_20231016_zip, scribe_latin_20231123_recospec_zip, en_us_20230613_compact_fst_zip, scribe_chinese_20231123_tflite_zip, transformer_chinese_seg_tflite_20231016_zip, scribe_latin_20231123_tflite_zip, transformer_latin_conf_tflite_20231010_zip, scribe_chinese_20231123_recospec_zip, qrnn_zh_tw_reco_20231016_fst_20230706_recospec_zip] got for superpack: handwriting_recognition
02-12 12:47:33.021  1524  7665 I MDDSuperpacks: MDDSuperpacks$3.onSuccess():558 packs [main_en_us_2024102000_2] got for superpack: bundled_delight
02-12 12:47:33.022  1524  7454 I MDDSuperpacks: MDDSuperpacks$2.onSuccess():274 Sync success for handwriting_recognition with result: {old=[en_us_20230613_compact_fst_zip, pack_mapping_v1_lstm_20231127, qrnn_en_us_reco_20231010_fst_20230613_recospec_zip, qrnn_zh_tw_reco_20231016_fst_20230706_recospec_zip, scribe_chinese_20231123_recospec_zip, scribe_chinese_20231123_tflite_zip, scribe_latin_20231123_recospec_zip, scribe_latin_20231123_tflite_zip, transformer_chinese_conf_tflite_20231016_zip, transformer_chinese_seg_tflite_20231016_zip, transformer_chinese_tflite_20231016_zip, transformer_latin_conf_tflite_20231010_zip, transformer_latin_seg_tflite_20231010_zip, transformer_latin_tflite_20231010_zip, zh_tw_20230706_compact_fst_zip], new=[en_us_20230613_compact_fst_zip, pack_mapping_v1_lstm_20231127, qrnn_en_us_reco_20231010_fst_20230613_recospec_zip, qrnn_zh_tw_reco_20231016_fst_20230706_recospec_zip, scribe_chinese_20231123_recospec_zip, scribe_chinese_20231123_tflite_zip, scribe_latin_20231123_recospec_zip, scribe_latin_20231123_tflite_zip, transformer_chinese_conf_tflite_20231016_zip, transformer_chinese_seg_tflite_20231016_zip, transformer_chinese_tflite_20231016_zip, transformer_latin_conf_tflite_20231010_zip, transformer_latin_seg_tflite_20231010_zip, transformer_latin_tflite_20231010_zip, zh_tw_20230706_compact_fst_zip], metadata=false, last batch=true}
02-12 12:47:33.023  1524  7195 I SuperDelight: SuperDelightManager$2.onSuccess():635 bundled_delight sync success, adding to data file manager
02-12 12:47:33.030  1194  1194 D VRI[NexusLauncherActivity]: visibilityChanged oldVisibility=true newVisibility=false
02-12 12:47:33.037  1194  1194 D NexusLauncherModelDelegate: notifySmartspaceEvent: SmartspaceTargetEvent{mSmartspaceTarget=null, mSmartspaceActionId='null', mEventType=7}
02-12 12:47:33.049  1524  7195 I DataFileManager: DataFileManager.addDataWithoutNotify():181 data en-US already exists
02-12 12:47:33.049  7341  7594 I HWUI    : Davey! duration=847ms; Flags=0, FrameTimelineVsyncId=490499, IntendedVsync=5353969434398, Vsync=5354536101042, InputEventId=0, HandleInputStart=5354547968500, AnimationStart=5354548001300, PerformTraversalsStart=5354559510600, DrawStart=5354559698000, FrameDeadline=5354586101040, FrameStartTime=5354547381900, FrameInterval=16666666, WorkloadTarget=16666666, SyncQueued=5354560954300, SyncStart=5354562423200, IssueDrawCommandsStart=5354570082300, SwapBuffers=5354596771400, FrameCompleted=5354818650700, DequeueBufferDuration=167000, QueueBufferDuration=332000, GpuCompleted=5354818650700, SwapBuffersCompleted=5354729698400, DisplayPresentTime=0, CommandSubmissionCompleted=5354596771400,
02-12 12:47:33.079   776   916 I ImeTracker: com.hank.clawlive:4c64d22f: onRequestHide at ORIGIN_SERVER reason HIDE_UNSPECIFIED_WINDOW fromUser false
02-12 12:47:33.105  1524  1524 I GoogleInputMethodService: GoogleInputMethodService.onFinishInput():2043
02-12 12:47:33.112   776  2005 I ImeTracker: system_server:35000dbb: onRequestHide at ORIGIN_SERVER reason IME_REQUESTED_CHANGED_LISTENER fromUser false
02-12 12:47:33.122   776   817 I ImeTracker: system_server:35000dbb: onCancelled at PHASE_SERVER_SHOULD_HIDE
02-12 12:47:33.150  2039  3096 I cn_CronetUrlRequestContext: destroyNativeStreamLocked org.chromium.net.impl.CronetBidirectionalStream@d97e01a
02-12 12:47:33.170  2039  2265 W cgxx    : Error processing gRPC request
02-12 12:47:33.170  2039  2265 W cgxx    : gaty: INVALID_ARGUMENT: Application credential header not valid. Please fix the client to pass a valid application credential header.
02-12 12:47:33.170  2039  2265 W cgxx    : 	at gbnd.a(PG:41)
02-12 12:47:33.170  2039  2265 W cgxx    : 	at fnun.g(PG:97)
02-12 12:47:33.170  2039  2265 W cgxx    : 	at fnun.q(PG:23)
02-12 12:47:33.170  2039  2265 W cgxx    : 	at fnun.a(PG:8)
02-12 12:47:33.170  2039  2265 W cgxx    : 	at fnuv.run(PG:9)
02-12 12:47:33.170  2039  2265 W cgxx    : 	at fnux.f(PG:17)
02-12 12:47:33.170  2039  2265 W cgxx    : 	at fnux.a(PG:6)
02-12 12:47:33.170  2039  2265 W cgxx    : 	at fnuf.run(PG:143)
02-12 12:47:33.170  2039  2265 W cgxx    : 	at fnue.run(PG:163)
02-12 12:47:33.170  2039  2265 W cgxx    : 	at fmrp.run(PG:3)
02-12 12:47:33.170  2039  2265 W cgxx    : 	at fmrq.run(PG:68)
02-12 12:47:33.170  2039  2265 W cgxx    : 	at fmpq.execute(PG:1)
02-12 12:47:33.170  2039  2265 W cgxx    : 	at fnuj.execute(PG:3)
02-12 12:47:33.170  2039  2265 W cgxx    : 	at fmrr.execute(PG:34)
02-12 12:47:33.170  2039  2265 W cgxx    : 	at fnuc.execute(PG:11)
02-12 12:47:33.170  2039  2265 W cgxx    : 	at fnuh.a(PG:11)
02-12 12:47:33.170  2039  2265 W cgxx    : 	at fcft.a(PG:4)
02-12 12:47:33.170  2039  2265 W cgxx    : 	at fnue.run(PG:340)
02-12 12:47:33.170  2039  2265 W cgxx    : 	at fcqz.run(PG:24)
02-12 12:47:33.170  2039  2265 W cgxx    : 	at fnue.run(PG:163)
02-12 12:47:33.170  2039  2265 W cgxx    : 	at fmrp.run(PG:3)
02-12 12:47:33.170  2039  2265 W cgxx    : 	at fmrq.run(PG:68)
02-12 12:47:33.170  2039  2265 W cgxx    : 	at fmpq.execute(PG:1)
02-12 12:47:33.170  2039  2265 W cgxx    : 	at fnuj.execute(PG:3)
02-12 12:47:33.170  2039  2265 W cgxx    : 	at fmrr.execute(PG:34)
02-12 12:47:33.170  2039  2265 W cgxx    : 	at fnuc.execute(PG:11)
02-12 12:47:33.170  2039  2265 W cgxx    : 	at fmnu.f(PG:1)
02-12 12:47:33.170  2039  2265 W cgxx    : 	at fmnu.m(PG:95)
02-12 12:47:33.170  2039  2265 W cgxx    : 	at fmnu.r(PG:29)
02-12 12:47:33.170  2039  2265 W cgxx    : 	at fmnz.f(PG:3)
02-12 12:47:33.170  2039  2265 W cgxx    : 	at fmob.run(PG:44)
02-12 12:47:33.170  2039  2265 W cgxx    : 	at djui.run(PG:5)
02-12 12:47:33.170  2039  2265 W cgxx    : 	at fler.run(PG:44)
02-12 12:47:33.170  2039  2265 W cgxx    : 	at djtz.run(PG:42)
02-12 12:47:33.170  2039  2265 W cgxx    : 	at java.lang.Thread.run(Thread.java:1119)
02-12 12:47:33.170  2039  2265 W cgxx    : 	at djvl.run(PG:62)
02-12 12:47:33.178  2039  2265 W ciqq    : Discover get refresh session failed.
02-12 12:47:33.178  2039  2265 W ciqq    : gaty: INVALID_ARGUMENT: Application credential header not valid. Please fix the client to pass a valid application credential header.
02-12 12:47:33.178  2039  2265 W ciqq    : 	at gbnd.a(PG:41)
02-12 12:47:33.178  2039  2265 W ciqq    : 	at fnun.g(PG:97)
02-12 12:47:33.178  2039  2265 W ciqq    : 	at fnun.q(PG:23)
02-12 12:47:33.178  2039  2265 W ciqq    : 	at fnun.a(PG:8)
02-12 12:47:33.178  2039  2265 W ciqq    : 	at fnuv.run(PG:9)
02-12 12:47:33.178  2039  2265 W ciqq    : 	at fnux.f(PG:17)
02-12 12:47:33.178  2039  2265 W ciqq    : 	at fnux.a(PG:6)
02-12 12:47:33.178  2039  2265 W ciqq    : 	at fnuf.run(PG:143)
02-12 12:47:33.178  2039  2265 W ciqq    : 	at fnue.run(PG:163)
02-12 12:47:33.178  2039  2265 W ciqq    : 	at fmrp.run(PG:3)
02-12 12:47:33.178  2039  2265 W ciqq    : 	at fmrq.run(PG:68)
02-12 12:47:33.178  2039  2265 W ciqq    : 	at fmpq.execute(PG:1)
02-12 12:47:33.178  2039  2265 W ciqq    : 	at fnuj.execute(PG:3)
02-12 12:47:33.178  2039  2265 W ciqq    : 	at fmrr.execute(PG:34)
02-12 12:47:33.178  2039  2265 W ciqq    : 	at fnuc.execute(PG:11)
02-12 12:47:33.178  2039  2265 W ciqq    : 	at fnuh.a(PG:11)
02-12 12:47:33.178  2039  2265 W ciqq    : 	at fcft.a(PG:4)
02-12 12:47:33.178  2039  2265 W ciqq    : 	at fnue.run(PG:340)
02-12 12:47:33.178  2039  2265 W ciqq    : 	at fcqz.run(PG:24)
02-12 12:47:33.178  2039  2265 W ciqq    : 	at fnue.run(PG:163)
02-12 12:47:33.178  2039  2265 W ciqq    : 	at fmrp.run(PG:3)
02-12 12:47:33.178  2039  2265 W ciqq    : 	at fmrq.run(PG:68)
02-12 12:47:33.178  2039  2265 W ciqq    : 	at fmpq.execute(PG:1)
02-12 12:47:33.178  2039  2265 W ciqq    : 	at fnuj.execute(PG:3)
02-12 12:47:33.178  2039  2265 W ciqq    : 	at fmrr.execute(PG:34)
02-12 12:47:33.178  2039  2265 W ciqq    : 	at fnuc.execute(PG:11)
02-12 12:47:33.178  2039  2265 W ciqq    : 	at fmnu.f(PG:1)
02-12 12:47:33.178  2039  2265 W ciqq    : 	at fmnu.m(PG:95)
02-12 12:47:33.178  2039  2265 W ciqq    : 	at fmnu.r(PG:29)
02-12 12:47:33.178  2039  2265 W ciqq    : 	at fmnz.f(PG:3)
02-12 12:47:33.178  2039  2265 W ciqq    : 	at fmob.run(PG:44)
02-12 12:47:33.178  2039  2265 W ciqq    : 	at djui.run(PG:5)
02-12 12:47:33.178  2039  2265 W ciqq    : 	at fler.run(PG:44)
02-12 12:47:33.178  2039  2265 W ciqq    : 	at djtz.run(PG:42)
02-12 12:47:33.178  2039  2265 W ciqq    : 	at java.lang.Thread.run(Thread.java:1119)
02-12 12:47:33.178  2039  2265 W ciqq    : 	at djvl.run(PG:62)
02-12 12:47:33.198  7341  7341 D InsetsController: hide(ime(), fromIme=false)
02-12 12:47:33.198  7341  7341 I ImeTracker: com.hank.clawlive:4c64d22f: onCancelled at PHASE_CLIENT_ALREADY_HIDDEN
02-12 12:47:33.208  2039  2276 W cieg    : (REDACTED) Didn't find the session %s
02-12 12:47:33.226  2039  2276 W cieg    : (REDACTED) Didn't find the session %s
02-12 12:47:33.232  2039  2276 W cieg    : (REDACTED) Didn't find the session %s
02-12 12:47:33.279  2039  2265 I cjam    : Unsuccessful request. Updating schedule to the next attempt
02-12 12:47:33.301  2039  2265 I cizu    : (REDACTED) #enqueuePeriodicJob: running = %b
02-12 12:47:33.308  2039  2452 I cizu    : (REDACTED) #enqueueNextPeriodicJobUsingRefreshSchedule: running = %b
02-12 12:47:33.323  2039  2452 E fbby    : (REDACTED) Future Monitor failed
02-12 12:47:33.323  2039  2452 E fbby    : java.lang.IllegalArgumentException
02-12 12:47:33.323  2039  2452 E fbby    : 	at fzrh.U(PG:6)
02-12 12:47:33.323  2039  2452 E fbby    : 	at fbhg.h(PG:13)
02-12 12:47:33.323  2039  2452 E fbby    : 	at fbhe.apply(PG:24)
02-12 12:47:33.323  2039  2452 E fbby    : 	at fmoa.e(PG:3)
02-12 12:47:33.323  2039  2452 E fbby    : 	at fmob.run(PG:38)
02-12 12:47:33.323  2039  2452 E fbby    : 	at djui.run(PG:5)
02-12 12:47:33.323  2039  2452 E fbby    : 	at fler.run(PG:44)
02-12 12:47:33.323  2039  2452 E fbby    : 	at djtz.run(PG:42)
02-12 12:47:33.323  2039  2452 E fbby    : 	at java.lang.Thread.run(Thread.java:1119)
02-12 12:47:33.323  2039  2452 E fbby    : 	at djvl.run(PG:62)
02-12 12:47:33.329  2039  2265 I cizc    : (REDACTED) #watchdogConfig, scheduledOffset %s
02-12 12:47:33.336  2039  2212 I WM-WorkerWrapper: Worker result FAILURE for Work [ id=40234fe4-ebb7-4ba3-9861-93cbb469956e, tags={ com.google.apps.tiktok.contrib.work.TikTokListenableWorker,TikTokWorker#com.google.android.apps.search.googleapp.discover.sync.FeedSync,tiktok_account_work,account_id_1 } ]
02-12 12:47:33.366  1524  1524 W putmethod.latin: Weak pointer dereference blocked for 43 milliseconds.
02-12 12:47:33.370  1524  1524 I Module  : DeviceLockedStatusModuleProvider$Module.updateDeviceLockedStatus():100 repeatCheckTimes = 0, locked = false
02-12 12:47:33.370  1524  1524 W NotificationCenter: NotificationCenter$NotificationQueue.notifyPendingNotificationsOnExecutor():877 Heavy notify work detected on UI thread: [kig->ilu, kig->ilu, kig->ilu, kig->ijm, kig->ilu, kig->fef, kig->ilu, kig->fcb, kig->lux, kig->ilu, kig->fro, kig->khg, kig->ilu, kig->ilu, kig->ilu, kig->jnx, kig->ilu, kig->gkl, kig->ilu, kig->khc, kig->ilu, kig->jvb, kig->ilu, kig->ilu, kig->imt] takes 264ms
02-12 12:47:33.378  1524  1524 I GoogleInputMethodService: GoogleInputMethodService.onStartInput():1293 onStartInput(EditorInfo{EditorInfo{packageName=com.hank.clawlive, inputType=0, inputTypeString=NULL, enableLearning=false, autoCorrection=false, autoComplete=false, imeOptions=0, privateImeOptions=null, actionName=UNSPECIFIED, actionLabel=null, initialSelStart=-1, initialSelEnd=-1, initialCapsMode=0, label=null, fieldId=0, fieldName=null, extras=null, hintText=null, hintLocales=[]}}, false)
02-12 12:47:33.382  1524  1524 I Module  : DeviceLockedStatusModuleProvider$Module.updateDeviceLockedStatus():100 repeatCheckTimes = 1, locked = false
02-12 12:47:33.390  1524  1524 I InputMethodEntryManager: InputMethodEntryManager.enableLanguagesAndChangeCurrentTemporarily():1811 enabledLanguages: [zh-Hant-TW], specifiedCurrentLanguage null
02-12 12:47:33.394  1524  1524 I InputMethodEntryManager: InputMethodEntryManager.enableInputMethodEntriesTemporarily():2031 temporarilyEnabledEntryTuples [LanguageTagVariantTuple{languageTag=zh-TW, variant=zhuyin}]
02-12 12:47:33.398  1524  1524 I SystemSubtypesReportModule: SystemSubtypesReportModule$2.onEnabledInputMethodEntriesChanged():131 2 entries
02-12 12:47:33.408  2039  2039 D WM-Processor: kug 40234fe4-ebb7-4ba3-9861-93cbb469956e executed; reschedule = false
02-12 12:47:33.417  2039  2039 D WM-GreedyScheduler: Stopping tracking for WorkGenerationalId(workSpecId=40234fe4-ebb7-4ba3-9861-93cbb469956e, generation=0)
02-12 12:47:33.417  2039  2039 D WM-SystemJobService: 40234fe4-ebb7-4ba3-9861-93cbb469956e executed on JobScheduler
02-12 12:47:33.425   671  2326 W IPCThreadState: Sending oneway calls to frozen process.
02-12 12:47:33.431  2039  2269 D WM-SystemJobScheduler: Scheduling work ID 40234fe4-ebb7-4ba3-9861-93cbb469956eJob ID 41
02-12 12:47:33.441  1653  7717 I AiAiEcho: Settings changed for uri: content://settings/secure/enabled_input_methods
02-12 12:47:33.443  1653  1847 I AiAiEcho: Predicting[0]:  [CONTEXT sampling_count=5 ]
02-12 12:47:33.444  1524  1524 W NotificationCenter: NotificationCenter$NotificationQueue.notifyPendingNotificationsOnExecutor():877 Heavy notify work detected on UI thread: [kdz->lwl, ilp->erl] takes 46ms
02-12 12:47:33.444  1524  1524 W NotificationCenter: NotificationCenter$NotificationQueue.notifyPendingNotificationsOnExecutor():877 Heavy notify work detected on UI thread: [kdz->ivx] takes 46ms
02-12 12:47:33.450  1653  1847 I AiAiEcho: EchoTargets:
02-12 12:47:33.450  1653  1847 I AiAiEcho: Filtered by AiAi flag check:
02-12 12:47:33.450  1653  1847 I AiAiEcho: [CONTEXT ratelimit_period="10 SECONDS" ]
02-12 12:47:33.450  1524  7189 I LatinImeEntryActivation: LatinImeActivationContentObserver.activeLanguagesHaveChanged():70 Active entries changed: [en-US] -> {en-US, zh-XD}
02-12 12:47:33.453  1524  7195 I SuperDelight: SuperDelightManager.initializeBundledDelightSuperpacks():379 initializeBundledDelightSuperpacks()
02-12 12:47:33.456  1524  1524 I HardKeyTracker: HardKeyTracker.registerKeySequence():138 Register key sequence lsr{labelResId=0, callback=jlb@baf5334, lastModifier=0, keyCodes=[59, 59], actions=[1, 0]}
02-12 12:47:33.456  1524  1524 I HardKeyTracker: HardKeyTracker.registerKeySequence():138 Register key sequence lsr{labelResId=0, callback=jlb@b782ba3, lastModifier=0, keyCodes=[60, 60], actions=[1, 0]}
02-12 12:47:33.462  2039  2269 D WM-GreedyScheduler: Ignoring {WorkSpec: 2378390f-925d-4c08-82ec-d4cb88ff49c7}. Requires device idle.
02-12 12:47:33.462  1653  1847 I AiAiEcho: #remoteViewsTwiddler: feature disabled.
02-12 12:47:33.467  2039  2269 D WM-GreedyScheduler: Starting tracking for bcd6371f-2cce-428a-ae40-26b431f3d9a8,c5c8a9ff-a3d1-4da5-8412-69bbbb288252,843bffdc-e6d0-448c-9b1a-e7d0598cec32,c04b97f6-f034-4a1b-b53c-c5a98871c1c4,c74c75a5-1e52-4756-83e1-07f52f44c5d0,abcd2a62-67f8-4691-9628-994376f51e3d,26546516-e2b8-48b2-a6ce-59e9409331c3
02-12 12:47:33.470  1653  1847 I AiAiEcho: Predicting[0]:  [CONTEXT sampling_count=5 ]
02-12 12:47:33.470  1653  1847 I AiAiEcho: EchoTargets:
02-12 12:47:33.470  1653  1847 I AiAiEcho: Filtered by AiAi flag check:
02-12 12:47:33.470  1653  1847 I AiAiEcho: [CONTEXT ratelimit_period="10 SECONDS" ]
02-12 12:47:33.471  1653  1847 I AiAiEcho: #remoteViewsTwiddler: feature disabled.
02-12 12:47:33.474  1653  1847 I AiAiEcho: #postPredictionTargets: Sending updates to UISurface home with targets# 0 (types=[])
02-12 12:47:33.476  1524  7189 I LmManager: LmManager.asyncUpdateEnabledLanguageModels():96 asyncUpdateEnabledLanguageModels()
02-12 12:47:33.477  1524  7114 I DelightKLPDownloader: DelightKLPDownloader.downloadKLPInternal():199 downloading KLP for en_840
02-12 12:47:33.477  1524  7189 I SuperDelight: SuperDelightManager.initializeOverridesSuperpacks():405 initializeOverridesSuperpacks()
02-12 12:47:33.477  1524  7114 I ManifestedDataDownloader: ManifestedDataDownloader.download():63 downloading manifest https://www.gstatic.com/android/keyboard/dictionarypack/2025031619/metadata.json-perlang/en-840.json?v=2025052001
02-12 12:47:33.482  1524  7435 I DownloadManager: DownloadManager.downloadInternal():412 Download for __SP_MANIFEST_emoticon_content_description scheduled with params DownloadParams{allowMetered=true, requireCharging=false, foreground=false, immediately=true, priority=0}
02-12 12:47:33.486  1653  1847 I AiAiEcho: #postPredictionTargets: Sending updates to UISurface lockscreen with targets# 0 (types=[])
02-12 12:47:33.492  1524  7435 I DownloadManager: DownloadManager.startDownload():495 start download of __SP_MANIFEST_emoticon_content_description
02-12 12:47:33.498  1524  7435 I DownloadManager: DownloadManager.downloadInternal():412 Download for __KLP_manifest_delight__en-840 scheduled with params DownloadParams{allowMetered=true, requireCharging=false, foreground=false, immediately=true, priority=0}
02-12 12:47:33.508  1524  7435 I DownloadManager: DownloadManager.startDownload():495 start download of __KLP_manifest_delight__en-840
02-12 12:47:33.510  1524  7114 E DelightKLPDownloader: DelightKLPDownloader.getBestAvailableLocale():123 klp for zh_XD is not found
02-12 12:47:33.511  1524  1524 I InputMethodEntryManager: InputMethodEntryManager.changeCurrentInputMethodEntry():2958 Set current input method entry: source=UNSPECIFIED, entryChanged=true, kek{languageTag=zh-TW, variant=zhuyin, hasLocalizedResources=true, conditionCacheKey=_app_first_start_timestamp=1770813848499_cache_additional_ime_defs_for_condition_change=false_cache_ime_defs_for_condition_change=false_deprecate_long_press_space_for_ime_picker=false_device=phone_device_size=default_enable_access_points_in_password_number=false_enable_chinese_inline_composing_shape_based=true_enable_chinese_inline_composing_zh_tw=true_enable_flick_symbols=true_enable_more_candidates_view_for_multilingual=false_enable_number_row=false_enable_preemptive_decode=true_enable_premium_exp_tablet_layout_change=false_enable_secondary_digits=true_enable_secondary_symbols=false_enable_voice_in_chinese=true_expressions=normal_four_or_more_letter_rows=false_keyboard_mode=normal_language=zh-TW_layout_9key_split=false_orientation=portrait_physical_keyboard=qwerty_pref_enable_chinese_inline_composing_tw=false_rtl_layout=false_show_secondary_digits=true_show_suggestions=true_split_with_duplicate_keys=true_variant=zhuyin_zhuyin_use_staggered_layout=false, imeDef.stringId=ime_zh_tw_zhuyin, imeDef.className=com.google.android.apps.inputmethod.libs.chinese.ime.AsyncChineseProcessorBasedIme, imeDef.languageTag=zh-XD}
02-12 12:47:33.511  1524  1524 I InputMethodEntryManager: InputMethodEntryManager.loadAdditionalImeDefsForCurrentEntry():2981 loadAdditionalImeDefsForCurrentEntry(): kek{languageTag=zh-TW, variant=zhuyin, hasLocalizedResources=true, conditionCacheKey=_app_first_start_timestamp=1770813848499_cache_additional_ime_defs_for_condition_change=false_cache_ime_defs_for_condition_change=false_deprecate_long_press_space_for_ime_picker=false_device=phone_device_size=default_enable_access_points_in_password_number=false_enable_chinese_inline_composing_shape_based=true_enable_chinese_inline_composing_zh_tw=true_enable_flick_symbols=true_enable_more_candidates_view_for_multilingual=false_enable_number_row=false_enable_preemptive_decode=true_enable_premium_exp_tablet_layout_change=false_enable_secondary_digits=true_enable_secondary_symbols=false_enable_voice_in_chinese=true_expressions=normal_four_or_more_letter_rows=false_keyboard_mode=normal_language=zh-TW_layout_9key_split=false_orientation=portrait_physical_keyboard=qwerty_pref_enable_chinese_inline_composing_tw=false_rtl_layout=false_show_secondary_digits=true_show_suggestions=true_split_with_duplicate_keys=true_variant=zhuyin_zhuyin_use_staggered_layout=false, imeDef.stringId=ime_zh_tw_zhuyin, imeDef.className=com.google.android.apps.inputmethod.libs.chinese.ime.AsyncChineseProcessorBasedIme, imeDef.languageTag=zh-XD}
02-12 12:47:33.513  1524  7189 I DelightKLPDownloader: DelightKLPDownloader.downloadKLPInternal():199 downloading KLP for en_840
02-12 12:47:33.516  1524  7195 I SuperDelight: SuperDelightManager.syncOverridesLanguageModels():687 SuperDelightManager#syncOverridesLanguageModels(): Superpack delight_overrides not found or negative version provided
02-12 12:47:33.520  1524  7189 I ManifestedDataDownloader: ManifestedDataDownloader.download():63 downloading manifest https://www.gstatic.com/android/keyboard/dictionarypack/2025031619/metadata.json-perlang/en-840.json?v=2025052001
02-12 12:47:33.525  1524  7195 I MDDSuperpacks: MDDSuperpacks.getPacks():548 getting packs for superpack: delight_overrides
02-12 12:47:33.527  1524  1524 I AdditionalImeDefCache: AdditionalImeDefCache.loadAdditionalImeDefsForEntryWithoutCache():249 Start loading additional ime defs for entry: kek{languageTag=zh-TW, variant=zhuyin, hasLocalizedResources=true, conditionCacheKey=_app_first_start_timestamp=1770813848499_cache_additional_ime_defs_for_condition_change=false_cache_ime_defs_for_condition_change=false_deprecate_long_press_space_for_ime_picker=false_device=phone_device_size=default_enable_access_points_in_password_number=false_enable_chinese_inline_composing_shape_based=true_enable_chinese_inline_composing_zh_tw=true_enable_flick_symbols=true_enable_more_candidates_view_for_multilingual=false_enable_number_row=false_enable_preemptive_decode=true_enable_premium_exp_tablet_layout_change=false_enable_secondary_digits=true_enable_secondary_symbols=false_enable_voice_in_chinese=true_expressions=normal_four_or_more_letter_rows=false_keyboard_mode=normal_language=zh-TW_layout_9key_split=false_orientation=portrait_physical_keyboard=qwerty_pref_enable_chinese_inline_composing_tw=false_rtl_layout=false_show_secondary_digits=true_show_suggestions=true_split_with_duplicate_keys=true_variant=zhuyin_zhuyin_use_staggered_layout=false, imeDef.stringId=ime_zh_tw_zhuyin, imeDef.className=com.google.android.apps.inputmethod.libs.chinese.ime.AsyncChineseProcessorBasedIme, imeDef.languageTag=zh-XD}
