02-12 12:46:04.645  1059  1284 W WindowOnBackDispatcher: sendCancelIfRunning: isInProgress=false callback=android.view.ViewRootImpl$$ExternalSyntheticLambda13@7f42bb0
02-12 12:46:04.649  1194  1194 D SsBaseTemplateCard: Passed-in item info is null
02-12 12:46:04.649  1194  1194 D SsBaseTemplateCard: Passed-in item info is null
02-12 12:46:04.649  1194  1194 I SsBaseTemplateCard: Secondary card pane is null
02-12 12:46:04.650  1524  1524 I SystemSubtypesReportModule: SystemSubtypesReportModule$4.onSetCurrentInputMethodSubtype():192 zh_TW
02-12 12:46:04.650  1524  1524 I SystemSubtypesReportModule: SystemSubtypesReportModule$4.onSetCurrentInputMethodSubtype():204 Subtype zh_TW was caused by entry
02-12 12:46:04.651  1524  1524 I AbstractOpenableExtension: AbstractOpenableExtension$3.onSuccess():555 KeyboardGroupManager destroyed in fyg.
02-12 12:46:04.651  1524  1524 I AbstractOpenableExtension: AbstractOpenableExtension$3.onSuccess():555 KeyboardGroupManager destroyed in fso.
02-12 12:46:04.651  1524  1524 I AbstractOpenableExtension: AbstractOpenableExtension$3.onSuccess():555 KeyboardGroupManager destroyed in fve.
02-12 12:46:04.654  1059  1059 W PageIndicator: Total number of pages invalid: 0. Assuming 1 page.
02-12 12:46:04.660  1653  3238 I AiAiEcho: Settings changed for uri: content://settings/secure/selected_input_method_subtype
02-12 12:46:04.661  1653  1847 I AiAiEcho: Predicting[0]:  [CONTEXT sampling_count=5 ]
02-12 12:46:04.661  1653  1847 I AiAiEcho: EchoTargets:
02-12 12:46:04.661  1653  1847 I AiAiEcho: Filtered by AiAi flag check:
02-12 12:46:04.661  1653  1847 I AiAiEcho: [CONTEXT ratelimit_period="10 SECONDS" ]
02-12 12:46:04.662  1653  1847 I AiAiEcho: #remoteViewsTwiddler: feature disabled.
02-12 12:46:04.679  1653  1847 I AiAiEcho: #postPredictionTargets: Sending updates to UISurface home with targets# 0 (types=[])
02-12 12:46:04.680  1653  1847 I AiAiEcho: Predicting[0]:  [CONTEXT sampling_count=5 ]
02-12 12:46:04.682  1653  1847 I AiAiEcho: EchoTargets:
02-12 12:46:04.682  1653  1847 I AiAiEcho: Filtered by AiAi flag check:
02-12 12:46:04.682  1653  1847 I AiAiEcho: [CONTEXT ratelimit_period="10 SECONDS" ]
02-12 12:46:04.685  1653  1847 I AiAiEcho: #remoteViewsTwiddler: feature disabled.
02-12 12:46:04.693  1653  1847 I AiAiEcho: #postPredictionTargets: Sending updates to UISurface lockscreen with targets# 0 (types=[])
02-12 12:46:04.695   776   817 W IPCThreadState: Sending oneway calls to frozen process.
02-12 12:46:04.697   776   817 W IPCThreadState: Sending oneway calls to frozen process.
02-12 12:46:04.701  1059  1059 W PageIndicator: Total number of pages invalid: 0. Assuming 1 page.
02-12 12:46:04.708  1194  1194 D SsBaseTemplateCard: No text view can be set up
02-12 12:46:04.709  1194  1194 D SsBaseTemplateCard: Passed-in item info is null
02-12 12:46:04.709  1194  1194 D SsBaseTemplateCard: Passed-in item info is null
02-12 12:46:04.709  1194  1194 D SsBaseTemplateCard: Passed-in item info is null
02-12 12:46:04.709  1194  1194 I SsBaseTemplateCard: Secondary card pane is null
02-12 12:46:04.761  1524  7441 I DownloadManager: DownloadManager.downloadInternal():412 Download for __KLP_manifest_delight__en-840 scheduled with params DownloadParams{allowMetered=true, requireCharging=false, foreground=false, immediately=true, priority=0}
02-12 12:46:04.764  1524  7441 I DownloadManager: DownloadManager.startDownload():495 start download of __KLP_manifest_delight__en-840
02-12 12:46:04.848  1524  7454 I SuperDelight: SuperDelightBundledMetadataParser.addSystemLms():202 system lm dir /system/usr/share/ime/google/d3_lms does not exist or is not readable
02-12 12:46:04.849  1524  7454 I SuperDelight: SuperDelightBundledMetadataParser.parse():192 SuperDelightBundledMetadataParser#parse(): manifest parsed with 1 packs
02-12 12:46:04.859  1524  7248 W MDDSuperpacks: MDDSuperpacks.constructPackSet():578 file group is empty
02-12 12:46:04.862  1524  7189 I SuperDelight: SuperDelightManager$2.onSuccess():635 delight_overrides sync success, adding to data file manager
02-12 12:46:04.863  1524  7435 I MDDSuperpacks: MDDSuperpacks$3.onSuccess():558 packs [] got for superpack: delight_overrides
02-12 12:46:04.863  1524  7667 E MDDSuperpacks: MDDSuperpacks.parseManifest():476 cannot find metadata for delight_overrides
02-12 12:46:04.865  1524  7248 I MDDSuperpacks: MDDSuperpacks$3.onSuccess():558 packs [transformer_latin_tflite_20231010_zip, transformer_chinese_tflite_20231016_zip, zh_tw_20230706_compact_fst_zip, qrnn_en_us_reco_20231010_fst_20230613_recospec_zip, pack_mapping_v1_lstm_20231127, transformer_latin_seg_tflite_20231010_zip, transformer_chinese_conf_tflite_20231016_zip, scribe_latin_20231123_recospec_zip, en_us_20230613_compact_fst_zip, scribe_chinese_20231123_tflite_zip, transformer_chinese_seg_tflite_20231016_zip, scribe_latin_20231123_tflite_zip, transformer_latin_conf_tflite_20231010_zip, scribe_chinese_20231123_recospec_zip, qrnn_zh_tw_reco_20231016_fst_20230706_recospec_zip] got for superpack: handwriting_recognition
02-12 12:46:04.867  1524  7248 I MDDSuperpacks: MDDSuperpacks.getPacks():548 getting packs for superpack: emoticon_content_description
02-12 12:46:04.869  1524  7189 I SuperpacksManagerBase: SuperpacksManagerBase.registerSuperpackManifest():134 registerSuperpackManifest(): current 2025082201, required 2025082201
02-12 12:46:04.870  1524  7113 I MDDSuperpacks: MDDSuperpacks.getPacks():548 getting packs for superpack: handwriting_recognition
02-12 12:46:04.874  1524  7441 I DownloadManager: DownloadManager$4.onSuccess():564 download for __KLP_manifest_delight__en-840 is finished with files # mxp@1da44f1e
02-12 12:46:04.879  1524  7441 I DownloadManager: DownloadManager.downloadInternal():412 Download for __SP_MANIFEST_bundled_delight scheduled with params DownloadParams{allowMetered=true, requireCharging=false, foreground=false, immediately=true, priority=0}
02-12 12:46:04.885  1524  7441 I DownloadManager: DownloadManager.startDownload():495 start download of __SP_MANIFEST_bundled_delight
02-12 12:46:04.887  1524  7441 I DownloadManager: DownloadManager.downloadInternal():412 Download for __KLP_manifest_delight__en-840 scheduled with params DownloadParams{allowMetered=true, requireCharging=false, foreground=false, immediately=true, priority=0}
02-12 12:46:04.887  1524  7441 I DownloadManager: DownloadManager.startDownload():495 start download of __KLP_manifest_delight__en-840
02-12 12:46:04.897  1524  7667 I MDDSuperpacks: MDDSuperpacks$3.onSuccess():558 packs [7a635888cb828dfa2fc744b7b9b50f04, c5c37e938eec559132ebd6c6245d763a] got for superpack: emoticon_content_description
02-12 12:46:04.898  1524  7248 I MDDSuperpacks: MDDSuperpacks.getPacks():548 getting packs for superpack: emoticon_content_description
02-12 12:46:04.904  1524  7441 I DownloadManager: DownloadManager.downloadInternal():412 Download for __SP_MANIFEST_handwriting_recognition scheduled with params DownloadParams{allowMetered=true, requireCharging=false, foreground=false, immediately=true, priority=0}
02-12 12:46:04.908  1524  7441 I DownloadManager: DownloadManager.startDownload():495 start download of __SP_MANIFEST_handwriting_recognition
02-12 12:46:04.910  1524  7248 I MDDSuperpacks: MDDSuperpacks$3.onSuccess():558 packs [transformer_latin_tflite_20231010_zip, transformer_chinese_tflite_20231016_zip, zh_tw_20230706_compact_fst_zip, qrnn_en_us_reco_20231010_fst_20230613_recospec_zip, pack_mapping_v1_lstm_20231127, transformer_latin_seg_tflite_20231010_zip, transformer_chinese_conf_tflite_20231016_zip, scribe_latin_20231123_recospec_zip, en_us_20230613_compact_fst_zip, scribe_chinese_20231123_tflite_zip, transformer_chinese_seg_tflite_20231016_zip, scribe_latin_20231123_tflite_zip, transformer_latin_conf_tflite_20231010_zip, scribe_chinese_20231123_recospec_zip, qrnn_zh_tw_reco_20231016_fst_20230706_recospec_zip] got for superpack: handwriting_recognition
02-12 12:46:04.913  1524  7441 I DownloadManager: DownloadManager$4.onSuccess():564 download for __SP_MANIFEST_bundled_delight is finished with files # mxp@58d99e11
02-12 12:46:04.914  1524  7114 I ManifestedDataDownloader: ManifestedDataDownloader.checkVersionAndDownload():91 filegroup __KLP_delight__en-840 with version 2025031300 is already downloaded
02-12 12:46:04.916  1524  7113 I MDDSuperpacks: MDDSuperpacks.getPacks():548 getting packs for superpack: handwriting_recognition
02-12 12:46:04.916  1524  7441 I DownloadManager: DownloadManager$4.onSuccess():564 download for __KLP_manifest_delight__en-840 is finished with files # mxp@1da44f1e
02-12 12:46:04.918  1524  7114 I DelightKLPDownloader: DelightKLPDownloader$2.onSuccess():222 klp en_840 downloaded with version 2025031300
02-12 12:46:04.919  1524  7248 I SuperDelight: SuperDelightBundledMetadataParser.addSystemLms():202 system lm dir /system/usr/share/ime/google/d3_lms does not exist or is not readable
02-12 12:46:04.920  1524  7441 I DownloadManager: DownloadManager.downloadInternal():412 Download for __SP_MANIFEST_hmmdictionary scheduled with params DownloadParams{allowMetered=true, requireCharging=false, foreground=false, immediately=true, priority=0}
02-12 12:46:04.920  1524  7441 I DownloadManager: DownloadManager.startDownload():495 start download of __SP_MANIFEST_hmmdictionary
02-12 12:46:04.921  1524  7248 I SuperDelight: SuperDelightBundledMetadataParser.parse():192 SuperDelightBundledMetadataParser#parse(): manifest parsed with 1 packs
02-12 12:46:04.924   776  1333 V GrammaticalInflectionUtils: AttributionSource: android.content.AttributionSource@6dfec80e does not have READ_SYSTEM_GRAMMATICAL_GENDER permission.
02-12 12:46:04.930  1524  7441 I DownloadManager: DownloadManager$4.onSuccess():564 download for __SP_MANIFEST_handwriting_recognition is finished with files # mxp@1c734294
02-12 12:46:04.937  1524  7667 I SuperDelight: SuperDelightBundledMetadataParser.addSystemLms():202 system lm dir /system/usr/share/ime/google/d3_lms does not exist or is not readable
02-12 12:46:04.938  1524  7667 I SuperDelight: SuperDelightBundledMetadataParser.parse():192 SuperDelightBundledMetadataParser#parse(): manifest parsed with 1 packs
02-12 12:46:04.941  1524  7435 I MDDSuperpacks: MDDSuperpacks$3.onSuccess():558 packs [7a635888cb828dfa2fc744b7b9b50f04, c5c37e938eec559132ebd6c6245d763a] got for superpack: emoticon_content_description
02-12 12:46:04.946  1524  7115 I HandwritingOnlineSuperpacks: HandwritingOnlineSuperpacks.syncInternal():168 syncPackMapping()
02-12 12:46:04.946  1524  7115 I MDDSuperpacks: MDDSuperpacks.sync():223 sync requested for handwriting_recognition
02-12 12:46:04.955  1524  7248 E MDDSuperpacks: MDDSuperpacks.parseManifest():476 cannot find metadata for delight_overrides
02-12 12:46:04.960  7341  7341 D LifecycleMonitor: Lifecycle status change: com.hank.clawlive.EntityManagerActivity@ae7099a in: PAUSED
02-12 12:46:04.960  7341  7341 V ActivityScenario: Update currentActivityStage to PAUSED, currentActivity=com.hank.clawlive.EntityManagerActivity@ae7099a
02-12 12:46:04.963  1524  7116 I ManifestedDataDownloader: ManifestedDataDownloader.checkVersionAndDownload():91 filegroup __KLP_delight__en-840 with version 2025031300 is already downloaded
02-12 12:46:04.963  1524  7117 I MDDSuperpacks: MDDSuperpacks$2.onSuccess():274 Sync success for emoticon_content_description with result: {old=[7a635888cb828dfa2fc744b7b9b50f04, c5c37e938eec559132ebd6c6245d763a], new=[7a635888cb828dfa2fc744b7b9b50f04, c5c37e938eec559132ebd6c6245d763a], metadata=false, last batch=true}
02-12 12:46:04.972   556   556 I BpBinder: onLastStrongRef automatically unlinking death recipients:
02-12 12:46:04.978   556   565 I BpBinder: onLastStrongRef automatically unlinking death recipients:
02-12 12:46:04.980  7391  7408 I EGL_emulation: Opening libGLESv1_CM_emulation.so
02-12 12:46:04.981  7391  7408 I EGL_emulation: Opening libGLESv2_emulation.so
02-12 12:46:04.999  1524  7441 I DownloadManager: DownloadManager$4.onSuccess():564 download for __SP_MANIFEST_hmmdictionary is finished with files # mxp@5365d94c
02-12 12:46:05.008  1524  7116 I DelightKLPDownloader: DelightKLPDownloader$2.onSuccess():222 klp en_840 downloaded with version 2025031300
02-12 12:46:05.014  7391  7408 W HWUI    : Failed to choose config with EGL_SWAP_BEHAVIOR_PRESERVED, retrying without...
02-12 12:46:05.016  7391  7408 W HWUI    : Failed to initialize 101010-2 format, error = EGL_SUCCESS
02-12 12:46:05.044  1524  7113 I MDDSuperpacks: MDDSuperpacks.getPacks():548 getting packs for superpack: handwriting_recognition
02-12 12:46:05.088  1524  7441 E MDDSuperpacks: MDDSuperpacks.parseManifest():476 cannot find metadata for delight_overrides
02-12 12:46:05.101  1524  7248 I SuperDelight: SuperDelightBundledMetadataParser.addSystemLms():202 system lm dir /system/usr/share/ime/google/d3_lms does not exist or is not readable
02-12 12:46:05.101  1524  7248 I SuperDelight: SuperDelightBundledMetadataParser.parse():192 SuperDelightBundledMetadataParser#parse(): manifest parsed with 1 packs
02-12 12:46:05.115  1524  7189 I SuperDelight: SuperDelightManager.syncBundledLanguageModels():773 SuperDelightManager#syncBundledLanguageModels(): Syncing for version 2025021100
02-12 12:46:05.115  1524  7189 I MDDSuperpacks: MDDSuperpacks.sync():223 sync requested for bundled_delight
02-12 12:46:05.116  1524  7117 I MDDSuperpacks: MDDSuperpacks$3.onSuccess():558 packs [transformer_latin_tflite_20231010_zip, transformer_chinese_tflite_20231016_zip, zh_tw_20230706_compact_fst_zip, qrnn_en_us_reco_20231010_fst_20230613_recospec_zip, pack_mapping_v1_lstm_20231127, transformer_latin_seg_tflite_20231010_zip, transformer_chinese_conf_tflite_20231016_zip, scribe_latin_20231123_recospec_zip, en_us_20230613_compact_fst_zip, scribe_chinese_20231123_tflite_zip, transformer_chinese_seg_tflite_20231016_zip, scribe_latin_20231123_tflite_zip, transformer_latin_conf_tflite_20231010_zip, scribe_chinese_20231123_recospec_zip, qrnn_zh_tw_reco_20231016_fst_20230706_recospec_zip] got for superpack: handwriting_recognition
02-12 12:46:05.135   671  2326 W IPCThreadState: Sending oneway calls to frozen process.
02-12 12:46:05.198  1524  7195 I MDDSuperpacks: MDDSuperpacks.sync():223 sync requested for hmmdictionary
02-12 12:46:05.211  1524  7410 I MDDSuperpacks: MDDSuperpacks$3.onSuccess():558 packs [transformer_latin_tflite_20231010_zip, transformer_chinese_tflite_20231016_zip, zh_tw_20230706_compact_fst_zip, qrnn_en_us_reco_20231010_fst_20230613_recospec_zip, pack_mapping_v1_lstm_20231127, transformer_latin_seg_tflite_20231010_zip, transformer_chinese_conf_tflite_20231016_zip, scribe_latin_20231123_recospec_zip, en_us_20230613_compact_fst_zip, scribe_chinese_20231123_tflite_zip, transformer_chinese_seg_tflite_20231016_zip, scribe_latin_20231123_tflite_zip, transformer_latin_conf_tflite_20231010_zip, scribe_chinese_20231123_recospec_zip, qrnn_zh_tw_reco_20231016_fst_20230706_recospec_zip] got for superpack: handwriting_recognition
02-12 12:46:05.213  1524  7410 I SuperDelight: SuperDelightBundledMetadataParser.addSystemLms():202 system lm dir /system/usr/share/ime/google/d3_lms does not exist or is not readable
02-12 12:46:05.214  1524  7410 I SuperDelight: SuperDelightBundledMetadataParser.parse():192 SuperDelightBundledMetadataParser#parse(): manifest parsed with 1 packs
02-12 12:46:05.214  1524  7441 I MDDSuperpacks: MDDSuperpacks.getPacks():548 getting packs for superpack: bundled_delight
02-12 12:46:05.217  1524  7441 I MDDSuperpacks: MDDSuperpacks$3.onSuccess():558 packs [main_en_us_2024102000_2] got for superpack: bundled_delight
02-12 12:46:05.217  1524  7248 I SuperDelight: SuperDelightBundledSlicingStrategy.getSlices():41 BundledSlicing#getSlices() : Locale = [en_US, zh_XD]
02-12 12:46:05.218  1524  7248 I SuperDelight: SuperDelightBundledSlicingStrategy.getSlices():67 BundledSlicing#getSlices(): result {slices=[bundled_delight:main_en_us_2024102000_2], last batch=true, sync metadata=false}
02-12 12:46:05.218  1524  7441 I MDDSuperpacks: MDDSuperpacks.getPacks():548 getting packs for superpack: bundled_delight
02-12 12:46:05.223  1524  7410 I MDDSuperpacks: MDDSuperpacks$3.onSuccess():558 packs [main_en_us_2024102000_2] got for superpack: bundled_delight
02-12 12:46:05.224  1524  7410 I LmManager: LmManager$1.onSuccess():82 Bundled delight sync success
02-12 12:46:05.225  1524  7248 I MDDSuperpacks: MDDSuperpacks$2.onSuccess():274 Sync success for bundled_delight with result: {old=[main_en_us_2024102000_2], new=[main_en_us_2024102000_2], metadata=false, last batch=true}
02-12 12:46:05.245  1524  7248 I MDDSuperpacks: MDDSuperpacks.getPacks():548 getting packs for superpack: hmmdictionary
02-12 12:46:05.250  1524  7189 I MDDSuperpacks: MDDSuperpacks.getPacks():548 getting packs for superpack: bundled_delight
02-12 12:46:05.293  1059  1129 I ndroid.systemui: AssetManager2(0x78c8d32e5b98) locale list changing from [] to [en-US]
02-12 12:46:05.302  1524  7435 I MDDSuperpacks: MDDSuperpacks.getPacks():548 getting packs for superpack: handwriting_recognition
02-12 12:46:05.316  1524  7410 I DictionarySlicingStrategy: DictionarySlicingStrategy.getSlices():79 getSlices(): hmmdictionary.2025082201
02-12 12:46:05.317  1524  7410 I DictionarySlicingStrategy: DictionarySlicingStrategy.getSlices():109 getSlices(): result {slices=[hmmdictionary:zh_TW_2023110702], last batch=true, sync metadata=false}
02-12 12:46:05.317  1524  7441 I MDDSuperpacks: MDDSuperpacks.getPacks():548 getting packs for superpack: hmmdictionary
02-12 12:46:05.340  1524  7195 I SuperDelight: SuperDelightManager$2.onSuccess():635 bundled_delight sync success, adding to data file manager
02-12 12:46:05.341  1524  7195 I DataFileManager: DataFileManager.addDataWithoutNotify():181 data en-US already exists
02-12 12:46:05.352  1524  7117 I MDDSuperpacks: MDDSuperpacks$3.onSuccess():558 packs [transformer_latin_tflite_20231010_zip, transformer_chinese_tflite_20231016_zip, zh_tw_20230706_compact_fst_zip, qrnn_en_us_reco_20231010_fst_20230613_recospec_zip, pack_mapping_v1_lstm_20231127, transformer_latin_seg_tflite_20231010_zip, transformer_chinese_conf_tflite_20231016_zip, scribe_latin_20231123_recospec_zip, en_us_20230613_compact_fst_zip, scribe_chinese_20231123_tflite_zip, transformer_chinese_seg_tflite_20231016_zip, scribe_latin_20231123_tflite_zip, transformer_latin_conf_tflite_20231010_zip, scribe_chinese_20231123_recospec_zip, qrnn_zh_tw_reco_20231016_fst_20230706_recospec_zip] got for superpack: handwriting_recognition
02-12 12:46:05.352  1524  7435 I MDDSuperpacks: MDDSuperpacks$3.onSuccess():558 packs [zh_TW_2023110702] got for superpack: hmmdictionary
02-12 12:46:05.352  1524  7667 I HandwritingSlicingStrategy: HandwritingSlicingStrategy.getSlices():44 getSlices(): handwriting_recognition.86 useForeground=true
02-12 12:46:05.353  1524  7667 I HandwritingSlicingStrategy: HandwritingSlicingStrategy.getSlices():103 getSlices(): result {slices=[{handwriting_recognition:pack_mapping_v1_lstm_20231127, m:*:*:*, fg}, {handwriting_recognition:transformer_latin_tflite_20231010_zip, m:*:*:*, fg}, {handwriting_recognition:qrnn_en_us_reco_20231010_fst_20230613_recospec_zip, m:*:*:*, fg}, {handwriting_recognition:transformer_latin_conf_tflite_20231010_zip, m:*:*:*, fg}, {handwriting_recognition:transformer_latin_seg_tflite_20231010_zip, m:*:*:*, fg}, {handwriting_recognition:en_us_20230613_compact_fst_zip, m:*:*:*, fg}, {handwriting_recognition:scribe_chinese_20231123_recospec_zip, m:*:*:*, fg}, {handwriting_recognition:scribe_chinese_20231123_tflite_zip, m:*:*:*, fg}, {handwriting_recognition:transformer_chinese_tflite_20231016_zip, m:*:*:*, fg}, {handwriting_recognition:zh_tw_20230706_compact_fst_zip, m:*:*:*, fg}, {handwriting_recognition:transformer_chinese_conf_tflite_20231016_zip, m:*:*:*, fg}, {handwriting_recognition:qrnn_zh_tw_reco_20231016_fst_20230706_recospec_zip, m:*:*:*, fg}, {handwriting_recognition:transformer_chinese_seg_tflite_20231016_zip, m:*:*:*, fg}, {handwriting_recognition:scribe_latin_20231123_tflite_zip, m:*:*:*, fg}, {handwriting_recognition:scribe_latin_20231123_recospec_zip, m:*:*:*, fg}], last batch=true, sync metadata=false}
02-12 12:46:05.354  1524  7435 I MDDSuperpacks: MDDSuperpacks.getPacks():548 getting packs for superpack: handwriting_recognition
02-12 12:46:05.358  1524  7248 I MDDSuperpacks: MDDSuperpacks$3.onSuccess():558 packs [main_en_us_2024102000_2] got for superpack: bundled_delight
02-12 12:46:05.362  1059  1129 I ndroid.systemui: AssetManager2(0x78c8d32e3938) locale list changing from [] to [en-US]
02-12 12:46:05.390   556   674 I BpBinder: onLastStrongRef automatically unlinking death recipients:
02-12 12:46:05.390   513   530 I RanchuHwc: logCompositionFallbackIfChanged: layer 441 CompositionType fallback from 3 to 1
02-12 12:46:05.394  1524  1542 W putmethod.latin: Suspending all threads took: 10.257ms
02-12 12:46:05.485  1524  7441 I MDDSuperpacks: MDDSuperpacks$3.onSuccess():558 packs [zh_TW_2023110702] got for superpack: hmmdictionary
02-12 12:46:05.490  1524  7435 I MDDSuperpacks: MDDSuperpacks$2.onSuccess():274 Sync success for hmmdictionary with result: {old=[zh_TW_2023110702], new=[zh_TW_2023110702], metadata=false, last batch=true}
02-12 12:46:05.514  1524  7189 I SuperpacksManagerBase: SuperpacksManagerBase$2.onSyncSuccess():192 sync(): complete {old=[zh_TW_2023110702], new=[zh_TW_2023110702], metadata=false, last batch=true}
02-12 12:46:05.514  1524  7189 I MDDSuperpacks: MDDSuperpacks.getPacks():548 getting packs for superpack: hmmdictionary
02-12 12:46:05.545  1524  7435 I MDDSuperpacks: MDDSuperpacks$3.onSuccess():558 packs [transformer_latin_tflite_20231010_zip, transformer_chinese_tflite_20231016_zip, zh_tw_20230706_compact_fst_zip, qrnn_en_us_reco_20231010_fst_20230613_recospec_zip, pack_mapping_v1_lstm_20231127, transformer_latin_seg_tflite_20231010_zip, transformer_chinese_conf_tflite_20231016_zip, scribe_latin_20231123_recospec_zip, en_us_20230613_compact_fst_zip, scribe_chinese_20231123_tflite_zip, transformer_chinese_seg_tflite_20231016_zip, scribe_latin_20231123_tflite_zip, transformer_latin_conf_tflite_20231010_zip, scribe_chinese_20231123_recospec_zip, qrnn_zh_tw_reco_20231016_fst_20230706_recospec_zip] got for superpack: handwriting_recognition
02-12 12:46:05.551  1194  1211 W System  : A resource failed to call release.
02-12 12:46:05.551  1194  1211 W System  : A resource failed to call release.
02-12 12:46:05.551  1194  1211 W System  : A resource failed to call release.
02-12 12:46:05.551  1194  1211 W System  : A resource failed to call release.
02-12 12:46:05.562  1524  7248 I MDDSuperpacks: MDDSuperpacks$2.onSuccess():274 Sync success for handwriting_recognition with result: {old=[en_us_20230613_compact_fst_zip, pack_mapping_v1_lstm_20231127, qrnn_en_us_reco_20231010_fst_20230613_recospec_zip, qrnn_zh_tw_reco_20231016_fst_20230706_recospec_zip, scribe_chinese_20231123_recospec_zip, scribe_chinese_20231123_tflite_zip, scribe_latin_20231123_recospec_zip, scribe_latin_20231123_tflite_zip, transformer_chinese_conf_tflite_20231016_zip, transformer_chinese_seg_tflite_20231016_zip, transformer_chinese_tflite_20231016_zip, transformer_latin_conf_tflite_20231010_zip, transformer_latin_seg_tflite_20231010_zip, transformer_latin_tflite_20231010_zip, zh_tw_20230706_compact_fst_zip], new=[en_us_20230613_compact_fst_zip, pack_mapping_v1_lstm_20231127, qrnn_en_us_reco_20231010_fst_20230613_recospec_zip, qrnn_zh_tw_reco_20231016_fst_20230706_recospec_zip, scribe_chinese_20231123_recospec_zip, scribe_chinese_20231123_tflite_zip, scribe_latin_20231123_recospec_zip, scribe_latin_20231123_tflite_zip, transformer_chinese_conf_tflite_20231016_zip, transformer_chinese_seg_tflite_20231016_zip, transformer_chinese_tflite_20231016_zip, transformer_latin_conf_tflite_20231010_zip, transformer_latin_seg_tflite_20231010_zip, transformer_latin_tflite_20231010_zip, zh_tw_20230706_compact_fst_zip], metadata=false, last batch=true}
02-12 12:46:05.577   776   817 W IPCThreadState: Sending oneway calls to frozen process.
02-12 12:46:05.582  1524  7115 I HandwritingOnlineSuperpacks: HandwritingOnlineSuperpacks.syncInternal():187 syncInternal(): syncing packs
02-12 12:46:05.583  1524  7115 I HandwritingOnlineSuperpacks: HandwritingOnlineSuperpacks$2.onSyncSuccess():225 syncInternal(): complete {old=[en_us_20230613_compact_fst_zip, pack_mapping_v1_lstm_20231127, qrnn_en_us_reco_20231010_fst_20230613_recospec_zip, qrnn_zh_tw_reco_20231016_fst_20230706_recospec_zip, scribe_chinese_20231123_recospec_zip, scribe_chinese_20231123_tflite_zip, scribe_latin_20231123_recospec_zip, scribe_latin_20231123_tflite_zip, transformer_chinese_conf_tflite_20231016_zip, transformer_chinese_seg_tflite_20231016_zip, transformer_chinese_tflite_20231016_zip, transformer_latin_conf_tflite_20231010_zip, transformer_latin_seg_tflite_20231010_zip, transformer_latin_tflite_20231010_zip, zh_tw_20230706_compact_fst_zip], new=[en_us_20230613_compact_fst_zip, pack_mapping_v1_lstm_20231127, qrnn_en_us_reco_20231010_fst_20230613_recospec_zip, qrnn_zh_tw_reco_20231016_fst_20230706_recospec_zip, scribe_chinese_20231123_recospec_zip, scribe_chinese_20231123_tflite_zip, scribe_latin_20231123_recospec_zip, scribe_latin_20231123_tflite_zip, transformer_chinese_conf_tflite_20231016_zip, transformer_chinese_seg_tflite_20231016_zip, transformer_chinese_tflite_20231016_zip, transformer_latin_conf_tflite_20231010_zip, transformer_latin_seg_tflite_20231010_zip, transformer_latin_tflite_20231010_zip, zh_tw_20230706_compact_fst_zip], metadata=false, last batch=true}
02-12 12:46:05.584  1524  7115 I MDDSuperpacks: MDDSuperpacks.getPacks():548 getting packs for superpack: handwriting_recognition
02-12 12:46:05.598  1194  1194 D NexusLauncherModelDelegate: notifySmartspaceEvent: SmartspaceTargetEvent{mSmartspaceTarget=null, mSmartspaceActionId='null', mEventType=6}
02-12 12:46:05.607  1524  7441 I MDDSuperpacks: MDDSuperpacks$3.onSuccess():558 packs [zh_TW_2023110702] got for superpack: hmmdictionary
02-12 12:46:05.614  1524  7195 I HmmDataFacilitator: HmmDataFacilitator.setDownloadedPacks():333 Opening pack for language zh_TW
02-12 12:46:05.621  1524  7248 I MDDSuperpacks: MDDSuperpacks$3.onSuccess():558 packs [transformer_latin_tflite_20231010_zip, transformer_chinese_tflite_20231016_zip, zh_tw_20230706_compact_fst_zip, qrnn_en_us_reco_20231010_fst_20230613_recospec_zip, pack_mapping_v1_lstm_20231127, transformer_latin_seg_tflite_20231010_zip, transformer_chinese_conf_tflite_20231016_zip, scribe_latin_20231123_recospec_zip, en_us_20230613_compact_fst_zip, scribe_chinese_20231123_tflite_zip, transformer_chinese_seg_tflite_20231016_zip, scribe_latin_20231123_tflite_zip, transformer_latin_conf_tflite_20231010_zip, scribe_chinese_20231123_recospec_zip, qrnn_zh_tw_reco_20231016_fst_20230706_recospec_zip] got for superpack: handwriting_recognition
02-12 12:46:05.645  1194  1194 D BaseDepthController: setSurface:
02-12 12:46:05.645  1194  1194 D BaseDepthController: 	mWaitingOnSurfaceValidity: false
02-12 12:46:05.645  1194  1194 D BaseDepthController: 	mBaseSurface: Surface(name=com.google.android.apps.nexuslauncher/com.google.android.apps.nexuslauncher.NexusLauncherActivity)/@0x4cd22b4
02-12 12:46:05.646  1524  7115 I MDDSuperpacks: MDDSuperpacks.getPacks():548 getting packs for superpack: handwriting_recognition
02-12 12:46:05.671  1524  7441 I MDDSuperpacks: MDDSuperpacks$3.onSuccess():558 packs [transformer_latin_tflite_20231010_zip, transformer_chinese_tflite_20231016_zip, zh_tw_20230706_compact_fst_zip, qrnn_en_us_reco_20231010_fst_20230613_recospec_zip, pack_mapping_v1_lstm_20231127, transformer_latin_seg_tflite_20231010_zip, transformer_chinese_conf_tflite_20231016_zip, scribe_latin_20231123_recospec_zip, en_us_20230613_compact_fst_zip, scribe_chinese_20231123_tflite_zip, transformer_chinese_seg_tflite_20231016_zip, scribe_latin_20231123_tflite_zip, transformer_latin_conf_tflite_20231010_zip, scribe_chinese_20231123_recospec_zip, qrnn_zh_tw_reco_20231016_fst_20230706_recospec_zip] got for superpack: handwriting_recognition
02-12 12:46:05.672  1524  7115 I MDDSuperpacks: MDDSuperpacks$3.onSuccess():558 getting packs for superpack: handwriting_recognition
02-12 12:46:05.683  1524  7435 I MDDSuperpacks: MDDSuperpacks$3.onSuccess():558 packs [transformer_latin_tflite_20231010_zip, transformer_chinese_tflite_20231016_zip, zh_tw_20230706_compact_fst_zip, qrnn_en_us_reco_20231010_fst_20230613_recospec_zip, pack_mapping_v1_lstm_20231127, transformer_latin_seg_tflite_20231010_zip, transformer_chinese_conf_tflite_20231016_zip, scribe_latin_20231123_recospec_zip, en_us_20230613_compact_fst_zip, scribe_chinese_20231123_tflite_zip, transformer_chinese_seg_tflite_20231016_zip, scribe_latin_20231123_tflite_zip, transformer_latin_conf_tflite_20231010_zip, scribe_chinese_20231123_recospec_zip, qrnn_zh_tw_reco_20231016_fst_20230706_recospec_zip] got for superpack: handwriting_recognition
02-12 12:46:05.686  1524  7115 I MDDSuperpacks: MDDSuperpacks.getPacks():548 getting packs for superpack: handwriting_recognition
02-12 12:46:05.702  1524  7115 I MDDSuperpacks: MDDSuperpacks.getPacks():548 getting packs for superpack: handwriting_recognition_offline
02-12 12:46:05.703  1524  7435 I MDDSuperpacks: MDDSuperpacks$3.onSuccess():558 packs [transformer_latin_tflite_20231010_zip, transformer_chinese_tflite_20231016_zip, zh_tw_20230706_compact_fst_zip, qrnn_en_us_reco_20231010_fst_20230613_recospec_zip, pack_mapping_v1_lstm_20231127, transformer_latin_seg_tflite_20231010_zip, transformer_chinese_conf_tflite_20231016_zip, scribe_latin_20231123_recospec_zip, en_us_20230613_compact_fst_zip, scribe_chinese_20231123_tflite_zip, transformer_chinese_seg_tflite_20231016_zip, scribe_latin_20231123_tflite_zip, transformer_latin_conf_tflite_20231010_zip, scribe_chinese_20231123_recospec_zip, qrnn_zh_tw_reco_20231016_fst_20230706_recospec_zip] got for superpack: handwriting_recognition
02-12 12:46:05.712  1194  1194 D StatsLog: LAUNCHER_ONRESUME
02-12 12:46:05.735  1194  1260 D QuickstepModelDelegate: notifyAppTargetEvent action=1 launchLocation=workspace/0/[-1,-1]/[1,1]
02-12 12:46:05.747  1653  1847 I AiAiEcho: Predicting[0]:  [CONTEXT sampling_count=5 ]
02-12 12:46:05.747  1653  1847 I AiAiEcho: EchoTargets:
02-12 12:46:05.747  1653  1847 I AiAiEcho: Filtered by AiAi flag check:
02-12 12:46:05.747  1653  1847 I AiAiEcho: [CONTEXT ratelimit_period="10 SECONDS" ]
02-12 12:46:05.747  1653  1847 I AiAiEcho: #remoteViewsTwiddler: feature disabled.
02-12 12:46:05.751  1653  1847 I AiAiEcho: #postPredictionTargets: Sending updates to UISurface home with targets# 0 (types=[])
02-12 12:46:05.780  1194  1194 I NotificationListener: Handling notification state refresh for com.android.systemui#0
02-12 12:46:05.781  1194  1194 I NotificationListener: Handling notification state refresh for android#0
02-12 12:46:05.782  1194  1194 D SsBaseTemplateCard: No text view can be set up
02-12 12:46:05.782  1194  1194 D SsBaseTemplateCard: Passed-in item info is null
02-12 12:46:05.782  1194  1194 D SsBaseTemplateCard: Passed-in item info is null
02-12 12:46:05.782  1194  1194 D SsBaseTemplateCard: Passed-in item info is null
02-12 12:46:05.782  1194  1194 I SsBaseTemplateCard: Secondary card pane is null
02-12 12:46:05.907  1524  7667 W MDDSuperpacks: MDDSuperpacks.constructPackSet():578 file group is empty
02-12 12:46:05.909  1524  7116 E HandwritingSuperpacksUtil: HandwritingSuperpacksUtil.getPackMappingPackName():40 No pack mapping pack found in []
02-12 12:46:05.910  1524  7116 I HandwritingSuperpacks: HandwritingSuperpacks.reloadCache():237 updatePackMappingsCache(): pack mapping pack unavailable [OFFLINE]
02-12 12:46:05.911  1524  7116 I MDDSuperpacks: MDDSuperpacks.getPacks():548 getting packs for superpack: handwriting_recognition
02-12 12:46:05.945   776   817 W IPCThreadState: Sending oneway calls to frozen process.
02-12 12:46:05.946   776   817 W IPCThreadState: Sending oneway calls to frozen process.
02-12 12:46:05.965  7341  7341 I m.hank.clawlive: AssetManager2(0x78c8d329cad8) locale list changing from [zh-TW] to [en-US]
02-12 12:46:05.966  7341  7341 I m.hank.clawlive: AssetManager2(0x78c8d329a558) locale list changing from [zh-TW] to [en-US]
02-12 12:46:05.970  7341  7341 I m.hank.clawlive: AssetManager2(0x78c8d32995b8) locale list changing from [zh-TW] to [en-US]
02-12 12:46:05.985  7341  7341 D LifecycleMonitor: Lifecycle status change: com.hank.clawlive.EntityManagerActivity@ae7099a in: STOPPED
02-12 12:46:05.985  7341  7341 V ActivityScenario: Update currentActivityStage to STOPPED, currentActivity=com.hank.clawlive.EntityManagerActivity@ae7099a
02-12 12:46:05.989  7341  7341 D LifecycleMonitor: Lifecycle status change: com.hank.clawlive.EntityManagerActivity@ae7099a in: DESTROYED
02-12 12:46:05.990  7341  7341 V ActivityScenario: Update currentActivityStage to DESTROYED, currentActivity=null
02-12 12:46:05.990  7341  7341 W WindowOnBackDispatcher: sendCancelIfRunning: isInProgress=false callback=android.view.ViewRootImpl$$ExternalSyntheticLambda13@7e7bff0
02-12 12:46:05.990  1194  1194 D StateManager: createAtomicAnimation - fromState: Background, toState: Normal, partial trace:
02-12 12:46:05.990  1194  1194 D StateManager: 	at com.android.quickstep.util.WorkspaceRevealAnim.prepareToAnimate(go/retraceme 72a59688580715d19f0e415c69e80376c2f062d1648c80db6730905005a27c20:22)
02-12 12:46:05.990  1194  1194 D StateManager: 	at com.android.quickstep.util.WorkspaceRevealAnim.<init>(go/retraceme 72a59688580715d19f0e415c69e80376c2f062d1648c80db6730905005a27c20:11)
02-12 12:46:05.990  1194  1194 D StateManager: 	at com.android.launcher3.QuickstepTransitionManager.createWallpaperOpenAnimations(go/retraceme 72a59688580715d19f0e415c69e80376c2f062d1648c80db6730905005a27c20:339)
02-12 12:46:05.991  7341  7358 I TestRunner: finished: testRefreshButtonIsAccessible(com.hank.clawlive.EntityManagerActivityUiTest)
