02-12 12:48:30.391  1524  1524 I AbstractOpenableExtension: AbstractOpenableExtension.maybeDestroyExistingKeyboardGroupManager():537 Destroy existing keyboard group manager in fso
02-12 12:48:30.393  1524  1524 I AbstractOpenableExtension: AbstractOpenableExtension.createKeyboardGroupManagerListenableFuture():121 Create keyboard group manager listenable future in fso
02-12 12:48:30.394  1524  1524 I AbstractOpenableExtension: AbstractOpenableExtension.maybeDestroyExistingKeyboardGroupManager():537 Destroy existing keyboard group manager in fve
02-12 12:48:30.396  1524  1524 I AbstractOpenableExtension: AbstractOpenableExtension.createKeyboardGroupManagerListenableFuture():121 Create keyboard group manager listenable future in fve
02-12 12:48:30.399  1194  1194 D SsBaseTemplateCard: Passed-in item info is null
02-12 12:48:30.399  1194  1194 D SsBaseTemplateCard: Passed-in item info is null
02-12 12:48:30.399  1194  1194 D SsBaseTemplateCard: Passed-in item info is null
02-12 12:48:30.399  1194  1194 I SsBaseTemplateCard: Secondary card pane is null
02-12 12:48:30.402  1653  1847 I AiAiEcho: Predicting[0]:  [CONTEXT sampling_count=5 ]
02-12 12:48:30.403  1524  1524 I KeyboardHeightUtil: KeyboardHeightUtil.calculateMaxKeyboardBodyHeight():46 leave 281 height for app when ime window height:2219, header height:116 and isFullscreenMode:false, so the max keyboard body height is:1822
02-12 12:48:30.403  1524  1524 I KeyboardModeManager: KeyboardModeManager.onCurrentInputMethodEntryChanged():1400 Reload data for context change
02-12 12:48:30.404  1524  1524 I GoogleInputMethodService: GoogleInputMethodService.initializeInputMethodServiceData():834 initializeInputMethodServiceData for kek{languageTag=zh-TW, variant=zhuyin, hasLocalizedResources=true, conditionCacheKey=_app_first_start_timestamp=1770813848499_cache_additional_ime_defs_for_condition_change=false_cache_ime_defs_for_condition_change=false_deprecate_long_press_space_for_ime_picker=false_device=phone_device_size=default_enable_access_points_in_password_number=false_enable_chinese_inline_composing_shape_based=true_enable_chinese_inline_composing_zh_tw=true_enable_flick_symbols=true_enable_more_candidates_view_for_multilingual=false_enable_number_row=false_enable_preemptive_decode=true_enable_premium_exp_tablet_layout_change=false_enable_secondary_digits=true_enable_secondary_symbols=false_enable_voice_in_chinese=true_expressions=normal_four_or_more_letter_rows=false_keyboard_mode=normal_language=zh-TW_layout_9key_split=false_orientation=portrait_physical_keyboard=qwerty_pref_enable_chinese_inline_composing_tw=false_rtl_layout=false_show_secondary_digits=true_show_suggestions=true_split_with_duplicate_keys=true_variant=zhuyin_zhuyin_use_staggered_layout=false, imeDef.stringId=ime_zh_tw_zhuyin, imeDef.className=com.google.android.apps.inputmethod.libs.chinese.ime.AsyncChineseProcessorBasedIme, imeDef.languageTag=zh-XD}
02-12 12:48:30.399  1059  1059 I Choreographer: Skipped 45 frames!  The application may be doing too much work on its main thread.
02-12 12:48:30.405  7341  7341 D InsetsController: hide(ime(), fromIme=false)
02-12 12:48:30.405  7341  7341 I ImeTracker: com.hank.clawlive:104b8def: onCancelled at PHASE_CLIENT_ALREADY_HIDDEN
02-12 12:48:30.408  1653  1847 I AiAiEcho: EchoTargets:
02-12 12:48:30.408  1653  1847 I AiAiEcho: Filtered by AiAi flag check:
02-12 12:48:30.408  1653  1847 I AiAiEcho: [CONTEXT ratelimit_period="10 SECONDS" ]
02-12 12:48:30.413  1194  1194 D SsBaseTemplateCard: No text view can be set up
02-12 12:48:30.413  1194  1194 D SsBaseTemplateCard: Passed-in item info is null
02-12 12:48:30.413  1194  1194 D SsBaseTemplateCard: Passed-in item info is null
02-12 12:48:30.413  1194  1194 D SsBaseTemplateCard: Passed-in item info is null
02-12 12:48:30.413  1194  1194 I SsBaseTemplateCard: Secondary card pane is null
02-12 12:48:30.411  7341  7341 I Choreographer: Skipped 37 frames!  The application may be doing too much work on its main thread.
02-12 12:48:30.418   776  2688 D FileUtils: Rounded bytes from 2067259392 to 4000000000
02-12 12:48:30.425  1059  1059 W PageIndicator: Total number of pages invalid: 0. Assuming 1 page.
02-12 12:48:30.426  1524  1524 I KeyboardThemeProvider: KeyboardThemeProvider.applyKeyboardTheme():27 Apply keyboard theme: theme_!gsf_!pgsans_!pgsf_!use_system_font_BORDER=true_FLAVOR_DPI=XXHDPI_KEYBOARD_WIDTH_CATEGORY=NORMAL_LIGHT_THEME=true_PHYSICAL_DIAGONAL=6.0111027_SCREEN_SHORTEST_WIDTH=411_SCREEN_SHORTEST_WIDTH_NO_SCALE=411_bottom4dp_enable_google_fonts_icons=true_enable_popup_on_keypress=true_keyboard_redesign_google_sans=true_noshadow_overlay_builtin_dynamic_color_light_base.binarypb:gm3-light-fffaf8ff-ff475d92-6dac7c28fa7faa76f8370bbfdbc77981_silkpopup_unify_function_key_color=true
02-12 12:48:30.428  1059  1059 W PageIndicator: Total number of pages invalid: 0. Assuming 1 page.
02-12 12:48:30.433  1653  1847 I AiAiEcho: #remoteViewsTwiddler: feature disabled.
02-12 12:48:30.440  1524  1524 I AndroidIME: InputBundleManager.loadActiveInputBundleId():483 loadActiveInputBundleId: und-Latn-x-password-ascii, password_ascii
02-12 12:48:30.443  1524  1524 W NotificationCenter: NotificationCenter$NotificationQueue.notifyPendingNotificationsOnExecutor():877 Heavy notify work detected on UI thread: [kds->kgi] takes 56ms
02-12 12:48:30.443  1524  1524 W NotificationCenter: NotificationCenter$NotificationQueue.notifyPendingNotificationsOnExecutor():877 Heavy notify work detected on UI thread: [kig->jjs] takes 457ms
02-12 12:48:30.444  1524  7117 I MDDSuperpacks: MDDSuperpacks.getPacks():548 getting packs for superpack: emoticon_content_description
02-12 12:48:30.445  1524  1524 I Choreographer: Skipped 38 frames!  The application may be doing too much work on its main thread.
02-12 12:48:30.447  1653  1847 I AiAiEcho: #postPredictionTargets: Sending updates to UISurface home with targets# 0 (types=[])
02-12 12:48:30.449  1524  1524 I HandwritingSuperpacks: HandwritingSuperpacks.register():273 register(): version '86', url 'https://dl.google.com/handwriting/models/handwriting_release.superpack_manifest.20231127.json' [ONLINE]
02-12 12:48:30.450  1524  1524 I HandwritingOfflineSuperpacks: HandwritingOfflineSuperpacks.syncInternal():80 no bundled lm for handwriting.
02-12 12:48:30.450  1524  1524 I DictionarySuperpacksManager: DictionarySuperpacksManager$1.onEnabledInputMethodEntriesChanged():65 onEnabledInputMethodEntriesChanged
02-12 12:48:30.450  1524  7189 I KeyboardGroupDefParser: KeyboardGroupDefParser.parseKeyboardGroupDef():86 parseKeyboardGroupDef() 2132214028 -> 0_resource_name_obfuscated : WaitTime = 56 ms : RunTime = 0 ms
02-12 12:48:30.451  1524  7195 I KeyboardGroupDefParser: KeyboardGroupDefParser.parseKeyboardGroupDef():86 parseKeyboardGroupDef() 2132214032 -> 0_resource_name_obfuscated : WaitTime = 48 ms : RunTime = 1 ms
02-12 12:48:30.454  1524  1524 I SuperpacksManagerBase: SuperpacksManagerBase.registerSuperpackManifest():117 registerSuperpackManifest()
02-12 12:48:30.454  1524  1524 I SuperpacksManagerBase: SuperpacksManagerBase.getMetadataUriAndVersion():278 getMetadataUriAndVersion() :  2025082201 : https://www.gstatic.com/android/keyboard/hmmpack/2024120903/metadata_2024120903.json
02-12 12:48:30.454  1524  1524 I PKIndicatorController: PKIndicatorController$3.maybeShowLanguageSwitchIndicator():137 Entry changed. Showing language indicator.
02-12 12:48:30.467  7341  7351 I HWUI    : Davey! duration=968ms; Flags=0, FrameTimelineVsyncId=507615, IntendedVsync=5411219432108, Vsync=5411536098762, InputEventId=0, HandleInputStart=5411550296500, AnimationStart=5411550331300, PerformTraversalsStart=5411551489400, DrawStart=5411551615100, FrameDeadline=5412019432076, FrameStartTime=5411550046900, FrameInterval=16666666, WorkloadTarget=16666666, SyncQueued=5411552137300, SyncStart=5411674986200, IssueDrawCommandsStart=5411678123200, SwapBuffers=5411722321300, FrameCompleted=5412310524000, DequeueBufferDuration=536017000, QueueBufferDuration=367200, GpuCompleted=5412291667700, SwapBuffersCompleted=5412310524000, DisplayPresentTime=0, CommandSubmissionCompleted=5411722321300,
02-12 12:48:30.481   671   756 W IPCThreadState: Sending oneway calls to frozen process.
02-12 12:48:30.517  1653  1847 I AiAiEcho: #postPredictionTargets: Sending updates to UISurface lockscreen with targets# 0 (types=[])
02-12 12:48:30.521  1524  1524 I SystemSubtypesReportModule: SystemSubtypesReportModule$4.onSetCurrentInputMethodSubtype():192 zh_TW
02-12 12:48:30.522  1524  1524 I SystemSubtypesReportModule: SystemSubtypesReportModule$4.onSetCurrentInputMethodSubtype():204 Subtype zh_TW was caused by entry
02-12 12:48:30.538  1524  1524 I AbstractOpenableExtension: AbstractOpenableExtension$3.onSuccess():555 KeyboardGroupManager destroyed in fyg.
02-12 12:48:30.538  1524  1524 I AbstractOpenableExtension: AbstractOpenableExtension$3.onSuccess():555 KeyboardGroupManager destroyed in fso.
02-12 12:48:30.538  1524  1524 I AbstractOpenableExtension: AbstractOpenableExtension$3.onSuccess():555 KeyboardGroupManager destroyed in fve.
02-12 12:48:30.585  1059  2837 I HWUI    : Davey! duration=762ms; Flags=1, FrameTimelineVsyncId=507639, IntendedVsync=5411402765434, Vsync=5411536098762, InputEventId=0, HandleInputStart=5411550122800, AnimationStart=5411550153400, PerformTraversalsStart=5411550968100, DrawStart=5412012817500, FrameDeadline=5411419432100, FrameStartTime=5411549702400, FrameInterval=16666666, WorkloadTarget=16666666, SyncQueued=5412014843800, SyncStart=5412225634000, IssueDrawCommandsStart=5412269267700, SwapBuffers=5412275679100, FrameCompleted=5412376278100, DequeueBufferDuration=36900, QueueBufferDuration=326600, GpuCompleted=5412376278100, SwapBuffersCompleted=5412295488700, DisplayPresentTime=17592186048512, CommandSubmissionCompleted=5412275679100,
02-12 12:48:30.665  1059  2837 I HWUI    : Davey! duration=965ms; Flags=0, FrameTimelineVsyncId=507683, IntendedVsync=5411552765428, Vsync=5412302765398, InputEventId=0, HandleInputStart=5412322707100, AnimationStart=5412322740600, PerformTraversalsStart=5412322878600, DrawStart=5412323338400, FrameDeadline=5412402765394, FrameStartTime=5412315750800, FrameInterval=16666666, WorkloadTarget=16666666, SyncQueued=5412323374400, SyncStart=5412325794300, IssueDrawCommandsStart=5412325957900, SwapBuffers=5412409771000, FrameCompleted=5412520560000, DequeueBufferDuration=32800, QueueBufferDuration=60320900, GpuCompleted=5412520560000, SwapBuffersCompleted=5412501412800, DisplayPresentTime=17592186048512, CommandSubmissionCompleted=5412409771000,
02-12 12:48:30.668  1194  1194 D SsBaseTemplateCard: No text view can be set up
02-12 12:48:30.668  1194  1194 D SsBaseTemplateCard: Passed-in item info is null
02-12 12:48:30.668  1194  1194 D SsBaseTemplateCard: Passed-in item info is null
02-12 12:48:30.668  1194  1194 D SsBaseTemplateCard: Passed-in item info is null
02-12 12:48:30.668  1194  1194 I SsBaseTemplateCard: Secondary card pane is null
02-12 12:48:30.686  1524  7189 I SuperDelight: SuperDelightManager.syncOverridesLanguageModels():687 SuperDelightManager#syncOverridesLanguageModels(): Superpack delight_overrides not found or negative version provided
02-12 12:48:30.688  1524  7189 I MDDSuperpacks: MDDSuperpacks.getPacks():548 getting packs for superpack: delight_overrides
02-12 12:48:30.693  1524  7410 I DownloadManager: DownloadManager.downloadInternal():412 Download for __KLP_manifest_delight__en-840 scheduled with params DownloadParams{allowMetered=true, requireCharging=false, foreground=false, immediately=true, priority=0}
02-12 12:48:30.694  1524  7410 I DownloadManager: DownloadManager.startDownload():495 start download of __KLP_manifest_delight__en-840
02-12 12:48:30.730  1059  1059 W PageIndicator: Total number of pages invalid: 0. Assuming 1 page.
02-12 12:48:30.834   776  2688 V GrammaticalInflectionUtils: AttributionSource: android.content.AttributionSource@6dfec80e does not have READ_SYSTEM_GRAMMATICAL_GENDER permission.
02-12 12:48:30.890  3276  3305 I Safetyhub.SyncManagerImpl: #sync() complete
02-12 12:48:30.893  3276  3304 I Safetyhub.SyncManagerImpl: Completed sync. Scheduling next wakeup
02-12 12:48:30.893  3276  3304 I Safetyhub.SyncWorkManagerOneTimeScheduler: Scheduling next onetime WorkManager workers
02-12 12:48:30.899  3276  3305 I WM-WorkerWrapper: Worker result SUCCESS for Work [ id=fb869dc3-5746-4688-8226-3736439be915, tags={ com.google.apps.tiktok.contrib.work.TikTokListenableWorker,com.google.apps.tiktok.sync.impl.workmanager.SyncWorker,TikTokWorker#com.google.apps.tiktok.sync.impl.workmanager.SyncWorker } ]
02-12 12:48:30.945  7341  7341 D LifecycleMonitor: Lifecycle status change: com.hank.clawlive.WallpaperPreviewActivity@5b6ed0c in: PAUSED
02-12 12:48:30.946  7341  7341 V ActivityScenario: Update currentActivityStage to PAUSED, currentActivity=com.hank.clawlive.WallpaperPreviewActivity@5b6ed0c
02-12 12:48:30.962  7391  7408 I EGL_emulation: Opening libGLESv1_CM_emulation.so
02-12 12:48:30.962  7391  7408 I EGL_emulation: Opening libGLESv2_emulation.so
02-12 12:48:31.000  7391  7408 W HWUI    : Failed to choose config with EGL_SWAP_BEHAVIOR_PRESERVED, retrying without...
02-12 12:48:31.001  7391  7408 W HWUI    : Failed to initialize 101010-2 format, error = EGL_SUCCESS
02-12 12:48:31.068   556   556 I BpBinder: onLastStrongRef automatically unlinking death recipients:
02-12 12:48:31.386   671   756 W IPCThreadState: Sending oneway calls to frozen process.
02-12 12:48:31.417  3276  3305 I Safetyhub.SyncWorkManagerOneTimeScheduler: Successfully scheduled next onetime workers
02-12 12:48:31.446   556   565 I BpBinder: onLastStrongRef automatically unlinking death recipients:
02-12 12:48:31.557  1524  7113 I MDDSuperpacks: MDDSuperpacks.getPacks():548 getting packs for superpack: handwriting_recognition
02-12 12:48:31.577  1524  7201 I MDDSuperpacks: MDDSuperpacks$3.onSuccess():558 packs [transformer_latin_tflite_20231010_zip, transformer_chinese_tflite_20231016_zip, zh_tw_20230706_compact_fst_zip, qrnn_en_us_reco_20231010_fst_20230613_recospec_zip, pack_mapping_v1_lstm_20231127, transformer_latin_seg_tflite_20231010_zip, transformer_chinese_conf_tflite_20231016_zip, scribe_latin_20231123_recospec_zip, en_us_20230613_compact_fst_zip, scribe_chinese_20231123_tflite_zip, transformer_chinese_seg_tflite_20231016_zip, scribe_latin_20231123_tflite_zip, transformer_latin_conf_tflite_20231010_zip, scribe_chinese_20231123_recospec_zip, qrnn_zh_tw_reco_20231016_fst_20230706_recospec_zip] got for superpack: handwriting_recognition
02-12 12:48:31.579  1059  7674 I HWUI    : Davey! duration=893ms; Flags=0, FrameTimelineVsyncId=508019, IntendedVsync=5412369432062, Vsync=5412552765388, InputEventId=0, HandleInputStart=5412562895900, AnimationStart=5412562926800, PerformTraversalsStart=5412563369000, DrawStart=5412563452100, FrameDeadline=5412952765372, FrameStartTime=5412562680900, FrameInterval=16666666, WorkloadTarget=16666666, SyncQueued=5412563767000, SyncStart=5412630027900, IssueDrawCommandsStart=5412630112500, SwapBuffers=5413055446300, FrameCompleted=5413329386400, DequeueBufferDuration=34500, QueueBufferDuration=1080300, GpuCompleted=5413329386400, SwapBuffersCompleted=5413213527000, DisplayPresentTime=0, CommandSubmissionCompleted=5413055446300,
02-12 12:48:31.588  1194  1950 I HWUI    : Davey! duration=719ms; Flags=0, FrameTimelineVsyncId=508077, IntendedVsync=5412452765392, Vsync=5412569432054, InputEventId=0, HandleInputStart=5412597546800, AnimationStart=5412597577400, PerformTraversalsStart=5412598957600, DrawStart=5412599161700, FrameDeadline=5412952765372, FrameStartTime=5412585263600, FrameInterval=16666666, WorkloadTarget=16666666, SyncQueued=5412599239900, SyncStart=5412669146900, IssueDrawCommandsStart=5412669186200, SwapBuffers=5412678038000, FrameCompleted=5413242457000, DequeueBufferDuration=148528000, QueueBufferDuration=491200, GpuCompleted=5413242457000, SwapBuffersCompleted=5413071046600, DisplayPresentTime=0, CommandSubmissionCompleted=5412678038000,
02-12 12:48:31.632   776   822 W IPCThreadState: Sending oneway calls to frozen process.
02-12 12:48:31.768   776   822 W IPCThreadState: Sending oneway calls to frozen process.
02-12 12:48:31.776  1524  7667 W MDDSuperpacks: MDDSuperpacks.constructPackSet():578 file group is empty
02-12 12:48:31.776  1524  7189 I SuperpacksManagerBase: SuperpacksManagerBase.registerSuperpackManifest():134 registerSuperpackManifest(): current 2025082201, required 2025082201
02-12 12:48:31.776  1524  7195 I SuperDelight: SuperDelightManager$2.onSuccess():635 delight_overrides sync success, adding to data file manager
02-12 12:48:31.782  1524  7410 I DownloadManager: DownloadManager.downloadInternal():412 Download for __SP_MANIFEST_bundled_delight scheduled with params DownloadParams{allowMetered=true, requireCharging=false, foreground=false, immediately=true, priority=0}
02-12 12:48:31.782  1524  7410 I DownloadManager: DownloadManager.startDownload():495 start download of __SP_MANIFEST_bundled_delight
02-12 12:48:31.783  1524  7666 I MDDSuperpacks: MDDSuperpacks$3.onSuccess():558 packs [7a635888cb828dfa2fc744b7b9b50f04, c5c37e938eec559132ebd6c6245d763a] got for superpack: emoticon_content_description
02-12 12:48:31.785  1524  7441 I MDDSuperpacks: MDDSuperpacks$3.onSuccess():558 packs [] got for superpack: delight_overrides
02-12 12:48:31.786  1524  7667 E MDDSuperpacks: MDDSuperpacks.parseManifest():476 cannot find metadata for delight_overrides
02-12 12:48:31.786  1524  7201 I MDDSuperpacks: MDDSuperpacks.getPacks():548 getting packs for superpack: emoticon_content_description
02-12 12:48:31.790  1524  7410 I DownloadManager: DownloadManager$4.onSuccess():564 download for __KLP_manifest_delight__en-840 is finished with files # mxp@1da44f1e
02-12 12:48:31.792  1524  7410 I DownloadManager: DownloadManager.downloadInternal():412 Download for __KLP_manifest_delight__en-840 scheduled with params DownloadParams{allowMetered=true, requireCharging=false, foreground=false, immediately=true, priority=0}
02-12 12:48:31.792  1524  7410 I DownloadManager: DownloadManager.startDownload():495 start download of __KLP_manifest_delight__en-840
02-12 12:48:31.797  1524  7201 I SuperDelight: SuperDelightBundledMetadataParser.addSystemLms():202 system lm dir /system/usr/share/ime/google/d3_lms does not exist or is not readable
02-12 12:48:31.800  1524  7201 I SuperDelight: SuperDelightBundledMetadataParser.parse():192 SuperDelightBundledMetadataParser#parse(): manifest parsed with 1 packs
02-12 12:48:31.812  1524  7410 I DownloadManager: DownloadManager.downloadInternal():412 Download for __SP_MANIFEST_handwriting_recognition scheduled with params DownloadParams{allowMetered=true, requireCharging=false, foreground=false, immediately=true, priority=0}
02-12 12:48:31.813  1524  7410 I DownloadManager: DownloadManager.startDownload():495 start download of __SP_MANIFEST_handwriting_recognition
02-12 12:48:31.813  1524  7441 I MDDSuperpacks: MDDSuperpacks$3.onSuccess():558 packs [transformer_latin_tflite_20231010_zip, transformer_chinese_tflite_20231016_zip, zh_tw_20230706_compact_fst_zip, qrnn_en_us_reco_20231010_fst_20230613_recospec_zip, pack_mapping_v1_lstm_20231127, transformer_latin_seg_tflite_20231010_zip, transformer_chinese_conf_tflite_20231016_zip, scribe_latin_20231123_recospec_zip, en_us_20230613_compact_fst_zip, scribe_chinese_20231123_tflite_zip, transformer_chinese_seg_tflite_20231016_zip, scribe_latin_20231123_tflite_zip, transformer_latin_conf_tflite_20231010_zip, scribe_chinese_20231123_recospec_zip, qrnn_zh_tw_reco_20231016_fst_20230706_recospec_zip] got for superpack: handwriting_recognition
02-12 12:48:31.820  1524  7410 I DownloadManager: DownloadManager$4.onSuccess():564 download for __SP_MANIFEST_bundled_delight is finished with files # mxp@58d99e11
02-12 12:48:31.821  1524  7113 I MDDSuperpacks: MDDSuperpacks.getPacks():548 getting packs for superpack: handwriting_recognition
02-12 12:48:31.823  1524  7201 I SuperDelight: SuperDelightBundledMetadataParser.addSystemLms():202 system lm dir /system/usr/share/ime/google/d3_lms does not exist or is not readable
02-12 12:48:31.826  1524  7201 I SuperDelight: SuperDelightBundledMetadataParser.parse():192 SuperDelightBundledMetadataParser#parse(): manifest parsed with 1 packs
02-12 12:48:31.830  1524  7201 I MDDSuperpacks: MDDSuperpacks$3.onSuccess():558 packs [7a635888cb828dfa2fc744b7b9b50f04, c5c37e938eec559132ebd6c6245d763a] got for superpack: emoticon_content_description
02-12 12:48:31.836  1524  7667 I MDDSuperpacks: MDDSuperpacks$2.onSuccess():274 Sync success for emoticon_content_description with result: {old=[7a635888cb828dfa2fc744b7b9b50f04, c5c37e938eec559132ebd6c6245d763a], new=[7a635888cb828dfa2fc744b7b9b50f04, c5c37e938eec559132ebd6c6245d763a], metadata=false, last batch=true}
02-12 12:48:31.838   776   822 W IPCThreadState: Sending oneway calls to frozen process.
02-12 12:48:31.841  1524  7410 I DownloadManager: DownloadManager$4.onSuccess():564 download for __KLP_manifest_delight__en-840 is finished with files # mxp@1da44f1e
02-12 12:48:31.870  1524  7410 I DownloadManager: DownloadManager$4.onSuccess():564 download for __SP_MANIFEST_handwriting_recognition is finished with files # mxp@1c734294
02-12 12:48:31.876  1524  7115 I ManifestedDataDownloader: ManifestedDataDownloader.checkVersionAndDownload():91 filegroup __KLP_delight__en-840 with version 2025031300 is already downloaded
02-12 12:48:31.881  1182  1444 D SatelliteController: iisInCarrierRoamingNbIotNtn: satellite is disabled
02-12 12:48:31.884  1524  7115 I DelightKLPDownloader: DelightKLPDownloader$2.onSuccess():222 klp en_840 downloaded with version 2025031300
02-12 12:48:31.945  1524  7410 I DownloadManager: DownloadManager.downloadInternal():412 Download for __SP_MANIFEST_hmmdictionary scheduled with params DownloadParams{allowMetered=true, requireCharging=false, foreground=false, immediately=true, priority=0}
02-12 12:48:31.946  1524  7410 I DownloadManager: DownloadManager.startDownload():495 start download of __SP_MANIFEST_hmmdictionary
02-12 12:48:31.962  1524  7116 I ManifestedDataDownloader: ManifestedDataDownloader.checkVersionAndDownload():91 filegroup __KLP_delight__en-840 with version 2025031300 is already downloaded
02-12 12:48:31.978  1194  1194 D ViewRootImpl: Skipping stats log for color mode
02-12 12:48:32.003  1194  1194 D NexusLauncherModelDelegate: notifySmartspaceEvent: SmartspaceTargetEvent{mSmartspaceTarget=null, mSmartspaceActionId='null', mEventType=6}
02-12 12:48:32.013  1524  7195 I SuperDelight: SuperDelightManager.syncBundledLanguageModels():773 SuperDelightManager#syncBundledLanguageModels(): Syncing for version 2025021100
02-12 12:48:32.013  1524  7195 I MDDSuperpacks: MDDSuperpacks.sync():223 sync requested for bundled_delight
02-12 12:48:32.019  1194  1194 D BaseDepthController: setSurface:
02-12 12:48:32.019  1194  1194 D BaseDepthController: 	mWaitingOnSurfaceValidity: false
02-12 12:48:32.019  1194  1194 D BaseDepthController: 	mBaseSurface: Surface(name=com.google.android.apps.nexuslauncher/com.google.android.apps.nexuslauncher.NexusLauncherActivity)/@0x4cd22b4
02-12 12:48:32.061  1524  7116 I DelightKLPDownloader: DelightKLPDownloader$2.onSuccess():222 klp en_840 downloaded with version 2025031300
02-12 12:48:32.062  1524  7116 I HandwritingOnlineSuperpacks: HandwritingOnlineSuperpacks.syncInternal():168 syncPackMapping()
02-12 12:48:32.062  1524  7116 I MDDSuperpacks: MDDSuperpacks.sync():223 sync requested for handwriting_recognition
02-12 12:48:32.071  1524  7667 I SuperDelight: SuperDelightBundledMetadataParser.addSystemLms():202 system lm dir /system/usr/share/ime/google/d3_lms does not exist or is not readable
02-12 12:48:32.079  1524  7667 I SuperDelight: SuperDelightBundledMetadataParser.parse():192 SuperDelightBundledMetadataParser#parse(): manifest parsed with 1 packs
02-12 12:48:32.080  1524  4435 I HWUI    : Davey! duration=942ms; Flags=0, FrameTimelineVsyncId=508187, IntendedVsync=5412736098714, Vsync=5413202765362, InputEventId=0, HandleInputStart=5413210953600, AnimationStart=5413210982900, PerformTraversalsStart=5413211477400, DrawStart=5413211625500, FrameDeadline=5413352765356, FrameStartTime=5413209822700, FrameInterval=16666666, WorkloadTarget=16666666, SyncQueued=5413211648800, SyncStart=5413212608800, IssueDrawCommandsStart=5413212649700, SwapBuffers=5413315423300, FrameCompleted=5413679463400, DequeueBufferDuration=34800, QueueBufferDuration=574500, GpuCompleted=5413679463400, SwapBuffersCompleted=5413370563800, DisplayPresentTime=9153005534666817544, CommandSubmissionCompleted=5413315423300,
02-12 12:48:32.085  1524  7410 I DownloadManager: DownloadManager$4.onSuccess():564 download for __SP_MANIFEST_hmmdictionary is finished with files # mxp@5365d94c
02-12 12:48:32.087  1524  7441 E MDDSuperpacks: MDDSuperpacks.parseManifest():476 cannot find metadata for delight_overrides
02-12 12:48:32.091  1524  1524 I Choreographer: Skipped 37 frames!  The application may be doing too much work on its main thread.
02-12 12:48:32.100  1524  7669 E MDDSuperpacks: MDDSuperpacks.parseManifest():476 cannot find metadata for delight_overrides
02-12 12:48:32.101  1524  7435 I MDDSuperpacks: MDDSuperpacks$3.onSuccess():558 packs [transformer_latin_tflite_20231010_zip, transformer_chinese_tflite_20231016_zip, zh_tw_20230706_compact_fst_zip, qrnn_en_us_reco_20231010_fst_20230613_recospec_zip, pack_mapping_v1_lstm_20231127, transformer_latin_seg_tflite_20231010_zip, transformer_chinese_conf_tflite_20231016_zip, scribe_latin_20231123_recospec_zip, en_us_20230613_compact_fst_zip, scribe_chinese_20231123_tflite_zip, transformer_chinese_seg_tflite_20231016_zip, scribe_latin_20231123_tflite_zip, transformer_latin_conf_tflite_20231010_zip, scribe_chinese_20231123_recospec_zip, qrnn_zh_tw_reco_20231016_fst_20230706_recospec_zip] got for superpack: handwriting_recognition
02-12 12:48:32.104  1524  7189 I MDDSuperpacks: MDDSuperpacks.sync():223 sync requested for hmmdictionary
02-12 12:48:32.110  1524  7667 I SuperDelight: SuperDelightBundledMetadataParser.addSystemLms():202 system lm dir /system/usr/share/ime/google/d3_lms does not exist or is not readable
02-12 12:48:32.113  1524  7667 I SuperDelight: SuperDelightBundledMetadataParser.parse():192 SuperDelightBundledMetadataParser#parse(): manifest parsed with 1 packs
02-12 12:48:32.116  1524  7435 I MDDSuperpacks: MDDSuperpacks.getPacks():548 getting packs for superpack: bundled_delight
02-12 12:48:32.120  1524  7455 I SuperDelight: SuperDelightBundledMetadataParser.addSystemLms():202 system lm dir /system/usr/share/ime/google/d3_lms does not exist or is not readable
02-12 12:48:32.121  1524  7455 I SuperDelight: SuperDelightBundledMetadataParser.parse():192 SuperDelightBundledMetadataParser#parse(): manifest parsed with 1 packs
02-12 12:48:32.128  1524  7441 I SuperDelight: SuperDelightBundledSlicingStrategy.getSlices():41 BundledSlicing#getSlices() : Locale = [en_US, zh_XD]
02-12 12:48:32.129  1524  7441 I SuperDelight: SuperDelightBundledSlicingStrategy.getSlices():67 BundledSlicing#getSlices(): result {slices=[bundled_delight:main_en_us_2024102000_2], last batch=true, sync metadata=false}
02-12 12:48:32.133  1524  7201 I MDDSuperpacks: MDDSuperpacks.getPacks():548 getting packs for superpack: hmmdictionary
02-12 12:48:32.136  1524  7669 I MDDSuperpacks: MDDSuperpacks.getPacks():548 getting packs for superpack: bundled_delight
02-12 12:48:32.139  1524  7667 I MDDSuperpacks: MDDSuperpacks$3.onSuccess():558 packs [main_en_us_2024102000_2] got for superpack: bundled_delight
02-12 12:48:32.149  1524  7113 I MDDSuperpacks: MDDSuperpacks.getPacks():548 getting packs for superpack: handwriting_recognition
02-12 12:48:32.186  7341  7385 I HWUI    : Davey! duration=722ms; Flags=0, FrameTimelineVsyncId=508238, IntendedVsync=5413119432032, Vsync=5413319432024, InputEventId=0, HandleInputStart=5413333687900, AnimationStart=5413333763500, PerformTraversalsStart=5413337140500, DrawStart=5413343174800, FrameDeadline=5413819432004, FrameStartTime=5413332173800, FrameInterval=16666666, WorkloadTarget=16666666, SyncQueued=5413343876700, SyncStart=5413501879200, IssueDrawCommandsStart=5413502043200, SwapBuffers=5413586223700, FrameCompleted=5414000397500, DequeueBufferDuration=352854000, QueueBufferDuration=421500, GpuCompleted=5413993293700, SwapBuffersCompleted=5414000397500, DisplayPresentTime=0, CommandSubmissionCompleted=5413586223700,
02-12 12:48:32.252  1524  7667 I MDDSuperpacks: MDDSuperpacks$3.onSuccess():558 packs [main_en_us_2024102000_2] got for superpack: bundled_delight
02-12 12:48:32.254  1524  7666 I MDDSuperpacks: MDDSuperpacks.getPacks():548 getting packs for superpack: handwriting_recognition
02-12 12:48:32.292  1524  7667 I DictionarySlicingStrategy: DictionarySlicingStrategy.getSlices():79 getSlices(): hmmdictionary.2025082201
02-12 12:48:32.297  1524  7667 I DictionarySlicingStrategy: DictionarySlicingStrategy.getSlices():109 getSlices(): result {slices=[hmmdictionary:zh_TW_2023110702], last batch=true, sync metadata=false}
02-12 12:48:32.300  1524  7410 I MDDSuperpacks: MDDSuperpacks$3.onSuccess():558 packs [zh_TW_2023110702] got for superpack: hmmdictionary
02-12 12:48:32.309  1524  7669 I MDDSuperpacks: MDDSuperpacks$3.onSuccess():558 packs [transformer_latin_tflite_20231010_zip, transformer_chinese_tflite_20231016_zip, zh_tw_20230706_compact_fst_zip, qrnn_en_us_reco_20231010_fst_20230613_recospec_zip, pack_mapping_v1_lstm_20231127, transformer_latin_seg_tflite_20231010_zip, transformer_chinese_conf_tflite_20231016_zip, scribe_latin_20231123_recospec_zip, en_us_20230613_compact_fst_zip, scribe_chinese_20231123_tflite_zip, transformer_chinese_seg_tflite_20231016_zip, scribe_latin_20231123_tflite_zip, transformer_latin_conf_tflite_20231010_zip, scribe_chinese_20231123_recospec_zip, qrnn_zh_tw_reco_20231016_fst_20230706_recospec_zip] got for superpack: handwriting_recognition
02-12 12:48:32.312  1524  7666 I MDDSuperpacks: MDDSuperpacks.getPacks():548 getting packs for superpack: hmmdictionary
02-12 12:48:32.315  1524  7201 I LmManager: LmManager$1.onSuccess():82 Bundled delight sync success
02-12 12:48:32.319  1524  7669 I MDDSuperpacks: MDDSuperpacks$2.onSuccess():274 Sync success for bundled_delight with result: {old=[main_en_us_2024102000_2], new=[main_en_us_2024102000_2], metadata=false, last batch=true}
02-12 12:48:32.320  1524  7189 I MDDSuperpacks: MDDSuperpacks.getPacks():548 getting packs for superpack: bundled_delight
02-12 12:48:32.339  1524  7669 I MDDSuperpacks: MDDSuperpacks$3.onSuccess():558 packs [transformer_latin_tflite_20231010_zip, transformer_chinese_tflite_20231016_zip, zh_tw_20230706_compact_fst_zip, qrnn_en_us_reco_20231010_fst_20230613_recospec_zip, pack_mapping_v1_lstm_20231127, transformer_latin_seg_tflite_20231010_zip, transformer_chinese_conf_tflite_20231016_zip, scribe_latin_20231123_recospec_zip, en_us_20230613_compact_fst_zip, scribe_chinese_20231123_tflite_zip, transformer_chinese_seg_tflite_20231016_zip, scribe_latin_20231123_tflite_zip, transformer_latin_conf_tflite_20231010_zip, scribe_chinese_20231123_recospec_zip, qrnn_zh_tw_reco_20231016_fst_20230706_recospec_zip] got for superpack: handwriting_recognition
02-12 12:48:32.343  1524  7201 I HandwritingSlicingStrategy: HandwritingSlicingStrategy.getSlices():44 getSlices(): handwriting_recognition.86 useForeground=true
02-12 12:48:32.349  1524  7201 I HandwritingSlicingStrategy: HandwritingSlicingStrategy.getSlices():103 getSlices(): result {slices=[{handwriting_recognition:pack_mapping_v1_lstm_20231127, m:*:*:*, fg}, {handwriting_recognition:transformer_latin_tflite_20231010_zip, m:*:*:*, fg}, {handwriting_recognition:qrnn_en_us_reco_20231010_fst_20230613_recospec_zip, m:*:*:*, fg}, {handwriting_recognition:transformer_latin_conf_tflite_20231010_zip, m:*:*:*, fg}, {handwriting_recognition:transformer_latin_seg_tflite_20231010_zip, m:*:*:*, fg}, {handwriting_recognition:en_us_20230613_compact_fst_zip, m:*:*:*, fg}, {handwriting_recognition:scribe_chinese_20231123_recospec_zip, m:*:*:*, fg}, {handwriting_recognition:scribe_chinese_20231123_tflite_zip, m:*:*:*, fg}, {handwriting_recognition:transformer_chinese_tflite_20231016_zip, m:*:*:*, fg}, {handwriting_recognition:zh_tw_20230706_compact_fst_zip, m:*:*:*, fg}, {handwriting_recognition:transformer_chinese_conf_tflite_20231016_zip, m:*:*:*, fg}, {handwriting_recognition:qrnn_zh_tw_reco_20231016_fst_20230706_recospec_zip, m:*:*:*, fg}, {handwriting_recognition:transformer_chinese_seg_tflite_20231016_zip, m:*:*:*, fg}, {handwriting_recognition:scribe_latin_20231123_tflite_zip, m:*:*:*, fg}, {handwriting_recognition:scribe_latin_20231123_recospec_zip, m:*:*:*, fg}], last batch=true, sync metadata=false}
02-12 12:48:32.351  1524  7669 I MDDSuperpacks: MDDSuperpacks.getPacks():548 getting packs for superpack: handwriting_recognition
02-12 12:48:32.372  1194  1194 D StatsLog: LAUNCHER_ONRESUME
02-12 12:48:32.393  1194  1194 I NotificationListener: Handling notification state refresh for com.android.systemui#0
02-12 12:48:32.393  1194  1194 I NotificationListener: Handling notification state refresh for android#0
02-12 12:48:32.394  1194  1260 D QuickstepModelDelegate: notifyAppTargetEvent action=1 launchLocation=workspace/0/[-1,-1]/[1,1]
02-12 12:48:32.400  1524  7455 I MDDSuperpacks: MDDSuperpacks$3.onSuccess():558 packs [transformer_latin_tflite_20231010_zip, transformer_chinese_tflite_20231016_zip, zh_tw_20230706_compact_fst_zip, qrnn_en_us_reco_20231010_fst_20230613_recospec_zip, pack_mapping_v1_lstm_20231127, transformer_latin_seg_tflite_20231010_zip, transformer_chinese_conf_tflite_20231016_zip, scribe_latin_20231123_recospec_zip, en_us_20230613_compact_fst_zip, scribe_chinese_20231123_tflite_zip, transformer_chinese_seg_tflite_20231016_zip, scribe_latin_20231123_tflite_zip, transformer_latin_conf_tflite_20231010_zip, scribe_chinese_20231123_recospec_zip, qrnn_zh_tw_reco_20231016_fst_20230706_recospec_zip] got for superpack: handwriting_recognition
02-12 12:48:32.402  1524  7201 I MDDSuperpacks: MDDSuperpacks$3.onSuccess():558 packs [main_en_us_2024102000_2] got for superpack: bundled_delight
02-12 12:48:32.402  1653  1847 I AiAiEcho: Predicting[0]:  [CONTEXT sampling_count=5 ]
02-12 12:48:32.405  1653  1847 I AiAiEcho: EchoTargets:
02-12 12:48:32.405  1653  1847 I AiAiEcho: Filtered by AiAi flag check:
02-12 12:48:32.405  1653  1847 I AiAiEcho: [CONTEXT ratelimit_period="10 SECONDS" ]
02-12 12:48:32.405  1653  1847 I AiAiEcho: #remoteViewsTwiddler: feature disabled.
02-12 12:48:32.409  1524  7189 I SuperpacksManagerBase: SuperpacksManagerBase$2.onSyncSuccess():192 sync(): complete {old=[zh_TW_2023110702], new=[zh_TW_2023110702], metadata=false, last batch=true}
02-12 12:48:32.409  1524  7189 I MDDSuperpacks: MDDSuperpacks.getPacks():548 getting packs for superpack: hmmdictionary
02-12 12:48:32.409  1524  7195 I SuperDelight: SuperDelightManager$2.onSuccess():635 bundled_delight sync success, adding to data file manager
02-12 12:48:32.410  1524  7195 I DataFileManager: DataFileManager.addDataWithoutNotify():181 data en-US already exists
02-12 12:48:32.412  1524  7666 I MDDSuperpacks: MDDSuperpacks$2.onSuccess():274 Sync success for handwriting_recognition with result: {old=[en_us_20230613_compact_fst_zip, pack_mapping_v1_lstm_20231127, qrnn_en_us_reco_20231010_fst_20230613_recospec_zip, qrnn_zh_tw_reco_20231016_fst_20230706_recospec_zip, scribe_chinese_20231123_recospec_zip, scribe_chinese_20231123_tflite_zip, scribe_latin_20231123_recospec_zip, scribe_latin_20231123_tflite_zip, transformer_chinese_conf_tflite_20231016_zip, transformer_chinese_seg_tflite_20231016_zip, transformer_chinese_tflite_20231016_zip, transformer_latin_conf_tflite_20231010_zip, transformer_latin_seg_tflite_20231010_zip, transformer_latin_tflite_20231010_zip, zh_tw_20230706_compact_fst_zip], new=[en_us_20230613_compact_fst_zip, pack_mapping_v1_lstm_20231127, qrnn_en_us_reco_20231010_fst_20230613_recospec_zip, qrnn_zh_tw_reco_20231016_fst_20230706_recospec_zip, scribe_chinese_20231123_recospec_zip, scribe_chinese_20231123_tflite_zip, scribe_latin_20231123_recospec_zip, scribe_latin_20231123_tflite_zip, transformer_chinese_conf_tflite_20231016_zip, transformer_chinese_seg_tflite_20231016_zip, transformer_chinese_tflite_20231016_zip, transformer_latin_conf_tflite_20231010_zip, transformer_latin_seg_tflite_20231010_zip, transformer_latin_tflite_20231010_zip, zh_tw_20230706_compact_fst_zip], metadata=false, last batch=true}
02-12 12:48:32.412  1653  1847 I AiAiEcho: #postPredictionTargets: Sending updates to UISurface home with targets# 0 (types=[])
02-12 12:48:32.414  1524  7114 I HandwritingOnlineSuperpacks: HandwritingOnlineSuperpacks.syncInternal():187 syncInternal(): syncing packs
02-12 12:48:32.416  1524  7435 I MDDSuperpacks: MDDSuperpacks$2.onSuccess():274 Sync success for hmmdictionary with result: {old=[zh_TW_2023110702], new=[zh_TW_2023110702], metadata=false, last batch=true}
02-12 12:48:32.421  1194  1194 D StateManager: createAtomicAnimation - fromState: Background, toState: Normal, partial trace:
02-12 12:48:32.421  1194  1194 D StateManager: 	at com.android.quickstep.util.ScalingWorkspaceRevealAnim.<init>(go/retraceme 72a59688580715d19f0e415c69e80376c2f062d1648c80db6730905005a27c20:39)
02-12 12:48:32.421  1194  1194 D StateManager: 	at com.android.launcher3.QuickstepTransitionManager.createWallpaperOpenAnimations(go/retraceme 72a59688580715d19f0e415c69e80376c2f062d1648c80db6730905005a27c20:168)
02-12 12:48:32.421  1194  1194 D StateManager: 	at com.android.launcher3.QuickstepTransitionManager$WallpaperOpenLauncherAnimationRunner.onAnimationStart(go/retraceme 72a59688580715d19f0e415c69e80376c2f062d1648c80db6730905005a27c20:17)
02-12 12:48:32.422  1194  1194 D b/311077782: LauncherAnimationRunner.setAnimation
02-12 12:48:32.429  1524  7114 I HandwritingOnlineSuperpacks: HandwritingOnlineSuperpacks$2.onSyncSuccess():225 syncInternal(): complete {old=[en_us_20230613_compact_fst_zip, pack_mapping_v1_lstm_20231127, qrnn_en_us_reco_20231010_fst_20230613_recospec_zip, qrnn_zh_tw_reco_20231016_fst_20230706_recospec_zip, scribe_chinese_20231123_recospec_zip, scribe_chinese_20231123_tflite_zip, scribe_latin_20231123_recospec_zip, scribe_latin_20231123_tflite_zip, transformer_chinese_conf_tflite_20231016_zip, transformer_chinese_seg_tflite_20231016_zip, transformer_chinese_tflite_20231016_zip, transformer_latin_conf_tflite_20231010_zip, transformer_latin_seg_tflite_20231010_zip, transformer_latin_tflite_20231010_zip, zh_tw_20230706_compact_fst_zip], new=[en_us_20230613_compact_fst_zip, pack_mapping_v1_lstm_20231127, qrnn_en_us_reco_20231010_fst_20230613_recospec_zip, qrnn_zh_tw_reco_20231016_fst_20230706_recospec_zip, scribe_chinese_20231123_recospec_zip, scribe_chinese_20231123_tflite_zip, scribe_latin_20231123_recospec_zip, scribe_latin_20231123_tflite_zip, transformer_chinese_conf_tflite_20231016_zip, transformer_chinese_seg_tflite_20231016_zip, transformer_chinese_tflite_20231016_zip, transformer_latin_conf_tflite_20231010_zip, transformer_latin_seg_tflite_20231010_zip, transformer_latin_tflite_20231010_zip, zh_tw_20230706_compact_fst_zip], metadata=false, last batch=true}
02-12 12:48:32.430  1194  1260 W HWUI    : Image decoding logging dropped!
02-12 12:48:32.433  1524  7114 I MDDSuperpacks: MDDSuperpacks.getPacks():548 getting packs for superpack: handwriting_recognition
02-12 12:48:32.438  1194  1260 W HWUI    : Image decoding logging dropped!
02-12 12:48:32.446  1524  7435 I MDDSuperpacks: MDDSuperpacks$3.onSuccess():558 packs [zh_TW_2023110702] got for superpack: hmmdictionary
02-12 12:48:32.446  1524  7195 I HmmDataFacilitator: HmmDataFacilitator.setDownloadedPacks():333 Opening pack for language zh_TW
02-12 12:48:32.454  1524  7114 I MDDSuperpacks: MDDSuperpacks.getPacks():548 getting packs for superpack: handwriting_recognition
02-12 12:48:32.456  1524  7410 I MDDSuperpacks: MDDSuperpacks$3.onSuccess():558 packs [transformer_latin_tflite_20231010_zip, transformer_chinese_tflite_20231016_zip, zh_tw_20230706_compact_fst_zip, qrnn_en_us_reco_20231010_fst_20230613_recospec_zip, pack_mapping_v1_lstm_20231127, transformer_latin_seg_tflite_20231010_zip, transformer_chinese_conf_tflite_20231016_zip, scribe_latin_20231123_recospec_zip, en_us_20230613_compact_fst_zip, scribe_chinese_20231123_tflite_zip, transformer_chinese_seg_tflite_20231016_zip, scribe_latin_20231123_tflite_zip, transformer_latin_conf_tflite_20231010_zip, scribe_chinese_20231123_recospec_zip, qrnn_zh_tw_reco_20231016_fst_20230706_recospec_zip] got for superpack: handwriting_recognition
02-12 12:48:32.464  1194  1194 D SsBaseTemplateCard: No text view can be set up
02-12 12:48:32.464  1194  1194 D SsBaseTemplateCard: Passed-in item info is null
02-12 12:48:32.465  1194  1194 D SsBaseTemplateCard: Passed-in item info is null
02-12 12:48:32.465  1194  1194 D SsBaseTemplateCard: Passed-in item info is null
02-12 12:48:32.466  1194  1194 I SsBaseTemplateCard: Secondary card pane is null
02-12 12:48:32.475  1524  7114 I MDDSuperpacks: MDDSuperpacks.getPacks():548 getting packs for superpack: handwriting_recognition
02-12 12:48:32.476  1524  7435 I MDDSuperpacks: MDDSuperpacks$3.onSuccess():558 packs [transformer_latin_tflite_20231010_zip, transformer_chinese_tflite_20231016_zip, zh_tw_20230706_compact_fst_zip, qrnn_en_us_reco_20231010_fst_20230613_recospec_zip, pack_mapping_v1_lstm_20231127, transformer_latin_seg_tflite_20231010_zip, transformer_chinese_conf_tflite_20231016_zip, scribe_latin_20231123_recospec_zip, en_us_20230613_compact_fst_zip, scribe_chinese_20231123_tflite_zip, transformer_chinese_seg_tflite_20231016_zip, scribe_latin_20231123_tflite_zip, transformer_latin_conf_tflite_20231010_zip, scribe_chinese_20231123_recospec_zip, qrnn_zh_tw_reco_20231016_fst_20230706_recospec_zip] got for superpack: handwriting_recognition
02-12 12:48:32.485  1524  7455 I MDDSuperpacks: MDDSuperpacks$3.onSuccess():558 packs [transformer_latin_tflite_20231010_zip, transformer_chinese_tflite_20231016_zip, zh_tw_20230706_compact_fst_zip, qrnn_en_us_reco_20231010_fst_20230613_recospec_zip, pack_mapping_v1_lstm_20231127, transformer_latin_seg_tflite_20231010_zip, transformer_chinese_conf_tflite_20231016_zip, scribe_latin_20231123_recospec_zip, en_us_20230613_compact_fst_zip, scribe_chinese_20231123_tflite_zip, transformer_chinese_seg_tflite_20231016_zip, scribe_latin_20231123_tflite_zip, transformer_latin_conf_tflite_20231010_zip, scribe_chinese_20231123_recospec_zip, qrnn_zh_tw_reco_20231016_fst_20230706_recospec_zip] got for superpack: handwriting_recognition
02-12 12:48:32.486  1524  7114 I MDDSuperpacks: MDDSuperpacks.getPacks():548 getting packs for superpack: handwriting_recognition
02-12 12:48:32.498  1524  7114 I MDDSuperpacks: MDDSuperpacks.getPacks():548 getting packs for superpack: handwriting_recognition_offline
02-12 12:48:32.498  1524  7669 I MDDSuperpacks: MDDSuperpacks$3.onSuccess():558 packs [zh_TW_2023110702] got for superpack: hmmdictionary
02-12 12:48:32.500  1524  7410 I MDDSuperpacks: MDDSuperpacks$3.onSuccess():558 packs [transformer_latin_tflite_20231010_zip, transformer_chinese_tflite_20231016_zip, zh_tw_20230706_compact_fst_zip, qrnn_en_us_reco_20231010_fst_20230613_recospec_zip, pack_mapping_v1_lstm_20231127, transformer_latin_seg_tflite_20231010_zip, transformer_chinese_conf_tflite_20231016_zip, scribe_latin_20231123_recospec_zip, en_us_20230613_compact_fst_zip, scribe_chinese_20231123_tflite_zip, transformer_chinese_seg_tflite_20231016_zip, scribe_latin_20231123_tflite_zip, transformer_latin_conf_tflite_20231010_zip, scribe_chinese_20231123_recospec_zip, qrnn_zh_tw_reco_20231016_fst_20230706_recospec_zip] got for superpack: handwriting_recognition
02-12 12:48:32.504   513   530 I RanchuHwc: logCompositionFallbackIfChanged: layer 601 CompositionType fallback from 2 to 1
02-12 12:48:32.508  1524  7410 W MDDSuperpacks: MDDSuperpacks.constructPackSet():578 file group is empty
02-12 12:48:32.509  1524  7669 I MDDSuperpacks: MDDSuperpacks$3.onSuccess():558 packs [] got for superpack: handwriting_recognition_offline
02-12 12:48:32.509  1524  7115 E HandwritingSuperpacksUtil: HandwritingSuperpacksUtil.getPackMappingPackName():40 No pack mapping pack found in []
02-12 12:48:32.509  1524  7115 I HandwritingSuperpacks: HandwritingSuperpacks.reloadCache():237 updatePackMappingsCache(): pack mapping pack unavailable [OFFLINE]
02-12 12:48:32.510  1524  7113 I MDDSuperpacks: MDDSuperpacks.getPacks():548 getting packs for superpack: handwriting_recognition
02-12 12:48:32.543  1524  7410 I MDDSuperpacks: MDDSuperpacks$3.onSuccess():558 packs [transformer_latin_tflite_20231010_zip, transformer_chinese_tflite_20231016_zip, zh_tw_20230706_compact_fst_zip, qrnn_en_us_reco_20231010_fst_20230613_recospec_zip, pack_mapping_v1_lstm_20231127, transformer_latin_seg_tflite_20231010_zip, transformer_chinese_conf_tflite_20231016_zip, scribe_latin_20231123_recospec_zip, en_us_20230613_compact_fst_zip, scribe_chinese_20231123_tflite_zip, transformer_chinese_seg_tflite_20231016_zip, scribe_latin_20231123_tflite_zip, transformer_latin_conf_tflite_20231010_zip, scribe_chinese_20231123_recospec_zip, qrnn_zh_tw_reco_20231016_fst_20230706_recospec_zip] got for superpack: handwriting_recognition
02-12 12:48:32.543  1524  7113 I MDDSuperpacks: MDDSuperpacks.getPacks():548 getting packs for superpack: handwriting_recognition
02-12 12:48:32.553  1524  7113 I MDDSuperpacks: MDDSuperpacks.getPacks():548 getting packs for superpack: handwriting_recognition
02-12 12:48:32.554  1524  7669 I MDDSuperpacks: MDDSuperpacks$3.onSuccess():558 packs [transformer_latin_tflite_20231010_zip, transformer_chinese_tflite_20231016_zip, zh_tw_20230706_compact_fst_zip, qrnn_en_us_reco_20231010_fst_20230613_recospec_zip, pack_mapping_v1_lstm_20231127, transformer_latin_seg_tflite_20231010_zip, transformer_chinese_conf_tflite_20231016_zip, scribe_latin_20231123_recospec_zip, en_us_20230613_compact_fst_zip, scribe_chinese_20231123_tflite_zip, transformer_chinese_seg_tflite_20231016_zip, scribe_latin_20231123_tflite_zip, transformer_latin_conf_tflite_20231010_zip, scribe_chinese_20231123_recospec_zip, qrnn_zh_tw_reco_20231016_fst_20230706_recospec_zip] got for superpack: handwriting_recognition
02-12 12:48:32.571  1524  7113 I MDDSuperpacks: MDDSuperpacks.getPacks():548 getting packs for superpack: handwriting_recognition
02-12 12:48:32.571  1524  7410 I MDDSuperpacks: MDDSuperpacks$3.onSuccess():558 packs [transformer_latin_tflite_20231010_zip, transformer_chinese_tflite_20231016_zip, zh_tw_20230706_compact_fst_zip, qrnn_en_us_reco_20231010_fst_20230613_recospec_zip, pack_mapping_v1_lstm_20231127, transformer_latin_seg_tflite_20231010_zip, transformer_chinese_conf_tflite_20231016_zip, scribe_latin_20231123_recospec_zip, en_us_20230613_compact_fst_zip, scribe_chinese_20231123_tflite_zip, transformer_chinese_seg_tflite_20231016_zip, scribe_latin_20231123_tflite_zip, transformer_latin_conf_tflite_20231010_zip, scribe_chinese_20231123_recospec_zip, qrnn_zh_tw_reco_20231016_fst_20230706_recospec_zip] got for superpack: handwriting_recognition
02-12 12:48:32.578  1524  7435 I MDDSuperpacks: MDDSuperpacks$3.onSuccess():558 packs [transformer_latin_tflite_20231010_zip, transformer_chinese_tflite_20231016_zip, zh_tw_20230706_compact_fst_zip, qrnn_en_us_reco_20231010_fst_20230613_recospec_zip, pack_mapping_v1_lstm_20231127, transformer_latin_seg_tflite_20231010_zip, transformer_chinese_conf_tflite_20231016_zip, scribe_latin_20231123_recospec_zip, en_us_20230613_compact_fst_zip, scribe_chinese_20231123_tflite_zip, transformer_chinese_seg_tflite_20231016_zip, scribe_latin_20231123_tflite_zip, transformer_latin_conf_tflite_20231010_zip, scribe_chinese_20231123_recospec_zip, qrnn_zh_tw_reco_20231016_fst_20230706_recospec_zip] got for superpack: handwriting_recognition
02-12 12:48:32.677  1524  7834 I HWUI    : Davey! duration=782ms; Flags=0, FrameTimelineVsyncId=508332, IntendedVsync=5413386098688, Vsync=5414002765330, InputEventId=0, HandleInputStart=5414017867000, AnimationStart=5414017899800, PerformTraversalsStart=5414019847500, DrawStart=5414019967800, FrameDeadline=5414369431982, FrameStartTime=5414007925200, FrameInterval=16666666, WorkloadTarget=16666666, SyncQueued=5414020003400, SyncStart=5414277329100, IssueDrawCommandsStart=5414277362200, SwapBuffers=5414330552600, FrameCompleted=5414425820100, DequeueBufferDuration=87465500, QueueBufferDuration=276600, GpuCompleted=5414419779100, SwapBuffersCompleted=5414425820100, DisplayPresentTime=4611708008659943424, CommandSubmissionCompleted=5414330552600,
02-12 12:48:32.677   556   556 I BpBinder: onLastStrongRef automatically unlinking death recipients:
02-12 12:48:32.714   776   817 W IPCThreadState: Sending oneway calls to frozen process.
02-12 12:48:32.714   776   817 W IPCThreadState: Sending oneway calls to frozen process.
02-12 12:48:32.755   776   916 I ImeTracker: com.google.android.apps.nexuslauncher:61016f7: onRequestHide at ORIGIN_SERVER reason HIDE_UNSPECIFIED_WINDOW fromUser false
02-12 12:48:32.773  1524  1524 I GoogleInputMethodService: GoogleInputMethodService.onFinishInput():2043
02-12 12:48:32.775   776  2688 I ImeTracker: system_server:49b73031: onRequestHide at ORIGIN_SERVER reason IME_REQUESTED_CHANGED_LISTENER fromUser false
02-12 12:48:32.780   776   817 I ImeTracker: system_server:49b73031: onCancelled at PHASE_SERVER_SHOULD_HIDE
02-12 12:48:32.881   513   530 I RanchuHwc: logCompositionFallbackIfChanged: layer 602 CompositionType fallback from 2 to 1
02-12 12:48:32.894  1194  1194 D InsetsController: hide(ime(), fromIme=false)
02-12 12:48:32.894  1194  1194 I ImeTracker: com.google.android.apps.nexuslauncher:61016f7: onCancelled at PHASE_CLIENT_ALREADY_HIDDEN
02-12 12:48:32.915  1524  1524 I Module  : DeviceLockedStatusModuleProvider$Module.updateDeviceLockedStatus():100 repeatCheckTimes = 0, locked = false
