02-12 12:47:37.243  1524  7195 I KeyboardGroupDefParser: KeyboardGroupDefParser.parseKeyboardGroupDef():86 parseKeyboardGroupDef() 2132214032 -> 0_resource_name_obfuscated : WaitTime = 12 ms : RunTime = 0 ms
02-12 12:47:37.244  1524  7195 I KeyboardGroupDefParser: KeyboardGroupDefParser.parseKeyboardGroupDef():86 parseKeyboardGroupDef() 2132216938 -> 0_resource_name_obfuscated : WaitTime = 9 ms : RunTime = 0 ms
02-12 12:47:37.310   776  2005 D FileUtils: Rounded bytes from 2067259392 to 4000000000
02-12 12:47:37.349  1524  1524 I KeyboardThemeProvider: KeyboardThemeProvider.applyKeyboardTheme():27 Apply keyboard theme: theme_!gsf_!pgsans_!pgsf_!use_system_font_BORDER=true_FLAVOR_DPI=XXHDPI_KEYBOARD_WIDTH_CATEGORY=NORMAL_LIGHT_THEME=true_PHYSICAL_DIAGONAL=6.0111027_SCREEN_SHORTEST_WIDTH=411_SCREEN_SHORTEST_WIDTH_NO_SCALE=411_bottom4dp_enable_google_fonts_icons=true_enable_popup_on_keypress=true_keyboard_redesign_google_sans=true_noshadow_overlay_builtin_dynamic_color_light_base.binarypb:gm3-light-fffaf8ff-ff475d92-6dac7c28fa7faa76f8370bbfdbc77981_silkpopup_unify_function_key_color=true
02-12 12:47:37.350  1059  1284 W WindowOnBackDispatcher: sendCancelIfRunning: isInProgress=false callback=android.view.ViewRootImpl$$ExternalSyntheticLambda13@e24f78d
02-12 12:47:37.360   776   817 W IPCThreadState: Sending oneway calls to frozen process.
02-12 12:47:37.365  1524  1524 I AndroidIME: InputBundleManager.loadActiveInputBundleId():483 loadActiveInputBundleId: und-Latn-x-password, password
02-12 12:47:37.366  1524  1524 W NotificationCenter: NotificationCenter$NotificationQueue.notifyPendingNotificationsOnExecutor():877 Heavy notify work detected on UI thread: [kds->kgi] takes 139ms
02-12 12:47:37.366  1524  1524 I InputMethodEntryManager: InputMethodEntryManager.disableTemporaryEnabledEntries():2109
02-12 12:47:37.376  1524  1524 I SystemSubtypesReportModule: SystemSubtypesReportModule$2.onEnabledInputMethodEntriesChanged():131 1 entries
02-12 12:47:37.397  1524  1524 I HardKeyTracker: HardKeyTracker.unregisterKeySequence():182 Unregister key sequence lsr{labelResId=0, callback=jlb@baf5334, lastModifier=0, keyCodes=[59, 59], actions=[1, 0]}
02-12 12:47:37.397  1524  1524 I HardKeyTracker: HardKeyTracker.unregisterKeySequence():182 Unregister key sequence lsr{labelResId=0, callback=jlb@b782ba3, lastModifier=0, keyCodes=[60, 60], actions=[1, 0]}
02-12 12:47:37.397  1524  1524 I ModuleManager: ModuleManager$ModuleInitListener.maybeUnloadModuleOnUnavailable():1350 module kty is unavailable
02-12 12:47:37.406  1524  7195 I LatinImeEntryActivation: LatinImeActivationContentObserver.activeLanguagesHaveChanged():70 Active entries changed: [en-US, zh-XD] -> {en-US}
02-12 12:47:37.429  1524  1542 W putmethod.latin: Suspending all threads took: 13.642ms
02-12 12:47:37.437  1524  1524 W NotificationCenter: NotificationCenter$NotificationQueue.notifyPendingNotificationsOnExecutor():877 Heavy notify work detected on UI thread: [kig->jjs] takes 265ms
02-12 12:47:37.439  1524  7195 I LmManager: LmManager.asyncUpdateEnabledLanguageModels():96 asyncUpdateEnabledLanguageModels()
02-12 12:47:37.439  1524  7195 I SuperDelight: SuperDelightManager.initializeOverridesSuperpacks():405 initializeOverridesSuperpacks()
02-12 12:47:37.441  1524  7195 I DelightKLPDownloader: DelightKLPDownloader.downloadKLPInternal():199 downloading KLP for en_840
02-12 12:47:37.441  1524  7195 I ManifestedDataDownloader: ManifestedDataDownloader.download():63 downloading manifest https://www.gstatic.com/android/keyboard/dictionarypack/2025031619/metadata.json-perlang/en-840.json?v=2025052001
02-12 12:47:37.442  1524  7195 I SuperDelight: SuperDelightManager.initializeBundledDelightSuperpacks():379 initializeBundledDelightSuperpacks()
02-12 12:47:37.446  1524  7116 I DelightKLPDownloader: DelightKLPDownloader.downloadKLPInternal():199 downloading KLP for en_840
02-12 12:47:37.446  1524  1524 I PKIndicatorController: PKIndicatorController$3.maybeShowLanguageSwitchIndicator():137 Entry changed. Showing language indicator.
02-12 12:47:37.447  1524  7116 I ManifestedDataDownloader: ManifestedDataDownloader.download():63 downloading manifest https://www.gstatic.com/android/keyboard/dictionarypack/2025031619/metadata.json-perlang/en-840.json?v=2025052001
02-12 12:47:37.451  1524  7116 I MDDSuperpacks: MDDSuperpacks.getPacks():548 getting packs for superpack: handwriting_recognition
02-12 12:47:37.451  1524  1524 I HandwritingSuperpacks: HandwritingSuperpacks.register():273 register(): version '86', url 'https://dl.google.com/handwriting/models/handwriting_release.superpack_manifest.20231127.json' [ONLINE]
02-12 12:47:37.453  1524  1524 I HandwritingOfflineSuperpacks: HandwritingOfflineSuperpacks.syncInternal():80 no bundled lm for handwriting.
02-12 12:47:37.453  1524  1524 I DictionarySuperpacksManager: DictionarySuperpacksManager$1.onEnabledInputMethodEntriesChanged():65 onEnabledInputMethodEntriesChanged
02-12 12:47:37.458  1524  1524 I SystemSubtypesReportModule: SystemSubtypesReportModule$4.onSetCurrentInputMethodSubtype():192 en_US
02-12 12:47:37.458  1524  1524 I SystemSubtypesReportModule: SystemSubtypesReportModule$4.onSetCurrentInputMethodSubtype():204 Subtype en_US was caused by entry
02-12 12:47:37.458  1524  1524 I AbstractOpenableExtension: AbstractOpenableExtension$3.onSuccess():555 KeyboardGroupManager destroyed in fso.
02-12 12:47:37.458  1524  1524 I AbstractOpenableExtension: AbstractOpenableExtension$3.onSuccess():555 KeyboardGroupManager destroyed in fve.
02-12 12:47:37.460  1524  1524 I AbstractOpenableExtension: AbstractOpenableExtension$3.onFailure():563 Failed to load KeyboardGroupManager in fyg.
02-12 12:47:37.464  1653  7717 I AiAiEcho: Settings changed for uri: content://settings/secure/enabled_input_methods
02-12 12:47:37.465  1653  1847 I AiAiEcho: Predicting[0]:  [CONTEXT sampling_count=5 ]
02-12 12:47:37.465  1653  1847 I AiAiEcho: EchoTargets:
02-12 12:47:37.465  1653  1847 I AiAiEcho: Filtered by AiAi flag check:
02-12 12:47:37.465  1653  1847 I AiAiEcho: [CONTEXT ratelimit_period="10 SECONDS" ]
02-12 12:47:37.465  1653  1847 I AiAiEcho: #remoteViewsTwiddler: feature disabled.
02-12 12:47:37.473  1194  1194 D InsetsController: hide(ime(), fromIme=false)
02-12 12:47:37.473  1194  1194 I ImeTracker: com.google.android.apps.nexuslauncher:d880d29d: onCancelled at PHASE_CLIENT_ALREADY_HIDDEN
02-12 12:47:37.473  1653  1847 I AiAiEcho: #postPredictionTargets: Sending updates to UISurface home with targets# 0 (types=[])
02-12 12:47:37.476  1653  1847 I AiAiEcho: Predicting[0]:  [CONTEXT sampling_count=5 ]
02-12 12:47:37.476  1653  1847 I AiAiEcho: EchoTargets:
02-12 12:47:37.476  1653  1847 I AiAiEcho: Filtered by AiAi flag check:
02-12 12:47:37.476  1653  1847 I AiAiEcho: [CONTEXT ratelimit_period="10 SECONDS" ]
02-12 12:47:37.477  1653  1847 I AiAiEcho: #remoteViewsTwiddler: feature disabled.
02-12 12:47:37.479  1653  1847 I AiAiEcho: #postPredictionTargets: Sending updates to UISurface lockscreen with targets# 0 (types=[])
02-12 12:47:37.482  1194  1194 D SsBaseTemplateCard: No text view can be set up
02-12 12:47:37.482  1194  1194 D SsBaseTemplateCard: Passed-in item info is null
02-12 12:47:37.482  1194  1194 D SsBaseTemplateCard: Passed-in item info is null
02-12 12:47:37.483  1194  1194 D SsBaseTemplateCard: Passed-in item info is null
02-12 12:47:37.483  1194  1194 I SsBaseTemplateCard: Secondary card pane is null
02-12 12:47:37.483  1194  1194 D SsBaseTemplateCard: No text view can be set up
02-12 12:47:37.483  1194  1194 D SsBaseTemplateCard: Passed-in item info is null
02-12 12:47:37.483  1194  1194 D SsBaseTemplateCard: Passed-in item info is null
02-12 12:47:37.483  1194  1194 D SsBaseTemplateCard: Passed-in item info is null
02-12 12:47:37.483  1194  1194 I SsBaseTemplateCard: Secondary card pane is null
02-12 12:47:37.485  1059  1059 W PageIndicator: Total number of pages invalid: 0. Assuming 1 page.
02-12 12:47:37.497  1524  7114 I MDDSuperpacks: MDDSuperpacks.getPacks():548 getting packs for superpack: expressive_concepts
02-12 12:47:37.497  1524  7410 I MDDSuperpacks: MDDSuperpacks$3.onSuccess():558 packs [2020031023_en] got for superpack: expressive_concepts
02-12 12:47:37.508  1524  7189 I MDDSuperpacks: MDDSuperpacks.getPacks():548 getting packs for superpack: delight_overrides
02-12 12:47:37.536  1524  7195 I SuperDelight: SuperDelightManager.syncOverridesLanguageModels():687 SuperDelightManager#syncOverridesLanguageModels(): Superpack delight_overrides not found or negative version provided
02-12 12:47:37.612  1194  1194 D SsBaseTemplateCard: No text view can be set up
02-12 12:47:37.612  1194  1194 D SsBaseTemplateCard: Passed-in item info is null
02-12 12:47:37.612  1194  1194 D SsBaseTemplateCard: Passed-in item info is null
02-12 12:47:37.612  1194  1194 D SsBaseTemplateCard: Passed-in item info is null
02-12 12:47:37.612  1194  1194 I SsBaseTemplateCard: Secondary card pane is null
02-12 12:47:37.613  1194  1194 D ScalingWorkspaceRevealAnim: alpha of workspace at the end of animation: 1.0
02-12 12:47:37.629  7341  7341 D VRI[SettingsActivity]: visibilityChanged oldVisibility=true newVisibility=false
02-12 12:47:37.722  7391  7391 W WindowOnBackDispatcher: sendCancelIfRunning: isInProgress=false callback=android.view.ViewRootImpl$$ExternalSyntheticLambda13@f346138
02-12 12:47:37.829   776   822 W IPCThreadState: Sending oneway calls to frozen process.
02-12 12:47:37.847  7341  7341 I m.hank.clawlive: AssetManager2(0x78c8d329cad8) locale list changing from [zh-TW] to [en-US]
02-12 12:47:37.847  7341  7341 I m.hank.clawlive: AssetManager2(0x78c8d329a558) locale list changing from [zh-TW] to [en-US]
02-12 12:47:37.853  7391  7391 D ViewRootImpl: Skipping stats log for color mode
02-12 12:47:37.867  7341  7341 I m.hank.clawlive: AssetManager2(0x78c8d32995b8) locale list changing from [zh-TW] to [en-US]
02-12 12:47:38.037  7341  7341 D LifecycleMonitor: Lifecycle status change: com.hank.clawlive.SettingsActivity@c18c3af in: STOPPED
02-12 12:47:38.040  7341  7341 V ActivityScenario: Update currentActivityStage to STOPPED, currentActivity=com.hank.clawlive.SettingsActivity@c18c3af
02-12 12:47:38.046  7341  7341 D LifecycleMonitor: Lifecycle status change: com.hank.clawlive.SettingsActivity@c18c3af in: DESTROYED
02-12 12:47:38.046  7341  7341 V ActivityScenario: Update currentActivityStage to DESTROYED, currentActivity=null
02-12 12:47:38.048  7341  7358 I TestRunner: finished: testSettingsActivityInEnglish(com.hank.clawlive.BilingualVerificationTest)
