02-12 12:47:47.364  1524  1524 I ExtensionManager: ExtensionManager.updateExtensionWrappersMap():230 The same notification is already processed
02-12 12:47:47.371  1524  1524 I AbstractOpenableExtension: AbstractOpenableExtension.maybeDestroyExistingKeyboardGroupManager():537 Destroy existing keyboard group manager in fyg
02-12 12:47:47.373  1524  1524 I ModuleManager: ModuleManager$ModuleInitListener.maybeUnloadModuleOnUnavailable():1350 module IOcrEntryPointOpenableExtension is unavailable
02-12 12:47:47.384  1524  1524 I ExpressiveConceptsPredictionModuleImpl: ExpressiveConceptsPredictionModuleImpl.onDestroy():80 onDestroy()
02-12 12:47:47.389  1524  1524 I ModuleManager: ModuleManager$ModuleInitListener.maybeUnloadModuleOnUnavailable():1350 module ful is unavailable
02-12 12:47:47.391  1524  1524 I GoogleInputMethodService: GoogleInputMethodService.onCurrentInputMethodEntryChanged():2285 onCurrentInputMethodEntryChanged(): imeDefsChanged=true, entryLanguageVariantChanged=true, keyboardContextChanged=true
02-12 12:47:47.392  1524  1524 I GoogleInputMethodService: GoogleInputMethodService.clearInputMethodServiceData():1016 clearInputMethodServiceData for entryChange
02-12 12:47:47.393  1524  1524 I AbstractOpenableExtension: AbstractOpenableExtension.maybeDestroyExistingKeyboardGroupManager():537 Destroy existing keyboard group manager in fso
02-12 12:47:47.394  1524  1524 I AbstractOpenableExtension: AbstractOpenableExtension.createKeyboardGroupManagerListenableFuture():121 Create keyboard group manager listenable future in fso
02-12 12:47:47.394  1524  1524 I AbstractOpenableExtension: AbstractOpenableExtension.maybeDestroyExistingKeyboardGroupManager():537 Destroy existing keyboard group manager in fve
02-12 12:47:47.394  1524  1524 I AbstractOpenableExtension: AbstractOpenableExtension.createKeyboardGroupManagerListenableFuture():121 Create keyboard group manager listenable future in fve
02-12 12:47:47.396  1524  1524 I KeyboardHeightUtil: KeyboardHeightUtil.calculateMaxKeyboardBodyHeight():46 leave 281 height for app when ime window height:2219, header height:116 and isFullscreenMode:false, so the max keyboard body height is:1822
02-12 12:47:47.397  1524  1524 I KeyboardModeManager: KeyboardModeManager.onCurrentInputMethodEntryChanged():1400 Reload data for context change
02-12 12:47:47.397  1524  1524 I GoogleInputMethodService: GoogleInputMethodService.initializeInputMethodServiceData():834 initializeInputMethodServiceData for kek{languageTag=zh-TW, variant=zhuyin, hasLocalizedResources=true, conditionCacheKey=_app_first_start_timestamp=1770813848499_cache_additional_ime_defs_for_condition_change=false_cache_ime_defs_for_condition_change=false_deprecate_long_press_space_for_ime_picker=false_device=phone_device_size=default_enable_access_points_in_password_number=false_enable_chinese_inline_composing_shape_based=true_enable_chinese_inline_composing_zh_tw=true_enable_flick_symbols=true_enable_more_candidates_view_for_multilingual=false_enable_number_row=false_enable_preemptive_decode=true_enable_premium_exp_tablet_layout_change=false_enable_secondary_digits=true_enable_secondary_symbols=false_enable_voice_in_chinese=true_expressions=normal_four_or_more_letter_rows=false_keyboard_mode=normal_language=zh-TW_layout_9key_split=false_orientation=portrait_physical_keyboard=qwerty_pref_enable_chinese_inline_composing_tw=false_rtl_layout=false_show_secondary_digits=true_show_suggestions=true_split_with_duplicate_keys=true_variant=zhuyin_zhuyin_use_staggered_layout=false, imeDef.stringId=ime_zh_tw_zhuyin, imeDef.className=com.google.android.apps.inputmethod.libs.chinese.ime.AsyncChineseProcessorBasedIme, imeDef.languageTag=zh-XD}
02-12 12:47:47.400  1524  7195 I KeyboardGroupDefParser: KeyboardGroupDefParser.parseKeyboardGroupDef():86 parseKeyboardGroupDef() 2132214028 -> 0_resource_name_obfuscated : WaitTime = 6 ms : RunTime = 0 ms
02-12 12:47:47.401  1524  7195 I KeyboardGroupDefParser: KeyboardGroupDefParser.parseKeyboardGroupDef():86 parseKeyboardGroupDef() 2132214032 -> 0_resource_name_obfuscated : WaitTime = 5 ms : RunTime = 0 ms
02-12 12:47:47.403   776  1949 D FileUtils: Rounded bytes from 2067259392 to 4000000000
02-12 12:47:47.406  1524  1524 I KeyboardThemeProvider: KeyboardThemeProvider.applyKeyboardTheme():27 Apply keyboard theme: theme_!gsf_!pgsans_!pgsf_!use_system_font_BORDER=true_FLAVOR_DPI=XXHDPI_KEYBOARD_WIDTH_CATEGORY=NORMAL_LIGHT_THEME=true_PHYSICAL_DIAGONAL=6.0111027_SCREEN_SHORTEST_WIDTH=411_SCREEN_SHORTEST_WIDTH_NO_SCALE=411_bottom4dp_enable_google_fonts_icons=true_enable_popup_on_keypress=true_keyboard_redesign_google_sans=true_noshadow_overlay_builtin_dynamic_color_light_base.binarypb:gm3-light-fffaf8ff-ff475d92-6dac7c28fa7faa76f8370bbfdbc77981_silkpopup_unify_function_key_color=true
02-12 12:47:47.409  1524  1524 I AndroidIME: InputBundleManager.loadActiveInputBundleId():483 loadActiveInputBundleId: und-Latn-x-password-ascii, password_ascii
02-12 12:47:47.410  1524  1524 W NotificationCenter: NotificationCenter$NotificationQueue.notifyPendingNotificationsOnExecutor():877 Heavy notify work detected on UI thread: [kig->jjs] takes 385ms
02-12 12:47:47.411  1524  1524 I Choreographer: Skipped 46 frames!  The application may be doing too much work on its main thread.
02-12 12:47:47.413  1524  1524 I HandwritingSuperpacks: HandwritingSuperpacks.register():273 register(): version '86', url 'https://dl.google.com/handwriting/models/handwriting_release.superpack_manifest.20231127.json' [ONLINE]
02-12 12:47:47.414  1524  1524 I HandwritingOfflineSuperpacks: HandwritingOfflineSuperpacks.syncInternal():80 no bundled lm for handwriting.
02-12 12:47:47.414  1524  1524 I DictionarySuperpacksManager: DictionarySuperpacksManager$1.onEnabledInputMethodEntriesChanged():65 onEnabledInputMethodEntriesChanged
02-12 12:47:47.414  1524  1524 I SuperpacksManagerBase: SuperpacksManagerBase.registerSuperpackManifest():117 registerSuperpackManifest()
02-12 12:47:47.414  1524  1524 I SuperpacksManagerBase: SuperpacksManagerBase.getMetadataUriAndVersion():278 getMetadataUriAndVersion() :  2025082201 : https://www.gstatic.com/android/keyboard/hmmpack/2024120903/metadata_2024120903.json
02-12 12:47:47.414  1524  1524 I PKIndicatorController: PKIndicatorController$3.maybeShowLanguageSwitchIndicator():137 Entry changed. Showing language indicator.
02-12 12:47:47.422  1524  1524 I SystemSubtypesReportModule: SystemSubtypesReportModule$4.onSetCurrentInputMethodSubtype():192 zh_TW
02-12 12:47:47.426  1524  1524 I SystemSubtypesReportModule: SystemSubtypesReportModule$4.onSetCurrentInputMethodSubtype():204 Subtype zh_TW was caused by entry
02-12 12:47:47.430  1524  1524 I AbstractOpenableExtension: AbstractOpenableExtension$3.onSuccess():555 KeyboardGroupManager destroyed in fyg.
02-12 12:47:47.433  1524  1524 I AbstractOpenableExtension: AbstractOpenableExtension$3.onSuccess():555 KeyboardGroupManager destroyed in fso.
02-12 12:47:47.434  1524  1524 I AbstractOpenableExtension: AbstractOpenableExtension$3.onSuccess():555 KeyboardGroupManager destroyed in fve.
02-12 12:47:47.459  1653  7717 I AiAiEcho: Settings changed for uri: content://settings/secure/enabled_input_methods
02-12 12:47:47.467  1524  7195 I SuperDelight: SuperDelightManager.syncOverridesLanguageModels():687 SuperDelightManager#syncOverridesLanguageModels(): Superpack delight_overrides not found or negative version provided
02-12 12:47:47.475  1524  7195 I MDDSuperpacks: MDDSuperpacks.getPacks():548 getting packs for superpack: delight_overrides
02-12 12:47:47.487  1524  7196 I MDDSuperpacks: MDDSuperpacks$3.onSuccess():558 packs [transformer_latin_tflite_20231010_zip, transformer_chinese_tflite_20231016_zip, zh_tw_20230706_compact_fst_zip, qrnn_en_us_reco_20231010_fst_20230613_recospec_zip, pack_mapping_v1_lstm_20231127, transformer_latin_seg_tflite_20231010_zip, transformer_chinese_conf_tflite_20231016_zip, scribe_latin_20231123_recospec_zip, en_us_20230613_compact_fst_zip, scribe_chinese_20231123_tflite_zip, transformer_chinese_seg_tflite_20231016_zip, scribe_latin_20231123_tflite_zip, transformer_latin_conf_tflite_20231010_zip, scribe_chinese_20231123_recospec_zip, qrnn_zh_tw_reco_20231016_fst_20230706_recospec_zip] got for superpack: handwriting_recognition
02-12 12:47:47.501  1653  1847 I AiAiEcho: Predicting[0]:  [CONTEXT sampling_count=5 ]
02-12 12:47:47.501  1653  1847 I AiAiEcho: EchoTargets:
02-12 12:47:47.501  1653  1847 I AiAiEcho: Filtered by AiAi flag check:
02-12 12:47:47.501  1653  1847 I AiAiEcho: [CONTEXT ratelimit_period="10 SECONDS" ]
02-12 12:47:47.502  1653  1847 I AiAiEcho: #remoteViewsTwiddler: feature disabled.
02-12 12:47:47.502  1653  1847 I AiAiEcho: Predicting[0]:  [CONTEXT sampling_count=5 ]
02-12 12:47:47.502  1653  1847 I AiAiEcho: EchoTargets:
02-12 12:47:47.502  1653  1847 I AiAiEcho: Filtered by AiAi flag check:
02-12 12:47:47.502  1653  1847 I AiAiEcho: [CONTEXT ratelimit_period="10 SECONDS" ]
02-12 12:47:47.517  1524  7115 I HandwritingOnlineSuperpacks: HandwritingOnlineSuperpacks.syncInternal():168 syncPackMapping()
02-12 12:47:47.518  1524  7115 I MDDSuperpacks: MDDSuperpacks.sync():223 sync requested for handwriting_recognition
02-12 12:47:47.530  1524  7116 I MDDSuperpacks: MDDSuperpacks.getPacks():548 getting packs for superpack: handwriting_recognition
02-12 12:47:47.532   776   802 W System  : A resource failed to call release.
02-12 12:47:47.536   776   817 W IPCThreadState: Sending oneway calls to frozen process.
02-12 12:47:47.536   776   817 W IPCThreadState: Sending oneway calls to frozen process.
02-12 12:47:47.540  1524  7667 I MDDSuperpacks: MDDSuperpacks$3.onSuccess():558 packs [transformer_latin_tflite_20231010_zip, transformer_chinese_tflite_20231016_zip, zh_tw_20230706_compact_fst_zip, qrnn_en_us_reco_20231010_fst_20230613_recospec_zip, pack_mapping_v1_lstm_20231127, transformer_latin_seg_tflite_20231010_zip, transformer_chinese_conf_tflite_20231016_zip, scribe_latin_20231123_recospec_zip, en_us_20230613_compact_fst_zip, scribe_chinese_20231123_tflite_zip, transformer_chinese_seg_tflite_20231016_zip, scribe_latin_20231123_tflite_zip, transformer_latin_conf_tflite_20231010_zip, scribe_chinese_20231123_recospec_zip, qrnn_zh_tw_reco_20231016_fst_20230706_recospec_zip] got for superpack: handwriting_recognition
02-12 12:47:47.545   776   822 W IPCThreadState: Sending oneway calls to frozen process.
02-12 12:47:47.560  1653  1847 I AiAiEcho: #remoteViewsTwiddler: feature disabled.
02-12 12:47:47.572  1653  7717 I AiAiEcho: Settings changed for uri: content://settings/secure/input_methods_subtype_history
02-12 12:47:47.585  1653  7717 I AiAiEcho: Settings changed for uri: content://settings/secure/selected_input_method_subtype
02-12 12:47:47.605   776   802 W System  : A resource failed to call release.
02-12 12:47:47.606   776   802 W System  : A resource failed to call release.
02-12 12:47:47.607  1653  1847 I AiAiEcho: #postPredictionTargets: Sending updates to UISurface home with targets# 0 (types=[])
02-12 12:47:47.625  1653  1847 I AiAiEcho: #postPredictionTargets: Sending updates to UISurface lockscreen with targets# 0 (types=[])
02-12 12:47:47.625  1653  1847 I AiAiEcho: Predicting[0]:  [CONTEXT sampling_count=5 ]
02-12 12:47:47.625  1653  1847 I AiAiEcho: EchoTargets:
02-12 12:47:47.625  1653  1847 I AiAiEcho: Filtered by AiAi flag check:
02-12 12:47:47.625  1653  1847 I AiAiEcho: [CONTEXT ratelimit_period="10 SECONDS" ]
02-12 12:47:47.626  1653  1847 I AiAiEcho: #remoteViewsTwiddler: feature disabled.
02-12 12:47:47.626  1653  1847 I AiAiEcho: Predicting[0]:  [CONTEXT sampling_count=5 ]
02-12 12:47:47.626  1653  1847 I AiAiEcho: EchoTargets:
02-12 12:47:47.626  1653  1847 I AiAiEcho: Filtered by AiAi flag check:
02-12 12:47:47.626  1653  1847 I AiAiEcho: [CONTEXT ratelimit_period="10 SECONDS" ]
02-12 12:47:47.631  1653  1847 I AiAiEcho: #remoteViewsTwiddler: feature disabled.
02-12 12:47:47.631  1653  1847 I AiAiEcho: Predicting[0]:  [CONTEXT sampling_count=5 ]
02-12 12:47:47.632  1653  1847 I AiAiEcho: EchoTargets:
02-12 12:47:47.632  1653  1847 I AiAiEcho: Filtered by AiAi flag check:
02-12 12:47:47.632  1653  1847 I AiAiEcho: [CONTEXT ratelimit_period="10 SECONDS" ]
02-12 12:47:47.635  1653  1847 I AiAiEcho: #remoteViewsTwiddler: feature disabled.
02-12 12:47:47.639  1653  1847 I AiAiEcho: #postPredictionTargets: Sending updates to UISurface home with targets# 0 (types=[])
02-12 12:47:47.646  1194  1194 D SsBaseTemplateCard: No text view can be set up
02-12 12:47:47.646  1194  1194 D SsBaseTemplateCard: Passed-in item info is null
02-12 12:47:47.646  1194  1194 D SsBaseTemplateCard: Passed-in item info is null
02-12 12:47:47.646  1194  1194 D SsBaseTemplateCard: Passed-in item info is null
02-12 12:47:47.646  1194  1194 I SsBaseTemplateCard: Secondary card pane is null
02-12 12:47:47.648   776   802 W System  : A resource failed to call release.
02-12 12:47:47.649   776   802 W System  : A resource failed to call release.
02-12 12:47:47.649   776   802 W System  : A resource failed to call release.
02-12 12:47:47.651  1653  1847 I AiAiEcho: Predicting[0]:  [CONTEXT sampling_count=5 ]
02-12 12:47:47.654  1653  1847 I AiAiEcho: EchoTargets:
02-12 12:47:47.654  1653  1847 I AiAiEcho: Filtered by AiAi flag check:
02-12 12:47:47.654  1653  1847 I AiAiEcho: [CONTEXT ratelimit_period="10 SECONDS" ]
02-12 12:47:47.659  1653  1847 I AiAiEcho: #remoteViewsTwiddler: feature disabled.
02-12 12:47:47.664  1653  1847 I AiAiEcho: #postPredictionTargets: Sending updates to UISurface lockscreen with targets# 0 (types=[])
02-12 12:47:47.667  1653  1847 I AiAiEcho: #postPredictionTargets: Sending updates to UISurface home with targets# 0 (types=[])
02-12 12:47:47.671  7341  7341 I System.out: === EntityManagerActivity in ENGLISH ===
02-12 12:47:47.671  7341  7341 I System.out:   TextView: å¯¦é«”
02-12 12:47:47.672  7341  7341 I System.out:   TextView: 0/4
02-12 12:47:47.672  7341  7341 I System.out:   TextView: å°šæœªé€£æŽ¥ä»»ä½•ä»£ç†
02-12 12:47:47.672  7341  7341 I System.out:   TextView: é‡æ–°æ•´ç†
02-12 12:47:47.676  1653  1847 I AiAiEcho: #postPredictionTargets: Sending updates to UISurface lockscreen with targets# 0 (types=[])
02-12 12:47:47.703  1194  1194 D SsBaseTemplateCard: No text view can be set up
02-12 12:47:47.704  1194  1194 D SsBaseTemplateCard: Passed-in item info is null
02-12 12:47:47.707   776  2005 V GrammaticalInflectionUtils: AttributionSource: android.content.AttributionSource@6dfec80e does not have READ_SYSTEM_GRAMMATICAL_GENDER permission.
02-12 12:47:47.724  1194  1194 D SsBaseTemplateCard: Passed-in item info is null
02-12 12:47:47.725  1194  1194 D SsBaseTemplateCard: Passed-in item info is null
02-12 12:47:47.725  1194  1194 I SsBaseTemplateCard: Secondary card pane is null
02-12 12:47:47.751  7341  7341 D LifecycleMonitor: Lifecycle status change: com.hank.clawlive.EntityManagerActivity@bf1d49b in: PAUSED
02-12 12:47:47.756  7341  7341 V ActivityScenario: Update currentActivityStage to PAUSED, currentActivity=com.hank.clawlive.EntityManagerActivity@bf1d49b
02-12 12:47:47.759  1059  1059 W PageIndicator: Total number of pages invalid: 0. Assuming 1 page.
02-12 12:47:47.760  1059  1059 W PageIndicator: Total number of pages invalid: 0. Assuming 1 page.
02-12 12:47:47.762  1059  1059 W PageIndicator: Total number of pages invalid: 0. Assuming 1 page.
02-12 12:47:47.781  7391  7408 I EGL_emulation: Opening libGLESv1_CM_emulation.so
02-12 12:47:47.781  7391  7408 I EGL_emulation: Opening libGLESv2_emulation.so
02-12 12:47:47.821  7391  7408 W HWUI    : Failed to choose config with EGL_SWAP_BEHAVIOR_PRESERVED, retrying without...
02-12 12:47:47.821  7391  7408 W HWUI    : Failed to initialize 101010-2 format, error = EGL_SUCCESS
02-12 12:47:47.857   776   817 W IPCThreadState: Sending oneway calls to frozen process.
02-12 12:47:47.860   776   817 W IPCThreadState: Sending oneway calls to frozen process.
02-12 12:47:47.892  1524  1591 I putmethod.latin: WaitForGcToComplete blocked ProfileSaver on Background for 960.792ms
02-12 12:47:47.957   556   556 I BpBinder: onLastStrongRef automatically unlinking death recipients:
02-12 12:47:47.971  1194  1194 D SsBaseTemplateCard: No text view can be set up
02-12 12:47:47.972  1194  1194 D SsBaseTemplateCard: Passed-in item info is null
02-12 12:47:47.977  1194  1194 D SsBaseTemplateCard: Passed-in item info is null
02-12 12:47:47.977  1194  1194 D SsBaseTemplateCard: Passed-in item info is null
02-12 12:47:47.977  1194  1194 I SsBaseTemplateCard: Secondary card pane is null
02-12 12:47:48.026   671   756 W IPCThreadState: Sending oneway calls to frozen process.
02-12 12:47:48.312  1524  1542 W putmethod.latin: Suspending all threads took: 62.080ms
02-12 12:47:48.612  1524  1524 I Choreographer: Skipped 43 frames!  The application may be doing too much work on its main thread.
02-12 12:47:48.739  1524  7669 I SuperDelight: SuperDelightBundledMetadataParser.addSystemLms():202 system lm dir /system/usr/share/ime/google/d3_lms does not exist or is not readable
02-12 12:47:48.741  1524  7195 I SuperpacksManagerBase: SuperpacksManagerBase.registerSuperpackManifest():134 registerSuperpackManifest(): current 2025082201, required 2025082201
02-12 12:47:48.742  1524  7435 E MDDSuperpacks: MDDSuperpacks.parseManifest():476 cannot find metadata for delight_overrides
02-12 12:47:48.747  1524  7669 I SuperDelight: SuperDelightBundledMetadataParser.parse():192 SuperDelightBundledMetadataParser#parse(): manifest parsed with 1 packs
02-12 12:47:48.758  1524  7410 I DownloadManager: DownloadManager.downloadInternal():412 Download for __SP_MANIFEST_bundled_delight scheduled with params DownloadParams{allowMetered=true, requireCharging=false, foreground=false, immediately=true, priority=0}
02-12 12:47:48.758  1524  7410 I DownloadManager: DownloadManager.startDownload():495 start download of __SP_MANIFEST_bundled_delight
02-12 12:47:48.759  1524  7410 I DownloadManager: DownloadManager.downloadInternal():412 Download for __KLP_manifest_delight__en-840 scheduled with params DownloadParams{allowMetered=true, requireCharging=false, foreground=false, immediately=true, priority=0}
02-12 12:47:48.759  1524  7410 I DownloadManager: DownloadManager.startDownload():495 start download of __KLP_manifest_delight__en-840
02-12 12:47:48.759  1524  7410 I DownloadManager: DownloadManager$4.onFailure():573 download for __KLP_manifest_delight__en-840 is cancelled
02-12 12:47:48.759  1524  7410 I DownloadManager: DownloadManager.downloadInternal():410 Previous download for __KLP_manifest_delight__en-840 is cancelled
02-12 12:47:48.760  1524  7410 I DownloadManager: DownloadManager.downloadInternal():412 Download for __KLP_manifest_delight__en-840 scheduled with params DownloadParams{allowMetered=true, requireCharging=false, foreground=false, immediately=true, priority=0}
02-12 12:47:48.760  1524  7410 I DownloadManager: DownloadManager.startDownload():495 start download of __KLP_manifest_delight__en-840
02-12 12:47:48.765  1524  7667 I SuperDelight: SuperDelightBundledMetadataParser.addSystemLms():202 system lm dir /system/usr/share/ime/google/d3_lms does not exist or is not readable
02-12 12:47:48.773  1524  7435 W MDDSuperpacks: MDDSuperpacks.constructPackSet():578 file group is empty
02-12 12:47:48.776  1524  7669 I MDDSuperpacks: MDDSuperpacks$3.onSuccess():558 packs [] got for superpack: delight_overrides
02-12 12:47:48.783  1524  7667 I SuperDelight: SuperDelightBundledMetadataParser.parse():192 SuperDelightBundledMetadataParser#parse(): manifest parsed with 1 packs
02-12 12:47:48.789  1524  7435 I MDDSuperpacks: MDDSuperpacks.getPacks():548 getting packs for superpack: bundled_delight
02-12 12:47:48.809  1524  7189 I SuperDelight: SuperDelightManager$2.onSuccess():635 delight_overrides sync success, adding to data file manager
02-12 12:47:48.835  1524  7667 I MDDSuperpacks: MDDSuperpacks.getPacks():548 getting packs for superpack: handwriting_recognition
02-12 12:47:48.930  1059  1066 I ndroid.systemui: NativeAlloc concurrent mark compact GC freed 5056KB AllocSpace bytes, 3(60KB) LOS objects, 49% free, 21MB/42MB, paused 6.330ms,4.972ms total 1.148s
02-12 12:47:48.938  1524  4435 I HWUI    : Davey! duration=924ms; Flags=1, FrameTimelineVsyncId=495193, IntendedVsync=5369669433770, Vsync=5369686100436, InputEventId=0, HandleInputStart=5369694793400, AnimationStart=5369694827900, PerformTraversalsStart=5369694884900, DrawStart=5370329140100, FrameDeadline=5369686100436, FrameStartTime=5369694750500, FrameInterval=16666666, WorkloadTarget=16666666, SyncQueued=5370329792300, SyncStart=5370406868900, IssueDrawCommandsStart=5370407015200, SwapBuffers=5370427441900, FrameCompleted=5370671365500, DequeueBufferDuration=39400, QueueBufferDuration=1034000, GpuCompleted=5370671365500, SwapBuffersCompleted=5370523660000, DisplayPresentTime=16595753635840, CommandSubmissionCompleted=5370427441900,
02-12 12:47:49.002  1524  7667 I MDDSuperpacks: MDDSuperpacks$3.onSuccess():558 packs [7a635888cb828dfa2fc744b7b9b50f04, c5c37e938eec559132ebd6c6245d763a] got for superpack: emoticon_content_description
02-12 12:47:49.009  1524  7669 I MDDSuperpacks: MDDSuperpacks.getPacks():548 getting packs for superpack: emoticon_content_description
02-12 12:47:49.031  1524  7410 I DownloadManager: DownloadManager.downloadInternal():412 Download for __SP_MANIFEST_handwriting_recognition scheduled with params DownloadParams{allowMetered=true, requireCharging=false, foreground=false, immediately=true, priority=0}
02-12 12:47:49.035  1524  7410 I DownloadManager: DownloadManager.startDownload():495 start download of __SP_MANIFEST_handwriting_recognition
02-12 12:47:49.038  1524  7669 I MDDSuperpacks: MDDSuperpacks$3.onSuccess():558 packs [transformer_latin_tflite_20231010_zip, transformer_chinese_tflite_20231016_zip, zh_tw_20230706_compact_fst_zip, qrnn_en_us_reco_20231010_fst_20230613_recospec_zip, pack_mapping_v1_lstm_20231127, transformer_latin_seg_tflite_20231010_zip, transformer_chinese_conf_tflite_20231016_zip, scribe_latin_20231123_recospec_zip, en_us_20230613_compact_fst_zip, scribe_chinese_20231123_tflite_zip, transformer_chinese_seg_tflite_20231016_zip, scribe_latin_20231123_tflite_zip, transformer_latin_conf_tflite_20231010_zip, scribe_chinese_20231123_recospec_zip, qrnn_zh_tw_reco_20231016_fst_20230706_recospec_zip] got for superpack: handwriting_recognition
02-12 12:47:49.042  1524  7116 I MDDSuperpacks: MDDSuperpacks.getPacks():548 getting packs for superpack: handwriting_recognition
02-12 12:47:49.048  1524  7669 I SuperDelight: SuperDelightBundledMetadataParser.addSystemLms():202 system lm dir /system/usr/share/ime/google/d3_lms does not exist or is not readable
02-12 12:47:49.052  1524  7410 I DownloadManager: DownloadManager$4.onSuccess():564 download for __SP_MANIFEST_bundled_delight is finished with files # mxp@58d99e11
02-12 12:47:49.055  1524  7669 I SuperDelight: SuperDelightBundledMetadataParser.parse():192 SuperDelightBundledMetadataParser#parse(): manifest parsed with 1 packs
02-12 12:47:49.076  1059  1284 I Choreographer: Skipped 40 frames!  The application may be doing too much work on its main thread.
02-12 12:47:49.103  1524  7410 I DownloadManager: DownloadManager$4.onSuccess():564 download for __KLP_manifest_delight__en-840 is finished with files # mxp@1da44f1e
02-12 12:47:49.129  1524  7667 I MDDSuperpacks: MDDSuperpacks$3.onSuccess():558 packs [main_en_us_2024102000_2] got for superpack: bundled_delight
02-12 12:47:49.133  1524  7435 I SuperDelight: SuperDelightBundledSlicingStrategy.getSlices():41 BundledSlicing#getSlices() : Locale = [en_US]
02-12 12:47:49.140  1524  7435 I SuperDelight: SuperDelightBundledSlicingStrategy.getSlices():67 BundledSlicing#getSlices(): result {slices=[bundled_delight:main_en_us_2024102000_2], last batch=true, sync metadata=false}
02-12 12:47:49.144  1524  7667 I MDDSuperpacks: MDDSuperpacks.getPacks():548 getting packs for superpack: bundled_delight
02-12 12:47:49.152  1524  7669 I MDDSuperpacks: MDDSuperpacks$3.onSuccess():558 packs [7a635888cb828dfa2fc744b7b9b50f04, c5c37e938eec559132ebd6c6245d763a] got for superpack: emoticon_content_description
02-12 12:47:49.157  1524  7435 I HandwritingSlicingStrategy: HandwritingSlicingStrategy.getSlices():44 getSlices(): handwriting_recognition.86 useForeground=true
02-12 12:47:49.158  1524  7435 I HandwritingSlicingStrategy: HandwritingSlicingStrategy.getSlices():103 getSlices(): result {slices=[{handwriting_recognition:pack_mapping_v1_lstm_20231127, m:*:*:*, fg}, {handwriting_recognition:transformer_latin_tflite_20231010_zip, m:*:*:*, fg}, {handwriting_recognition:qrnn_en_us_reco_20231010_fst_20230613_recospec_zip, m:*:*:*, fg}, {handwriting_recognition:transformer_latin_conf_tflite_20231010_zip, m:*:*:*, fg}, {handwriting_recognition:transformer_latin_seg_tflite_20231010_zip, m:*:*:*, fg}, {handwriting_recognition:en_us_20230613_compact_fst_zip, m:*:*:*, fg}, {handwriting_recognition:scribe_chinese_20231123_recospec_zip, m:*:*:*, fg}, {handwriting_recognition:scribe_chinese_20231123_tflite_zip, m:*:*:*, fg}, {handwriting_recognition:transformer_chinese_tflite_20231016_zip, m:*:*:*, fg}, {handwriting_recognition:zh_tw_20230706_compact_fst_zip, m:*:*:*, fg}, {handwriting_recognition:transformer_chinese_conf_tflite_20231016_zip, m:*:*:*, fg}, {handwriting_recognition:qrnn_zh_tw_reco_20231016_fst_20230706_recospec_zip, m:*:*:*, fg}, {handwriting_recognition:transformer_chinese_seg_tflite_20231016_zip, m:*:*:*, fg}, {handwriting_recognition:scribe_latin_20231123_tflite_zip, m:*:*:*, fg}, {handwriting_recognition:scribe_latin_20231123_recospec_zip, m:*:*:*, fg}], last batch=true, sync metadata=false}
02-12 12:47:49.169  1524  7410 I DownloadManager: DownloadManager$4.onSuccess():564 download for __SP_MANIFEST_handwriting_recognition is finished with files # mxp@1c734294
02-12 12:47:49.176  1524  7666 I MDDSuperpacks: MDDSuperpacks$2.onSuccess():274 Sync success for emoticon_content_description with result: {old=[7a635888cb828dfa2fc744b7b9b50f04, c5c37e938eec559132ebd6c6245d763a], new=[7a635888cb828dfa2fc744b7b9b50f04, c5c37e938eec559132ebd6c6245d763a], metadata=false, last batch=true}
02-12 12:47:49.180  1524  4435 I HWUI    : Davey! duration=996ms; Flags=0, FrameTimelineVsyncId=495229, IntendedVsync=5369802767098, Vsync=5370519433736, InputEventId=0, HandleInputStart=5370533977800, AnimationStart=5370534017500, PerformTraversalsStart=5370534431500, DrawStart=5370534868400, FrameDeadline=5370702767062, FrameStartTime=5370528225900, FrameInterval=16666666, WorkloadTarget=16666666, SyncQueued=5370534899800, SyncStart=5370535097400, IssueDrawCommandsStart=5370535204100, SwapBuffers=5370622104700, FrameCompleted=5370799268800, DequeueBufferDuration=38800, QueueBufferDuration=3307900, GpuCompleted=5370799268800, SwapBuffersCompleted=5370710250100, DisplayPresentTime=17592186048512, CommandSubmissionCompleted=5370622104700,
02-12 12:47:49.189  1524  7410 I DownloadManager: DownloadManager.downloadInternal():412 Download for __SP_MANIFEST_hmmdictionary scheduled with params DownloadParams{allowMetered=true, requireCharging=false, foreground=false, immediately=true, priority=0}
02-12 12:47:49.189  1524  7410 I DownloadManager: DownloadManager.startDownload():495 start download of __SP_MANIFEST_hmmdictionary
02-12 12:47:49.198  1524  7116 I MDDSuperpacks: MDDSuperpacks.getPacks():548 getting packs for superpack: handwriting_recognition
02-12 12:47:49.204  1524  7669 I MDDSuperpacks: MDDSuperpacks$3.onSuccess():558 packs [transformer_latin_tflite_20231010_zip, transformer_chinese_tflite_20231016_zip, zh_tw_20230706_compact_fst_zip, qrnn_en_us_reco_20231010_fst_20230613_recospec_zip, pack_mapping_v1_lstm_20231127, transformer_latin_seg_tflite_20231010_zip, transformer_chinese_conf_tflite_20231016_zip, scribe_latin_20231123_recospec_zip, en_us_20230613_compact_fst_zip, scribe_chinese_20231123_tflite_zip, transformer_chinese_seg_tflite_20231016_zip, scribe_latin_20231123_tflite_zip, transformer_latin_conf_tflite_20231010_zip, scribe_chinese_20231123_recospec_zip, qrnn_zh_tw_reco_20231016_fst_20230706_recospec_zip] got for superpack: handwriting_recognition
02-12 12:47:49.208  1524  7666 I MDDSuperpacks: MDDSuperpacks$3.onSuccess():558 packs [main_en_us_2024102000_2] got for superpack: bundled_delight
02-12 12:47:49.224  1524  7189 I SuperDelight: SuperDelightManager.syncBundledLanguageModels():773 SuperDelightManager#syncBundledLanguageModels(): Syncing for version 2025021100
02-12 12:47:49.228  1524  7189 I MDDSuperpacks: MDDSuperpacks.sync():223 sync requested for bundled_delight
02-12 12:47:49.230  1524  7189 I LmManager: LmManager$1.onFailure():87 Bundled delight sync failed
02-12 12:47:49.230  1524  7189 I LmManager: java.util.concurrent.CancellationException: Task was cancelled.
02-12 12:47:49.230  1524  7189 I LmManager: 	at qcq.r(PG:33)
02-12 12:47:49.230  1524  7189 I LmManager: 	at qcq.get(PG:3)
02-12 12:47:49.230  1524  7189 I LmManager: 	at a.k(PG:2)
02-12 12:47:49.230  1524  7189 I LmManager: 	at pqu.E(PG:10)
02-12 12:47:49.230  1524  7189 I LmManager: 	at qek.run(PG:88)
02-12 12:47:49.230  1524  7189 I LmManager: 	at qds.execute(PG:1)
02-12 12:47:49.230  1524  7189 I LmManager: 	at qcq.h(PG:1)
02-12 12:47:49.230  1524  7189 I LmManager: 	at qcq.k(PG:101)
02-12 12:47:49.230  1524  7189 I LmManager: 	at qcq.cancel(PG:53)
02-12 12:47:49.230  1524  7189 I LmManager: 	at dmp.g(PG:37)
02-12 12:47:49.230  1524  7189 I LmManager: 	at dga.apply(PG:328)
02-12 12:47:49.230  1524  7189 I LmManager: 	at l$$ExternalSyntheticApiModelOutline0.m(D8$$SyntheticClass:42)
02-12 12:47:49.230  1524  7189 I LmManager: 	at dmt.x(PG:16)
02-12 12:47:49.230  1524  7189 I LmManager: 	at dmt.k(PG:14)
02-12 12:47:49.230  1524  7189 I LmManager: 	at djw.a(PG:504)
02-12 12:47:49.230  1524  7189 I LmManager: 	at qcs.e(PG:3)
02-12 12:47:49.230  1524  7189 I LmManager: 	at qcu.run(PG:38)
02-12 12:47:49.230  1524  7189 I LmManager: 	at jab.run(PG:51)
02-12 12:47:49.230  1524  7189 I LmManager: 	at java.util.concurrent.ThreadPoolExecutor.runWorker(ThreadPoolExecutor.java:1156)
02-12 12:47:49.230  1524  7189 I LmManager: 	at java.util.concurrent.ThreadPoolExecutor$Worker.run(ThreadPoolExecutor.java:651)
02-12 12:47:49.230  1524  7189 I LmManager: 	at java.lang.Thread.run(Thread.java:1119)
02-12 12:47:49.230  1524  7189 I LmManager: 	at izq.run(PG:8)
02-12 12:47:49.231  1524  7189 I MDDSuperpacks: MDDSuperpacks.getPacks():548 getting packs for superpack: bundled_delight
02-12 12:47:49.231  1524  7196 I MDDSuperpacks: MDDSuperpacks$3.onSuccess():558 packs [transformer_latin_tflite_20231010_zip, transformer_chinese_tflite_20231016_zip, zh_tw_20230706_compact_fst_zip, qrnn_en_us_reco_20231010_fst_20230613_recospec_zip, pack_mapping_v1_lstm_20231127, transformer_latin_seg_tflite_20231010_zip, transformer_chinese_conf_tflite_20231016_zip, scribe_latin_20231123_recospec_zip, en_us_20230613_compact_fst_zip, scribe_chinese_20231123_tflite_zip, transformer_chinese_seg_tflite_20231016_zip, scribe_latin_20231123_tflite_zip, transformer_latin_conf_tflite_20231010_zip, scribe_chinese_20231123_recospec_zip, qrnn_zh_tw_reco_20231016_fst_20230706_recospec_zip] got for superpack: handwriting_recognition
02-12 12:47:49.233  1524  7454 I MDDSuperpacks: MDDSuperpacks.getPacks():548 getting packs for superpack: handwriting_recognition
02-12 12:47:49.234  1524  7115 I HandwritingOnlineSuperpacks: HandwritingOnlineSuperpacks.syncInternal():168 syncPackMapping()
02-12 12:47:49.235  1524  7115 I MDDSuperpacks: MDDSuperpacks.sync():223 sync requested for handwriting_recognition
02-12 12:47:49.237  1524  7117 I MDDSuperpacks: MDDSuperpacks$2.onFailure():281 Sync for handwriting_recognition cancelled
02-12 12:47:49.238  1524  7115 I AbstractSyncResultCallback: AbstractSyncResultCallback.onFailure():38 onFailure(): handwriting_recognition.sync cancelled; expected if new request supersedes pending one.
02-12 12:47:49.248  1524  7410 I DownloadManager: DownloadManager$4.onSuccess():564 download for __SP_MANIFEST_hmmdictionary is finished with files # mxp@5365d94c
02-12 12:47:49.254  1194  1194 D ViewRootImpl: Skipping stats log for color mode
02-12 12:47:49.263  1194  1194 D StatsLog: LAUNCHER_ONRESUME
02-12 12:47:49.280  1059  1068 W System  : A resource failed to call release.
02-12 12:47:49.281  1059  1068 W System  : A resource failed to call release.
02-12 12:47:49.282  1059  1068 W System  : A resource failed to call release.
02-12 12:47:49.282  1059  1068 W System  : A resource failed to call release.
02-12 12:47:49.284  1059  1068 W System  : A resource failed to call release.
02-12 12:47:49.284  1059  1068 W System  : A resource failed to call release.
02-12 12:47:49.284  1059  1068 W System  : A resource failed to call release.
02-12 12:47:49.285  1059  1068 W System  : A resource failed to call release.
02-12 12:47:49.285  1059  1068 W System  : A resource failed to call release.
02-12 12:47:49.285  1059  1068 W System  : A resource failed to call release.
02-12 12:47:49.286  1059  1068 W System  : A resource failed to call release.
02-12 12:47:49.286  1059  1068 W System  : A resource failed to call release.
02-12 12:47:49.286  1059  1068 W System  : A resource failed to call release.
02-12 12:47:49.289  1194  1194 D NexusLauncherModelDelegate: notifySmartspaceEvent: SmartspaceTargetEvent{mSmartspaceTarget=null, mSmartspaceActionId='null', mEventType=6}
02-12 12:47:49.289  1059  1068 W System  : A resource failed to call release.
02-12 12:47:49.289  1059  1068 W System  : A resource failed to call release.
02-12 12:47:49.289  1059  1068 W System  : A resource failed to call release.
02-12 12:47:49.304  1059  1068 W System  : A resource failed to call release.
02-12 12:47:49.304  1059  1068 W System  : A resource failed to call release.
02-12 12:47:49.304  1059  1068 W System  : A resource failed to call release.
02-12 12:47:49.305  1059  1068 W System  : A resource failed to call release.
02-12 12:47:49.305  1059  1068 W System  : A resource failed to call release.
02-12 12:47:49.305  1059  1068 W System  : A resource failed to call release.
02-12 12:47:49.305  1059  1068 W System  : A resource failed to call release.
02-12 12:47:49.305  1059  1068 W System  : A resource failed to call release.
02-12 12:47:49.305  1059  1068 W System  : A resource failed to call release.
02-12 12:47:49.305  1059  1068 W System  : A resource failed to call release.
02-12 12:47:49.306  1059  1068 W System  : A resource failed to call release.
02-12 12:47:49.309  1059  1068 W System  : A resource failed to call release.
02-12 12:47:49.309  1059  1068 W System  : A resource failed to call release.
02-12 12:47:49.309  1059  1068 W System  : A resource failed to call release.
02-12 12:47:49.309  1059  1068 W System  : A resource failed to call release.
02-12 12:47:49.309  1059  1068 W System  : A resource failed to call release.
02-12 12:47:49.338  1194  1260 D QuickstepModelDelegate: notifyAppTargetEvent action=1 launchLocation=workspace/0/[-1,-1]/[1,1]
02-12 12:47:49.345  1194  1194 D BaseDepthController: setSurface:
02-12 12:47:49.345  1194  1194 D BaseDepthController: 	mWaitingOnSurfaceValidity: false
02-12 12:47:49.345  1194  1194 D BaseDepthController: 	mBaseSurface: Surface(name=com.google.android.apps.nexuslauncher/com.google.android.apps.nexuslauncher.NexusLauncherActivity)/@0x4cd22b4
02-12 12:47:49.349  1524  7666 I MDDSuperpacks: MDDSuperpacks$2.onFailure():281 Sync for bundled_delight cancelled
02-12 12:47:49.431  1653  1847 I AiAiEcho: Predicting[0]:  [CONTEXT sampling_count=5 ]
02-12 12:47:49.443  1653  1847 I AiAiEcho: EchoTargets:
02-12 12:47:49.443  1653  1847 I AiAiEcho: Filtered by AiAi flag check:
02-12 12:47:49.443  1653  1847 I AiAiEcho: [CONTEXT ratelimit_period="10 SECONDS" ]
02-12 12:47:49.449  1653  1847 I AiAiEcho: #remoteViewsTwiddler: feature disabled.
02-12 12:47:49.455  1653  1847 I AiAiEcho: #postPredictionTargets: Sending updates to UISurface home with targets# 0 (types=[])
02-12 12:47:49.460  1524  1542 W putmethod.latin: Suspending all threads took: 100.074ms
02-12 12:47:49.493  1059  7681 I HWUI    : Davey! duration=742ms; Flags=1, FrameTimelineVsyncId=495272, IntendedVsync=5370286100412, Vsync=5370302767078, InputEventId=0, HandleInputStart=5370315946200, AnimationStart=5370316021800, PerformTraversalsStart=5370316212800, DrawStart=5370666861500, FrameDeadline=5370302767078, FrameStartTime=5370315910400, FrameInterval=16666666, WorkloadTarget=16666666, SyncQueued=5370667238300, SyncStart=5370718760800, IssueDrawCommandsStart=5370719040900, SwapBuffers=5370719416500, FrameCompleted=5371079877100, DequeueBufferDuration=39000, QueueBufferDuration=1840700, GpuCompleted=5371079877100, SwapBuffersCompleted=5370983657700, DisplayPresentTime=0, CommandSubmissionCompleted=5370719416500,
02-12 12:47:49.533  1524  7114 I ManifestedDataDownloader: ManifestedDataDownloader.checkVersionAndDownload():91 filegroup __KLP_delight__en-840 with version 2025031300 is already downloaded
02-12 12:47:49.533  1524  7114 I ManifestedDataDownloader: ManifestedDataDownloader.checkVersionAndDownload():91 filegroup __KLP_delight__en-840 with version 2025031300 is already downloaded
02-12 12:47:49.534  1524  7195 I SuperDelight: SuperDelightManager$2.onSuccess():635 bundled_delight sync success, adding to data file manager
02-12 12:47:49.539  1524  7114 I DelightKLPDownloader: DelightKLPDownloader$2.onSuccess():222 klp en_840 downloaded with version 2025031300
02-12 12:47:49.548  1524  7195 I DataFileManager: DataFileManager.addDataWithoutNotify():181 data en-US already exists
02-12 12:47:49.549  1524  7410 I MDDSuperpacks: MDDSuperpacks$3.onSuccess():558 packs [main_en_us_2024102000_2] got for superpack: bundled_delight
02-12 12:47:49.555  1524  7667 E MDDSuperpacks: MDDSuperpacks.parseManifest():476 cannot find metadata for delight_overrides
02-12 12:47:49.555  1524  7113 I DelightKLPDownloader: DelightKLPDownloader$2.onSuccess():222 klp en_840 downloaded with version 2025031300
02-12 12:47:49.562  1524  7435 I SuperDelight: SuperDelightBundledMetadataParser.addSystemLms():202 system lm dir /system/usr/share/ime/google/d3_lms does not exist or is not readable
02-12 12:47:49.576  1524  7435 I SuperDelight: SuperDelightBundledMetadataParser.parse():192 SuperDelightBundledMetadataParser#parse(): manifest parsed with 1 packs
02-12 12:47:49.576  1524  7455 I SuperDelight: SuperDelightBundledMetadataParser.addSystemLms():202 system lm dir /system/usr/share/ime/google/d3_lms does not exist or is not readable
02-12 12:47:49.579  1524  7195 I MDDSuperpacks: MDDSuperpacks.sync():223 sync requested for hmmdictionary
02-12 12:47:49.581  1524  7455 I SuperDelight: SuperDelightBundledMetadataParser.parse():192 SuperDelightBundledMetadataParser#parse(): manifest parsed with 1 packs
02-12 12:47:49.586  1524  7665 E MDDSuperpacks: MDDSuperpacks.parseManifest():476 cannot find metadata for delight_overrides
02-12 12:47:49.586  1524  7201 I SuperDelight: SuperDelightBundledMetadataParser.addSystemLms():202 system lm dir /system/usr/share/ime/google/d3_lms does not exist or is not readable
02-12 12:47:49.587  1524  7410 I MDDSuperpacks: MDDSuperpacks.getPacks():548 getting packs for superpack: handwriting_recognition
02-12 12:47:49.595  1524  7201 I SuperDelight: SuperDelightBundledMetadataParser.parse():192 SuperDelightBundledMetadataParser#parse(): manifest parsed with 1 packs
02-12 12:47:49.597  1524  7455 I MDDSuperpacks: MDDSuperpacks.getPacks():548 getting packs for superpack: bundled_delight
02-12 12:47:49.620  1524  7455 I MDDSuperpacks: MDDSuperpacks$3.onSuccess():558 packs [main_en_us_2024102000_2] got for superpack: bundled_delight
02-12 12:47:49.624  1524  7441 I MDDSuperpacks: MDDSuperpacks$3.onSuccess():558 packs [transformer_latin_tflite_20231010_zip, transformer_chinese_tflite_20231016_zip, zh_tw_20230706_compact_fst_zip, qrnn_en_us_reco_20231010_fst_20230613_recospec_zip, pack_mapping_v1_lstm_20231127, transformer_latin_seg_tflite_20231010_zip, transformer_chinese_conf_tflite_20231016_zip, scribe_latin_20231123_recospec_zip, en_us_20230613_compact_fst_zip, scribe_chinese_20231123_tflite_zip, transformer_chinese_seg_tflite_20231016_zip, scribe_latin_20231123_tflite_zip, transformer_latin_conf_tflite_20231010_zip, scribe_chinese_20231123_recospec_zip, qrnn_zh_tw_reco_20231016_fst_20230706_recospec_zip] got for superpack: handwriting_recognition
02-12 12:47:49.625  1524  7665 I SuperDelight: SuperDelightBundledSlicingStrategy.getSlices():41 BundledSlicing#getSlices() : Locale = [en_US, zh_XD]
02-12 12:47:49.626  1524  7410 I MDDSuperpacks: MDDSuperpacks.getPacks():548 getting packs for superpack: hmmdictionary
02-12 12:47:49.629  1524  7665 I SuperDelight: SuperDelightBundledSlicingStrategy.getSlices():67 BundledSlicing#getSlices(): result {slices=[bundled_delight:main_en_us_2024102000_2], last batch=true, sync metadata=false}
02-12 12:47:49.633  1524  7441 I MDDSuperpacks: MDDSuperpacks.getPacks():548 getting packs for superpack: bundled_delight
02-12 12:47:49.642  1524  7441 I MDDSuperpacks: MDDSuperpacks$3.onSuccess():558 packs [transformer_latin_tflite_20231010_zip, transformer_chinese_tflite_20231016_zip, zh_tw_20230706_compact_fst_zip, qrnn_en_us_reco_20231010_fst_20230613_recospec_zip, pack_mapping_v1_lstm_20231127, transformer_latin_seg_tflite_20231010_zip, transformer_chinese_conf_tflite_20231016_zip, scribe_latin_20231123_recospec_zip, en_us_20230613_compact_fst_zip, scribe_chinese_20231123_tflite_zip, transformer_chinese_seg_tflite_20231016_zip, scribe_latin_20231123_tflite_zip, transformer_latin_conf_tflite_20231010_zip, scribe_chinese_20231123_recospec_zip, qrnn_zh_tw_reco_20231016_fst_20230706_recospec_zip] got for superpack: handwriting_recognition
02-12 12:47:49.648  1524  7441 I HandwritingSlicingStrategy: HandwritingSlicingStrategy.getSlices():44 getSlices(): handwriting_recognition.86 useForeground=true
02-12 12:47:49.649  1524  7441 I HandwritingSlicingStrategy: HandwritingSlicingStrategy.getSlices():103 getSlices(): result {slices=[{handwriting_recognition:pack_mapping_v1_lstm_20231127, m:*:*:*, fg}, {handwriting_recognition:transformer_latin_tflite_20231010_zip, m:*:*:*, fg}, {handwriting_recognition:qrnn_en_us_reco_20231010_fst_20230613_recospec_zip, m:*:*:*, fg}, {handwriting_recognition:transformer_latin_conf_tflite_20231010_zip, m:*:*:*, fg}, {handwriting_recognition:transformer_latin_seg_tflite_20231010_zip, m:*:*:*, fg}, {handwriting_recognition:en_us_20230613_compact_fst_zip, m:*:*:*, fg}, {handwriting_recognition:scribe_chinese_20231123_recospec_zip, m:*:*:*, fg}, {handwriting_recognition:scribe_chinese_20231123_tflite_zip, m:*:*:*, fg}, {handwriting_recognition:transformer_chinese_tflite_20231016_zip, m:*:*:*, fg}, {handwriting_recognition:zh_tw_20230706_compact_fst_zip, m:*:*:*, fg}, {handwriting_recognition:transformer_chinese_conf_tflite_20231016_zip, m:*:*:*, fg}, {handwriting_recognition:qrnn_zh_tw_reco_20231016_fst_20230706_recospec_zip, m:*:*:*, fg}, {handwriting_recognition:transformer_chinese_seg_tflite_20231016_zip, m:*:*:*, fg}, {handwriting_recognition:scribe_latin_20231123_tflite_zip, m:*:*:*, fg}, {handwriting_recognition:scribe_latin_20231123_recospec_zip, m:*:*:*, fg}], last batch=true, sync metadata=false}
02-12 12:47:49.651  1524  7665 I MDDSuperpacks: MDDSuperpacks.getPacks():548 getting packs for superpack: handwriting_recognition
02-12 12:47:49.668  1524  7410 I MDDSuperpacks: MDDSuperpacks$3.onSuccess():558 packs [main_en_us_2024102000_2] got for superpack: bundled_delight
02-12 12:47:49.672  1524  7455 I MDDSuperpacks: MDDSuperpacks$2.onSuccess():274 Sync success for bundled_delight with result: {old=[main_en_us_2024102000_2], new=[main_en_us_2024102000_2], metadata=false, last batch=true}
02-12 12:47:49.678  1524  7410 I LmManager: LmManager$1.onSuccess():82 Bundled delight sync success
02-12 12:47:49.678  1524  7195 I MDDSuperpacks: MDDSuperpacks.getPacks():548 getting packs for superpack: bundled_delight
02-12 12:47:49.685  1194  1194 I NotificationListener: Handling notification state refresh for com.android.systemui#0
02-12 12:47:49.685  1194  1194 I NotificationListener: Handling notification state refresh for android#0
02-12 12:47:49.689  1194  1194 D SsBaseTemplateCard: No text view can be set up
02-12 12:47:49.696  1194  1194 D SsBaseTemplateCard: Passed-in item info is null
02-12 12:47:49.696  1194  1194 D SsBaseTemplateCard: Passed-in item info is null
02-12 12:47:49.696  1194  1194 D SsBaseTemplateCard: Passed-in item info is null
02-12 12:47:49.696  1194  1194 I SsBaseTemplateCard: Secondary card pane is null
02-12 12:47:49.716  1524  7665 I DictionarySlicingStrategy: DictionarySlicingStrategy.getSlices():79 getSlices(): hmmdictionary.2025082201
02-12 12:47:49.717  1524  7665 I DictionarySlicingStrategy: DictionarySlicingStrategy.getSlices():109 getSlices(): result {slices=[hmmdictionary:zh_TW_2023110702], last batch=true, sync metadata=false}
02-12 12:47:49.718  1524  7455 I MDDSuperpacks: MDDSuperpacks$3.onSuccess():558 packs [zh_TW_2023110702] got for superpack: hmmdictionary
02-12 12:47:49.724  1194  1194 D StateManager: createAtomicAnimation - fromState: Background, toState: Normal, partial trace:
02-12 12:47:49.724  1194  1194 D StateManager: 	at com.android.quickstep.util.ScalingWorkspaceRevealAnim.<init>(go/retraceme 72a59688580715d19f0e415c69e80376c2f062d1648c80db6730905005a27c20:39)
02-12 12:47:49.724  1194  1194 D StateManager: 	at com.android.launcher3.QuickstepTransitionManager.createWallpaperOpenAnimations(go/retraceme 72a59688580715d19f0e415c69e80376c2f062d1648c80db6730905005a27c20:168)
02-12 12:47:49.724  1194  1194 D StateManager: 	at com.android.launcher3.QuickstepTransitionManager$WallpaperOpenLauncherAnimationRunner.onAnimationStart(go/retraceme 72a59688580715d19f0e415c69e80376c2f062d1648c80db6730905005a27c20:17)
02-12 12:47:49.724  1194  1194 D b/311077782: LauncherAnimationRunner.setAnimation
02-12 12:47:49.725  1524  7410 I MDDSuperpacks: MDDSuperpacks$3.onSuccess():558 packs [transformer_latin_tflite_20231010_zip, transformer_chinese_tflite_20231016_zip, zh_tw_20230706_compact_fst_zip, qrnn_en_us_reco_20231010_fst_20230613_recospec_zip, pack_mapping_v1_lstm_20231127, transformer_latin_seg_tflite_20231010_zip, transformer_chinese_conf_tflite_20231016_zip, scribe_latin_20231123_recospec_zip, en_us_20230613_compact_fst_zip, scribe_chinese_20231123_tflite_zip, transformer_chinese_seg_tflite_20231016_zip, scribe_latin_20231123_tflite_zip, transformer_latin_conf_tflite_20231010_zip, scribe_chinese_20231123_recospec_zip, qrnn_zh_tw_reco_20231016_fst_20230706_recospec_zip] got for superpack: handwriting_recognition
02-12 12:47:49.727  1059  1180 E FrameTracker: force finish cuj, time out: J<DEFAULT_TASK_TO_TASK_ANIMATION>
02-12 12:47:49.728  1524  7189 I SuperDelight: SuperDelightManager$2.onSuccess():635 bundled_delight sync success, adding to data file manager
02-12 12:47:49.729  1524  7189 I DataFileManager: DataFileManager.addDataWithoutNotify():181 data en-US already exists
02-12 12:47:49.730  1524  7201 I MDDSuperpacks: MDDSuperpacks.getPacks():548 getting packs for superpack: hmmdictionary
02-12 12:47:49.730  1194  1260 I s.nexuslauncher: AssetManager2(0x78c8d32fcc58) locale list changing from [] to [en-US]
02-12 12:47:49.742  1194  1260 W HWUI    : Image decoding logging dropped!
02-12 12:47:49.746  1194  1260 W HWUI    : Image decoding logging dropped!
02-12 12:47:49.750  1524  7410 I MDDSuperpacks: MDDSuperpacks$3.onSuccess():558 packs [main_en_us_2024102000_2] got for superpack: bundled_delight
02-12 12:47:49.764  1524  7455 I MDDSuperpacks: MDDSuperpacks$2.onSuccess():274 Sync success for handwriting_recognition with result: {old=[en_us_20230613_compact_fst_zip, pack_mapping_v1_lstm_20231127, qrnn_en_us_reco_20231010_fst_20230613_recospec_zip, qrnn_zh_tw_reco_20231016_fst_20230706_recospec_zip, scribe_chinese_20231123_recospec_zip, scribe_chinese_20231123_tflite_zip, scribe_latin_20231123_recospec_zip, scribe_latin_20231123_tflite_zip, transformer_chinese_conf_tflite_20231016_zip, transformer_chinese_seg_tflite_20231016_zip, transformer_chinese_tflite_20231016_zip, transformer_latin_conf_tflite_20231010_zip, transformer_latin_seg_tflite_20231010_zip, transformer_latin_tflite_20231010_zip, zh_tw_20230706_compact_fst_zip], new=[en_us_20230613_compact_fst_zip, pack_mapping_v1_lstm_20231127, qrnn_en_us_reco_20231010_fst_20230613_recospec_zip, qrnn_zh_tw_reco_20231016_fst_20230706_recospec_zip, scribe_chinese_20231123_recospec_zip, scribe_chinese_20231123_tflite_zip, scribe_latin_20231123_recospec_zip, scribe_latin_20231123_tflite_zip, transformer_chinese_conf_tflite_20231016_zip, transformer_chinese_seg_tflite_20231016_zip, transformer_chinese_tflite_20231016_zip, transformer_latin_conf_tflite_20231010_zip, transformer_latin_seg_tflite_20231010_zip, transformer_latin_tflite_20231010_zip, zh_tw_20230706_compact_fst_zip], metadata=false, last batch=true}
02-12 12:47:49.764  1524  7114 I HandwritingOnlineSuperpacks: HandwritingOnlineSuperpacks.syncInternal():187 syncInternal(): syncing packs
