02-12 12:49:02.551  1524  1524 I InputMethodEntryManager: terpreter=null, inlineComposing=true, autoCapital=false, announceAutoSelectedCandidate=true, statusIcon=0, primeKeyboardType=HARD_QWERTY, indicatorIcon=0, indicatorLabel=null, displayAppCompletions=false, extraValues=kyb{}, processors=lac@9f2fa60, unacceptableMetaKeys=4098, languageSpecificSettings=0, asciiCapable=false, alwaysShowSuggestions=false, useAsciiPasswordKeyboard=false, secondaryIme=null, keyboardGroupDef=kzl@d7966db, phenotypeFlagId=0, localizationLanguageTag=null, supportsInlineSuggestion=false}, kyj{stringId=password_floating_hard_qwerty, language=und-Latn-x-password, languageTag=und-Latn-x-password, processedConditions={}, className=com.google.android.libraries.inputmethod.ime.DummyIme, label=2132019097, keyEventInterpreter=null, inlineComposing=true, autoCapital=false, announceAutoSelectedCandidate=false, statusIcon=2131231749, primeKeyboardType=HARD_QWERTY, indicatorIcon=0, indicatorLabel=null, displayAppCompletions=false, extraValues=kyb{}, processors=lac@9f2fa60, unacceptableMetaKeys=4098, languageSpecificSettings=0, asciiCapable=false, alwaysShowSuggestions=false, useAsciiPasswordKeyboard=false, secondaryIme=null, keyboardGroupDef=kzl@269b578, phenotypeFlagId=0, localizationLanguageTag=null, supportsInlineSuggestion=false}, kyj{stringId=phone_number_floating_hard_qwerty, language=und-Latn-x-phone-number, languageTag=und-Latn-x-phone-number, processedConditions={}, className=com.google.android.libraries.inputmethod.ime.DummyIme, label=2132019097, keyEventInterpreter=null, inlineComposing=true, autoCapital=false, announceAutoSelectedCandidate=false, statusIcon=2131231925, primeKeyboardType=HARD_QWERTY, indicatorIcon=0, indicatorLabel=null, displayAppCompletions=false, extraValues=kyb{}, processors=lac@9f2fa60, unacceptableMetaKeys=4098, languageSpecificSettings=0, asciiCapable=false, alwaysShowSuggestions=false, useAsciiPasswordKeyboard=false, secondaryIme=null, keyboardGroupDef=kzl@f1d0451, phenotypeFlagId=0, localizationLanguageTag=null, supportsInlineSuggestion=false}, kyj{stringId=number_floating_hard_qwerty, language=und-Latn-x-number, languageTag=und-Latn-x-number, processedConditions={}, className=com.google.android.libraries.inputmethod.ime.DummyIme, label=2132019097, keyEventInterpreter=null, inlineComposing=true, autoCapital=false, announceAutoSelectedCandidate=false, statusIcon=2131231925, primeKeyboardType=HARD_QWERTY, indicatorIcon=0, indicatorLabel=null, displayAppCompletions=false, extraValues=kyb{}, processors=lac@9f2fa60, unacceptableMetaKeys=4098, languageSpecificSettings=0, asciiCapable=false, alwaysShowSuggestions=false, useAsciiPasswordKeyboard=false, secondaryIme=null, keyboardGroupDef=kzl@e51b4b6, phenotypeFlagId=0, localizationLanguageTag=null, supportsInlineSuggestion=false}, kyj{stringId=date_time_floating_hard_qwerty, language=und-Latn-x-date-time, languageTag=und-Latn-x-date-time, processedConditions={}, className=com.google.android.libraries.inputmethod.ime.DummyIme, label=2132019097, keyEventInterpreter=null, inlineComposing=true, autoCapital=false, announceAutoSelectedCandidate=false, statusIcon=2131231925, primeKeyboardType=HARD_QWERTY, indicatorIcon=0, indicatorLabel=null, displayAppCompletions=false, extraValues=kyb{}, processors=lac@9f2fa60, unacceptableMetaKeys=4098, languageSpecificSettings=0, asciiCapable=false, alwaysShowSuggestions=false, useAsciiPasswordKeyboard=false, secondaryIme=null, keyboardGroupDef=kzl@89d95b7, phenotypeFlagId=0, localizationLanguageTag=null, supportsInlineSuggestion=false}]
02-12 12:49:02.551  1524  1524 I InputMethodEntryManager: InputMethodEntryManager.onSuccessLoadingAdditionalImeDefs():3063 Additional ImeDefs have been loaded, maybe notify entry change: true
02-12 12:49:02.555  1524  1524 I SystemSubtypesReportModule: SystemSubtypesReportModule$3.onCurrentInputMethodEntryChanged():149 entry: en-US, source: UNSPECIFIED
02-12 12:49:02.555  1524  1524 I SystemSubtypesReportModule: SystemSubtypesReportModule$3.onCurrentInputMethodEntryChanged():163 switchSubtype(en-US)
02-12 12:49:02.557   776   911 I InputReader: Reconfiguring input devices, changes=KEYBOARD_LAYOUTS
02-12 12:49:02.560  1653  1995 I AiAiEcho: Settings changed for uri: content://settings/secure/input_methods_subtype_history
02-12 12:49:02.561  1653  1995 I AiAiEcho: Settings changed for uri: content://settings/secure/selected_input_method_subtype
02-12 12:49:02.563  1524  1524 I ModuleManager: ModuleManager$ModuleInitListener.maybeUnloadModuleOnUnavailable():1350 module etf is unavailable
02-12 12:49:02.565  1653  1847 I AiAiEcho: Predicting[0]:  [CONTEXT sampling_count=5 ]
02-12 12:49:02.565  1653  1847 I AiAiEcho: EchoTargets:
02-12 12:49:02.565  1653  1847 I AiAiEcho: Filtered by AiAi flag check:
02-12 12:49:02.565  1653  1847 I AiAiEcho: [CONTEXT ratelimit_period="10 SECONDS" ]
02-12 12:49:02.566  1653  1847 I AiAiEcho: #remoteViewsTwiddler: feature disabled.
02-12 12:49:02.566  1653  1847 I AiAiEcho: Predicting[0]:  [CONTEXT sampling_count=5 ]
02-12 12:49:02.566  1653  1847 I AiAiEcho: EchoTargets:
02-12 12:49:02.566  1653  1847 I AiAiEcho: Filtered by AiAi flag check:
02-12 12:49:02.566  1653  1847 I AiAiEcho: [CONTEXT ratelimit_period="10 SECONDS" ]
02-12 12:49:02.566  1653  1847 I AiAiEcho: #remoteViewsTwiddler: feature disabled.
02-12 12:49:02.566  1653  1847 I AiAiEcho: Predicting[0]:  [CONTEXT sampling_count=5 ]
02-12 12:49:02.566  1653  1847 I AiAiEcho: EchoTargets:
02-12 12:49:02.566  1653  1847 I AiAiEcho: Filtered by AiAi flag check:
02-12 12:49:02.566  1653  1847 I AiAiEcho: [CONTEXT ratelimit_period="10 SECONDS" ]
02-12 12:49:02.567  1653  1847 I AiAiEcho: #remoteViewsTwiddler: feature disabled.
02-12 12:49:02.567  1653  1847 I AiAiEcho: Predicting[0]:  [CONTEXT sampling_count=5 ]
02-12 12:49:02.567  1653  1847 I AiAiEcho: EchoTargets:
02-12 12:49:02.567  1653  1847 I AiAiEcho: Filtered by AiAi flag check:
02-12 12:49:02.567  1653  1847 I AiAiEcho: [CONTEXT ratelimit_period="10 SECONDS" ]
02-12 12:49:02.567  1524  1524 I ModuleManager: ModuleManager$ModuleInitListener.maybeUnloadModuleOnUnavailable():1350 module kth is unavailable
02-12 12:49:02.567  1653  1847 I AiAiEcho: #remoteViewsTwiddler: feature disabled.
02-12 12:49:02.574  1524  1524 I ModuleManager: ModuleManager$ModuleInitListener.maybeUnloadModuleOnUnavailable():1350 module ggx is unavailable
02-12 12:49:02.577  1653  1847 I AiAiEcho: #postPredictionTargets: Sending updates to UISurface home with targets# 0 (types=[])
02-12 12:49:02.578  1653  1847 I AiAiEcho: #postPredictionTargets: Sending updates to UISurface lockscreen with targets# 0 (types=[])
02-12 12:49:02.579  1653  1847 I AiAiEcho: #postPredictionTargets: Sending updates to UISurface home with targets# 0 (types=[])
02-12 12:49:02.579  1653  1847 I AiAiEcho: #postPredictionTargets: Sending updates to UISurface lockscreen with targets# 0 (types=[])
02-12 12:49:02.581  1059  1059 W PageIndicator: Total number of pages invalid: 0. Assuming 1 page.
02-12 12:49:02.584  1524  1524 I AbstractOpenableExtension: AbstractOpenableExtension.createKeyboardGroupManagerListenableFuture():121 Create keyboard group manager listenable future in fyg
02-12 12:49:02.586  1059  1059 W PageIndicator: Total number of pages invalid: 0. Assuming 1 page.
02-12 12:49:02.591  1524  1524 I GoogleInputMethodService: GoogleInputMethodService.onCurrentInputMethodEntryChanged():2285 onCurrentInputMethodEntryChanged(): imeDefsChanged=true, entryLanguageVariantChanged=true, keyboardContextChanged=true
02-12 12:49:02.592  1524  1524 I GoogleInputMethodService: GoogleInputMethodService.clearInputMethodServiceData():1016 clearInputMethodServiceData for entryChange
02-12 12:49:02.593  1524  1524 I AbstractOpenableExtension: AbstractOpenableExtension.maybeDestroyExistingKeyboardGroupManager():537 Destroy existing keyboard group manager in fso
02-12 12:49:02.593  1524  1524 I AbstractOpenableExtension: AbstractOpenableExtension.createKeyboardGroupManagerListenableFuture():121 Create keyboard group manager listenable future in fso
02-12 12:49:02.594  1524  1524 I AbstractOpenableExtension: AbstractOpenableExtension.maybeDestroyExistingKeyboardGroupManager():537 Destroy existing keyboard group manager in fve
02-12 12:49:02.594  1524  1524 I AbstractOpenableExtension: AbstractOpenableExtension.createKeyboardGroupManagerListenableFuture():121 Create keyboard group manager listenable future in fve
02-12 12:49:02.594  1524  1524 I AbstractOpenableExtension: AbstractOpenableExtension.maybeDestroyExistingKeyboardGroupManager():537 Destroy existing keyboard group manager in fyg
02-12 12:49:02.595  1524  1524 E AbstractOpenableExtension: AbstractOpenableExtension$1.onFailure():144 failed to parse keyboard group def : 2132216938 -> 0_resource_name_obfuscated.
02-12 12:49:02.595  1524  1524 E AbstractOpenableExtension: java.util.concurrent.CancellationException: Task was cancelled.
02-12 12:49:02.595  1524  1524 E AbstractOpenableExtension: 	at qcq.r(PG:33)
02-12 12:49:02.595  1524  1524 E AbstractOpenableExtension: 	at qcq.get(PG:3)
02-12 12:49:02.595  1524  1524 E AbstractOpenableExtension: 	at a.k(PG:2)
02-12 12:49:02.595  1524  1524 E AbstractOpenableExtension: 	at pqu.E(PG:10)
02-12 12:49:02.595  1524  1524 E AbstractOpenableExtension: 	at qek.run(PG:88)
02-12 12:49:02.595  1524  1524 E AbstractOpenableExtension: 	at qds.execute(PG:1)
02-12 12:49:02.595  1524  1524 E AbstractOpenableExtension: 	at qcq.h(PG:1)
02-12 12:49:02.595  1524  1524 E AbstractOpenableExtension: 	at qcq.k(PG:101)
02-12 12:49:02.595  1524  1524 E AbstractOpenableExtension: 	at qcq.cancel(PG:53)
02-12 12:49:02.595  1524  1524 E AbstractOpenableExtension: 	at qcq.m(PG:17)
02-12 12:49:02.595  1524  1524 E AbstractOpenableExtension: 	at qcu.c(PG:3)
02-12 12:49:02.595  1524  1524 E AbstractOpenableExtension: 	at qcq.k(PG:30)
02-12 12:49:02.595  1524  1524 E AbstractOpenableExtension: 	at qcq.cancel(PG:53)
02-12 12:49:02.595  1524  1524 E AbstractOpenableExtension: 	at enq.j(PG:60)
02-12 12:49:02.595  1524  1524 E AbstractOpenableExtension: 	at enq.I(PG:1)
02-12 12:49:02.595  1524  1524 E AbstractOpenableExtension: 	at enq.J(PG:1)
02-12 12:49:02.595  1524  1524 E AbstractOpenableExtension: 	at jpv.h(PG:33)
02-12 12:49:02.595  1524  1524 E AbstractOpenableExtension: 	at kgn.ab(PG:20)
02-12 12:49:02.595  1524  1524 E AbstractOpenableExtension: 	at dbj.p(PG:206)
02-12 12:49:02.595  1524  1524 E AbstractOpenableExtension: 	at kgi.e(PG:3)
02-12 12:49:02.595  1524  1524 E AbstractOpenableExtension: 	at kdr.cz(PG:9)
02-12 12:49:02.595  1524  1524 E AbstractOpenableExtension: 	at lhl.run(PG:1025)
02-12 12:49:02.595  1524  1524 E AbstractOpenableExtension: 	at qds.execute(PG:1)
02-12 12:49:02.595  1524  1524 E AbstractOpenableExtension: 	at nco.v(PG:13)
02-12 12:49:02.595  1524  1524 E AbstractOpenableExtension: 	at lhn.m(PG:96)
02-12 12:49:02.595  1524  1524 E AbstractOpenableExtension: 	at lhn.k(PG:25)
02-12 12:49:02.595  1524  1524 E AbstractOpenableExtension: 	at kds.g(PG:10)
02-12 12:49:02.595  1524  1524 E AbstractOpenableExtension: 	at kew.b(PG:553)
02-12 12:49:02.595  1524  1524 E AbstractOpenableExtension: 	at qek.run(PG:94)
02-12 12:49:02.595  1524  1524 E AbstractOpenableExtension: 	at jaf.execute(PG:12)
02-12 12:49:02.595  1524  1524 E AbstractOpenableExtension: 	at qet.b(PG:6)
02-12 12:49:02.595  1524  1524 E AbstractOpenableExtension: 	at pqu.G(PG:10)
02-12 12:49:02.595  1524  1524 E AbstractOpenableExtension: 	at kfb.T(PG:319)
02-12 12:49:02.595  1524  1524 E AbstractOpenableExtension: 	at kfb.l(PG:94)
02-12 12:49:02.595  1524  1524 E AbstractOpenableExtension: 	at jjw.g(PG:171)
02-12 12:49:02.595  1524  1524 E AbstractOpenableExtension: 	at jjs.c(PG:10)
02-12 12:49:02.595  1524  1524 E AbstractOpenableExtension: 	at kif.cz(PG:47)
02-12 12:49:02.595  1524  1524 E AbstractOpenableExtension: 	at lhl.run(PG:1025)
02-12 12:49:02.595  1524  1524 E AbstractOpenableExtension: 	at qds.execute(PG:1)
02-12 12:49:02.595  1524  1524 E AbstractOpenableExtension: 	at nco.v(PG:13)
02-12 12:49:02.595  1524  1524 E AbstractOpenableExtension: 	at lhn.m(PG:96)
02-12 12:49:02.595  1524  1524 E AbstractOpenableExtension: 	at lhn.k(PG:25)
02-12 12:49:02.595  1524  1524 E AbstractOpenableExtension: 	at kgn.onStartInput(PG:250)
02-12 12:49:02.595  1524  1524 E AbstractOpenableExtension: 	at android.inputmethodservice.InputMethodService.doStartInput(InputMethodService.java:3521)
02-12 12:49:02.595  1524  1524 E AbstractOpenableExtension: 	at android.inputmethodservice.InputMethodService$InputMethodImpl.startInput(InputMethodService.java:879)
02-12 12:49:02.595  1524  1524 E AbstractOpenableExtension: 	at android.inputmethodservice.InputMethodService$InputMethodImpl.dispatchStartInput(InputMethodService.java:908)
02-12 12:49:02.595  1524  1524 E AbstractOpenableExtension: 	at android.inputmethodservice.IInputMethodWrapper.executeMessage(IInputMethodWrapper.java:201)
02-12 12:49:02.595  1524  1524 E AbstractOpenableExtension: 	at com.android.internal.os.HandlerCaller$MyHandler.handleMessage(HandlerCaller.java:44)
02-12 12:49:02.595  1524  1524 E AbstractOpenableExtension: 	at android.os.Handler.dispatchMessage(Handler.java:110)
02-12 12:49:02.595  1524  1524 E AbstractOpenableExtension: 	at android.os.Looper.loopOnce(Looper.java:248)
02-12 12:49:02.595  1524  1524 E AbstractOpenableExtension: 	at android.os.Looper.loop(Looper.java:338)
02-12 12:49:02.595  1524  1524 E AbstractOpenableExtension: 	at android.app.ActivityThread.main(ActivityThread.java:9067)
02-12 12:49:02.595  1524  1524 E AbstractOpenableExtension: 	at java.lang.reflect.Method.invoke(Native Method)
02-12 12:49:02.595  1524  1524 E AbstractOpenableExtension: 	at com.android.internal.os.RuntimeInit$MethodAndArgsCaller.run(RuntimeInit.java:593)
02-12 12:49:02.595  1524  1524 E AbstractOpenableExtension: 	at com.android.internal.os.ZygoteInit.main(ZygoteInit.java:932)
02-12 12:49:02.596  1524  1524 I AbstractOpenableExtension: AbstractOpenableExtension.createKeyboardGroupManagerListenableFuture():121 Create keyboard group manager listenable future in fyg
02-12 12:49:02.597  1524  1524 I KeyboardHeightUtil: KeyboardHeightUtil.calculateMaxKeyboardBodyHeight():46 leave 281 height for app when ime window height:2219, header height:116 and isFullscreenMode:false, so the max keyboard body height is:1822
02-12 12:49:02.597  1524  1524 I KeyboardModeManager: KeyboardModeManager.onCurrentInputMethodEntryChanged():1400 Reload data for context change
02-12 12:49:02.598  1524  1524 I GoogleInputMethodService: GoogleInputMethodService.initializeInputMethodServiceData():834 initializeInputMethodServiceData for kek{languageTag=en-US, variant=qwerty, hasLocalizedResources=true, conditionCacheKey=_app_first_start_timestamp=1770813848499_cache_additional_ime_defs_for_condition_change=false_cache_ime_defs_for_condition_change=false_deprecate_long_press_space_for_ime_picker=false_device=phone_device_size=default_enable_access_points_in_password_number=false_enable_flick_symbols=true_enable_more_candidates_view_for_multilingual=false_enable_number_row=false_enable_preemptive_decode=true_enable_premium_exp_tablet_layout_change=false_enable_secondary_digits=true_enable_secondary_symbols=false_expressions=normal_four_or_more_letter_rows=false_keyboard_mode=normal_language=en-US_layout_9key_split=false_orientation=portrait_physical_keyboard=qwerty_rtl_layout=false_show_secondary_digits=true_show_suggestions=true_split_with_duplicate_keys=true_variant=qwerty, imeDef.stringId=ime_english_united_states, imeDef.className=com.google.android.libraries.inputmethod.ime.experiment.ExperimentImeWrapper, imeDef.languageTag=en-US}
02-12 12:49:02.600   776  2688 D FileUtils: Rounded bytes from 2067259392 to 4000000000
02-12 12:49:02.601  1524  1524 I KeyboardThemeProvider: KeyboardThemeProvider.applyKeyboardTheme():27 Apply keyboard theme: theme_!gsf_!pgsans_!pgsf_!use_system_font_BORDER=true_FLAVOR_DPI=XXHDPI_KEYBOARD_WIDTH_CATEGORY=NORMAL_LIGHT_THEME=true_PHYSICAL_DIAGONAL=6.0111027_SCREEN_SHORTEST_WIDTH=411_SCREEN_SHORTEST_WIDTH_NO_SCALE=411_bottom4dp_enable_google_fonts_icons=true_enable_popup_on_keypress=true_keyboard_redesign_google_sans=true_noshadow_overlay_builtin_dynamic_color_light_base.binarypb:gm3-light-fffaf8ff-ff475d92-6dac7c28fa7faa76f8370bbfdbc77981_silkpopup_unify_function_key_color=true
02-12 12:49:02.609  1524  7115 I ExpressiveConceptsPredictionModuleImpl: ExpressiveConceptsPredictionModuleImpl.onCreate():36 onCreate()
02-12 12:49:02.641  1524  1524 I AndroidIME: InputBundleManager.loadActiveInputBundleId():483 loadActiveInputBundleId: und-Latn-x-password, password
02-12 12:49:02.641  1524  1524 W NotificationCenter: NotificationCenter$NotificationQueue.notifyPendingNotificationsOnExecutor():877 Heavy notify work detected on UI thread: [kds->kgi] takes 51ms
02-12 12:49:02.642  1524  1524 I InputMethodEntryManager: InputMethodEntryManager.disableTemporaryEnabledEntries():2109
02-12 12:49:02.642  1524  1524 I SystemSubtypesReportModule: SystemSubtypesReportModule$2.onEnabledInputMethodEntriesChanged():131 1 entries
02-12 12:49:02.646  1524  7115 I NativeLibHelper: NativeLibHelper.loadLibrary():162 Loaded native library:integrated_shared_object (result=true)
02-12 12:49:02.647  1524  7115 I NativeLibHelper: NativeLibHelper.loadLibrary():162 Loaded native library:integrated_shared_object (result=true)
02-12 12:49:02.648  1524  7115 I MDDSuperpacks: MDDSuperpacks.getPacks():548 getting packs for superpack: expressive_concepts
02-12 12:49:02.660  1524  7667 I MDDSuperpacks: MDDSuperpacks$3.onSuccess():558 packs [transformer_latin_tflite_20231010_zip, transformer_chinese_tflite_20231016_zip, zh_tw_20230706_compact_fst_zip, qrnn_en_us_reco_20231010_fst_20230613_recospec_zip, pack_mapping_v1_lstm_20231127, transformer_latin_seg_tflite_20231010_zip, transformer_chinese_conf_tflite_20231016_zip, scribe_latin_20231123_recospec_zip, en_us_20230613_compact_fst_zip, scribe_chinese_20231123_tflite_zip, transformer_chinese_seg_tflite_20231016_zip, scribe_latin_20231123_tflite_zip, transformer_latin_conf_tflite_20231010_zip, scribe_chinese_20231123_recospec_zip, qrnn_zh_tw_reco_20231016_fst_20230706_recospec_zip] got for superpack: handwriting_recognition
02-12 12:49:02.662  1524  7410 I MDDSuperpacks: MDDSuperpacks$3.onSuccess():558 packs [2020031023_en] got for superpack: expressive_concepts
02-12 12:49:02.664  1524  7115 I MDDSuperpacks: MDDSuperpacks.getPacks():548 getting packs for superpack: expressive_concepts
02-12 12:49:02.665  1524  7189 I KeyboardGroupDefParser: KeyboardGroupDefParser.parseKeyboardGroupDef():86 parseKeyboardGroupDef() 2132214028 -> 0_resource_name_obfuscated : WaitTime = 71 ms : RunTime = 0 ms
02-12 12:49:02.665  1524  7189 I KeyboardGroupDefParser: KeyboardGroupDefParser.parseKeyboardGroupDef():86 parseKeyboardGroupDef() 2132214032 -> 0_resource_name_obfuscated : WaitTime = 71 ms : RunTime = 0 ms
02-12 12:49:02.666  1524  7189 I KeyboardGroupDefParser: KeyboardGroupDefParser.parseKeyboardGroupDef():86 parseKeyboardGroupDef() 2132216938 -> 0_resource_name_obfuscated : WaitTime = 70 ms : RunTime = 1 ms
02-12 12:49:02.670  1524  1524 W NotificationCenter: NotificationCenter$NotificationQueue.notifyPendingNotificationsOnExecutor():877 Heavy notify work detected on UI thread: [kdz->lwl, ilp->erl] takes 26ms
02-12 12:49:02.672   776   817 W IPCThreadState: Sending oneway calls to frozen process.
02-12 12:49:02.678   776   817 W IPCThreadState: Sending oneway calls to frozen process.
02-12 12:49:02.687  1524  1524 W NotificationCenter: NotificationCenter$NotificationQueue.notifyPendingNotificationsOnExecutor():877 Heavy notify work detected on UI thread: [kdz->ivx] takes 28ms
02-12 12:49:02.689  1524  1524 I HardKeyTracker: HardKeyTracker.unregisterKeySequence():182 Unregister key sequence lsr{labelResId=0, callback=jlb@ea65e27, lastModifier=0, keyCodes=[59, 59], actions=[1, 0]}
02-12 12:49:02.689  1524  1524 I HardKeyTracker: HardKeyTracker.unregisterKeySequence():182 Unregister key sequence lsr{labelResId=0, callback=jlb@8d45d72, lastModifier=0, keyCodes=[60, 60], actions=[1, 0]}
02-12 12:49:02.689  1524  1524 I ModuleManager: ModuleManager$ModuleInitListener.maybeUnloadModuleOnUnavailable():1350 module kty is unavailable
02-12 12:49:02.692  1653  1995 I AiAiEcho: Settings changed for uri: content://settings/secure/enabled_input_methods
02-12 12:49:02.702  1524  7113 I MDDSuperpacks: MDDSuperpacks.getPacks():548 getting packs for superpack: handwriting_recognition
02-12 12:49:02.706  1524  7195 I LatinImeEntryActivation: LatinImeActivationContentObserver.activeLanguagesHaveChanged():70 Active entries changed: [en-US, zh-XD] -> {en-US}
02-12 12:49:02.706  1524  7195 I LmManager: LmManager.asyncUpdateEnabledLanguageModels():96 asyncUpdateEnabledLanguageModels()
02-12 12:49:02.707  1524  7195 I SuperDelight: SuperDelightManager.initializeOverridesSuperpacks():405 initializeOverridesSuperpacks()
02-12 12:49:02.709  1524  7189 I SuperDelight: SuperDelightManager.initializeBundledDelightSuperpacks():379 initializeBundledDelightSuperpacks()
02-12 12:49:02.712  1524  1524 W NotificationCenter: NotificationCenter$NotificationQueue.notifyPendingNotificationsOnExecutor():877 Heavy notify work detected on UI thread: [kig->jjs] takes 163ms
02-12 12:49:02.713  1524  7195 I DelightKLPDownloader: DelightKLPDownloader.downloadKLPInternal():199 downloading KLP for en_840
02-12 12:49:02.713  1524  7195 I ManifestedDataDownloader: ManifestedDataDownloader.download():63 downloading manifest https://www.gstatic.com/android/keyboard/dictionarypack/2025031619/metadata.json-perlang/en-840.json?v=2025052001
02-12 12:49:02.729  1524  1524 I PKIndicatorController: PKIndicatorController$3.maybeShowLanguageSwitchIndicator():137 Entry changed. Showing language indicator.
02-12 12:49:02.733  1653  1847 I AiAiEcho: Predicting[0]:  [CONTEXT sampling_count=5 ]
02-12 12:49:02.733  1653  1847 I AiAiEcho: EchoTargets:
02-12 12:49:02.733  1653  1847 I AiAiEcho: Filtered by AiAi flag check:
02-12 12:49:02.733  1653  1847 I AiAiEcho: [CONTEXT ratelimit_period="10 SECONDS" ]
02-12 12:49:02.734  1653  1847 I AiAiEcho: #remoteViewsTwiddler: feature disabled.
02-12 12:49:02.744  1653  1847 I AiAiEcho: Predicting[0]:  [CONTEXT sampling_count=5 ]
02-12 12:49:02.745  1653  1847 I AiAiEcho: EchoTargets:
02-12 12:49:02.745  1653  1847 I AiAiEcho: Filtered by AiAi flag check:
02-12 12:49:02.745  1653  1847 I AiAiEcho: [CONTEXT ratelimit_period="10 SECONDS" ]
02-12 12:49:02.745  1524  1524 I HandwritingSuperpacks: HandwritingSuperpacks.register():273 register(): version '86', url 'https://dl.google.com/handwriting/models/handwriting_release.superpack_manifest.20231127.json' [ONLINE]
02-12 12:49:02.746  1524  1524 I HandwritingOfflineSuperpacks: HandwritingOfflineSuperpacks.syncInternal():80 no bundled lm for handwriting.
02-12 12:49:02.746  1524  1524 I DictionarySuperpacksManager: DictionarySuperpacksManager$1.onEnabledInputMethodEntriesChanged():65 onEnabledInputMethodEntriesChanged
02-12 12:49:02.747  1653  1847 I AiAiEcho: #remoteViewsTwiddler: feature disabled.
02-12 12:49:02.748  1653  1847 I AiAiEcho: #postPredictionTargets: Sending updates to UISurface home with targets# 0 (types=[])
02-12 12:49:02.750  1653  1847 I AiAiEcho: #postPredictionTargets: Sending updates to UISurface lockscreen with targets# 0 (types=[])
02-12 12:49:02.751  1059  1059 W PageIndicator: Total number of pages invalid: 0. Assuming 1 page.
02-12 12:49:02.754  1524  1524 I SystemSubtypesReportModule: SystemSubtypesReportModule$4.onSetCurrentInputMethodSubtype():192 en_US
02-12 12:49:02.754  1524  1524 I SystemSubtypesReportModule: SystemSubtypesReportModule$4.onSetCurrentInputMethodSubtype():204 Subtype en_US was caused by entry
02-12 12:49:02.757  1524  7114 I DelightKLPDownloader: DelightKLPDownloader.downloadKLPInternal():199 downloading KLP for en_840
02-12 12:49:02.757  1524  7114 I ManifestedDataDownloader: ManifestedDataDownloader.download():63 downloading manifest https://www.gstatic.com/android/keyboard/dictionarypack/2025031619/metadata.json-perlang/en-840.json?v=2025052001
02-12 12:49:02.760  1524  1524 I AbstractOpenableExtension: AbstractOpenableExtension$3.onSuccess():555 KeyboardGroupManager destroyed in fso.
02-12 12:49:02.761  1524  1524 I AbstractOpenableExtension: AbstractOpenableExtension$3.onSuccess():555 KeyboardGroupManager destroyed in fve.
02-12 12:49:02.762  1524  1524 I AbstractOpenableExtension: AbstractOpenableExtension$3.onFailure():563 Failed to load KeyboardGroupManager in fyg.
02-12 12:49:02.772  1194  1194 D SsBaseTemplateCard: No text view can be set up
02-12 12:49:02.772  1194  1194 D SsBaseTemplateCard: Passed-in item info is null
02-12 12:49:02.772  1194  1194 D SsBaseTemplateCard: Passed-in item info is null
02-12 12:49:02.772  1194  1194 D SsBaseTemplateCard: Passed-in item info is null
02-12 12:49:02.772  1194  1194 I SsBaseTemplateCard: Secondary card pane is null
02-12 12:49:02.772  1194  1194 D SsBaseTemplateCard: No text view can be set up
02-12 12:49:02.773  1194  1194 D SsBaseTemplateCard: Passed-in item info is null
02-12 12:49:02.773  1194  1194 D SsBaseTemplateCard: Passed-in item info is null
02-12 12:49:02.773  1194  1194 D SsBaseTemplateCard: Passed-in item info is null
02-12 12:49:02.773  1194  1194 I SsBaseTemplateCard: Secondary card pane is null
02-12 12:49:02.790  1524  7114 I MDDSuperpacks: MDDSuperpacks.getPacks():548 getting packs for superpack: handwriting_recognition
02-12 12:49:02.855   671   756 W IPCThreadState: Sending oneway calls to frozen process.
02-12 12:49:02.869  1524  7113 I MDDSuperpacks: MDDSuperpacks.getPacks():548 getting packs for superpack: handwriting_recognition
02-12 12:49:02.873  1524  7189 I SuperDelight: SuperDelightManager.syncOverridesLanguageModels():687 SuperDelightManager#syncOverridesLanguageModels(): Superpack delight_overrides not found or negative version provided
02-12 12:49:02.876  1524  7195 I MDDSuperpacks: MDDSuperpacks.getPacks():548 getting packs for superpack: delight_overrides
02-12 12:49:02.879  1524  7454 I MDDSuperpacks: MDDSuperpacks$3.onSuccess():558 packs [transformer_latin_tflite_20231010_zip, transformer_chinese_tflite_20231016_zip, zh_tw_20230706_compact_fst_zip, qrnn_en_us_reco_20231010_fst_20230613_recospec_zip, pack_mapping_v1_lstm_20231127, transformer_latin_seg_tflite_20231010_zip, transformer_chinese_conf_tflite_20231016_zip, scribe_latin_20231123_recospec_zip, en_us_20230613_compact_fst_zip, scribe_chinese_20231123_tflite_zip, transformer_chinese_seg_tflite_20231016_zip, scribe_latin_20231123_tflite_zip, transformer_latin_conf_tflite_20231010_zip, scribe_chinese_20231123_recospec_zip, qrnn_zh_tw_reco_20231016_fst_20230706_recospec_zip] got for superpack: handwriting_recognition
02-12 12:49:02.952  1194  1194 D SsBaseTemplateCard: No text view can be set up
02-12 12:49:02.952  1194  1194 D SsBaseTemplateCard: Passed-in item info is null
02-12 12:49:02.952  1194  1194 D SsBaseTemplateCard: Passed-in item info is null
02-12 12:49:02.953  1194  1194 D SsBaseTemplateCard: Passed-in item info is null
02-12 12:49:02.953  1194  1194 I SsBaseTemplateCard: Secondary card pane is null
02-12 12:49:02.985  1059  1284 W WindowOnBackDispatcher: sendCancelIfRunning: isInProgress=false callback=android.view.ViewRootImpl$$ExternalSyntheticLambda13@b054d40
02-12 12:49:03.003  1524  7410 I MDDSuperpacks: MDDSuperpacks$3.onSuccess():558 packs [2020031023_en] got for superpack: expressive_concepts
02-12 12:49:03.009  1524  7115 I BlocklistManager: BlocklistManager.loadFileBasedBlocklist():67 Blocklist is loaded with /data/data/com.google.android.inputmethod.latin/files/datadownload/shared/public/datadownloadfile_1770813853702/emotion_model_500_entries.blacklist, load result is true
02-12 12:49:03.011  1524  7115 I ExpressiveConceptsPredictionModuleImpl: ExpressiveConceptsPredictionModuleImpl.setupPredictorIfNeeded():75 Prediction manager has been set up.
02-12 12:49:03.098  1524  7455 I DownloadManager: DownloadManager.downloadInternal():412 Download for __KLP_manifest_delight__en-840 scheduled with params DownloadParams{allowMetered=true, requireCharging=false, foreground=false, immediately=true, priority=0}
02-12 12:49:03.098  1524  7455 I DownloadManager: DownloadManager.startDownload():495 start download of __KLP_manifest_delight__en-840
02-12 12:49:03.105  1524  7454 I MDDSuperpacks: MDDSuperpacks$3.onSuccess():558 packs [transformer_latin_tflite_20231010_zip, transformer_chinese_tflite_20231016_zip, zh_tw_20230706_compact_fst_zip, qrnn_en_us_reco_20231010_fst_20230613_recospec_zip, pack_mapping_v1_lstm_20231127, transformer_latin_seg_tflite_20231010_zip, transformer_chinese_conf_tflite_20231016_zip, scribe_latin_20231123_recospec_zip, en_us_20230613_compact_fst_zip, scribe_chinese_20231123_tflite_zip, transformer_chinese_seg_tflite_20231016_zip, scribe_latin_20231123_tflite_zip, transformer_latin_conf_tflite_20231010_zip, scribe_chinese_20231123_recospec_zip, qrnn_zh_tw_reco_20231016_fst_20230706_recospec_zip] got for superpack: handwriting_recognition
02-12 12:49:03.105  1524  7114 I MDDSuperpacks: MDDSuperpacks.getPacks():548 getting packs for superpack: handwriting_recognition
02-12 12:49:03.143  1524  7410 I SuperDelight: SuperDelightBundledMetadataParser.addSystemLms():202 system lm dir /system/usr/share/ime/google/d3_lms does not exist or is not readable
02-12 12:49:03.146  1524  7410 I SuperDelight: SuperDelightBundledMetadataParser.parse():192 SuperDelightBundledMetadataParser#parse(): manifest parsed with 1 packs
02-12 12:49:03.157  1524  7113 I MDDSuperpacks: MDDSuperpacks.getPacks():548 getting packs for superpack: handwriting_recognition_offline
02-12 12:49:03.195  1524  7441 I MDDSuperpacks: MDDSuperpacks$3.onSuccess():558 packs [transformer_latin_tflite_20231010_zip, transformer_chinese_tflite_20231016_zip, zh_tw_20230706_compact_fst_zip, qrnn_en_us_reco_20231010_fst_20230613_recospec_zip, pack_mapping_v1_lstm_20231127, transformer_latin_seg_tflite_20231010_zip, transformer_chinese_conf_tflite_20231016_zip, scribe_latin_20231123_recospec_zip, en_us_20230613_compact_fst_zip, scribe_chinese_20231123_tflite_zip, transformer_chinese_seg_tflite_20231016_zip, scribe_latin_20231123_tflite_zip, transformer_latin_conf_tflite_20231010_zip, scribe_chinese_20231123_recospec_zip, qrnn_zh_tw_reco_20231016_fst_20230706_recospec_zip] got for superpack: handwriting_recognition
02-12 12:49:03.251  1524  7117 W MDDSuperpacks: MDDSuperpacks.constructPackSet():578 file group is empty
02-12 12:49:03.252  1524  7189 I SuperDelight: SuperDelightManager$2.onSuccess():635 delight_overrides sync success, adding to data file manager
02-12 12:49:03.255  1524  7667 E MDDSuperpacks: MDDSuperpacks.parseManifest():476 cannot find metadata for delight_overrides
02-12 12:49:03.313  1194  1194 D ScalingWorkspaceRevealAnim: alpha of workspace at the end of animation: 1.0
02-12 12:49:03.364  7341  7341 D VRI[WallpaperPreviewActivity]: visibilityChanged oldVisibility=true newVisibility=false
02-12 12:49:03.376  7341  7341 I m.hank.clawlive: AssetManager2(0x78c8d329cad8) locale list changing from [zh-TW] to [en-US]
02-12 12:49:03.376  7341  7341 I m.hank.clawlive: AssetManager2(0x78c8d329a558) locale list changing from [zh-TW] to [en-US]
02-12 12:49:03.376  7341  7341 I m.hank.clawlive: AssetManager2(0x78c8d32995b8) locale list changing from [zh-TW] to [en-US]
02-12 12:49:03.478  7341  7341 D LifecycleMonitor: Lifecycle status change: com.hank.clawlive.WallpaperPreviewActivity@d0b054b in: STOPPED
02-12 12:49:03.478  7341  7341 V ActivityScenario: Update currentActivityStage to STOPPED, currentActivity=com.hank.clawlive.WallpaperPreviewActivity@d0b054b
02-12 12:49:03.480  7341  7341 D LifecycleMonitor: Lifecycle status change: com.hank.clawlive.WallpaperPreviewActivity@d0b054b in: DESTROYED
02-12 12:49:03.480  1524  7441 I MDDSuperpacks: MDDSuperpacks$3.onSuccess():558 packs [] got for superpack: delight_overrides
02-12 12:49:03.481  7341  7341 V ActivityScenario: Update currentActivityStage to DESTROYED, currentActivity=null
02-12 12:49:03.481  7341  7341 W WindowOnBackDispatcher: sendCancelIfRunning: isInProgress=false callback=android.view.ViewRootImpl$$ExternalSyntheticLambda13@d582171
02-12 12:49:03.497  1524  7455 I DownloadManager: DownloadManager.downloadInternal():412 Download for __SP_MANIFEST_handwriting_recognition scheduled with params DownloadParams{allowMetered=true, requireCharging=false, foreground=false, immediately=true, priority=0}
02-12 12:49:03.498  1524  7455 I DownloadManager: DownloadManager.startDownload():495 start download of __SP_MANIFEST_handwriting_recognition
02-12 12:49:03.520  7341  7358 E TestRunner: failed: testPreviewViewIsFullScreen(com.hank.clawlive.WallpaperPreviewUiTest)
02-12 12:49:03.520  7341  7358 E TestRunner: ----- begin exception -----
02-12 12:49:03.521  7341  7358 E TestRunner: java.lang.AssertionError: Preview view should match parent width expected:<1073741824> but was:<0>
02-12 12:49:03.521  7341  7358 E TestRunner: 	at org.junit.Assert.fail(Assert.java:89)
02-12 12:49:03.521  7341  7358 E TestRunner: 	at org.junit.Assert.failNotEquals(Assert.java:835)
02-12 12:49:03.521  7341  7358 E TestRunner: 	at org.junit.Assert.assertEquals(Assert.java:120)
02-12 12:49:03.521  7341  7358 E TestRunner: 	at com.hank.clawlive.WallpaperPreviewUiTest.testPreviewViewIsFullScreen$lambda$9$lambda$8(WallpaperPreviewUiTest.kt:168)
02-12 12:49:03.521  7341  7358 E TestRunner: 	at com.hank.clawlive.WallpaperPreviewUiTest.$r8$lambda$986wJ_aqhUrpKUklGyf23WEFSuQ(Unknown Source:0)
02-12 12:49:03.521  7341  7358 E TestRunner: 	at com.hank.clawlive.WallpaperPreviewUiTest$$ExternalSyntheticLambda5.perform(D8$$SyntheticClass:0)
02-12 12:49:03.521  7341  7358 E TestRunner: 	at androidx.test.core.app.ActivityScenario.lambda$onActivity$2$androidx-test-core-app-ActivityScenario(ActivityScenario.java:789)
02-12 12:49:03.521  7341  7358 E TestRunner: 	at androidx.test.core.app.ActivityScenario$$ExternalSyntheticLambda2.run(Unknown Source:4)
02-12 12:49:03.521  7341  7358 E TestRunner: 	at java.util.concurrent.Executors$RunnableAdapter.call(Executors.java:524)
02-12 12:49:03.521  7341  7358 E TestRunner: 	at java.util.concurrent.FutureTask.run(FutureTask.java:317)
02-12 12:49:03.521  7341  7358 E TestRunner: 	at android.app.Instrumentation$SyncRunnable.run(Instrumentation.java:2616)
02-12 12:49:03.521  7341  7358 E TestRunner: 	at android.os.Handler.handleCallback(Handler.java:995)
02-12 12:49:03.521  7341  7358 E TestRunner: 	at android.os.Handler.dispatchMessage(Handler.java:103)
02-12 12:49:03.521  7341  7358 E TestRunner: 	at android.os.Looper.loopOnce(Looper.java:248)
02-12 12:49:03.521  7341  7358 E TestRunner: 	at android.os.Looper.loop(Looper.java:338)
02-12 12:49:03.521  7341  7358 E TestRunner: 	at android.app.ActivityThread.main(ActivityThread.java:9067)
02-12 12:49:03.521  7341  7358 E TestRunner: 	at java.lang.reflect.Method.invoke(Native Method)
02-12 12:49:03.521  7341  7358 E TestRunner: 	at com.android.internal.os.RuntimeInit$MethodAndArgsCaller.run(RuntimeInit.java:593)
02-12 12:49:03.521  7341  7358 E TestRunner: 	at com.android.internal.os.ZygoteInit.main(ZygoteInit.java:932)
02-12 12:49:03.521  7341  7358 E TestRunner: ----- end exception -----
02-12 12:49:03.521  7341  7358 I TestRunner: finished: testPreviewViewIsFullScreen(com.hank.clawlive.WallpaperPreviewUiTest)
